PHPUnit 11.5.42 by Sebastian Bergmann and contributors.

Runtime:       PHP 8.3.6
Configuration: C:\Users\roche\Documents\RochesWebStudio\Projet_OnlyRoll\OnlyRoll\backend\phpunit.dist.xml

........[41;37mF[0m......[41;37mF[0m.......[41;37mF[0m..........[41;37mF[0m[41;37mF[0m[41;37mF[0m...........[41;37mF[0m..............  63 / 298 ( 21%)
..........[41;37mF[0m...............[41;37mF[0m[41;37mF[0m................................... 126 / 298 ( 42%)
.......................................................[41;37mF[0m....... 189 / 298 ( 63%)
........[41;37mF[0m...[31;1mE[0m[31;1mE[0m[31;1mE[0m[31;1mE[0m[31;1mE[0m[31;1mE[0m[31;1mE[0m[31;1mE[0m[31;1mE[0m[31;1mE[0m[31;1mE[0m[31;1mE[0m[31;1mE[0m[31;1mE[0m[31;1mE[0m[31;1mE[0m[31;1mE[0m[31;1mE[0m[31;1mE[0m[31;1mE[0m[31;1mE[0m[31;1mE[0m[31;1mE[0m[31;1mE[0m[31;1mE[0m[31;1mE[0m[31;1mE[0m[31;1mE[0m[31;1mE[0m[31;1mE[0m[31;1mE[0m[31;1mE[0m[31;1mE[0m[31;1mE[0m[31;1mE[0m[31;1mE[0m[31;1mE[0m[31;1mE[0m[31;1mE[0m[31;1mE[0m[31;1mE[0m[31;1mE[0m[31;1mE[0m[31;1mE[0m[31;1mE[0m[31;1mE[0m[31;1mE[0m[31;1mE[0m[31;1mE[0m[31;1mE[0m[31;1mE[0m 252 / 298 ( 84%)
[31;1mE[0m[31;1mE[0m[31;1mE[0m[31;1mE[0m[31;1mE[0m[31;1mE[0m[31;1mE[0m[31;1mE[0m[31;1mE[0m[31;1mE[0m[31;1mE[0m[31;1mE[0m[31;1mE[0m[31;1mE[0m[31;1mE[0m[31;1mE[0m[31;1mE[0m[31;1mE[0m[31;1mE[0m[31;1mE[0m[31;1mE[0m[31;1mE[0m[31;1mE[0m[31;1mE[0m[31;1mE[0m[31;1mE[0m[31;1mE[0m[31;1mE[0m[31;1mE[0m[31;1mE[0m[31;1mE[0m[31;1mE[0m[31;1mE[0m[31;1mE[0m[31;1mE[0m[31;1mE[0m[31;1mE[0m[31;1mE[0m[31;1mE[0m[31;1mE[0m[31;1mE[0m[31;1mE[0m[31;1mE[0m[31;1mE[0m[31;1mE[0m[31;1mE[0m                  298 / 298 (100%)

Time: 02:55.860, Memory: 64.00 MB

There was 1 PHPUnit test runner warning:

1) XDEBUG_MODE=coverage (environment variable) or xdebug.mode=coverage (PHP configuration setting) has to be set

--

There were 97 errors:

1) App\Tests\Unit\Service\TokenServiceTest::testToggleLock
PHPUnit\Framework\MockObject\IncompatibleReturnValueException: Method getUpdatedAt may not return value of type DateTime, its declared return type is "?DateTimeImmutable"

C:\Users\roche\Documents\RochesWebStudio\Projet_OnlyRoll\OnlyRoll\backend\tests\Unit\Service\TokenServiceTest.php:278

2) App\Tests\Unit\Service\TokenServiceTest::testToggleVisibility
PHPUnit\Framework\MockObject\IncompatibleReturnValueException: Method getUpdatedAt may not return value of type DateTime, its declared return type is "?DateTimeImmutable"

C:\Users\roche\Documents\RochesWebStudio\Projet_OnlyRoll\OnlyRoll\backend\tests\Unit\Service\TokenServiceTest.php:248

3) App\Tests\Unit\Service\TokenServiceTest::testMoveTokenSuccess
PHPUnit\Framework\MockObject\IncompatibleReturnValueException: Method getUpdatedAt may not return value of type DateTime, its declared return type is "?DateTimeImmutable"

C:\Users\roche\Documents\RochesWebStudio\Projet_OnlyRoll\OnlyRoll\backend\tests\Unit\Service\TokenServiceTest.php:132

4) App\Tests\Functional\Controller\AuthControllerTest::testRegisterWithValidData
Doctrine\DBAL\Exception\ConnectionException: An exception occurred in the driver: SQLSTATE[HY000] [1045] Accès refusé pour l'utilisateur: 'root'@'@localhost' (mot de passe: OUI)

C:\Users\roche\Documents\RochesWebStudio\Projet_OnlyRoll\OnlyRoll\backend\vendor\doctrine\dbal\src\Driver\API\MySQL\ExceptionConverter.php:112
C:\Users\roche\Documents\RochesWebStudio\Projet_OnlyRoll\OnlyRoll\backend\vendor\doctrine\dbal\src\Connection.php:1976
C:\Users\roche\Documents\RochesWebStudio\Projet_OnlyRoll\OnlyRoll\backend\vendor\doctrine\dbal\src\Connection.php:1924
C:\Users\roche\Documents\RochesWebStudio\Projet_OnlyRoll\OnlyRoll\backend\vendor\doctrine\dbal\src\Connection.php:385
C:\Users\roche\Documents\RochesWebStudio\Projet_OnlyRoll\OnlyRoll\backend\vendor\doctrine\dbal\src\Connection.php:1692
C:\Users\roche\Documents\RochesWebStudio\Projet_OnlyRoll\OnlyRoll\backend\vendor\doctrine\dbal\src\Connection.php:1087
C:\Users\roche\Documents\RochesWebStudio\Projet_OnlyRoll\OnlyRoll\backend\vendor\doctrine\orm\src\Persisters\Entity\BasicEntityPersister.php:942
C:\Users\roche\Documents\RochesWebStudio\Projet_OnlyRoll\OnlyRoll\backend\vendor\doctrine\orm\src\EntityRepository.php:110
C:\Users\roche\Documents\RochesWebStudio\Projet_OnlyRoll\OnlyRoll\backend\vendor\doctrine\doctrine-bundle\src\Repository\ServiceEntityRepositoryProxy.php:73
C:\Users\roche\Documents\RochesWebStudio\Projet_OnlyRoll\OnlyRoll\backend\vendor\doctrine\orm\src\EntityRepository.php:96
C:\Users\roche\Documents\RochesWebStudio\Projet_OnlyRoll\OnlyRoll\backend\tests\Functional\Controller\AuthControllerTest.php:286
C:\Users\roche\Documents\RochesWebStudio\Projet_OnlyRoll\OnlyRoll\backend\tests\Functional\Controller\AuthControllerTest.php:25

Caused by
Doctrine\DBAL\Driver\PDO\Exception: SQLSTATE[HY000] [1045] Accès refusé pour l'utilisateur: 'root'@'@localhost' (mot de passe: OUI)

C:\Users\roche\Documents\RochesWebStudio\Projet_OnlyRoll\OnlyRoll\backend\vendor\doctrine\dbal\src\Driver\PDO\Exception.php:24
C:\Users\roche\Documents\RochesWebStudio\Projet_OnlyRoll\OnlyRoll\backend\vendor\doctrine\dbal\src\Driver\PDO\MySQL\Driver.php:43
C:\Users\roche\Documents\RochesWebStudio\Projet_OnlyRoll\OnlyRoll\backend\vendor\doctrine\dbal\src\Driver\Middleware\AbstractDriverMiddleware.php:29
C:\Users\roche\Documents\RochesWebStudio\Projet_OnlyRoll\OnlyRoll\backend\vendor\symfony\doctrine-bridge\Middleware\Debug\Driver.php:37
C:\Users\roche\Documents\RochesWebStudio\Projet_OnlyRoll\OnlyRoll\backend\vendor\doctrine\dbal\src\Driver\Middleware\AbstractDriverMiddleware.php:29
C:\Users\roche\Documents\RochesWebStudio\Projet_OnlyRoll\OnlyRoll\backend\vendor\symfony\doctrine-bridge\Middleware\IdleConnection\Driver.php:35
C:\Users\roche\Documents\RochesWebStudio\Projet_OnlyRoll\OnlyRoll\backend\vendor\doctrine\dbal\src\Connection.php:383
C:\Users\roche\Documents\RochesWebStudio\Projet_OnlyRoll\OnlyRoll\backend\vendor\doctrine\dbal\src\Connection.php:1692
C:\Users\roche\Documents\RochesWebStudio\Projet_OnlyRoll\OnlyRoll\backend\vendor\doctrine\dbal\src\Connection.php:1087
C:\Users\roche\Documents\RochesWebStudio\Projet_OnlyRoll\OnlyRoll\backend\vendor\doctrine\orm\src\Persisters\Entity\BasicEntityPersister.php:942
C:\Users\roche\Documents\RochesWebStudio\Projet_OnlyRoll\OnlyRoll\backend\vendor\doctrine\orm\src\EntityRepository.php:110
C:\Users\roche\Documents\RochesWebStudio\Projet_OnlyRoll\OnlyRoll\backend\vendor\doctrine\doctrine-bundle\src\Repository\ServiceEntityRepositoryProxy.php:73
C:\Users\roche\Documents\RochesWebStudio\Projet_OnlyRoll\OnlyRoll\backend\vendor\doctrine\orm\src\EntityRepository.php:96
C:\Users\roche\Documents\RochesWebStudio\Projet_OnlyRoll\OnlyRoll\backend\tests\Functional\Controller\AuthControllerTest.php:286
C:\Users\roche\Documents\RochesWebStudio\Projet_OnlyRoll\OnlyRoll\backend\tests\Functional\Controller\AuthControllerTest.php:25

Caused by
PDOException: SQLSTATE[HY000] [1045] Accès refusé pour l'utilisateur: 'root'@'@localhost' (mot de passe: OUI)

C:\Users\roche\Documents\RochesWebStudio\Projet_OnlyRoll\OnlyRoll\backend\vendor\doctrine\dbal\src\Driver\PDO\PDOConnect.php:22
C:\Users\roche\Documents\RochesWebStudio\Projet_OnlyRoll\OnlyRoll\backend\vendor\doctrine\dbal\src\Driver\PDO\MySQL\Driver.php:36
C:\Users\roche\Documents\RochesWebStudio\Projet_OnlyRoll\OnlyRoll\backend\vendor\doctrine\dbal\src\Driver\Middleware\AbstractDriverMiddleware.php:29
C:\Users\roche\Documents\RochesWebStudio\Projet_OnlyRoll\OnlyRoll\backend\vendor\symfony\doctrine-bridge\Middleware\Debug\Driver.php:37
C:\Users\roche\Documents\RochesWebStudio\Projet_OnlyRoll\OnlyRoll\backend\vendor\doctrine\dbal\src\Driver\Middleware\AbstractDriverMiddleware.php:29
C:\Users\roche\Documents\RochesWebStudio\Projet_OnlyRoll\OnlyRoll\backend\vendor\symfony\doctrine-bridge\Middleware\IdleConnection\Driver.php:35
C:\Users\roche\Documents\RochesWebStudio\Projet_OnlyRoll\OnlyRoll\backend\vendor\doctrine\dbal\src\Connection.php:383
C:\Users\roche\Documents\RochesWebStudio\Projet_OnlyRoll\OnlyRoll\backend\vendor\doctrine\dbal\src\Connection.php:1692
C:\Users\roche\Documents\RochesWebStudio\Projet_OnlyRoll\OnlyRoll\backend\vendor\doctrine\dbal\src\Connection.php:1087
C:\Users\roche\Documents\RochesWebStudio\Projet_OnlyRoll\OnlyRoll\backend\vendor\doctrine\orm\src\Persisters\Entity\BasicEntityPersister.php:942
C:\Users\roche\Documents\RochesWebStudio\Projet_OnlyRoll\OnlyRoll\backend\vendor\doctrine\orm\src\EntityRepository.php:110
C:\Users\roche\Documents\RochesWebStudio\Projet_OnlyRoll\OnlyRoll\backend\vendor\doctrine\doctrine-bundle\src\Repository\ServiceEntityRepositoryProxy.php:73
C:\Users\roche\Documents\RochesWebStudio\Projet_OnlyRoll\OnlyRoll\backend\vendor\doctrine\orm\src\EntityRepository.php:96
C:\Users\roche\Documents\RochesWebStudio\Projet_OnlyRoll\OnlyRoll\backend\tests\Functional\Controller\AuthControllerTest.php:286
C:\Users\roche\Documents\RochesWebStudio\Projet_OnlyRoll\OnlyRoll\backend\tests\Functional\Controller\AuthControllerTest.php:25

5) App\Tests\Functional\Controller\AuthControllerTest::testRegisterWithExistingEmail
Doctrine\DBAL\Exception\ConnectionException: An exception occurred in the driver: SQLSTATE[HY000] [1045] Accès refusé pour l'utilisateur: 'root'@'@localhost' (mot de passe: OUI)

C:\Users\roche\Documents\RochesWebStudio\Projet_OnlyRoll\OnlyRoll\backend\vendor\doctrine\dbal\src\Driver\API\MySQL\ExceptionConverter.php:112
C:\Users\roche\Documents\RochesWebStudio\Projet_OnlyRoll\OnlyRoll\backend\vendor\doctrine\dbal\src\Connection.php:1976
C:\Users\roche\Documents\RochesWebStudio\Projet_OnlyRoll\OnlyRoll\backend\vendor\doctrine\dbal\src\Connection.php:1924
C:\Users\roche\Documents\RochesWebStudio\Projet_OnlyRoll\OnlyRoll\backend\vendor\doctrine\dbal\src\Connection.php:385
C:\Users\roche\Documents\RochesWebStudio\Projet_OnlyRoll\OnlyRoll\backend\vendor\doctrine\dbal\src\Connection.php:1692
C:\Users\roche\Documents\RochesWebStudio\Projet_OnlyRoll\OnlyRoll\backend\vendor\doctrine\dbal\src\Connection.php:1087
C:\Users\roche\Documents\RochesWebStudio\Projet_OnlyRoll\OnlyRoll\backend\vendor\doctrine\orm\src\Persisters\Entity\BasicEntityPersister.php:942
C:\Users\roche\Documents\RochesWebStudio\Projet_OnlyRoll\OnlyRoll\backend\vendor\doctrine\orm\src\EntityRepository.php:110
C:\Users\roche\Documents\RochesWebStudio\Projet_OnlyRoll\OnlyRoll\backend\vendor\doctrine\doctrine-bundle\src\Repository\ServiceEntityRepositoryProxy.php:73
C:\Users\roche\Documents\RochesWebStudio\Projet_OnlyRoll\OnlyRoll\backend\vendor\doctrine\orm\src\EntityRepository.php:96
C:\Users\roche\Documents\RochesWebStudio\Projet_OnlyRoll\OnlyRoll\backend\tests\Functional\Controller\AuthControllerTest.php:286
C:\Users\roche\Documents\RochesWebStudio\Projet_OnlyRoll\OnlyRoll\backend\tests\Functional\Controller\AuthControllerTest.php:25

Caused by
Doctrine\DBAL\Driver\PDO\Exception: SQLSTATE[HY000] [1045] Accès refusé pour l'utilisateur: 'root'@'@localhost' (mot de passe: OUI)

C:\Users\roche\Documents\RochesWebStudio\Projet_OnlyRoll\OnlyRoll\backend\vendor\doctrine\dbal\src\Driver\PDO\Exception.php:24
C:\Users\roche\Documents\RochesWebStudio\Projet_OnlyRoll\OnlyRoll\backend\vendor\doctrine\dbal\src\Driver\PDO\MySQL\Driver.php:43
C:\Users\roche\Documents\RochesWebStudio\Projet_OnlyRoll\OnlyRoll\backend\vendor\doctrine\dbal\src\Driver\Middleware\AbstractDriverMiddleware.php:29
C:\Users\roche\Documents\RochesWebStudio\Projet_OnlyRoll\OnlyRoll\backend\vendor\symfony\doctrine-bridge\Middleware\Debug\Driver.php:37
C:\Users\roche\Documents\RochesWebStudio\Projet_OnlyRoll\OnlyRoll\backend\vendor\doctrine\dbal\src\Driver\Middleware\AbstractDriverMiddleware.php:29
C:\Users\roche\Documents\RochesWebStudio\Projet_OnlyRoll\OnlyRoll\backend\vendor\symfony\doctrine-bridge\Middleware\IdleConnection\Driver.php:35
C:\Users\roche\Documents\RochesWebStudio\Projet_OnlyRoll\OnlyRoll\backend\vendor\doctrine\dbal\src\Connection.php:383
C:\Users\roche\Documents\RochesWebStudio\Projet_OnlyRoll\OnlyRoll\backend\vendor\doctrine\dbal\src\Connection.php:1692
C:\Users\roche\Documents\RochesWebStudio\Projet_OnlyRoll\OnlyRoll\backend\vendor\doctrine\dbal\src\Connection.php:1087
C:\Users\roche\Documents\RochesWebStudio\Projet_OnlyRoll\OnlyRoll\backend\vendor\doctrine\orm\src\Persisters\Entity\BasicEntityPersister.php:942
C:\Users\roche\Documents\RochesWebStudio\Projet_OnlyRoll\OnlyRoll\backend\vendor\doctrine\orm\src\EntityRepository.php:110
C:\Users\roche\Documents\RochesWebStudio\Projet_OnlyRoll\OnlyRoll\backend\vendor\doctrine\doctrine-bundle\src\Repository\ServiceEntityRepositoryProxy.php:73
C:\Users\roche\Documents\RochesWebStudio\Projet_OnlyRoll\OnlyRoll\backend\vendor\doctrine\orm\src\EntityRepository.php:96
C:\Users\roche\Documents\RochesWebStudio\Projet_OnlyRoll\OnlyRoll\backend\tests\Functional\Controller\AuthControllerTest.php:286
C:\Users\roche\Documents\RochesWebStudio\Projet_OnlyRoll\OnlyRoll\backend\tests\Functional\Controller\AuthControllerTest.php:25

Caused by
PDOException: SQLSTATE[HY000] [1045] Accès refusé pour l'utilisateur: 'root'@'@localhost' (mot de passe: OUI)

C:\Users\roche\Documents\RochesWebStudio\Projet_OnlyRoll\OnlyRoll\backend\vendor\doctrine\dbal\src\Driver\PDO\PDOConnect.php:22
C:\Users\roche\Documents\RochesWebStudio\Projet_OnlyRoll\OnlyRoll\backend\vendor\doctrine\dbal\src\Driver\PDO\MySQL\Driver.php:36
C:\Users\roche\Documents\RochesWebStudio\Projet_OnlyRoll\OnlyRoll\backend\vendor\doctrine\dbal\src\Driver\Middleware\AbstractDriverMiddleware.php:29
C:\Users\roche\Documents\RochesWebStudio\Projet_OnlyRoll\OnlyRoll\backend\vendor\symfony\doctrine-bridge\Middleware\Debug\Driver.php:37
C:\Users\roche\Documents\RochesWebStudio\Projet_OnlyRoll\OnlyRoll\backend\vendor\doctrine\dbal\src\Driver\Middleware\AbstractDriverMiddleware.php:29
C:\Users\roche\Documents\RochesWebStudio\Projet_OnlyRoll\OnlyRoll\backend\vendor\symfony\doctrine-bridge\Middleware\IdleConnection\Driver.php:35
C:\Users\roche\Documents\RochesWebStudio\Projet_OnlyRoll\OnlyRoll\backend\vendor\doctrine\dbal\src\Connection.php:383
C:\Users\roche\Documents\RochesWebStudio\Projet_OnlyRoll\OnlyRoll\backend\vendor\doctrine\dbal\src\Connection.php:1692
C:\Users\roche\Documents\RochesWebStudio\Projet_OnlyRoll\OnlyRoll\backend\vendor\doctrine\dbal\src\Connection.php:1087
C:\Users\roche\Documents\RochesWebStudio\Projet_OnlyRoll\OnlyRoll\backend\vendor\doctrine\orm\src\Persisters\Entity\BasicEntityPersister.php:942
C:\Users\roche\Documents\RochesWebStudio\Projet_OnlyRoll\OnlyRoll\backend\vendor\doctrine\orm\src\EntityRepository.php:110
C:\Users\roche\Documents\RochesWebStudio\Projet_OnlyRoll\OnlyRoll\backend\vendor\doctrine\doctrine-bundle\src\Repository\ServiceEntityRepositoryProxy.php:73
C:\Users\roche\Documents\RochesWebStudio\Projet_OnlyRoll\OnlyRoll\backend\vendor\doctrine\orm\src\EntityRepository.php:96
C:\Users\roche\Documents\RochesWebStudio\Projet_OnlyRoll\OnlyRoll\backend\tests\Functional\Controller\AuthControllerTest.php:286
C:\Users\roche\Documents\RochesWebStudio\Projet_OnlyRoll\OnlyRoll\backend\tests\Functional\Controller\AuthControllerTest.php:25

6) App\Tests\Functional\Controller\AuthControllerTest::testRegisterWithExistingPseudo
Doctrine\DBAL\Exception\ConnectionException: An exception occurred in the driver: SQLSTATE[HY000] [1045] Accès refusé pour l'utilisateur: 'root'@'@localhost' (mot de passe: OUI)

C:\Users\roche\Documents\RochesWebStudio\Projet_OnlyRoll\OnlyRoll\backend\vendor\doctrine\dbal\src\Driver\API\MySQL\ExceptionConverter.php:112
C:\Users\roche\Documents\RochesWebStudio\Projet_OnlyRoll\OnlyRoll\backend\vendor\doctrine\dbal\src\Connection.php:1976
C:\Users\roche\Documents\RochesWebStudio\Projet_OnlyRoll\OnlyRoll\backend\vendor\doctrine\dbal\src\Connection.php:1924
C:\Users\roche\Documents\RochesWebStudio\Projet_OnlyRoll\OnlyRoll\backend\vendor\doctrine\dbal\src\Connection.php:385
C:\Users\roche\Documents\RochesWebStudio\Projet_OnlyRoll\OnlyRoll\backend\vendor\doctrine\dbal\src\Connection.php:1692
C:\Users\roche\Documents\RochesWebStudio\Projet_OnlyRoll\OnlyRoll\backend\vendor\doctrine\dbal\src\Connection.php:1087
C:\Users\roche\Documents\RochesWebStudio\Projet_OnlyRoll\OnlyRoll\backend\vendor\doctrine\orm\src\Persisters\Entity\BasicEntityPersister.php:942
C:\Users\roche\Documents\RochesWebStudio\Projet_OnlyRoll\OnlyRoll\backend\vendor\doctrine\orm\src\EntityRepository.php:110
C:\Users\roche\Documents\RochesWebStudio\Projet_OnlyRoll\OnlyRoll\backend\vendor\doctrine\doctrine-bundle\src\Repository\ServiceEntityRepositoryProxy.php:73
C:\Users\roche\Documents\RochesWebStudio\Projet_OnlyRoll\OnlyRoll\backend\vendor\doctrine\orm\src\EntityRepository.php:96
C:\Users\roche\Documents\RochesWebStudio\Projet_OnlyRoll\OnlyRoll\backend\tests\Functional\Controller\AuthControllerTest.php:286
C:\Users\roche\Documents\RochesWebStudio\Projet_OnlyRoll\OnlyRoll\backend\tests\Functional\Controller\AuthControllerTest.php:25

Caused by
Doctrine\DBAL\Driver\PDO\Exception: SQLSTATE[HY000] [1045] Accès refusé pour l'utilisateur: 'root'@'@localhost' (mot de passe: OUI)

C:\Users\roche\Documents\RochesWebStudio\Projet_OnlyRoll\OnlyRoll\backend\vendor\doctrine\dbal\src\Driver\PDO\Exception.php:24
C:\Users\roche\Documents\RochesWebStudio\Projet_OnlyRoll\OnlyRoll\backend\vendor\doctrine\dbal\src\Driver\PDO\MySQL\Driver.php:43
C:\Users\roche\Documents\RochesWebStudio\Projet_OnlyRoll\OnlyRoll\backend\vendor\doctrine\dbal\src\Driver\Middleware\AbstractDriverMiddleware.php:29
C:\Users\roche\Documents\RochesWebStudio\Projet_OnlyRoll\OnlyRoll\backend\vendor\symfony\doctrine-bridge\Middleware\Debug\Driver.php:37
C:\Users\roche\Documents\RochesWebStudio\Projet_OnlyRoll\OnlyRoll\backend\vendor\doctrine\dbal\src\Driver\Middleware\AbstractDriverMiddleware.php:29
C:\Users\roche\Documents\RochesWebStudio\Projet_OnlyRoll\OnlyRoll\backend\vendor\symfony\doctrine-bridge\Middleware\IdleConnection\Driver.php:35
C:\Users\roche\Documents\RochesWebStudio\Projet_OnlyRoll\OnlyRoll\backend\vendor\doctrine\dbal\src\Connection.php:383
C:\Users\roche\Documents\RochesWebStudio\Projet_OnlyRoll\OnlyRoll\backend\vendor\doctrine\dbal\src\Connection.php:1692
C:\Users\roche\Documents\RochesWebStudio\Projet_OnlyRoll\OnlyRoll\backend\vendor\doctrine\dbal\src\Connection.php:1087
C:\Users\roche\Documents\RochesWebStudio\Projet_OnlyRoll\OnlyRoll\backend\vendor\doctrine\orm\src\Persisters\Entity\BasicEntityPersister.php:942
C:\Users\roche\Documents\RochesWebStudio\Projet_OnlyRoll\OnlyRoll\backend\vendor\doctrine\orm\src\EntityRepository.php:110
C:\Users\roche\Documents\RochesWebStudio\Projet_OnlyRoll\OnlyRoll\backend\vendor\doctrine\doctrine-bundle\src\Repository\ServiceEntityRepositoryProxy.php:73
C:\Users\roche\Documents\RochesWebStudio\Projet_OnlyRoll\OnlyRoll\backend\vendor\doctrine\orm\src\EntityRepository.php:96
C:\Users\roche\Documents\RochesWebStudio\Projet_OnlyRoll\OnlyRoll\backend\tests\Functional\Controller\AuthControllerTest.php:286
C:\Users\roche\Documents\RochesWebStudio\Projet_OnlyRoll\OnlyRoll\backend\tests\Functional\Controller\AuthControllerTest.php:25

Caused by
PDOException: SQLSTATE[HY000] [1045] Accès refusé pour l'utilisateur: 'root'@'@localhost' (mot de passe: OUI)

C:\Users\roche\Documents\RochesWebStudio\Projet_OnlyRoll\OnlyRoll\backend\vendor\doctrine\dbal\src\Driver\PDO\PDOConnect.php:22
C:\Users\roche\Documents\RochesWebStudio\Projet_OnlyRoll\OnlyRoll\backend\vendor\doctrine\dbal\src\Driver\PDO\MySQL\Driver.php:36
C:\Users\roche\Documents\RochesWebStudio\Projet_OnlyRoll\OnlyRoll\backend\vendor\doctrine\dbal\src\Driver\Middleware\AbstractDriverMiddleware.php:29
C:\Users\roche\Documents\RochesWebStudio\Projet_OnlyRoll\OnlyRoll\backend\vendor\symfony\doctrine-bridge\Middleware\Debug\Driver.php:37
C:\Users\roche\Documents\RochesWebStudio\Projet_OnlyRoll\OnlyRoll\backend\vendor\doctrine\dbal\src\Driver\Middleware\AbstractDriverMiddleware.php:29
C:\Users\roche\Documents\RochesWebStudio\Projet_OnlyRoll\OnlyRoll\backend\vendor\symfony\doctrine-bridge\Middleware\IdleConnection\Driver.php:35
C:\Users\roche\Documents\RochesWebStudio\Projet_OnlyRoll\OnlyRoll\backend\vendor\doctrine\dbal\src\Connection.php:383
C:\Users\roche\Documents\RochesWebStudio\Projet_OnlyRoll\OnlyRoll\backend\vendor\doctrine\dbal\src\Connection.php:1692
C:\Users\roche\Documents\RochesWebStudio\Projet_OnlyRoll\OnlyRoll\backend\vendor\doctrine\dbal\src\Connection.php:1087
C:\Users\roche\Documents\RochesWebStudio\Projet_OnlyRoll\OnlyRoll\backend\vendor\doctrine\orm\src\Persisters\Entity\BasicEntityPersister.php:942
C:\Users\roche\Documents\RochesWebStudio\Projet_OnlyRoll\OnlyRoll\backend\vendor\doctrine\orm\src\EntityRepository.php:110
C:\Users\roche\Documents\RochesWebStudio\Projet_OnlyRoll\OnlyRoll\backend\vendor\doctrine\doctrine-bundle\src\Repository\ServiceEntityRepositoryProxy.php:73
C:\Users\roche\Documents\RochesWebStudio\Projet_OnlyRoll\OnlyRoll\backend\vendor\doctrine\orm\src\EntityRepository.php:96
C:\Users\roche\Documents\RochesWebStudio\Projet_OnlyRoll\OnlyRoll\backend\tests\Functional\Controller\AuthControllerTest.php:286
C:\Users\roche\Documents\RochesWebStudio\Projet_OnlyRoll\OnlyRoll\backend\tests\Functional\Controller\AuthControllerTest.php:25

7) App\Tests\Functional\Controller\AuthControllerTest::testRegisterWithInvalidEmail
Doctrine\DBAL\Exception\ConnectionException: An exception occurred in the driver: SQLSTATE[HY000] [1045] Accès refusé pour l'utilisateur: 'root'@'@localhost' (mot de passe: OUI)

C:\Users\roche\Documents\RochesWebStudio\Projet_OnlyRoll\OnlyRoll\backend\vendor\doctrine\dbal\src\Driver\API\MySQL\ExceptionConverter.php:112
C:\Users\roche\Documents\RochesWebStudio\Projet_OnlyRoll\OnlyRoll\backend\vendor\doctrine\dbal\src\Connection.php:1976
C:\Users\roche\Documents\RochesWebStudio\Projet_OnlyRoll\OnlyRoll\backend\vendor\doctrine\dbal\src\Connection.php:1924
C:\Users\roche\Documents\RochesWebStudio\Projet_OnlyRoll\OnlyRoll\backend\vendor\doctrine\dbal\src\Connection.php:385
C:\Users\roche\Documents\RochesWebStudio\Projet_OnlyRoll\OnlyRoll\backend\vendor\doctrine\dbal\src\Connection.php:1692
C:\Users\roche\Documents\RochesWebStudio\Projet_OnlyRoll\OnlyRoll\backend\vendor\doctrine\dbal\src\Connection.php:1087
C:\Users\roche\Documents\RochesWebStudio\Projet_OnlyRoll\OnlyRoll\backend\vendor\doctrine\orm\src\Persisters\Entity\BasicEntityPersister.php:942
C:\Users\roche\Documents\RochesWebStudio\Projet_OnlyRoll\OnlyRoll\backend\vendor\doctrine\orm\src\EntityRepository.php:110
C:\Users\roche\Documents\RochesWebStudio\Projet_OnlyRoll\OnlyRoll\backend\vendor\doctrine\doctrine-bundle\src\Repository\ServiceEntityRepositoryProxy.php:73
C:\Users\roche\Documents\RochesWebStudio\Projet_OnlyRoll\OnlyRoll\backend\vendor\doctrine\orm\src\EntityRepository.php:96
C:\Users\roche\Documents\RochesWebStudio\Projet_OnlyRoll\OnlyRoll\backend\tests\Functional\Controller\AuthControllerTest.php:286
C:\Users\roche\Documents\RochesWebStudio\Projet_OnlyRoll\OnlyRoll\backend\tests\Functional\Controller\AuthControllerTest.php:25

Caused by
Doctrine\DBAL\Driver\PDO\Exception: SQLSTATE[HY000] [1045] Accès refusé pour l'utilisateur: 'root'@'@localhost' (mot de passe: OUI)

C:\Users\roche\Documents\RochesWebStudio\Projet_OnlyRoll\OnlyRoll\backend\vendor\doctrine\dbal\src\Driver\PDO\Exception.php:24
C:\Users\roche\Documents\RochesWebStudio\Projet_OnlyRoll\OnlyRoll\backend\vendor\doctrine\dbal\src\Driver\PDO\MySQL\Driver.php:43
C:\Users\roche\Documents\RochesWebStudio\Projet_OnlyRoll\OnlyRoll\backend\vendor\doctrine\dbal\src\Driver\Middleware\AbstractDriverMiddleware.php:29
C:\Users\roche\Documents\RochesWebStudio\Projet_OnlyRoll\OnlyRoll\backend\vendor\symfony\doctrine-bridge\Middleware\Debug\Driver.php:37
C:\Users\roche\Documents\RochesWebStudio\Projet_OnlyRoll\OnlyRoll\backend\vendor\doctrine\dbal\src\Driver\Middleware\AbstractDriverMiddleware.php:29
C:\Users\roche\Documents\RochesWebStudio\Projet_OnlyRoll\OnlyRoll\backend\vendor\symfony\doctrine-bridge\Middleware\IdleConnection\Driver.php:35
C:\Users\roche\Documents\RochesWebStudio\Projet_OnlyRoll\OnlyRoll\backend\vendor\doctrine\dbal\src\Connection.php:383
C:\Users\roche\Documents\RochesWebStudio\Projet_OnlyRoll\OnlyRoll\backend\vendor\doctrine\dbal\src\Connection.php:1692
C:\Users\roche\Documents\RochesWebStudio\Projet_OnlyRoll\OnlyRoll\backend\vendor\doctrine\dbal\src\Connection.php:1087
C:\Users\roche\Documents\RochesWebStudio\Projet_OnlyRoll\OnlyRoll\backend\vendor\doctrine\orm\src\Persisters\Entity\BasicEntityPersister.php:942
C:\Users\roche\Documents\RochesWebStudio\Projet_OnlyRoll\OnlyRoll\backend\vendor\doctrine\orm\src\EntityRepository.php:110
C:\Users\roche\Documents\RochesWebStudio\Projet_OnlyRoll\OnlyRoll\backend\vendor\doctrine\doctrine-bundle\src\Repository\ServiceEntityRepositoryProxy.php:73
C:\Users\roche\Documents\RochesWebStudio\Projet_OnlyRoll\OnlyRoll\backend\vendor\doctrine\orm\src\EntityRepository.php:96
C:\Users\roche\Documents\RochesWebStudio\Projet_OnlyRoll\OnlyRoll\backend\tests\Functional\Controller\AuthControllerTest.php:286
C:\Users\roche\Documents\RochesWebStudio\Projet_OnlyRoll\OnlyRoll\backend\tests\Functional\Controller\AuthControllerTest.php:25

Caused by
PDOException: SQLSTATE[HY000] [1045] Accès refusé pour l'utilisateur: 'root'@'@localhost' (mot de passe: OUI)

C:\Users\roche\Documents\RochesWebStudio\Projet_OnlyRoll\OnlyRoll\backend\vendor\doctrine\dbal\src\Driver\PDO\PDOConnect.php:22
C:\Users\roche\Documents\RochesWebStudio\Projet_OnlyRoll\OnlyRoll\backend\vendor\doctrine\dbal\src\Driver\PDO\MySQL\Driver.php:36
C:\Users\roche\Documents\RochesWebStudio\Projet_OnlyRoll\OnlyRoll\backend\vendor\doctrine\dbal\src\Driver\Middleware\AbstractDriverMiddleware.php:29
C:\Users\roche\Documents\RochesWebStudio\Projet_OnlyRoll\OnlyRoll\backend\vendor\symfony\doctrine-bridge\Middleware\Debug\Driver.php:37
C:\Users\roche\Documents\RochesWebStudio\Projet_OnlyRoll\OnlyRoll\backend\vendor\doctrine\dbal\src\Driver\Middleware\AbstractDriverMiddleware.php:29
C:\Users\roche\Documents\RochesWebStudio\Projet_OnlyRoll\OnlyRoll\backend\vendor\symfony\doctrine-bridge\Middleware\IdleConnection\Driver.php:35
C:\Users\roche\Documents\RochesWebStudio\Projet_OnlyRoll\OnlyRoll\backend\vendor\doctrine\dbal\src\Connection.php:383
C:\Users\roche\Documents\RochesWebStudio\Projet_OnlyRoll\OnlyRoll\backend\vendor\doctrine\dbal\src\Connection.php:1692
C:\Users\roche\Documents\RochesWebStudio\Projet_OnlyRoll\OnlyRoll\backend\vendor\doctrine\dbal\src\Connection.php:1087
C:\Users\roche\Documents\RochesWebStudio\Projet_OnlyRoll\OnlyRoll\backend\vendor\doctrine\orm\src\Persisters\Entity\BasicEntityPersister.php:942
C:\Users\roche\Documents\RochesWebStudio\Projet_OnlyRoll\OnlyRoll\backend\vendor\doctrine\orm\src\EntityRepository.php:110
C:\Users\roche\Documents\RochesWebStudio\Projet_OnlyRoll\OnlyRoll\backend\vendor\doctrine\doctrine-bundle\src\Repository\ServiceEntityRepositoryProxy.php:73
C:\Users\roche\Documents\RochesWebStudio\Projet_OnlyRoll\OnlyRoll\backend\vendor\doctrine\orm\src\EntityRepository.php:96
C:\Users\roche\Documents\RochesWebStudio\Projet_OnlyRoll\OnlyRoll\backend\tests\Functional\Controller\AuthControllerTest.php:286
C:\Users\roche\Documents\RochesWebStudio\Projet_OnlyRoll\OnlyRoll\backend\tests\Functional\Controller\AuthControllerTest.php:25

8) App\Tests\Functional\Controller\AuthControllerTest::testRegisterWithMissingFields
Doctrine\DBAL\Exception\ConnectionException: An exception occurred in the driver: SQLSTATE[HY000] [1045] Accès refusé pour l'utilisateur: 'root'@'@localhost' (mot de passe: OUI)

C:\Users\roche\Documents\RochesWebStudio\Projet_OnlyRoll\OnlyRoll\backend\vendor\doctrine\dbal\src\Driver\API\MySQL\ExceptionConverter.php:112
C:\Users\roche\Documents\RochesWebStudio\Projet_OnlyRoll\OnlyRoll\backend\vendor\doctrine\dbal\src\Connection.php:1976
C:\Users\roche\Documents\RochesWebStudio\Projet_OnlyRoll\OnlyRoll\backend\vendor\doctrine\dbal\src\Connection.php:1924
C:\Users\roche\Documents\RochesWebStudio\Projet_OnlyRoll\OnlyRoll\backend\vendor\doctrine\dbal\src\Connection.php:385
C:\Users\roche\Documents\RochesWebStudio\Projet_OnlyRoll\OnlyRoll\backend\vendor\doctrine\dbal\src\Connection.php:1692
C:\Users\roche\Documents\RochesWebStudio\Projet_OnlyRoll\OnlyRoll\backend\vendor\doctrine\dbal\src\Connection.php:1087
C:\Users\roche\Documents\RochesWebStudio\Projet_OnlyRoll\OnlyRoll\backend\vendor\doctrine\orm\src\Persisters\Entity\BasicEntityPersister.php:942
C:\Users\roche\Documents\RochesWebStudio\Projet_OnlyRoll\OnlyRoll\backend\vendor\doctrine\orm\src\EntityRepository.php:110
C:\Users\roche\Documents\RochesWebStudio\Projet_OnlyRoll\OnlyRoll\backend\vendor\doctrine\doctrine-bundle\src\Repository\ServiceEntityRepositoryProxy.php:73
C:\Users\roche\Documents\RochesWebStudio\Projet_OnlyRoll\OnlyRoll\backend\vendor\doctrine\orm\src\EntityRepository.php:96
C:\Users\roche\Documents\RochesWebStudio\Projet_OnlyRoll\OnlyRoll\backend\tests\Functional\Controller\AuthControllerTest.php:286
C:\Users\roche\Documents\RochesWebStudio\Projet_OnlyRoll\OnlyRoll\backend\tests\Functional\Controller\AuthControllerTest.php:25

Caused by
Doctrine\DBAL\Driver\PDO\Exception: SQLSTATE[HY000] [1045] Accès refusé pour l'utilisateur: 'root'@'@localhost' (mot de passe: OUI)

C:\Users\roche\Documents\RochesWebStudio\Projet_OnlyRoll\OnlyRoll\backend\vendor\doctrine\dbal\src\Driver\PDO\Exception.php:24
C:\Users\roche\Documents\RochesWebStudio\Projet_OnlyRoll\OnlyRoll\backend\vendor\doctrine\dbal\src\Driver\PDO\MySQL\Driver.php:43
C:\Users\roche\Documents\RochesWebStudio\Projet_OnlyRoll\OnlyRoll\backend\vendor\doctrine\dbal\src\Driver\Middleware\AbstractDriverMiddleware.php:29
C:\Users\roche\Documents\RochesWebStudio\Projet_OnlyRoll\OnlyRoll\backend\vendor\symfony\doctrine-bridge\Middleware\Debug\Driver.php:37
C:\Users\roche\Documents\RochesWebStudio\Projet_OnlyRoll\OnlyRoll\backend\vendor\doctrine\dbal\src\Driver\Middleware\AbstractDriverMiddleware.php:29
C:\Users\roche\Documents\RochesWebStudio\Projet_OnlyRoll\OnlyRoll\backend\vendor\symfony\doctrine-bridge\Middleware\IdleConnection\Driver.php:35
C:\Users\roche\Documents\RochesWebStudio\Projet_OnlyRoll\OnlyRoll\backend\vendor\doctrine\dbal\src\Connection.php:383
C:\Users\roche\Documents\RochesWebStudio\Projet_OnlyRoll\OnlyRoll\backend\vendor\doctrine\dbal\src\Connection.php:1692
C:\Users\roche\Documents\RochesWebStudio\Projet_OnlyRoll\OnlyRoll\backend\vendor\doctrine\dbal\src\Connection.php:1087
C:\Users\roche\Documents\RochesWebStudio\Projet_OnlyRoll\OnlyRoll\backend\vendor\doctrine\orm\src\Persisters\Entity\BasicEntityPersister.php:942
C:\Users\roche\Documents\RochesWebStudio\Projet_OnlyRoll\OnlyRoll\backend\vendor\doctrine\orm\src\EntityRepository.php:110
C:\Users\roche\Documents\RochesWebStudio\Projet_OnlyRoll\OnlyRoll\backend\vendor\doctrine\doctrine-bundle\src\Repository\ServiceEntityRepositoryProxy.php:73
C:\Users\roche\Documents\RochesWebStudio\Projet_OnlyRoll\OnlyRoll\backend\vendor\doctrine\orm\src\EntityRepository.php:96
C:\Users\roche\Documents\RochesWebStudio\Projet_OnlyRoll\OnlyRoll\backend\tests\Functional\Controller\AuthControllerTest.php:286
C:\Users\roche\Documents\RochesWebStudio\Projet_OnlyRoll\OnlyRoll\backend\tests\Functional\Controller\AuthControllerTest.php:25

Caused by
PDOException: SQLSTATE[HY000] [1045] Accès refusé pour l'utilisateur: 'root'@'@localhost' (mot de passe: OUI)

C:\Users\roche\Documents\RochesWebStudio\Projet_OnlyRoll\OnlyRoll\backend\vendor\doctrine\dbal\src\Driver\PDO\PDOConnect.php:22
C:\Users\roche\Documents\RochesWebStudio\Projet_OnlyRoll\OnlyRoll\backend\vendor\doctrine\dbal\src\Driver\PDO\MySQL\Driver.php:36
C:\Users\roche\Documents\RochesWebStudio\Projet_OnlyRoll\OnlyRoll\backend\vendor\doctrine\dbal\src\Driver\Middleware\AbstractDriverMiddleware.php:29
C:\Users\roche\Documents\RochesWebStudio\Projet_OnlyRoll\OnlyRoll\backend\vendor\symfony\doctrine-bridge\Middleware\Debug\Driver.php:37
C:\Users\roche\Documents\RochesWebStudio\Projet_OnlyRoll\OnlyRoll\backend\vendor\doctrine\dbal\src\Driver\Middleware\AbstractDriverMiddleware.php:29
C:\Users\roche\Documents\RochesWebStudio\Projet_OnlyRoll\OnlyRoll\backend\vendor\symfony\doctrine-bridge\Middleware\IdleConnection\Driver.php:35
C:\Users\roche\Documents\RochesWebStudio\Projet_OnlyRoll\OnlyRoll\backend\vendor\doctrine\dbal\src\Connection.php:383
C:\Users\roche\Documents\RochesWebStudio\Projet_OnlyRoll\OnlyRoll\backend\vendor\doctrine\dbal\src\Connection.php:1692
C:\Users\roche\Documents\RochesWebStudio\Projet_OnlyRoll\OnlyRoll\backend\vendor\doctrine\dbal\src\Connection.php:1087
C:\Users\roche\Documents\RochesWebStudio\Projet_OnlyRoll\OnlyRoll\backend\vendor\doctrine\orm\src\Persisters\Entity\BasicEntityPersister.php:942
C:\Users\roche\Documents\RochesWebStudio\Projet_OnlyRoll\OnlyRoll\backend\vendor\doctrine\orm\src\EntityRepository.php:110
C:\Users\roche\Documents\RochesWebStudio\Projet_OnlyRoll\OnlyRoll\backend\vendor\doctrine\doctrine-bundle\src\Repository\ServiceEntityRepositoryProxy.php:73
C:\Users\roche\Documents\RochesWebStudio\Projet_OnlyRoll\OnlyRoll\backend\vendor\doctrine\orm\src\EntityRepository.php:96
C:\Users\roche\Documents\RochesWebStudio\Projet_OnlyRoll\OnlyRoll\backend\tests\Functional\Controller\AuthControllerTest.php:286
C:\Users\roche\Documents\RochesWebStudio\Projet_OnlyRoll\OnlyRoll\backend\tests\Functional\Controller\AuthControllerTest.php:25

9) App\Tests\Functional\Controller\AuthControllerTest::testRegisterWithEmptyPassword
Doctrine\DBAL\Exception\ConnectionException: An exception occurred in the driver: SQLSTATE[HY000] [1045] Accès refusé pour l'utilisateur: 'root'@'@localhost' (mot de passe: OUI)

C:\Users\roche\Documents\RochesWebStudio\Projet_OnlyRoll\OnlyRoll\backend\vendor\doctrine\dbal\src\Driver\API\MySQL\ExceptionConverter.php:112
C:\Users\roche\Documents\RochesWebStudio\Projet_OnlyRoll\OnlyRoll\backend\vendor\doctrine\dbal\src\Connection.php:1976
C:\Users\roche\Documents\RochesWebStudio\Projet_OnlyRoll\OnlyRoll\backend\vendor\doctrine\dbal\src\Connection.php:1924
C:\Users\roche\Documents\RochesWebStudio\Projet_OnlyRoll\OnlyRoll\backend\vendor\doctrine\dbal\src\Connection.php:385
C:\Users\roche\Documents\RochesWebStudio\Projet_OnlyRoll\OnlyRoll\backend\vendor\doctrine\dbal\src\Connection.php:1692
C:\Users\roche\Documents\RochesWebStudio\Projet_OnlyRoll\OnlyRoll\backend\vendor\doctrine\dbal\src\Connection.php:1087
C:\Users\roche\Documents\RochesWebStudio\Projet_OnlyRoll\OnlyRoll\backend\vendor\doctrine\orm\src\Persisters\Entity\BasicEntityPersister.php:942
C:\Users\roche\Documents\RochesWebStudio\Projet_OnlyRoll\OnlyRoll\backend\vendor\doctrine\orm\src\EntityRepository.php:110
C:\Users\roche\Documents\RochesWebStudio\Projet_OnlyRoll\OnlyRoll\backend\vendor\doctrine\doctrine-bundle\src\Repository\ServiceEntityRepositoryProxy.php:73
C:\Users\roche\Documents\RochesWebStudio\Projet_OnlyRoll\OnlyRoll\backend\vendor\doctrine\orm\src\EntityRepository.php:96
C:\Users\roche\Documents\RochesWebStudio\Projet_OnlyRoll\OnlyRoll\backend\tests\Functional\Controller\AuthControllerTest.php:286
C:\Users\roche\Documents\RochesWebStudio\Projet_OnlyRoll\OnlyRoll\backend\tests\Functional\Controller\AuthControllerTest.php:25

Caused by
Doctrine\DBAL\Driver\PDO\Exception: SQLSTATE[HY000] [1045] Accès refusé pour l'utilisateur: 'root'@'@localhost' (mot de passe: OUI)

C:\Users\roche\Documents\RochesWebStudio\Projet_OnlyRoll\OnlyRoll\backend\vendor\doctrine\dbal\src\Driver\PDO\Exception.php:24
C:\Users\roche\Documents\RochesWebStudio\Projet_OnlyRoll\OnlyRoll\backend\vendor\doctrine\dbal\src\Driver\PDO\MySQL\Driver.php:43
C:\Users\roche\Documents\RochesWebStudio\Projet_OnlyRoll\OnlyRoll\backend\vendor\doctrine\dbal\src\Driver\Middleware\AbstractDriverMiddleware.php:29
C:\Users\roche\Documents\RochesWebStudio\Projet_OnlyRoll\OnlyRoll\backend\vendor\symfony\doctrine-bridge\Middleware\Debug\Driver.php:37
C:\Users\roche\Documents\RochesWebStudio\Projet_OnlyRoll\OnlyRoll\backend\vendor\doctrine\dbal\src\Driver\Middleware\AbstractDriverMiddleware.php:29
C:\Users\roche\Documents\RochesWebStudio\Projet_OnlyRoll\OnlyRoll\backend\vendor\symfony\doctrine-bridge\Middleware\IdleConnection\Driver.php:35
C:\Users\roche\Documents\RochesWebStudio\Projet_OnlyRoll\OnlyRoll\backend\vendor\doctrine\dbal\src\Connection.php:383
C:\Users\roche\Documents\RochesWebStudio\Projet_OnlyRoll\OnlyRoll\backend\vendor\doctrine\dbal\src\Connection.php:1692
C:\Users\roche\Documents\RochesWebStudio\Projet_OnlyRoll\OnlyRoll\backend\vendor\doctrine\dbal\src\Connection.php:1087
C:\Users\roche\Documents\RochesWebStudio\Projet_OnlyRoll\OnlyRoll\backend\vendor\doctrine\orm\src\Persisters\Entity\BasicEntityPersister.php:942
C:\Users\roche\Documents\RochesWebStudio\Projet_OnlyRoll\OnlyRoll\backend\vendor\doctrine\orm\src\EntityRepository.php:110
C:\Users\roche\Documents\RochesWebStudio\Projet_OnlyRoll\OnlyRoll\backend\vendor\doctrine\doctrine-bundle\src\Repository\ServiceEntityRepositoryProxy.php:73
C:\Users\roche\Documents\RochesWebStudio\Projet_OnlyRoll\OnlyRoll\backend\vendor\doctrine\orm\src\EntityRepository.php:96
C:\Users\roche\Documents\RochesWebStudio\Projet_OnlyRoll\OnlyRoll\backend\tests\Functional\Controller\AuthControllerTest.php:286
C:\Users\roche\Documents\RochesWebStudio\Projet_OnlyRoll\OnlyRoll\backend\tests\Functional\Controller\AuthControllerTest.php:25

Caused by
PDOException: SQLSTATE[HY000] [1045] Accès refusé pour l'utilisateur: 'root'@'@localhost' (mot de passe: OUI)

C:\Users\roche\Documents\RochesWebStudio\Projet_OnlyRoll\OnlyRoll\backend\vendor\doctrine\dbal\src\Driver\PDO\PDOConnect.php:22
C:\Users\roche\Documents\RochesWebStudio\Projet_OnlyRoll\OnlyRoll\backend\vendor\doctrine\dbal\src\Driver\PDO\MySQL\Driver.php:36
C:\Users\roche\Documents\RochesWebStudio\Projet_OnlyRoll\OnlyRoll\backend\vendor\doctrine\dbal\src\Driver\Middleware\AbstractDriverMiddleware.php:29
C:\Users\roche\Documents\RochesWebStudio\Projet_OnlyRoll\OnlyRoll\backend\vendor\symfony\doctrine-bridge\Middleware\Debug\Driver.php:37
C:\Users\roche\Documents\RochesWebStudio\Projet_OnlyRoll\OnlyRoll\backend\vendor\doctrine\dbal\src\Driver\Middleware\AbstractDriverMiddleware.php:29
C:\Users\roche\Documents\RochesWebStudio\Projet_OnlyRoll\OnlyRoll\backend\vendor\symfony\doctrine-bridge\Middleware\IdleConnection\Driver.php:35
C:\Users\roche\Documents\RochesWebStudio\Projet_OnlyRoll\OnlyRoll\backend\vendor\doctrine\dbal\src\Connection.php:383
C:\Users\roche\Documents\RochesWebStudio\Projet_OnlyRoll\OnlyRoll\backend\vendor\doctrine\dbal\src\Connection.php:1692
C:\Users\roche\Documents\RochesWebStudio\Projet_OnlyRoll\OnlyRoll\backend\vendor\doctrine\dbal\src\Connection.php:1087
C:\Users\roche\Documents\RochesWebStudio\Projet_OnlyRoll\OnlyRoll\backend\vendor\doctrine\orm\src\Persisters\Entity\BasicEntityPersister.php:942
C:\Users\roche\Documents\RochesWebStudio\Projet_OnlyRoll\OnlyRoll\backend\vendor\doctrine\orm\src\EntityRepository.php:110
C:\Users\roche\Documents\RochesWebStudio\Projet_OnlyRoll\OnlyRoll\backend\vendor\doctrine\doctrine-bundle\src\Repository\ServiceEntityRepositoryProxy.php:73
C:\Users\roche\Documents\RochesWebStudio\Projet_OnlyRoll\OnlyRoll\backend\vendor\doctrine\orm\src\EntityRepository.php:96
C:\Users\roche\Documents\RochesWebStudio\Projet_OnlyRoll\OnlyRoll\backend\tests\Functional\Controller\AuthControllerTest.php:286
C:\Users\roche\Documents\RochesWebStudio\Projet_OnlyRoll\OnlyRoll\backend\tests\Functional\Controller\AuthControllerTest.php:25

10) App\Tests\Functional\Controller\AuthControllerTest::testRegisterWithInvalidJson
Doctrine\DBAL\Exception\ConnectionException: An exception occurred in the driver: SQLSTATE[HY000] [1045] Accès refusé pour l'utilisateur: 'root'@'@localhost' (mot de passe: OUI)

C:\Users\roche\Documents\RochesWebStudio\Projet_OnlyRoll\OnlyRoll\backend\vendor\doctrine\dbal\src\Driver\API\MySQL\ExceptionConverter.php:112
C:\Users\roche\Documents\RochesWebStudio\Projet_OnlyRoll\OnlyRoll\backend\vendor\doctrine\dbal\src\Connection.php:1976
C:\Users\roche\Documents\RochesWebStudio\Projet_OnlyRoll\OnlyRoll\backend\vendor\doctrine\dbal\src\Connection.php:1924
C:\Users\roche\Documents\RochesWebStudio\Projet_OnlyRoll\OnlyRoll\backend\vendor\doctrine\dbal\src\Connection.php:385
C:\Users\roche\Documents\RochesWebStudio\Projet_OnlyRoll\OnlyRoll\backend\vendor\doctrine\dbal\src\Connection.php:1692
C:\Users\roche\Documents\RochesWebStudio\Projet_OnlyRoll\OnlyRoll\backend\vendor\doctrine\dbal\src\Connection.php:1087
C:\Users\roche\Documents\RochesWebStudio\Projet_OnlyRoll\OnlyRoll\backend\vendor\doctrine\orm\src\Persisters\Entity\BasicEntityPersister.php:942
C:\Users\roche\Documents\RochesWebStudio\Projet_OnlyRoll\OnlyRoll\backend\vendor\doctrine\orm\src\EntityRepository.php:110
C:\Users\roche\Documents\RochesWebStudio\Projet_OnlyRoll\OnlyRoll\backend\vendor\doctrine\doctrine-bundle\src\Repository\ServiceEntityRepositoryProxy.php:73
C:\Users\roche\Documents\RochesWebStudio\Projet_OnlyRoll\OnlyRoll\backend\vendor\doctrine\orm\src\EntityRepository.php:96
C:\Users\roche\Documents\RochesWebStudio\Projet_OnlyRoll\OnlyRoll\backend\tests\Functional\Controller\AuthControllerTest.php:286
C:\Users\roche\Documents\RochesWebStudio\Projet_OnlyRoll\OnlyRoll\backend\tests\Functional\Controller\AuthControllerTest.php:25

Caused by
Doctrine\DBAL\Driver\PDO\Exception: SQLSTATE[HY000] [1045] Accès refusé pour l'utilisateur: 'root'@'@localhost' (mot de passe: OUI)

C:\Users\roche\Documents\RochesWebStudio\Projet_OnlyRoll\OnlyRoll\backend\vendor\doctrine\dbal\src\Driver\PDO\Exception.php:24
C:\Users\roche\Documents\RochesWebStudio\Projet_OnlyRoll\OnlyRoll\backend\vendor\doctrine\dbal\src\Driver\PDO\MySQL\Driver.php:43
C:\Users\roche\Documents\RochesWebStudio\Projet_OnlyRoll\OnlyRoll\backend\vendor\doctrine\dbal\src\Driver\Middleware\AbstractDriverMiddleware.php:29
C:\Users\roche\Documents\RochesWebStudio\Projet_OnlyRoll\OnlyRoll\backend\vendor\symfony\doctrine-bridge\Middleware\Debug\Driver.php:37
C:\Users\roche\Documents\RochesWebStudio\Projet_OnlyRoll\OnlyRoll\backend\vendor\doctrine\dbal\src\Driver\Middleware\AbstractDriverMiddleware.php:29
C:\Users\roche\Documents\RochesWebStudio\Projet_OnlyRoll\OnlyRoll\backend\vendor\symfony\doctrine-bridge\Middleware\IdleConnection\Driver.php:35
C:\Users\roche\Documents\RochesWebStudio\Projet_OnlyRoll\OnlyRoll\backend\vendor\doctrine\dbal\src\Connection.php:383
C:\Users\roche\Documents\RochesWebStudio\Projet_OnlyRoll\OnlyRoll\backend\vendor\doctrine\dbal\src\Connection.php:1692
C:\Users\roche\Documents\RochesWebStudio\Projet_OnlyRoll\OnlyRoll\backend\vendor\doctrine\dbal\src\Connection.php:1087
C:\Users\roche\Documents\RochesWebStudio\Projet_OnlyRoll\OnlyRoll\backend\vendor\doctrine\orm\src\Persisters\Entity\BasicEntityPersister.php:942
C:\Users\roche\Documents\RochesWebStudio\Projet_OnlyRoll\OnlyRoll\backend\vendor\doctrine\orm\src\EntityRepository.php:110
C:\Users\roche\Documents\RochesWebStudio\Projet_OnlyRoll\OnlyRoll\backend\vendor\doctrine\doctrine-bundle\src\Repository\ServiceEntityRepositoryProxy.php:73
C:\Users\roche\Documents\RochesWebStudio\Projet_OnlyRoll\OnlyRoll\backend\vendor\doctrine\orm\src\EntityRepository.php:96
C:\Users\roche\Documents\RochesWebStudio\Projet_OnlyRoll\OnlyRoll\backend\tests\Functional\Controller\AuthControllerTest.php:286
C:\Users\roche\Documents\RochesWebStudio\Projet_OnlyRoll\OnlyRoll\backend\tests\Functional\Controller\AuthControllerTest.php:25

Caused by
PDOException: SQLSTATE[HY000] [1045] Accès refusé pour l'utilisateur: 'root'@'@localhost' (mot de passe: OUI)

C:\Users\roche\Documents\RochesWebStudio\Projet_OnlyRoll\OnlyRoll\backend\vendor\doctrine\dbal\src\Driver\PDO\PDOConnect.php:22
C:\Users\roche\Documents\RochesWebStudio\Projet_OnlyRoll\OnlyRoll\backend\vendor\doctrine\dbal\src\Driver\PDO\MySQL\Driver.php:36
C:\Users\roche\Documents\RochesWebStudio\Projet_OnlyRoll\OnlyRoll\backend\vendor\doctrine\dbal\src\Driver\Middleware\AbstractDriverMiddleware.php:29
C:\Users\roche\Documents\RochesWebStudio\Projet_OnlyRoll\OnlyRoll\backend\vendor\symfony\doctrine-bridge\Middleware\Debug\Driver.php:37
C:\Users\roche\Documents\RochesWebStudio\Projet_OnlyRoll\OnlyRoll\backend\vendor\doctrine\dbal\src\Driver\Middleware\AbstractDriverMiddleware.php:29
C:\Users\roche\Documents\RochesWebStudio\Projet_OnlyRoll\OnlyRoll\backend\vendor\symfony\doctrine-bridge\Middleware\IdleConnection\Driver.php:35
C:\Users\roche\Documents\RochesWebStudio\Projet_OnlyRoll\OnlyRoll\backend\vendor\doctrine\dbal\src\Connection.php:383
C:\Users\roche\Documents\RochesWebStudio\Projet_OnlyRoll\OnlyRoll\backend\vendor\doctrine\dbal\src\Connection.php:1692
C:\Users\roche\Documents\RochesWebStudio\Projet_OnlyRoll\OnlyRoll\backend\vendor\doctrine\dbal\src\Connection.php:1087
C:\Users\roche\Documents\RochesWebStudio\Projet_OnlyRoll\OnlyRoll\backend\vendor\doctrine\orm\src\Persisters\Entity\BasicEntityPersister.php:942
C:\Users\roche\Documents\RochesWebStudio\Projet_OnlyRoll\OnlyRoll\backend\vendor\doctrine\orm\src\EntityRepository.php:110
C:\Users\roche\Documents\RochesWebStudio\Projet_OnlyRoll\OnlyRoll\backend\vendor\doctrine\doctrine-bundle\src\Repository\ServiceEntityRepositoryProxy.php:73
C:\Users\roche\Documents\RochesWebStudio\Projet_OnlyRoll\OnlyRoll\backend\vendor\doctrine\orm\src\EntityRepository.php:96
C:\Users\roche\Documents\RochesWebStudio\Projet_OnlyRoll\OnlyRoll\backend\tests\Functional\Controller\AuthControllerTest.php:286
C:\Users\roche\Documents\RochesWebStudio\Projet_OnlyRoll\OnlyRoll\backend\tests\Functional\Controller\AuthControllerTest.php:25

11) App\Tests\Functional\Controller\AuthControllerTest::testMeWithAuthenticatedUser
Doctrine\DBAL\Exception\ConnectionException: An exception occurred in the driver: SQLSTATE[HY000] [1045] Accès refusé pour l'utilisateur: 'root'@'@localhost' (mot de passe: OUI)

C:\Users\roche\Documents\RochesWebStudio\Projet_OnlyRoll\OnlyRoll\backend\vendor\doctrine\dbal\src\Driver\API\MySQL\ExceptionConverter.php:112
C:\Users\roche\Documents\RochesWebStudio\Projet_OnlyRoll\OnlyRoll\backend\vendor\doctrine\dbal\src\Connection.php:1976
C:\Users\roche\Documents\RochesWebStudio\Projet_OnlyRoll\OnlyRoll\backend\vendor\doctrine\dbal\src\Connection.php:1924
C:\Users\roche\Documents\RochesWebStudio\Projet_OnlyRoll\OnlyRoll\backend\vendor\doctrine\dbal\src\Connection.php:385
C:\Users\roche\Documents\RochesWebStudio\Projet_OnlyRoll\OnlyRoll\backend\vendor\doctrine\dbal\src\Connection.php:1692
C:\Users\roche\Documents\RochesWebStudio\Projet_OnlyRoll\OnlyRoll\backend\vendor\doctrine\dbal\src\Connection.php:1087
C:\Users\roche\Documents\RochesWebStudio\Projet_OnlyRoll\OnlyRoll\backend\vendor\doctrine\orm\src\Persisters\Entity\BasicEntityPersister.php:942
C:\Users\roche\Documents\RochesWebStudio\Projet_OnlyRoll\OnlyRoll\backend\vendor\doctrine\orm\src\EntityRepository.php:110
C:\Users\roche\Documents\RochesWebStudio\Projet_OnlyRoll\OnlyRoll\backend\vendor\doctrine\doctrine-bundle\src\Repository\ServiceEntityRepositoryProxy.php:73
C:\Users\roche\Documents\RochesWebStudio\Projet_OnlyRoll\OnlyRoll\backend\vendor\doctrine\orm\src\EntityRepository.php:96
C:\Users\roche\Documents\RochesWebStudio\Projet_OnlyRoll\OnlyRoll\backend\tests\Functional\Controller\AuthControllerTest.php:286
C:\Users\roche\Documents\RochesWebStudio\Projet_OnlyRoll\OnlyRoll\backend\tests\Functional\Controller\AuthControllerTest.php:25

Caused by
Doctrine\DBAL\Driver\PDO\Exception: SQLSTATE[HY000] [1045] Accès refusé pour l'utilisateur: 'root'@'@localhost' (mot de passe: OUI)

C:\Users\roche\Documents\RochesWebStudio\Projet_OnlyRoll\OnlyRoll\backend\vendor\doctrine\dbal\src\Driver\PDO\Exception.php:24
C:\Users\roche\Documents\RochesWebStudio\Projet_OnlyRoll\OnlyRoll\backend\vendor\doctrine\dbal\src\Driver\PDO\MySQL\Driver.php:43
C:\Users\roche\Documents\RochesWebStudio\Projet_OnlyRoll\OnlyRoll\backend\vendor\doctrine\dbal\src\Driver\Middleware\AbstractDriverMiddleware.php:29
C:\Users\roche\Documents\RochesWebStudio\Projet_OnlyRoll\OnlyRoll\backend\vendor\symfony\doctrine-bridge\Middleware\Debug\Driver.php:37
C:\Users\roche\Documents\RochesWebStudio\Projet_OnlyRoll\OnlyRoll\backend\vendor\doctrine\dbal\src\Driver\Middleware\AbstractDriverMiddleware.php:29
C:\Users\roche\Documents\RochesWebStudio\Projet_OnlyRoll\OnlyRoll\backend\vendor\symfony\doctrine-bridge\Middleware\IdleConnection\Driver.php:35
C:\Users\roche\Documents\RochesWebStudio\Projet_OnlyRoll\OnlyRoll\backend\vendor\doctrine\dbal\src\Connection.php:383
C:\Users\roche\Documents\RochesWebStudio\Projet_OnlyRoll\OnlyRoll\backend\vendor\doctrine\dbal\src\Connection.php:1692
C:\Users\roche\Documents\RochesWebStudio\Projet_OnlyRoll\OnlyRoll\backend\vendor\doctrine\dbal\src\Connection.php:1087
C:\Users\roche\Documents\RochesWebStudio\Projet_OnlyRoll\OnlyRoll\backend\vendor\doctrine\orm\src\Persisters\Entity\BasicEntityPersister.php:942
C:\Users\roche\Documents\RochesWebStudio\Projet_OnlyRoll\OnlyRoll\backend\vendor\doctrine\orm\src\EntityRepository.php:110
C:\Users\roche\Documents\RochesWebStudio\Projet_OnlyRoll\OnlyRoll\backend\vendor\doctrine\doctrine-bundle\src\Repository\ServiceEntityRepositoryProxy.php:73
C:\Users\roche\Documents\RochesWebStudio\Projet_OnlyRoll\OnlyRoll\backend\vendor\doctrine\orm\src\EntityRepository.php:96
C:\Users\roche\Documents\RochesWebStudio\Projet_OnlyRoll\OnlyRoll\backend\tests\Functional\Controller\AuthControllerTest.php:286
C:\Users\roche\Documents\RochesWebStudio\Projet_OnlyRoll\OnlyRoll\backend\tests\Functional\Controller\AuthControllerTest.php:25

Caused by
PDOException: SQLSTATE[HY000] [1045] Accès refusé pour l'utilisateur: 'root'@'@localhost' (mot de passe: OUI)

C:\Users\roche\Documents\RochesWebStudio\Projet_OnlyRoll\OnlyRoll\backend\vendor\doctrine\dbal\src\Driver\PDO\PDOConnect.php:22
C:\Users\roche\Documents\RochesWebStudio\Projet_OnlyRoll\OnlyRoll\backend\vendor\doctrine\dbal\src\Driver\PDO\MySQL\Driver.php:36
C:\Users\roche\Documents\RochesWebStudio\Projet_OnlyRoll\OnlyRoll\backend\vendor\doctrine\dbal\src\Driver\Middleware\AbstractDriverMiddleware.php:29
C:\Users\roche\Documents\RochesWebStudio\Projet_OnlyRoll\OnlyRoll\backend\vendor\symfony\doctrine-bridge\Middleware\Debug\Driver.php:37
C:\Users\roche\Documents\RochesWebStudio\Projet_OnlyRoll\OnlyRoll\backend\vendor\doctrine\dbal\src\Driver\Middleware\AbstractDriverMiddleware.php:29
C:\Users\roche\Documents\RochesWebStudio\Projet_OnlyRoll\OnlyRoll\backend\vendor\symfony\doctrine-bridge\Middleware\IdleConnection\Driver.php:35
C:\Users\roche\Documents\RochesWebStudio\Projet_OnlyRoll\OnlyRoll\backend\vendor\doctrine\dbal\src\Connection.php:383
C:\Users\roche\Documents\RochesWebStudio\Projet_OnlyRoll\OnlyRoll\backend\vendor\doctrine\dbal\src\Connection.php:1692
C:\Users\roche\Documents\RochesWebStudio\Projet_OnlyRoll\OnlyRoll\backend\vendor\doctrine\dbal\src\Connection.php:1087
C:\Users\roche\Documents\RochesWebStudio\Projet_OnlyRoll\OnlyRoll\backend\vendor\doctrine\orm\src\Persisters\Entity\BasicEntityPersister.php:942
C:\Users\roche\Documents\RochesWebStudio\Projet_OnlyRoll\OnlyRoll\backend\vendor\doctrine\orm\src\EntityRepository.php:110
C:\Users\roche\Documents\RochesWebStudio\Projet_OnlyRoll\OnlyRoll\backend\vendor\doctrine\doctrine-bundle\src\Repository\ServiceEntityRepositoryProxy.php:73
C:\Users\roche\Documents\RochesWebStudio\Projet_OnlyRoll\OnlyRoll\backend\vendor\doctrine\orm\src\EntityRepository.php:96
C:\Users\roche\Documents\RochesWebStudio\Projet_OnlyRoll\OnlyRoll\backend\tests\Functional\Controller\AuthControllerTest.php:286
C:\Users\roche\Documents\RochesWebStudio\Projet_OnlyRoll\OnlyRoll\backend\tests\Functional\Controller\AuthControllerTest.php:25

12) App\Tests\Functional\Controller\AuthControllerTest::testMeWithoutAuthentication
Doctrine\DBAL\Exception\ConnectionException: An exception occurred in the driver: SQLSTATE[HY000] [1045] Accès refusé pour l'utilisateur: 'root'@'@localhost' (mot de passe: OUI)

C:\Users\roche\Documents\RochesWebStudio\Projet_OnlyRoll\OnlyRoll\backend\vendor\doctrine\dbal\src\Driver\API\MySQL\ExceptionConverter.php:112
C:\Users\roche\Documents\RochesWebStudio\Projet_OnlyRoll\OnlyRoll\backend\vendor\doctrine\dbal\src\Connection.php:1976
C:\Users\roche\Documents\RochesWebStudio\Projet_OnlyRoll\OnlyRoll\backend\vendor\doctrine\dbal\src\Connection.php:1924
C:\Users\roche\Documents\RochesWebStudio\Projet_OnlyRoll\OnlyRoll\backend\vendor\doctrine\dbal\src\Connection.php:385
C:\Users\roche\Documents\RochesWebStudio\Projet_OnlyRoll\OnlyRoll\backend\vendor\doctrine\dbal\src\Connection.php:1692
C:\Users\roche\Documents\RochesWebStudio\Projet_OnlyRoll\OnlyRoll\backend\vendor\doctrine\dbal\src\Connection.php:1087
C:\Users\roche\Documents\RochesWebStudio\Projet_OnlyRoll\OnlyRoll\backend\vendor\doctrine\orm\src\Persisters\Entity\BasicEntityPersister.php:942
C:\Users\roche\Documents\RochesWebStudio\Projet_OnlyRoll\OnlyRoll\backend\vendor\doctrine\orm\src\EntityRepository.php:110
C:\Users\roche\Documents\RochesWebStudio\Projet_OnlyRoll\OnlyRoll\backend\vendor\doctrine\doctrine-bundle\src\Repository\ServiceEntityRepositoryProxy.php:73
C:\Users\roche\Documents\RochesWebStudio\Projet_OnlyRoll\OnlyRoll\backend\vendor\doctrine\orm\src\EntityRepository.php:96
C:\Users\roche\Documents\RochesWebStudio\Projet_OnlyRoll\OnlyRoll\backend\tests\Functional\Controller\AuthControllerTest.php:286
C:\Users\roche\Documents\RochesWebStudio\Projet_OnlyRoll\OnlyRoll\backend\tests\Functional\Controller\AuthControllerTest.php:25

Caused by
Doctrine\DBAL\Driver\PDO\Exception: SQLSTATE[HY000] [1045] Accès refusé pour l'utilisateur: 'root'@'@localhost' (mot de passe: OUI)

C:\Users\roche\Documents\RochesWebStudio\Projet_OnlyRoll\OnlyRoll\backend\vendor\doctrine\dbal\src\Driver\PDO\Exception.php:24
C:\Users\roche\Documents\RochesWebStudio\Projet_OnlyRoll\OnlyRoll\backend\vendor\doctrine\dbal\src\Driver\PDO\MySQL\Driver.php:43
C:\Users\roche\Documents\RochesWebStudio\Projet_OnlyRoll\OnlyRoll\backend\vendor\doctrine\dbal\src\Driver\Middleware\AbstractDriverMiddleware.php:29
C:\Users\roche\Documents\RochesWebStudio\Projet_OnlyRoll\OnlyRoll\backend\vendor\symfony\doctrine-bridge\Middleware\Debug\Driver.php:37
C:\Users\roche\Documents\RochesWebStudio\Projet_OnlyRoll\OnlyRoll\backend\vendor\doctrine\dbal\src\Driver\Middleware\AbstractDriverMiddleware.php:29
C:\Users\roche\Documents\RochesWebStudio\Projet_OnlyRoll\OnlyRoll\backend\vendor\symfony\doctrine-bridge\Middleware\IdleConnection\Driver.php:35
C:\Users\roche\Documents\RochesWebStudio\Projet_OnlyRoll\OnlyRoll\backend\vendor\doctrine\dbal\src\Connection.php:383
C:\Users\roche\Documents\RochesWebStudio\Projet_OnlyRoll\OnlyRoll\backend\vendor\doctrine\dbal\src\Connection.php:1692
C:\Users\roche\Documents\RochesWebStudio\Projet_OnlyRoll\OnlyRoll\backend\vendor\doctrine\dbal\src\Connection.php:1087
C:\Users\roche\Documents\RochesWebStudio\Projet_OnlyRoll\OnlyRoll\backend\vendor\doctrine\orm\src\Persisters\Entity\BasicEntityPersister.php:942
C:\Users\roche\Documents\RochesWebStudio\Projet_OnlyRoll\OnlyRoll\backend\vendor\doctrine\orm\src\EntityRepository.php:110
C:\Users\roche\Documents\RochesWebStudio\Projet_OnlyRoll\OnlyRoll\backend\vendor\doctrine\doctrine-bundle\src\Repository\ServiceEntityRepositoryProxy.php:73
C:\Users\roche\Documents\RochesWebStudio\Projet_OnlyRoll\OnlyRoll\backend\vendor\doctrine\orm\src\EntityRepository.php:96
C:\Users\roche\Documents\RochesWebStudio\Projet_OnlyRoll\OnlyRoll\backend\tests\Functional\Controller\AuthControllerTest.php:286
C:\Users\roche\Documents\RochesWebStudio\Projet_OnlyRoll\OnlyRoll\backend\tests\Functional\Controller\AuthControllerTest.php:25

Caused by
PDOException: SQLSTATE[HY000] [1045] Accès refusé pour l'utilisateur: 'root'@'@localhost' (mot de passe: OUI)

C:\Users\roche\Documents\RochesWebStudio\Projet_OnlyRoll\OnlyRoll\backend\vendor\doctrine\dbal\src\Driver\PDO\PDOConnect.php:22
C:\Users\roche\Documents\RochesWebStudio\Projet_OnlyRoll\OnlyRoll\backend\vendor\doctrine\dbal\src\Driver\PDO\MySQL\Driver.php:36
C:\Users\roche\Documents\RochesWebStudio\Projet_OnlyRoll\OnlyRoll\backend\vendor\doctrine\dbal\src\Driver\Middleware\AbstractDriverMiddleware.php:29
C:\Users\roche\Documents\RochesWebStudio\Projet_OnlyRoll\OnlyRoll\backend\vendor\symfony\doctrine-bridge\Middleware\Debug\Driver.php:37
C:\Users\roche\Documents\RochesWebStudio\Projet_OnlyRoll\OnlyRoll\backend\vendor\doctrine\dbal\src\Driver\Middleware\AbstractDriverMiddleware.php:29
C:\Users\roche\Documents\RochesWebStudio\Projet_OnlyRoll\OnlyRoll\backend\vendor\symfony\doctrine-bridge\Middleware\IdleConnection\Driver.php:35
C:\Users\roche\Documents\RochesWebStudio\Projet_OnlyRoll\OnlyRoll\backend\vendor\doctrine\dbal\src\Connection.php:383
C:\Users\roche\Documents\RochesWebStudio\Projet_OnlyRoll\OnlyRoll\backend\vendor\doctrine\dbal\src\Connection.php:1692
C:\Users\roche\Documents\RochesWebStudio\Projet_OnlyRoll\OnlyRoll\backend\vendor\doctrine\dbal\src\Connection.php:1087
C:\Users\roche\Documents\RochesWebStudio\Projet_OnlyRoll\OnlyRoll\backend\vendor\doctrine\orm\src\Persisters\Entity\BasicEntityPersister.php:942
C:\Users\roche\Documents\RochesWebStudio\Projet_OnlyRoll\OnlyRoll\backend\vendor\doctrine\orm\src\EntityRepository.php:110
C:\Users\roche\Documents\RochesWebStudio\Projet_OnlyRoll\OnlyRoll\backend\vendor\doctrine\doctrine-bundle\src\Repository\ServiceEntityRepositoryProxy.php:73
C:\Users\roche\Documents\RochesWebStudio\Projet_OnlyRoll\OnlyRoll\backend\vendor\doctrine\orm\src\EntityRepository.php:96
C:\Users\roche\Documents\RochesWebStudio\Projet_OnlyRoll\OnlyRoll\backend\tests\Functional\Controller\AuthControllerTest.php:286
C:\Users\roche\Documents\RochesWebStudio\Projet_OnlyRoll\OnlyRoll\backend\tests\Functional\Controller\AuthControllerTest.php:25

13) App\Tests\Functional\Controller\AuthControllerTest::testMeReturnsCorrectDataFormat
Doctrine\DBAL\Exception\ConnectionException: An exception occurred in the driver: SQLSTATE[HY000] [1045] Accès refusé pour l'utilisateur: 'root'@'@localhost' (mot de passe: OUI)

C:\Users\roche\Documents\RochesWebStudio\Projet_OnlyRoll\OnlyRoll\backend\vendor\doctrine\dbal\src\Driver\API\MySQL\ExceptionConverter.php:112
C:\Users\roche\Documents\RochesWebStudio\Projet_OnlyRoll\OnlyRoll\backend\vendor\doctrine\dbal\src\Connection.php:1976
C:\Users\roche\Documents\RochesWebStudio\Projet_OnlyRoll\OnlyRoll\backend\vendor\doctrine\dbal\src\Connection.php:1924
C:\Users\roche\Documents\RochesWebStudio\Projet_OnlyRoll\OnlyRoll\backend\vendor\doctrine\dbal\src\Connection.php:385
C:\Users\roche\Documents\RochesWebStudio\Projet_OnlyRoll\OnlyRoll\backend\vendor\doctrine\dbal\src\Connection.php:1692
C:\Users\roche\Documents\RochesWebStudio\Projet_OnlyRoll\OnlyRoll\backend\vendor\doctrine\dbal\src\Connection.php:1087
C:\Users\roche\Documents\RochesWebStudio\Projet_OnlyRoll\OnlyRoll\backend\vendor\doctrine\orm\src\Persisters\Entity\BasicEntityPersister.php:942
C:\Users\roche\Documents\RochesWebStudio\Projet_OnlyRoll\OnlyRoll\backend\vendor\doctrine\orm\src\EntityRepository.php:110
C:\Users\roche\Documents\RochesWebStudio\Projet_OnlyRoll\OnlyRoll\backend\vendor\doctrine\doctrine-bundle\src\Repository\ServiceEntityRepositoryProxy.php:73
C:\Users\roche\Documents\RochesWebStudio\Projet_OnlyRoll\OnlyRoll\backend\vendor\doctrine\orm\src\EntityRepository.php:96
C:\Users\roche\Documents\RochesWebStudio\Projet_OnlyRoll\OnlyRoll\backend\tests\Functional\Controller\AuthControllerTest.php:286
C:\Users\roche\Documents\RochesWebStudio\Projet_OnlyRoll\OnlyRoll\backend\tests\Functional\Controller\AuthControllerTest.php:25

Caused by
Doctrine\DBAL\Driver\PDO\Exception: SQLSTATE[HY000] [1045] Accès refusé pour l'utilisateur: 'root'@'@localhost' (mot de passe: OUI)

C:\Users\roche\Documents\RochesWebStudio\Projet_OnlyRoll\OnlyRoll\backend\vendor\doctrine\dbal\src\Driver\PDO\Exception.php:24
C:\Users\roche\Documents\RochesWebStudio\Projet_OnlyRoll\OnlyRoll\backend\vendor\doctrine\dbal\src\Driver\PDO\MySQL\Driver.php:43
C:\Users\roche\Documents\RochesWebStudio\Projet_OnlyRoll\OnlyRoll\backend\vendor\doctrine\dbal\src\Driver\Middleware\AbstractDriverMiddleware.php:29
C:\Users\roche\Documents\RochesWebStudio\Projet_OnlyRoll\OnlyRoll\backend\vendor\symfony\doctrine-bridge\Middleware\Debug\Driver.php:37
C:\Users\roche\Documents\RochesWebStudio\Projet_OnlyRoll\OnlyRoll\backend\vendor\doctrine\dbal\src\Driver\Middleware\AbstractDriverMiddleware.php:29
C:\Users\roche\Documents\RochesWebStudio\Projet_OnlyRoll\OnlyRoll\backend\vendor\symfony\doctrine-bridge\Middleware\IdleConnection\Driver.php:35
C:\Users\roche\Documents\RochesWebStudio\Projet_OnlyRoll\OnlyRoll\backend\vendor\doctrine\dbal\src\Connection.php:383
C:\Users\roche\Documents\RochesWebStudio\Projet_OnlyRoll\OnlyRoll\backend\vendor\doctrine\dbal\src\Connection.php:1692
C:\Users\roche\Documents\RochesWebStudio\Projet_OnlyRoll\OnlyRoll\backend\vendor\doctrine\dbal\src\Connection.php:1087
C:\Users\roche\Documents\RochesWebStudio\Projet_OnlyRoll\OnlyRoll\backend\vendor\doctrine\orm\src\Persisters\Entity\BasicEntityPersister.php:942
C:\Users\roche\Documents\RochesWebStudio\Projet_OnlyRoll\OnlyRoll\backend\vendor\doctrine\orm\src\EntityRepository.php:110
C:\Users\roche\Documents\RochesWebStudio\Projet_OnlyRoll\OnlyRoll\backend\vendor\doctrine\doctrine-bundle\src\Repository\ServiceEntityRepositoryProxy.php:73
C:\Users\roche\Documents\RochesWebStudio\Projet_OnlyRoll\OnlyRoll\backend\vendor\doctrine\orm\src\EntityRepository.php:96
C:\Users\roche\Documents\RochesWebStudio\Projet_OnlyRoll\OnlyRoll\backend\tests\Functional\Controller\AuthControllerTest.php:286
C:\Users\roche\Documents\RochesWebStudio\Projet_OnlyRoll\OnlyRoll\backend\tests\Functional\Controller\AuthControllerTest.php:25

Caused by
PDOException: SQLSTATE[HY000] [1045] Accès refusé pour l'utilisateur: 'root'@'@localhost' (mot de passe: OUI)

C:\Users\roche\Documents\RochesWebStudio\Projet_OnlyRoll\OnlyRoll\backend\vendor\doctrine\dbal\src\Driver\PDO\PDOConnect.php:22
C:\Users\roche\Documents\RochesWebStudio\Projet_OnlyRoll\OnlyRoll\backend\vendor\doctrine\dbal\src\Driver\PDO\MySQL\Driver.php:36
C:\Users\roche\Documents\RochesWebStudio\Projet_OnlyRoll\OnlyRoll\backend\vendor\doctrine\dbal\src\Driver\Middleware\AbstractDriverMiddleware.php:29
C:\Users\roche\Documents\RochesWebStudio\Projet_OnlyRoll\OnlyRoll\backend\vendor\symfony\doctrine-bridge\Middleware\Debug\Driver.php:37
C:\Users\roche\Documents\RochesWebStudio\Projet_OnlyRoll\OnlyRoll\backend\vendor\doctrine\dbal\src\Driver\Middleware\AbstractDriverMiddleware.php:29
C:\Users\roche\Documents\RochesWebStudio\Projet_OnlyRoll\OnlyRoll\backend\vendor\symfony\doctrine-bridge\Middleware\IdleConnection\Driver.php:35
C:\Users\roche\Documents\RochesWebStudio\Projet_OnlyRoll\OnlyRoll\backend\vendor\doctrine\dbal\src\Connection.php:383
C:\Users\roche\Documents\RochesWebStudio\Projet_OnlyRoll\OnlyRoll\backend\vendor\doctrine\dbal\src\Connection.php:1692
C:\Users\roche\Documents\RochesWebStudio\Projet_OnlyRoll\OnlyRoll\backend\vendor\doctrine\dbal\src\Connection.php:1087
C:\Users\roche\Documents\RochesWebStudio\Projet_OnlyRoll\OnlyRoll\backend\vendor\doctrine\orm\src\Persisters\Entity\BasicEntityPersister.php:942
C:\Users\roche\Documents\RochesWebStudio\Projet_OnlyRoll\OnlyRoll\backend\vendor\doctrine\orm\src\EntityRepository.php:110
C:\Users\roche\Documents\RochesWebStudio\Projet_OnlyRoll\OnlyRoll\backend\vendor\doctrine\doctrine-bundle\src\Repository\ServiceEntityRepositoryProxy.php:73
C:\Users\roche\Documents\RochesWebStudio\Projet_OnlyRoll\OnlyRoll\backend\vendor\doctrine\orm\src\EntityRepository.php:96
C:\Users\roche\Documents\RochesWebStudio\Projet_OnlyRoll\OnlyRoll\backend\tests\Functional\Controller\AuthControllerTest.php:286
C:\Users\roche\Documents\RochesWebStudio\Projet_OnlyRoll\OnlyRoll\backend\tests\Functional\Controller\AuthControllerTest.php:25

14) App\Tests\Functional\Controller\AuthControllerTest::testLogout
Doctrine\DBAL\Exception\ConnectionException: An exception occurred in the driver: SQLSTATE[HY000] [1045] Accès refusé pour l'utilisateur: 'root'@'@localhost' (mot de passe: OUI)

C:\Users\roche\Documents\RochesWebStudio\Projet_OnlyRoll\OnlyRoll\backend\vendor\doctrine\dbal\src\Driver\API\MySQL\ExceptionConverter.php:112
C:\Users\roche\Documents\RochesWebStudio\Projet_OnlyRoll\OnlyRoll\backend\vendor\doctrine\dbal\src\Connection.php:1976
C:\Users\roche\Documents\RochesWebStudio\Projet_OnlyRoll\OnlyRoll\backend\vendor\doctrine\dbal\src\Connection.php:1924
C:\Users\roche\Documents\RochesWebStudio\Projet_OnlyRoll\OnlyRoll\backend\vendor\doctrine\dbal\src\Connection.php:385
C:\Users\roche\Documents\RochesWebStudio\Projet_OnlyRoll\OnlyRoll\backend\vendor\doctrine\dbal\src\Connection.php:1692
C:\Users\roche\Documents\RochesWebStudio\Projet_OnlyRoll\OnlyRoll\backend\vendor\doctrine\dbal\src\Connection.php:1087
C:\Users\roche\Documents\RochesWebStudio\Projet_OnlyRoll\OnlyRoll\backend\vendor\doctrine\orm\src\Persisters\Entity\BasicEntityPersister.php:942
C:\Users\roche\Documents\RochesWebStudio\Projet_OnlyRoll\OnlyRoll\backend\vendor\doctrine\orm\src\EntityRepository.php:110
C:\Users\roche\Documents\RochesWebStudio\Projet_OnlyRoll\OnlyRoll\backend\vendor\doctrine\doctrine-bundle\src\Repository\ServiceEntityRepositoryProxy.php:73
C:\Users\roche\Documents\RochesWebStudio\Projet_OnlyRoll\OnlyRoll\backend\vendor\doctrine\orm\src\EntityRepository.php:96
C:\Users\roche\Documents\RochesWebStudio\Projet_OnlyRoll\OnlyRoll\backend\tests\Functional\Controller\AuthControllerTest.php:286
C:\Users\roche\Documents\RochesWebStudio\Projet_OnlyRoll\OnlyRoll\backend\tests\Functional\Controller\AuthControllerTest.php:25

Caused by
Doctrine\DBAL\Driver\PDO\Exception: SQLSTATE[HY000] [1045] Accès refusé pour l'utilisateur: 'root'@'@localhost' (mot de passe: OUI)

C:\Users\roche\Documents\RochesWebStudio\Projet_OnlyRoll\OnlyRoll\backend\vendor\doctrine\dbal\src\Driver\PDO\Exception.php:24
C:\Users\roche\Documents\RochesWebStudio\Projet_OnlyRoll\OnlyRoll\backend\vendor\doctrine\dbal\src\Driver\PDO\MySQL\Driver.php:43
C:\Users\roche\Documents\RochesWebStudio\Projet_OnlyRoll\OnlyRoll\backend\vendor\doctrine\dbal\src\Driver\Middleware\AbstractDriverMiddleware.php:29
C:\Users\roche\Documents\RochesWebStudio\Projet_OnlyRoll\OnlyRoll\backend\vendor\symfony\doctrine-bridge\Middleware\Debug\Driver.php:37
C:\Users\roche\Documents\RochesWebStudio\Projet_OnlyRoll\OnlyRoll\backend\vendor\doctrine\dbal\src\Driver\Middleware\AbstractDriverMiddleware.php:29
C:\Users\roche\Documents\RochesWebStudio\Projet_OnlyRoll\OnlyRoll\backend\vendor\symfony\doctrine-bridge\Middleware\IdleConnection\Driver.php:35
C:\Users\roche\Documents\RochesWebStudio\Projet_OnlyRoll\OnlyRoll\backend\vendor\doctrine\dbal\src\Connection.php:383
C:\Users\roche\Documents\RochesWebStudio\Projet_OnlyRoll\OnlyRoll\backend\vendor\doctrine\dbal\src\Connection.php:1692
C:\Users\roche\Documents\RochesWebStudio\Projet_OnlyRoll\OnlyRoll\backend\vendor\doctrine\dbal\src\Connection.php:1087
C:\Users\roche\Documents\RochesWebStudio\Projet_OnlyRoll\OnlyRoll\backend\vendor\doctrine\orm\src\Persisters\Entity\BasicEntityPersister.php:942
C:\Users\roche\Documents\RochesWebStudio\Projet_OnlyRoll\OnlyRoll\backend\vendor\doctrine\orm\src\EntityRepository.php:110
C:\Users\roche\Documents\RochesWebStudio\Projet_OnlyRoll\OnlyRoll\backend\vendor\doctrine\doctrine-bundle\src\Repository\ServiceEntityRepositoryProxy.php:73
C:\Users\roche\Documents\RochesWebStudio\Projet_OnlyRoll\OnlyRoll\backend\vendor\doctrine\orm\src\EntityRepository.php:96
C:\Users\roche\Documents\RochesWebStudio\Projet_OnlyRoll\OnlyRoll\backend\tests\Functional\Controller\AuthControllerTest.php:286
C:\Users\roche\Documents\RochesWebStudio\Projet_OnlyRoll\OnlyRoll\backend\tests\Functional\Controller\AuthControllerTest.php:25

Caused by
PDOException: SQLSTATE[HY000] [1045] Accès refusé pour l'utilisateur: 'root'@'@localhost' (mot de passe: OUI)

C:\Users\roche\Documents\RochesWebStudio\Projet_OnlyRoll\OnlyRoll\backend\vendor\doctrine\dbal\src\Driver\PDO\PDOConnect.php:22
C:\Users\roche\Documents\RochesWebStudio\Projet_OnlyRoll\OnlyRoll\backend\vendor\doctrine\dbal\src\Driver\PDO\MySQL\Driver.php:36
C:\Users\roche\Documents\RochesWebStudio\Projet_OnlyRoll\OnlyRoll\backend\vendor\doctrine\dbal\src\Driver\Middleware\AbstractDriverMiddleware.php:29
C:\Users\roche\Documents\RochesWebStudio\Projet_OnlyRoll\OnlyRoll\backend\vendor\symfony\doctrine-bridge\Middleware\Debug\Driver.php:37
C:\Users\roche\Documents\RochesWebStudio\Projet_OnlyRoll\OnlyRoll\backend\vendor\doctrine\dbal\src\Driver\Middleware\AbstractDriverMiddleware.php:29
C:\Users\roche\Documents\RochesWebStudio\Projet_OnlyRoll\OnlyRoll\backend\vendor\symfony\doctrine-bridge\Middleware\IdleConnection\Driver.php:35
C:\Users\roche\Documents\RochesWebStudio\Projet_OnlyRoll\OnlyRoll\backend\vendor\doctrine\dbal\src\Connection.php:383
C:\Users\roche\Documents\RochesWebStudio\Projet_OnlyRoll\OnlyRoll\backend\vendor\doctrine\dbal\src\Connection.php:1692
C:\Users\roche\Documents\RochesWebStudio\Projet_OnlyRoll\OnlyRoll\backend\vendor\doctrine\dbal\src\Connection.php:1087
C:\Users\roche\Documents\RochesWebStudio\Projet_OnlyRoll\OnlyRoll\backend\vendor\doctrine\orm\src\Persisters\Entity\BasicEntityPersister.php:942
C:\Users\roche\Documents\RochesWebStudio\Projet_OnlyRoll\OnlyRoll\backend\vendor\doctrine\orm\src\EntityRepository.php:110
C:\Users\roche\Documents\RochesWebStudio\Projet_OnlyRoll\OnlyRoll\backend\vendor\doctrine\doctrine-bundle\src\Repository\ServiceEntityRepositoryProxy.php:73
C:\Users\roche\Documents\RochesWebStudio\Projet_OnlyRoll\OnlyRoll\backend\vendor\doctrine\orm\src\EntityRepository.php:96
C:\Users\roche\Documents\RochesWebStudio\Projet_OnlyRoll\OnlyRoll\backend\tests\Functional\Controller\AuthControllerTest.php:286
C:\Users\roche\Documents\RochesWebStudio\Projet_OnlyRoll\OnlyRoll\backend\tests\Functional\Controller\AuthControllerTest.php:25

15) App\Tests\Functional\Controller\AuthControllerTest::testLogoutClearsCookie
Doctrine\DBAL\Exception\ConnectionException: An exception occurred in the driver: SQLSTATE[HY000] [1045] Accès refusé pour l'utilisateur: 'root'@'@localhost' (mot de passe: OUI)

C:\Users\roche\Documents\RochesWebStudio\Projet_OnlyRoll\OnlyRoll\backend\vendor\doctrine\dbal\src\Driver\API\MySQL\ExceptionConverter.php:112
C:\Users\roche\Documents\RochesWebStudio\Projet_OnlyRoll\OnlyRoll\backend\vendor\doctrine\dbal\src\Connection.php:1976
C:\Users\roche\Documents\RochesWebStudio\Projet_OnlyRoll\OnlyRoll\backend\vendor\doctrine\dbal\src\Connection.php:1924
C:\Users\roche\Documents\RochesWebStudio\Projet_OnlyRoll\OnlyRoll\backend\vendor\doctrine\dbal\src\Connection.php:385
C:\Users\roche\Documents\RochesWebStudio\Projet_OnlyRoll\OnlyRoll\backend\vendor\doctrine\dbal\src\Connection.php:1692
C:\Users\roche\Documents\RochesWebStudio\Projet_OnlyRoll\OnlyRoll\backend\vendor\doctrine\dbal\src\Connection.php:1087
C:\Users\roche\Documents\RochesWebStudio\Projet_OnlyRoll\OnlyRoll\backend\vendor\doctrine\orm\src\Persisters\Entity\BasicEntityPersister.php:942
C:\Users\roche\Documents\RochesWebStudio\Projet_OnlyRoll\OnlyRoll\backend\vendor\doctrine\orm\src\EntityRepository.php:110
C:\Users\roche\Documents\RochesWebStudio\Projet_OnlyRoll\OnlyRoll\backend\vendor\doctrine\doctrine-bundle\src\Repository\ServiceEntityRepositoryProxy.php:73
C:\Users\roche\Documents\RochesWebStudio\Projet_OnlyRoll\OnlyRoll\backend\vendor\doctrine\orm\src\EntityRepository.php:96
C:\Users\roche\Documents\RochesWebStudio\Projet_OnlyRoll\OnlyRoll\backend\tests\Functional\Controller\AuthControllerTest.php:286
C:\Users\roche\Documents\RochesWebStudio\Projet_OnlyRoll\OnlyRoll\backend\tests\Functional\Controller\AuthControllerTest.php:25

Caused by
Doctrine\DBAL\Driver\PDO\Exception: SQLSTATE[HY000] [1045] Accès refusé pour l'utilisateur: 'root'@'@localhost' (mot de passe: OUI)

C:\Users\roche\Documents\RochesWebStudio\Projet_OnlyRoll\OnlyRoll\backend\vendor\doctrine\dbal\src\Driver\PDO\Exception.php:24
C:\Users\roche\Documents\RochesWebStudio\Projet_OnlyRoll\OnlyRoll\backend\vendor\doctrine\dbal\src\Driver\PDO\MySQL\Driver.php:43
C:\Users\roche\Documents\RochesWebStudio\Projet_OnlyRoll\OnlyRoll\backend\vendor\doctrine\dbal\src\Driver\Middleware\AbstractDriverMiddleware.php:29
C:\Users\roche\Documents\RochesWebStudio\Projet_OnlyRoll\OnlyRoll\backend\vendor\symfony\doctrine-bridge\Middleware\Debug\Driver.php:37
C:\Users\roche\Documents\RochesWebStudio\Projet_OnlyRoll\OnlyRoll\backend\vendor\doctrine\dbal\src\Driver\Middleware\AbstractDriverMiddleware.php:29
C:\Users\roche\Documents\RochesWebStudio\Projet_OnlyRoll\OnlyRoll\backend\vendor\symfony\doctrine-bridge\Middleware\IdleConnection\Driver.php:35
C:\Users\roche\Documents\RochesWebStudio\Projet_OnlyRoll\OnlyRoll\backend\vendor\doctrine\dbal\src\Connection.php:383
C:\Users\roche\Documents\RochesWebStudio\Projet_OnlyRoll\OnlyRoll\backend\vendor\doctrine\dbal\src\Connection.php:1692
C:\Users\roche\Documents\RochesWebStudio\Projet_OnlyRoll\OnlyRoll\backend\vendor\doctrine\dbal\src\Connection.php:1087
C:\Users\roche\Documents\RochesWebStudio\Projet_OnlyRoll\OnlyRoll\backend\vendor\doctrine\orm\src\Persisters\Entity\BasicEntityPersister.php:942
C:\Users\roche\Documents\RochesWebStudio\Projet_OnlyRoll\OnlyRoll\backend\vendor\doctrine\orm\src\EntityRepository.php:110
C:\Users\roche\Documents\RochesWebStudio\Projet_OnlyRoll\OnlyRoll\backend\vendor\doctrine\doctrine-bundle\src\Repository\ServiceEntityRepositoryProxy.php:73
C:\Users\roche\Documents\RochesWebStudio\Projet_OnlyRoll\OnlyRoll\backend\vendor\doctrine\orm\src\EntityRepository.php:96
C:\Users\roche\Documents\RochesWebStudio\Projet_OnlyRoll\OnlyRoll\backend\tests\Functional\Controller\AuthControllerTest.php:286
C:\Users\roche\Documents\RochesWebStudio\Projet_OnlyRoll\OnlyRoll\backend\tests\Functional\Controller\AuthControllerTest.php:25

Caused by
PDOException: SQLSTATE[HY000] [1045] Accès refusé pour l'utilisateur: 'root'@'@localhost' (mot de passe: OUI)

C:\Users\roche\Documents\RochesWebStudio\Projet_OnlyRoll\OnlyRoll\backend\vendor\doctrine\dbal\src\Driver\PDO\PDOConnect.php:22
C:\Users\roche\Documents\RochesWebStudio\Projet_OnlyRoll\OnlyRoll\backend\vendor\doctrine\dbal\src\Driver\PDO\MySQL\Driver.php:36
C:\Users\roche\Documents\RochesWebStudio\Projet_OnlyRoll\OnlyRoll\backend\vendor\doctrine\dbal\src\Driver\Middleware\AbstractDriverMiddleware.php:29
C:\Users\roche\Documents\RochesWebStudio\Projet_OnlyRoll\OnlyRoll\backend\vendor\symfony\doctrine-bridge\Middleware\Debug\Driver.php:37
C:\Users\roche\Documents\RochesWebStudio\Projet_OnlyRoll\OnlyRoll\backend\vendor\doctrine\dbal\src\Driver\Middleware\AbstractDriverMiddleware.php:29
C:\Users\roche\Documents\RochesWebStudio\Projet_OnlyRoll\OnlyRoll\backend\vendor\symfony\doctrine-bridge\Middleware\IdleConnection\Driver.php:35
C:\Users\roche\Documents\RochesWebStudio\Projet_OnlyRoll\OnlyRoll\backend\vendor\doctrine\dbal\src\Connection.php:383
C:\Users\roche\Documents\RochesWebStudio\Projet_OnlyRoll\OnlyRoll\backend\vendor\doctrine\dbal\src\Connection.php:1692
C:\Users\roche\Documents\RochesWebStudio\Projet_OnlyRoll\OnlyRoll\backend\vendor\doctrine\dbal\src\Connection.php:1087
C:\Users\roche\Documents\RochesWebStudio\Projet_OnlyRoll\OnlyRoll\backend\vendor\doctrine\orm\src\Persisters\Entity\BasicEntityPersister.php:942
C:\Users\roche\Documents\RochesWebStudio\Projet_OnlyRoll\OnlyRoll\backend\vendor\doctrine\orm\src\EntityRepository.php:110
C:\Users\roche\Documents\RochesWebStudio\Projet_OnlyRoll\OnlyRoll\backend\vendor\doctrine\doctrine-bundle\src\Repository\ServiceEntityRepositoryProxy.php:73
C:\Users\roche\Documents\RochesWebStudio\Projet_OnlyRoll\OnlyRoll\backend\vendor\doctrine\orm\src\EntityRepository.php:96
C:\Users\roche\Documents\RochesWebStudio\Projet_OnlyRoll\OnlyRoll\backend\tests\Functional\Controller\AuthControllerTest.php:286
C:\Users\roche\Documents\RochesWebStudio\Projet_OnlyRoll\OnlyRoll\backend\tests\Functional\Controller\AuthControllerTest.php:25

16) App\Tests\Functional\Controller\AuthControllerTest::testLogoutWithAuthenticatedUser
Doctrine\DBAL\Exception\ConnectionException: An exception occurred in the driver: SQLSTATE[HY000] [1045] Accès refusé pour l'utilisateur: 'root'@'@localhost' (mot de passe: OUI)

C:\Users\roche\Documents\RochesWebStudio\Projet_OnlyRoll\OnlyRoll\backend\vendor\doctrine\dbal\src\Driver\API\MySQL\ExceptionConverter.php:112
C:\Users\roche\Documents\RochesWebStudio\Projet_OnlyRoll\OnlyRoll\backend\vendor\doctrine\dbal\src\Connection.php:1976
C:\Users\roche\Documents\RochesWebStudio\Projet_OnlyRoll\OnlyRoll\backend\vendor\doctrine\dbal\src\Connection.php:1924
C:\Users\roche\Documents\RochesWebStudio\Projet_OnlyRoll\OnlyRoll\backend\vendor\doctrine\dbal\src\Connection.php:385
C:\Users\roche\Documents\RochesWebStudio\Projet_OnlyRoll\OnlyRoll\backend\vendor\doctrine\dbal\src\Connection.php:1692
C:\Users\roche\Documents\RochesWebStudio\Projet_OnlyRoll\OnlyRoll\backend\vendor\doctrine\dbal\src\Connection.php:1087
C:\Users\roche\Documents\RochesWebStudio\Projet_OnlyRoll\OnlyRoll\backend\vendor\doctrine\orm\src\Persisters\Entity\BasicEntityPersister.php:942
C:\Users\roche\Documents\RochesWebStudio\Projet_OnlyRoll\OnlyRoll\backend\vendor\doctrine\orm\src\EntityRepository.php:110
C:\Users\roche\Documents\RochesWebStudio\Projet_OnlyRoll\OnlyRoll\backend\vendor\doctrine\doctrine-bundle\src\Repository\ServiceEntityRepositoryProxy.php:73
C:\Users\roche\Documents\RochesWebStudio\Projet_OnlyRoll\OnlyRoll\backend\vendor\doctrine\orm\src\EntityRepository.php:96
C:\Users\roche\Documents\RochesWebStudio\Projet_OnlyRoll\OnlyRoll\backend\tests\Functional\Controller\AuthControllerTest.php:286
C:\Users\roche\Documents\RochesWebStudio\Projet_OnlyRoll\OnlyRoll\backend\tests\Functional\Controller\AuthControllerTest.php:25

Caused by
Doctrine\DBAL\Driver\PDO\Exception: SQLSTATE[HY000] [1045] Accès refusé pour l'utilisateur: 'root'@'@localhost' (mot de passe: OUI)

C:\Users\roche\Documents\RochesWebStudio\Projet_OnlyRoll\OnlyRoll\backend\vendor\doctrine\dbal\src\Driver\PDO\Exception.php:24
C:\Users\roche\Documents\RochesWebStudio\Projet_OnlyRoll\OnlyRoll\backend\vendor\doctrine\dbal\src\Driver\PDO\MySQL\Driver.php:43
C:\Users\roche\Documents\RochesWebStudio\Projet_OnlyRoll\OnlyRoll\backend\vendor\doctrine\dbal\src\Driver\Middleware\AbstractDriverMiddleware.php:29
C:\Users\roche\Documents\RochesWebStudio\Projet_OnlyRoll\OnlyRoll\backend\vendor\symfony\doctrine-bridge\Middleware\Debug\Driver.php:37
C:\Users\roche\Documents\RochesWebStudio\Projet_OnlyRoll\OnlyRoll\backend\vendor\doctrine\dbal\src\Driver\Middleware\AbstractDriverMiddleware.php:29
C:\Users\roche\Documents\RochesWebStudio\Projet_OnlyRoll\OnlyRoll\backend\vendor\symfony\doctrine-bridge\Middleware\IdleConnection\Driver.php:35
C:\Users\roche\Documents\RochesWebStudio\Projet_OnlyRoll\OnlyRoll\backend\vendor\doctrine\dbal\src\Connection.php:383
C:\Users\roche\Documents\RochesWebStudio\Projet_OnlyRoll\OnlyRoll\backend\vendor\doctrine\dbal\src\Connection.php:1692
C:\Users\roche\Documents\RochesWebStudio\Projet_OnlyRoll\OnlyRoll\backend\vendor\doctrine\dbal\src\Connection.php:1087
C:\Users\roche\Documents\RochesWebStudio\Projet_OnlyRoll\OnlyRoll\backend\vendor\doctrine\orm\src\Persisters\Entity\BasicEntityPersister.php:942
C:\Users\roche\Documents\RochesWebStudio\Projet_OnlyRoll\OnlyRoll\backend\vendor\doctrine\orm\src\EntityRepository.php:110
C:\Users\roche\Documents\RochesWebStudio\Projet_OnlyRoll\OnlyRoll\backend\vendor\doctrine\doctrine-bundle\src\Repository\ServiceEntityRepositoryProxy.php:73
C:\Users\roche\Documents\RochesWebStudio\Projet_OnlyRoll\OnlyRoll\backend\vendor\doctrine\orm\src\EntityRepository.php:96
C:\Users\roche\Documents\RochesWebStudio\Projet_OnlyRoll\OnlyRoll\backend\tests\Functional\Controller\AuthControllerTest.php:286
C:\Users\roche\Documents\RochesWebStudio\Projet_OnlyRoll\OnlyRoll\backend\tests\Functional\Controller\AuthControllerTest.php:25

Caused by
PDOException: SQLSTATE[HY000] [1045] Accès refusé pour l'utilisateur: 'root'@'@localhost' (mot de passe: OUI)

C:\Users\roche\Documents\RochesWebStudio\Projet_OnlyRoll\OnlyRoll\backend\vendor\doctrine\dbal\src\Driver\PDO\PDOConnect.php:22
C:\Users\roche\Documents\RochesWebStudio\Projet_OnlyRoll\OnlyRoll\backend\vendor\doctrine\dbal\src\Driver\PDO\MySQL\Driver.php:36
C:\Users\roche\Documents\RochesWebStudio\Projet_OnlyRoll\OnlyRoll\backend\vendor\doctrine\dbal\src\Driver\Middleware\AbstractDriverMiddleware.php:29
C:\Users\roche\Documents\RochesWebStudio\Projet_OnlyRoll\OnlyRoll\backend\vendor\symfony\doctrine-bridge\Middleware\Debug\Driver.php:37
C:\Users\roche\Documents\RochesWebStudio\Projet_OnlyRoll\OnlyRoll\backend\vendor\doctrine\dbal\src\Driver\Middleware\AbstractDriverMiddleware.php:29
C:\Users\roche\Documents\RochesWebStudio\Projet_OnlyRoll\OnlyRoll\backend\vendor\symfony\doctrine-bridge\Middleware\IdleConnection\Driver.php:35
C:\Users\roche\Documents\RochesWebStudio\Projet_OnlyRoll\OnlyRoll\backend\vendor\doctrine\dbal\src\Connection.php:383
C:\Users\roche\Documents\RochesWebStudio\Projet_OnlyRoll\OnlyRoll\backend\vendor\doctrine\dbal\src\Connection.php:1692
C:\Users\roche\Documents\RochesWebStudio\Projet_OnlyRoll\OnlyRoll\backend\vendor\doctrine\dbal\src\Connection.php:1087
C:\Users\roche\Documents\RochesWebStudio\Projet_OnlyRoll\OnlyRoll\backend\vendor\doctrine\orm\src\Persisters\Entity\BasicEntityPersister.php:942
C:\Users\roche\Documents\RochesWebStudio\Projet_OnlyRoll\OnlyRoll\backend\vendor\doctrine\orm\src\EntityRepository.php:110
C:\Users\roche\Documents\RochesWebStudio\Projet_OnlyRoll\OnlyRoll\backend\vendor\doctrine\doctrine-bundle\src\Repository\ServiceEntityRepositoryProxy.php:73
C:\Users\roche\Documents\RochesWebStudio\Projet_OnlyRoll\OnlyRoll\backend\vendor\doctrine\orm\src\EntityRepository.php:96
C:\Users\roche\Documents\RochesWebStudio\Projet_OnlyRoll\OnlyRoll\backend\tests\Functional\Controller\AuthControllerTest.php:286
C:\Users\roche\Documents\RochesWebStudio\Projet_OnlyRoll\OnlyRoll\backend\tests\Functional\Controller\AuthControllerTest.php:25

17) App\Tests\Functional\Controller\ChatControllerTest::testGetMessagesWithoutAuthentication
Doctrine\DBAL\Exception\ConnectionException: An exception occurred in the driver: SQLSTATE[HY000] [1045] Accès refusé pour l'utilisateur: 'root'@'@localhost' (mot de passe: OUI)

C:\Users\roche\Documents\RochesWebStudio\Projet_OnlyRoll\OnlyRoll\backend\vendor\doctrine\dbal\src\Driver\API\MySQL\ExceptionConverter.php:112
C:\Users\roche\Documents\RochesWebStudio\Projet_OnlyRoll\OnlyRoll\backend\vendor\doctrine\dbal\src\Connection.php:1976
C:\Users\roche\Documents\RochesWebStudio\Projet_OnlyRoll\OnlyRoll\backend\vendor\doctrine\dbal\src\Connection.php:1924
C:\Users\roche\Documents\RochesWebStudio\Projet_OnlyRoll\OnlyRoll\backend\vendor\doctrine\dbal\src\Connection.php:385
C:\Users\roche\Documents\RochesWebStudio\Projet_OnlyRoll\OnlyRoll\backend\vendor\doctrine\dbal\src\Connection.php:1692
C:\Users\roche\Documents\RochesWebStudio\Projet_OnlyRoll\OnlyRoll\backend\vendor\doctrine\dbal\src\Connection.php:1195
C:\Users\roche\Documents\RochesWebStudio\Projet_OnlyRoll\OnlyRoll\backend\tests\Functional\Controller\ChatControllerTest.php:78
C:\Users\roche\Documents\RochesWebStudio\Projet_OnlyRoll\OnlyRoll\backend\tests\Functional\Controller\ChatControllerTest.php:35

Caused by
Doctrine\DBAL\Driver\PDO\Exception: SQLSTATE[HY000] [1045] Accès refusé pour l'utilisateur: 'root'@'@localhost' (mot de passe: OUI)

C:\Users\roche\Documents\RochesWebStudio\Projet_OnlyRoll\OnlyRoll\backend\vendor\doctrine\dbal\src\Driver\PDO\Exception.php:24
C:\Users\roche\Documents\RochesWebStudio\Projet_OnlyRoll\OnlyRoll\backend\vendor\doctrine\dbal\src\Driver\PDO\MySQL\Driver.php:43
C:\Users\roche\Documents\RochesWebStudio\Projet_OnlyRoll\OnlyRoll\backend\vendor\doctrine\dbal\src\Driver\Middleware\AbstractDriverMiddleware.php:29
C:\Users\roche\Documents\RochesWebStudio\Projet_OnlyRoll\OnlyRoll\backend\vendor\symfony\doctrine-bridge\Middleware\Debug\Driver.php:37
C:\Users\roche\Documents\RochesWebStudio\Projet_OnlyRoll\OnlyRoll\backend\vendor\doctrine\dbal\src\Driver\Middleware\AbstractDriverMiddleware.php:29
C:\Users\roche\Documents\RochesWebStudio\Projet_OnlyRoll\OnlyRoll\backend\vendor\symfony\doctrine-bridge\Middleware\IdleConnection\Driver.php:35
C:\Users\roche\Documents\RochesWebStudio\Projet_OnlyRoll\OnlyRoll\backend\vendor\doctrine\dbal\src\Connection.php:383
C:\Users\roche\Documents\RochesWebStudio\Projet_OnlyRoll\OnlyRoll\backend\vendor\doctrine\dbal\src\Connection.php:1692
C:\Users\roche\Documents\RochesWebStudio\Projet_OnlyRoll\OnlyRoll\backend\vendor\doctrine\dbal\src\Connection.php:1195
C:\Users\roche\Documents\RochesWebStudio\Projet_OnlyRoll\OnlyRoll\backend\tests\Functional\Controller\ChatControllerTest.php:78
C:\Users\roche\Documents\RochesWebStudio\Projet_OnlyRoll\OnlyRoll\backend\tests\Functional\Controller\ChatControllerTest.php:35

Caused by
PDOException: SQLSTATE[HY000] [1045] Accès refusé pour l'utilisateur: 'root'@'@localhost' (mot de passe: OUI)

C:\Users\roche\Documents\RochesWebStudio\Projet_OnlyRoll\OnlyRoll\backend\vendor\doctrine\dbal\src\Driver\PDO\PDOConnect.php:22
C:\Users\roche\Documents\RochesWebStudio\Projet_OnlyRoll\OnlyRoll\backend\vendor\doctrine\dbal\src\Driver\PDO\MySQL\Driver.php:36
C:\Users\roche\Documents\RochesWebStudio\Projet_OnlyRoll\OnlyRoll\backend\vendor\doctrine\dbal\src\Driver\Middleware\AbstractDriverMiddleware.php:29
C:\Users\roche\Documents\RochesWebStudio\Projet_OnlyRoll\OnlyRoll\backend\vendor\symfony\doctrine-bridge\Middleware\Debug\Driver.php:37
C:\Users\roche\Documents\RochesWebStudio\Projet_OnlyRoll\OnlyRoll\backend\vendor\doctrine\dbal\src\Driver\Middleware\AbstractDriverMiddleware.php:29
C:\Users\roche\Documents\RochesWebStudio\Projet_OnlyRoll\OnlyRoll\backend\vendor\symfony\doctrine-bridge\Middleware\IdleConnection\Driver.php:35
C:\Users\roche\Documents\RochesWebStudio\Projet_OnlyRoll\OnlyRoll\backend\vendor\doctrine\dbal\src\Connection.php:383
C:\Users\roche\Documents\RochesWebStudio\Projet_OnlyRoll\OnlyRoll\backend\vendor\doctrine\dbal\src\Connection.php:1692
C:\Users\roche\Documents\RochesWebStudio\Projet_OnlyRoll\OnlyRoll\backend\vendor\doctrine\dbal\src\Connection.php:1195
C:\Users\roche\Documents\RochesWebStudio\Projet_OnlyRoll\OnlyRoll\backend\tests\Functional\Controller\ChatControllerTest.php:78
C:\Users\roche\Documents\RochesWebStudio\Projet_OnlyRoll\OnlyRoll\backend\tests\Functional\Controller\ChatControllerTest.php:35

18) App\Tests\Functional\Controller\ChatControllerTest::testGetMessagesForNonExistentGame
Doctrine\DBAL\Exception\ConnectionException: An exception occurred in the driver: SQLSTATE[HY000] [1045] Accès refusé pour l'utilisateur: 'root'@'@localhost' (mot de passe: OUI)

C:\Users\roche\Documents\RochesWebStudio\Projet_OnlyRoll\OnlyRoll\backend\vendor\doctrine\dbal\src\Driver\API\MySQL\ExceptionConverter.php:112
C:\Users\roche\Documents\RochesWebStudio\Projet_OnlyRoll\OnlyRoll\backend\vendor\doctrine\dbal\src\Connection.php:1976
C:\Users\roche\Documents\RochesWebStudio\Projet_OnlyRoll\OnlyRoll\backend\vendor\doctrine\dbal\src\Connection.php:1924
C:\Users\roche\Documents\RochesWebStudio\Projet_OnlyRoll\OnlyRoll\backend\vendor\doctrine\dbal\src\Connection.php:385
C:\Users\roche\Documents\RochesWebStudio\Projet_OnlyRoll\OnlyRoll\backend\vendor\doctrine\dbal\src\Connection.php:1692
C:\Users\roche\Documents\RochesWebStudio\Projet_OnlyRoll\OnlyRoll\backend\vendor\doctrine\dbal\src\Connection.php:1195
C:\Users\roche\Documents\RochesWebStudio\Projet_OnlyRoll\OnlyRoll\backend\tests\Functional\Controller\ChatControllerTest.php:78
C:\Users\roche\Documents\RochesWebStudio\Projet_OnlyRoll\OnlyRoll\backend\tests\Functional\Controller\ChatControllerTest.php:35

Caused by
Doctrine\DBAL\Driver\PDO\Exception: SQLSTATE[HY000] [1045] Accès refusé pour l'utilisateur: 'root'@'@localhost' (mot de passe: OUI)

C:\Users\roche\Documents\RochesWebStudio\Projet_OnlyRoll\OnlyRoll\backend\vendor\doctrine\dbal\src\Driver\PDO\Exception.php:24
C:\Users\roche\Documents\RochesWebStudio\Projet_OnlyRoll\OnlyRoll\backend\vendor\doctrine\dbal\src\Driver\PDO\MySQL\Driver.php:43
C:\Users\roche\Documents\RochesWebStudio\Projet_OnlyRoll\OnlyRoll\backend\vendor\doctrine\dbal\src\Driver\Middleware\AbstractDriverMiddleware.php:29
C:\Users\roche\Documents\RochesWebStudio\Projet_OnlyRoll\OnlyRoll\backend\vendor\symfony\doctrine-bridge\Middleware\Debug\Driver.php:37
C:\Users\roche\Documents\RochesWebStudio\Projet_OnlyRoll\OnlyRoll\backend\vendor\doctrine\dbal\src\Driver\Middleware\AbstractDriverMiddleware.php:29
C:\Users\roche\Documents\RochesWebStudio\Projet_OnlyRoll\OnlyRoll\backend\vendor\symfony\doctrine-bridge\Middleware\IdleConnection\Driver.php:35
C:\Users\roche\Documents\RochesWebStudio\Projet_OnlyRoll\OnlyRoll\backend\vendor\doctrine\dbal\src\Connection.php:383
C:\Users\roche\Documents\RochesWebStudio\Projet_OnlyRoll\OnlyRoll\backend\vendor\doctrine\dbal\src\Connection.php:1692
C:\Users\roche\Documents\RochesWebStudio\Projet_OnlyRoll\OnlyRoll\backend\vendor\doctrine\dbal\src\Connection.php:1195
C:\Users\roche\Documents\RochesWebStudio\Projet_OnlyRoll\OnlyRoll\backend\tests\Functional\Controller\ChatControllerTest.php:78
C:\Users\roche\Documents\RochesWebStudio\Projet_OnlyRoll\OnlyRoll\backend\tests\Functional\Controller\ChatControllerTest.php:35

Caused by
PDOException: SQLSTATE[HY000] [1045] Accès refusé pour l'utilisateur: 'root'@'@localhost' (mot de passe: OUI)

C:\Users\roche\Documents\RochesWebStudio\Projet_OnlyRoll\OnlyRoll\backend\vendor\doctrine\dbal\src\Driver\PDO\PDOConnect.php:22
C:\Users\roche\Documents\RochesWebStudio\Projet_OnlyRoll\OnlyRoll\backend\vendor\doctrine\dbal\src\Driver\PDO\MySQL\Driver.php:36
C:\Users\roche\Documents\RochesWebStudio\Projet_OnlyRoll\OnlyRoll\backend\vendor\doctrine\dbal\src\Driver\Middleware\AbstractDriverMiddleware.php:29
C:\Users\roche\Documents\RochesWebStudio\Projet_OnlyRoll\OnlyRoll\backend\vendor\symfony\doctrine-bridge\Middleware\Debug\Driver.php:37
C:\Users\roche\Documents\RochesWebStudio\Projet_OnlyRoll\OnlyRoll\backend\vendor\doctrine\dbal\src\Driver\Middleware\AbstractDriverMiddleware.php:29
C:\Users\roche\Documents\RochesWebStudio\Projet_OnlyRoll\OnlyRoll\backend\vendor\symfony\doctrine-bridge\Middleware\IdleConnection\Driver.php:35
C:\Users\roche\Documents\RochesWebStudio\Projet_OnlyRoll\OnlyRoll\backend\vendor\doctrine\dbal\src\Connection.php:383
C:\Users\roche\Documents\RochesWebStudio\Projet_OnlyRoll\OnlyRoll\backend\vendor\doctrine\dbal\src\Connection.php:1692
C:\Users\roche\Documents\RochesWebStudio\Projet_OnlyRoll\OnlyRoll\backend\vendor\doctrine\dbal\src\Connection.php:1195
C:\Users\roche\Documents\RochesWebStudio\Projet_OnlyRoll\OnlyRoll\backend\tests\Functional\Controller\ChatControllerTest.php:78
C:\Users\roche\Documents\RochesWebStudio\Projet_OnlyRoll\OnlyRoll\backend\tests\Functional\Controller\ChatControllerTest.php:35

19) App\Tests\Functional\Controller\ChatControllerTest::testGetMessagesWithoutPermission
Doctrine\DBAL\Exception\ConnectionException: An exception occurred in the driver: SQLSTATE[HY000] [1045] Accès refusé pour l'utilisateur: 'root'@'@localhost' (mot de passe: OUI)

C:\Users\roche\Documents\RochesWebStudio\Projet_OnlyRoll\OnlyRoll\backend\vendor\doctrine\dbal\src\Driver\API\MySQL\ExceptionConverter.php:112
C:\Users\roche\Documents\RochesWebStudio\Projet_OnlyRoll\OnlyRoll\backend\vendor\doctrine\dbal\src\Connection.php:1976
C:\Users\roche\Documents\RochesWebStudio\Projet_OnlyRoll\OnlyRoll\backend\vendor\doctrine\dbal\src\Connection.php:1924
C:\Users\roche\Documents\RochesWebStudio\Projet_OnlyRoll\OnlyRoll\backend\vendor\doctrine\dbal\src\Connection.php:385
C:\Users\roche\Documents\RochesWebStudio\Projet_OnlyRoll\OnlyRoll\backend\vendor\doctrine\dbal\src\Connection.php:1692
C:\Users\roche\Documents\RochesWebStudio\Projet_OnlyRoll\OnlyRoll\backend\vendor\doctrine\dbal\src\Connection.php:1195
C:\Users\roche\Documents\RochesWebStudio\Projet_OnlyRoll\OnlyRoll\backend\tests\Functional\Controller\ChatControllerTest.php:78
C:\Users\roche\Documents\RochesWebStudio\Projet_OnlyRoll\OnlyRoll\backend\tests\Functional\Controller\ChatControllerTest.php:35

Caused by
Doctrine\DBAL\Driver\PDO\Exception: SQLSTATE[HY000] [1045] Accès refusé pour l'utilisateur: 'root'@'@localhost' (mot de passe: OUI)

C:\Users\roche\Documents\RochesWebStudio\Projet_OnlyRoll\OnlyRoll\backend\vendor\doctrine\dbal\src\Driver\PDO\Exception.php:24
C:\Users\roche\Documents\RochesWebStudio\Projet_OnlyRoll\OnlyRoll\backend\vendor\doctrine\dbal\src\Driver\PDO\MySQL\Driver.php:43
C:\Users\roche\Documents\RochesWebStudio\Projet_OnlyRoll\OnlyRoll\backend\vendor\doctrine\dbal\src\Driver\Middleware\AbstractDriverMiddleware.php:29
C:\Users\roche\Documents\RochesWebStudio\Projet_OnlyRoll\OnlyRoll\backend\vendor\symfony\doctrine-bridge\Middleware\Debug\Driver.php:37
C:\Users\roche\Documents\RochesWebStudio\Projet_OnlyRoll\OnlyRoll\backend\vendor\doctrine\dbal\src\Driver\Middleware\AbstractDriverMiddleware.php:29
C:\Users\roche\Documents\RochesWebStudio\Projet_OnlyRoll\OnlyRoll\backend\vendor\symfony\doctrine-bridge\Middleware\IdleConnection\Driver.php:35
C:\Users\roche\Documents\RochesWebStudio\Projet_OnlyRoll\OnlyRoll\backend\vendor\doctrine\dbal\src\Connection.php:383
C:\Users\roche\Documents\RochesWebStudio\Projet_OnlyRoll\OnlyRoll\backend\vendor\doctrine\dbal\src\Connection.php:1692
C:\Users\roche\Documents\RochesWebStudio\Projet_OnlyRoll\OnlyRoll\backend\vendor\doctrine\dbal\src\Connection.php:1195
C:\Users\roche\Documents\RochesWebStudio\Projet_OnlyRoll\OnlyRoll\backend\tests\Functional\Controller\ChatControllerTest.php:78
C:\Users\roche\Documents\RochesWebStudio\Projet_OnlyRoll\OnlyRoll\backend\tests\Functional\Controller\ChatControllerTest.php:35

Caused by
PDOException: SQLSTATE[HY000] [1045] Accès refusé pour l'utilisateur: 'root'@'@localhost' (mot de passe: OUI)

C:\Users\roche\Documents\RochesWebStudio\Projet_OnlyRoll\OnlyRoll\backend\vendor\doctrine\dbal\src\Driver\PDO\PDOConnect.php:22
C:\Users\roche\Documents\RochesWebStudio\Projet_OnlyRoll\OnlyRoll\backend\vendor\doctrine\dbal\src\Driver\PDO\MySQL\Driver.php:36
C:\Users\roche\Documents\RochesWebStudio\Projet_OnlyRoll\OnlyRoll\backend\vendor\doctrine\dbal\src\Driver\Middleware\AbstractDriverMiddleware.php:29
C:\Users\roche\Documents\RochesWebStudio\Projet_OnlyRoll\OnlyRoll\backend\vendor\symfony\doctrine-bridge\Middleware\Debug\Driver.php:37
C:\Users\roche\Documents\RochesWebStudio\Projet_OnlyRoll\OnlyRoll\backend\vendor\doctrine\dbal\src\Driver\Middleware\AbstractDriverMiddleware.php:29
C:\Users\roche\Documents\RochesWebStudio\Projet_OnlyRoll\OnlyRoll\backend\vendor\symfony\doctrine-bridge\Middleware\IdleConnection\Driver.php:35
C:\Users\roche\Documents\RochesWebStudio\Projet_OnlyRoll\OnlyRoll\backend\vendor\doctrine\dbal\src\Connection.php:383
C:\Users\roche\Documents\RochesWebStudio\Projet_OnlyRoll\OnlyRoll\backend\vendor\doctrine\dbal\src\Connection.php:1692
C:\Users\roche\Documents\RochesWebStudio\Projet_OnlyRoll\OnlyRoll\backend\vendor\doctrine\dbal\src\Connection.php:1195
C:\Users\roche\Documents\RochesWebStudio\Projet_OnlyRoll\OnlyRoll\backend\tests\Functional\Controller\ChatControllerTest.php:78
C:\Users\roche\Documents\RochesWebStudio\Projet_OnlyRoll\OnlyRoll\backend\tests\Functional\Controller\ChatControllerTest.php:35

20) App\Tests\Functional\Controller\ChatControllerTest::testGetMessagesSuccess
Doctrine\DBAL\Exception\ConnectionException: An exception occurred in the driver: SQLSTATE[HY000] [1045] Accès refusé pour l'utilisateur: 'root'@'@localhost' (mot de passe: OUI)

C:\Users\roche\Documents\RochesWebStudio\Projet_OnlyRoll\OnlyRoll\backend\vendor\doctrine\dbal\src\Driver\API\MySQL\ExceptionConverter.php:112
C:\Users\roche\Documents\RochesWebStudio\Projet_OnlyRoll\OnlyRoll\backend\vendor\doctrine\dbal\src\Connection.php:1976
C:\Users\roche\Documents\RochesWebStudio\Projet_OnlyRoll\OnlyRoll\backend\vendor\doctrine\dbal\src\Connection.php:1924
C:\Users\roche\Documents\RochesWebStudio\Projet_OnlyRoll\OnlyRoll\backend\vendor\doctrine\dbal\src\Connection.php:385
C:\Users\roche\Documents\RochesWebStudio\Projet_OnlyRoll\OnlyRoll\backend\vendor\doctrine\dbal\src\Connection.php:1692
C:\Users\roche\Documents\RochesWebStudio\Projet_OnlyRoll\OnlyRoll\backend\vendor\doctrine\dbal\src\Connection.php:1195
C:\Users\roche\Documents\RochesWebStudio\Projet_OnlyRoll\OnlyRoll\backend\tests\Functional\Controller\ChatControllerTest.php:78
C:\Users\roche\Documents\RochesWebStudio\Projet_OnlyRoll\OnlyRoll\backend\tests\Functional\Controller\ChatControllerTest.php:35

Caused by
Doctrine\DBAL\Driver\PDO\Exception: SQLSTATE[HY000] [1045] Accès refusé pour l'utilisateur: 'root'@'@localhost' (mot de passe: OUI)

C:\Users\roche\Documents\RochesWebStudio\Projet_OnlyRoll\OnlyRoll\backend\vendor\doctrine\dbal\src\Driver\PDO\Exception.php:24
C:\Users\roche\Documents\RochesWebStudio\Projet_OnlyRoll\OnlyRoll\backend\vendor\doctrine\dbal\src\Driver\PDO\MySQL\Driver.php:43
C:\Users\roche\Documents\RochesWebStudio\Projet_OnlyRoll\OnlyRoll\backend\vendor\doctrine\dbal\src\Driver\Middleware\AbstractDriverMiddleware.php:29
C:\Users\roche\Documents\RochesWebStudio\Projet_OnlyRoll\OnlyRoll\backend\vendor\symfony\doctrine-bridge\Middleware\Debug\Driver.php:37
C:\Users\roche\Documents\RochesWebStudio\Projet_OnlyRoll\OnlyRoll\backend\vendor\doctrine\dbal\src\Driver\Middleware\AbstractDriverMiddleware.php:29
C:\Users\roche\Documents\RochesWebStudio\Projet_OnlyRoll\OnlyRoll\backend\vendor\symfony\doctrine-bridge\Middleware\IdleConnection\Driver.php:35
C:\Users\roche\Documents\RochesWebStudio\Projet_OnlyRoll\OnlyRoll\backend\vendor\doctrine\dbal\src\Connection.php:383
C:\Users\roche\Documents\RochesWebStudio\Projet_OnlyRoll\OnlyRoll\backend\vendor\doctrine\dbal\src\Connection.php:1692
C:\Users\roche\Documents\RochesWebStudio\Projet_OnlyRoll\OnlyRoll\backend\vendor\doctrine\dbal\src\Connection.php:1195
C:\Users\roche\Documents\RochesWebStudio\Projet_OnlyRoll\OnlyRoll\backend\tests\Functional\Controller\ChatControllerTest.php:78
C:\Users\roche\Documents\RochesWebStudio\Projet_OnlyRoll\OnlyRoll\backend\tests\Functional\Controller\ChatControllerTest.php:35

Caused by
PDOException: SQLSTATE[HY000] [1045] Accès refusé pour l'utilisateur: 'root'@'@localhost' (mot de passe: OUI)

C:\Users\roche\Documents\RochesWebStudio\Projet_OnlyRoll\OnlyRoll\backend\vendor\doctrine\dbal\src\Driver\PDO\PDOConnect.php:22
C:\Users\roche\Documents\RochesWebStudio\Projet_OnlyRoll\OnlyRoll\backend\vendor\doctrine\dbal\src\Driver\PDO\MySQL\Driver.php:36
C:\Users\roche\Documents\RochesWebStudio\Projet_OnlyRoll\OnlyRoll\backend\vendor\doctrine\dbal\src\Driver\Middleware\AbstractDriverMiddleware.php:29
C:\Users\roche\Documents\RochesWebStudio\Projet_OnlyRoll\OnlyRoll\backend\vendor\symfony\doctrine-bridge\Middleware\Debug\Driver.php:37
C:\Users\roche\Documents\RochesWebStudio\Projet_OnlyRoll\OnlyRoll\backend\vendor\doctrine\dbal\src\Driver\Middleware\AbstractDriverMiddleware.php:29
C:\Users\roche\Documents\RochesWebStudio\Projet_OnlyRoll\OnlyRoll\backend\vendor\symfony\doctrine-bridge\Middleware\IdleConnection\Driver.php:35
C:\Users\roche\Documents\RochesWebStudio\Projet_OnlyRoll\OnlyRoll\backend\vendor\doctrine\dbal\src\Connection.php:383
C:\Users\roche\Documents\RochesWebStudio\Projet_OnlyRoll\OnlyRoll\backend\vendor\doctrine\dbal\src\Connection.php:1692
C:\Users\roche\Documents\RochesWebStudio\Projet_OnlyRoll\OnlyRoll\backend\vendor\doctrine\dbal\src\Connection.php:1195
C:\Users\roche\Documents\RochesWebStudio\Projet_OnlyRoll\OnlyRoll\backend\tests\Functional\Controller\ChatControllerTest.php:78
C:\Users\roche\Documents\RochesWebStudio\Projet_OnlyRoll\OnlyRoll\backend\tests\Functional\Controller\ChatControllerTest.php:35

21) App\Tests\Functional\Controller\ChatControllerTest::testGetMessagesWithLimit
Doctrine\DBAL\Exception\ConnectionException: An exception occurred in the driver: SQLSTATE[HY000] [1045] Accès refusé pour l'utilisateur: 'root'@'@localhost' (mot de passe: OUI)

C:\Users\roche\Documents\RochesWebStudio\Projet_OnlyRoll\OnlyRoll\backend\vendor\doctrine\dbal\src\Driver\API\MySQL\ExceptionConverter.php:112
C:\Users\roche\Documents\RochesWebStudio\Projet_OnlyRoll\OnlyRoll\backend\vendor\doctrine\dbal\src\Connection.php:1976
C:\Users\roche\Documents\RochesWebStudio\Projet_OnlyRoll\OnlyRoll\backend\vendor\doctrine\dbal\src\Connection.php:1924
C:\Users\roche\Documents\RochesWebStudio\Projet_OnlyRoll\OnlyRoll\backend\vendor\doctrine\dbal\src\Connection.php:385
C:\Users\roche\Documents\RochesWebStudio\Projet_OnlyRoll\OnlyRoll\backend\vendor\doctrine\dbal\src\Connection.php:1692
C:\Users\roche\Documents\RochesWebStudio\Projet_OnlyRoll\OnlyRoll\backend\vendor\doctrine\dbal\src\Connection.php:1195
C:\Users\roche\Documents\RochesWebStudio\Projet_OnlyRoll\OnlyRoll\backend\tests\Functional\Controller\ChatControllerTest.php:78
C:\Users\roche\Documents\RochesWebStudio\Projet_OnlyRoll\OnlyRoll\backend\tests\Functional\Controller\ChatControllerTest.php:35

Caused by
Doctrine\DBAL\Driver\PDO\Exception: SQLSTATE[HY000] [1045] Accès refusé pour l'utilisateur: 'root'@'@localhost' (mot de passe: OUI)

C:\Users\roche\Documents\RochesWebStudio\Projet_OnlyRoll\OnlyRoll\backend\vendor\doctrine\dbal\src\Driver\PDO\Exception.php:24
C:\Users\roche\Documents\RochesWebStudio\Projet_OnlyRoll\OnlyRoll\backend\vendor\doctrine\dbal\src\Driver\PDO\MySQL\Driver.php:43
C:\Users\roche\Documents\RochesWebStudio\Projet_OnlyRoll\OnlyRoll\backend\vendor\doctrine\dbal\src\Driver\Middleware\AbstractDriverMiddleware.php:29
C:\Users\roche\Documents\RochesWebStudio\Projet_OnlyRoll\OnlyRoll\backend\vendor\symfony\doctrine-bridge\Middleware\Debug\Driver.php:37
C:\Users\roche\Documents\RochesWebStudio\Projet_OnlyRoll\OnlyRoll\backend\vendor\doctrine\dbal\src\Driver\Middleware\AbstractDriverMiddleware.php:29
C:\Users\roche\Documents\RochesWebStudio\Projet_OnlyRoll\OnlyRoll\backend\vendor\symfony\doctrine-bridge\Middleware\IdleConnection\Driver.php:35
C:\Users\roche\Documents\RochesWebStudio\Projet_OnlyRoll\OnlyRoll\backend\vendor\doctrine\dbal\src\Connection.php:383
C:\Users\roche\Documents\RochesWebStudio\Projet_OnlyRoll\OnlyRoll\backend\vendor\doctrine\dbal\src\Connection.php:1692
C:\Users\roche\Documents\RochesWebStudio\Projet_OnlyRoll\OnlyRoll\backend\vendor\doctrine\dbal\src\Connection.php:1195
C:\Users\roche\Documents\RochesWebStudio\Projet_OnlyRoll\OnlyRoll\backend\tests\Functional\Controller\ChatControllerTest.php:78
C:\Users\roche\Documents\RochesWebStudio\Projet_OnlyRoll\OnlyRoll\backend\tests\Functional\Controller\ChatControllerTest.php:35

Caused by
PDOException: SQLSTATE[HY000] [1045] Accès refusé pour l'utilisateur: 'root'@'@localhost' (mot de passe: OUI)

C:\Users\roche\Documents\RochesWebStudio\Projet_OnlyRoll\OnlyRoll\backend\vendor\doctrine\dbal\src\Driver\PDO\PDOConnect.php:22
C:\Users\roche\Documents\RochesWebStudio\Projet_OnlyRoll\OnlyRoll\backend\vendor\doctrine\dbal\src\Driver\PDO\MySQL\Driver.php:36
C:\Users\roche\Documents\RochesWebStudio\Projet_OnlyRoll\OnlyRoll\backend\vendor\doctrine\dbal\src\Driver\Middleware\AbstractDriverMiddleware.php:29
C:\Users\roche\Documents\RochesWebStudio\Projet_OnlyRoll\OnlyRoll\backend\vendor\symfony\doctrine-bridge\Middleware\Debug\Driver.php:37
C:\Users\roche\Documents\RochesWebStudio\Projet_OnlyRoll\OnlyRoll\backend\vendor\doctrine\dbal\src\Driver\Middleware\AbstractDriverMiddleware.php:29
C:\Users\roche\Documents\RochesWebStudio\Projet_OnlyRoll\OnlyRoll\backend\vendor\symfony\doctrine-bridge\Middleware\IdleConnection\Driver.php:35
C:\Users\roche\Documents\RochesWebStudio\Projet_OnlyRoll\OnlyRoll\backend\vendor\doctrine\dbal\src\Connection.php:383
C:\Users\roche\Documents\RochesWebStudio\Projet_OnlyRoll\OnlyRoll\backend\vendor\doctrine\dbal\src\Connection.php:1692
C:\Users\roche\Documents\RochesWebStudio\Projet_OnlyRoll\OnlyRoll\backend\vendor\doctrine\dbal\src\Connection.php:1195
C:\Users\roche\Documents\RochesWebStudio\Projet_OnlyRoll\OnlyRoll\backend\tests\Functional\Controller\ChatControllerTest.php:78
C:\Users\roche\Documents\RochesWebStudio\Projet_OnlyRoll\OnlyRoll\backend\tests\Functional\Controller\ChatControllerTest.php:35

22) App\Tests\Functional\Controller\ChatControllerTest::testSendMessageSuccess
Doctrine\DBAL\Exception\ConnectionException: An exception occurred in the driver: SQLSTATE[HY000] [1045] Accès refusé pour l'utilisateur: 'root'@'@localhost' (mot de passe: OUI)

C:\Users\roche\Documents\RochesWebStudio\Projet_OnlyRoll\OnlyRoll\backend\vendor\doctrine\dbal\src\Driver\API\MySQL\ExceptionConverter.php:112
C:\Users\roche\Documents\RochesWebStudio\Projet_OnlyRoll\OnlyRoll\backend\vendor\doctrine\dbal\src\Connection.php:1976
C:\Users\roche\Documents\RochesWebStudio\Projet_OnlyRoll\OnlyRoll\backend\vendor\doctrine\dbal\src\Connection.php:1924
C:\Users\roche\Documents\RochesWebStudio\Projet_OnlyRoll\OnlyRoll\backend\vendor\doctrine\dbal\src\Connection.php:385
C:\Users\roche\Documents\RochesWebStudio\Projet_OnlyRoll\OnlyRoll\backend\vendor\doctrine\dbal\src\Connection.php:1692
C:\Users\roche\Documents\RochesWebStudio\Projet_OnlyRoll\OnlyRoll\backend\vendor\doctrine\dbal\src\Connection.php:1195
C:\Users\roche\Documents\RochesWebStudio\Projet_OnlyRoll\OnlyRoll\backend\tests\Functional\Controller\ChatControllerTest.php:78
C:\Users\roche\Documents\RochesWebStudio\Projet_OnlyRoll\OnlyRoll\backend\tests\Functional\Controller\ChatControllerTest.php:35

Caused by
Doctrine\DBAL\Driver\PDO\Exception: SQLSTATE[HY000] [1045] Accès refusé pour l'utilisateur: 'root'@'@localhost' (mot de passe: OUI)

C:\Users\roche\Documents\RochesWebStudio\Projet_OnlyRoll\OnlyRoll\backend\vendor\doctrine\dbal\src\Driver\PDO\Exception.php:24
C:\Users\roche\Documents\RochesWebStudio\Projet_OnlyRoll\OnlyRoll\backend\vendor\doctrine\dbal\src\Driver\PDO\MySQL\Driver.php:43
C:\Users\roche\Documents\RochesWebStudio\Projet_OnlyRoll\OnlyRoll\backend\vendor\doctrine\dbal\src\Driver\Middleware\AbstractDriverMiddleware.php:29
C:\Users\roche\Documents\RochesWebStudio\Projet_OnlyRoll\OnlyRoll\backend\vendor\symfony\doctrine-bridge\Middleware\Debug\Driver.php:37
C:\Users\roche\Documents\RochesWebStudio\Projet_OnlyRoll\OnlyRoll\backend\vendor\doctrine\dbal\src\Driver\Middleware\AbstractDriverMiddleware.php:29
C:\Users\roche\Documents\RochesWebStudio\Projet_OnlyRoll\OnlyRoll\backend\vendor\symfony\doctrine-bridge\Middleware\IdleConnection\Driver.php:35
C:\Users\roche\Documents\RochesWebStudio\Projet_OnlyRoll\OnlyRoll\backend\vendor\doctrine\dbal\src\Connection.php:383
C:\Users\roche\Documents\RochesWebStudio\Projet_OnlyRoll\OnlyRoll\backend\vendor\doctrine\dbal\src\Connection.php:1692
C:\Users\roche\Documents\RochesWebStudio\Projet_OnlyRoll\OnlyRoll\backend\vendor\doctrine\dbal\src\Connection.php:1195
C:\Users\roche\Documents\RochesWebStudio\Projet_OnlyRoll\OnlyRoll\backend\tests\Functional\Controller\ChatControllerTest.php:78
C:\Users\roche\Documents\RochesWebStudio\Projet_OnlyRoll\OnlyRoll\backend\tests\Functional\Controller\ChatControllerTest.php:35

Caused by
PDOException: SQLSTATE[HY000] [1045] Accès refusé pour l'utilisateur: 'root'@'@localhost' (mot de passe: OUI)

C:\Users\roche\Documents\RochesWebStudio\Projet_OnlyRoll\OnlyRoll\backend\vendor\doctrine\dbal\src\Driver\PDO\PDOConnect.php:22
C:\Users\roche\Documents\RochesWebStudio\Projet_OnlyRoll\OnlyRoll\backend\vendor\doctrine\dbal\src\Driver\PDO\MySQL\Driver.php:36
C:\Users\roche\Documents\RochesWebStudio\Projet_OnlyRoll\OnlyRoll\backend\vendor\doctrine\dbal\src\Driver\Middleware\AbstractDriverMiddleware.php:29
C:\Users\roche\Documents\RochesWebStudio\Projet_OnlyRoll\OnlyRoll\backend\vendor\symfony\doctrine-bridge\Middleware\Debug\Driver.php:37
C:\Users\roche\Documents\RochesWebStudio\Projet_OnlyRoll\OnlyRoll\backend\vendor\doctrine\dbal\src\Driver\Middleware\AbstractDriverMiddleware.php:29
C:\Users\roche\Documents\RochesWebStudio\Projet_OnlyRoll\OnlyRoll\backend\vendor\symfony\doctrine-bridge\Middleware\IdleConnection\Driver.php:35
C:\Users\roche\Documents\RochesWebStudio\Projet_OnlyRoll\OnlyRoll\backend\vendor\doctrine\dbal\src\Connection.php:383
C:\Users\roche\Documents\RochesWebStudio\Projet_OnlyRoll\OnlyRoll\backend\vendor\doctrine\dbal\src\Connection.php:1692
C:\Users\roche\Documents\RochesWebStudio\Projet_OnlyRoll\OnlyRoll\backend\vendor\doctrine\dbal\src\Connection.php:1195
C:\Users\roche\Documents\RochesWebStudio\Projet_OnlyRoll\OnlyRoll\backend\tests\Functional\Controller\ChatControllerTest.php:78
C:\Users\roche\Documents\RochesWebStudio\Projet_OnlyRoll\OnlyRoll\backend\tests\Functional\Controller\ChatControllerTest.php:35

23) App\Tests\Functional\Controller\ChatControllerTest::testSendMessageWithInvalidData
Doctrine\DBAL\Exception\ConnectionException: An exception occurred in the driver: SQLSTATE[HY000] [1045] Accès refusé pour l'utilisateur: 'root'@'@localhost' (mot de passe: OUI)

C:\Users\roche\Documents\RochesWebStudio\Projet_OnlyRoll\OnlyRoll\backend\vendor\doctrine\dbal\src\Driver\API\MySQL\ExceptionConverter.php:112
C:\Users\roche\Documents\RochesWebStudio\Projet_OnlyRoll\OnlyRoll\backend\vendor\doctrine\dbal\src\Connection.php:1976
C:\Users\roche\Documents\RochesWebStudio\Projet_OnlyRoll\OnlyRoll\backend\vendor\doctrine\dbal\src\Connection.php:1924
C:\Users\roche\Documents\RochesWebStudio\Projet_OnlyRoll\OnlyRoll\backend\vendor\doctrine\dbal\src\Connection.php:385
C:\Users\roche\Documents\RochesWebStudio\Projet_OnlyRoll\OnlyRoll\backend\vendor\doctrine\dbal\src\Connection.php:1692
C:\Users\roche\Documents\RochesWebStudio\Projet_OnlyRoll\OnlyRoll\backend\vendor\doctrine\dbal\src\Connection.php:1195
C:\Users\roche\Documents\RochesWebStudio\Projet_OnlyRoll\OnlyRoll\backend\tests\Functional\Controller\ChatControllerTest.php:78
C:\Users\roche\Documents\RochesWebStudio\Projet_OnlyRoll\OnlyRoll\backend\tests\Functional\Controller\ChatControllerTest.php:35

Caused by
Doctrine\DBAL\Driver\PDO\Exception: SQLSTATE[HY000] [1045] Accès refusé pour l'utilisateur: 'root'@'@localhost' (mot de passe: OUI)

C:\Users\roche\Documents\RochesWebStudio\Projet_OnlyRoll\OnlyRoll\backend\vendor\doctrine\dbal\src\Driver\PDO\Exception.php:24
C:\Users\roche\Documents\RochesWebStudio\Projet_OnlyRoll\OnlyRoll\backend\vendor\doctrine\dbal\src\Driver\PDO\MySQL\Driver.php:43
C:\Users\roche\Documents\RochesWebStudio\Projet_OnlyRoll\OnlyRoll\backend\vendor\doctrine\dbal\src\Driver\Middleware\AbstractDriverMiddleware.php:29
C:\Users\roche\Documents\RochesWebStudio\Projet_OnlyRoll\OnlyRoll\backend\vendor\symfony\doctrine-bridge\Middleware\Debug\Driver.php:37
C:\Users\roche\Documents\RochesWebStudio\Projet_OnlyRoll\OnlyRoll\backend\vendor\doctrine\dbal\src\Driver\Middleware\AbstractDriverMiddleware.php:29
C:\Users\roche\Documents\RochesWebStudio\Projet_OnlyRoll\OnlyRoll\backend\vendor\symfony\doctrine-bridge\Middleware\IdleConnection\Driver.php:35
C:\Users\roche\Documents\RochesWebStudio\Projet_OnlyRoll\OnlyRoll\backend\vendor\doctrine\dbal\src\Connection.php:383
C:\Users\roche\Documents\RochesWebStudio\Projet_OnlyRoll\OnlyRoll\backend\vendor\doctrine\dbal\src\Connection.php:1692
C:\Users\roche\Documents\RochesWebStudio\Projet_OnlyRoll\OnlyRoll\backend\vendor\doctrine\dbal\src\Connection.php:1195
C:\Users\roche\Documents\RochesWebStudio\Projet_OnlyRoll\OnlyRoll\backend\tests\Functional\Controller\ChatControllerTest.php:78
C:\Users\roche\Documents\RochesWebStudio\Projet_OnlyRoll\OnlyRoll\backend\tests\Functional\Controller\ChatControllerTest.php:35

Caused by
PDOException: SQLSTATE[HY000] [1045] Accès refusé pour l'utilisateur: 'root'@'@localhost' (mot de passe: OUI)

C:\Users\roche\Documents\RochesWebStudio\Projet_OnlyRoll\OnlyRoll\backend\vendor\doctrine\dbal\src\Driver\PDO\PDOConnect.php:22
C:\Users\roche\Documents\RochesWebStudio\Projet_OnlyRoll\OnlyRoll\backend\vendor\doctrine\dbal\src\Driver\PDO\MySQL\Driver.php:36
C:\Users\roche\Documents\RochesWebStudio\Projet_OnlyRoll\OnlyRoll\backend\vendor\doctrine\dbal\src\Driver\Middleware\AbstractDriverMiddleware.php:29
C:\Users\roche\Documents\RochesWebStudio\Projet_OnlyRoll\OnlyRoll\backend\vendor\symfony\doctrine-bridge\Middleware\Debug\Driver.php:37
C:\Users\roche\Documents\RochesWebStudio\Projet_OnlyRoll\OnlyRoll\backend\vendor\doctrine\dbal\src\Driver\Middleware\AbstractDriverMiddleware.php:29
C:\Users\roche\Documents\RochesWebStudio\Projet_OnlyRoll\OnlyRoll\backend\vendor\symfony\doctrine-bridge\Middleware\IdleConnection\Driver.php:35
C:\Users\roche\Documents\RochesWebStudio\Projet_OnlyRoll\OnlyRoll\backend\vendor\doctrine\dbal\src\Connection.php:383
C:\Users\roche\Documents\RochesWebStudio\Projet_OnlyRoll\OnlyRoll\backend\vendor\doctrine\dbal\src\Connection.php:1692
C:\Users\roche\Documents\RochesWebStudio\Projet_OnlyRoll\OnlyRoll\backend\vendor\doctrine\dbal\src\Connection.php:1195
C:\Users\roche\Documents\RochesWebStudio\Projet_OnlyRoll\OnlyRoll\backend\tests\Functional\Controller\ChatControllerTest.php:78
C:\Users\roche\Documents\RochesWebStudio\Projet_OnlyRoll\OnlyRoll\backend\tests\Functional\Controller\ChatControllerTest.php:35

24) App\Tests\Functional\Controller\ChatControllerTest::testGetMessagesByType
Doctrine\DBAL\Exception\ConnectionException: An exception occurred in the driver: SQLSTATE[HY000] [1045] Accès refusé pour l'utilisateur: 'root'@'@localhost' (mot de passe: OUI)

C:\Users\roche\Documents\RochesWebStudio\Projet_OnlyRoll\OnlyRoll\backend\vendor\doctrine\dbal\src\Driver\API\MySQL\ExceptionConverter.php:112
C:\Users\roche\Documents\RochesWebStudio\Projet_OnlyRoll\OnlyRoll\backend\vendor\doctrine\dbal\src\Connection.php:1976
C:\Users\roche\Documents\RochesWebStudio\Projet_OnlyRoll\OnlyRoll\backend\vendor\doctrine\dbal\src\Connection.php:1924
C:\Users\roche\Documents\RochesWebStudio\Projet_OnlyRoll\OnlyRoll\backend\vendor\doctrine\dbal\src\Connection.php:385
C:\Users\roche\Documents\RochesWebStudio\Projet_OnlyRoll\OnlyRoll\backend\vendor\doctrine\dbal\src\Connection.php:1692
C:\Users\roche\Documents\RochesWebStudio\Projet_OnlyRoll\OnlyRoll\backend\vendor\doctrine\dbal\src\Connection.php:1195
C:\Users\roche\Documents\RochesWebStudio\Projet_OnlyRoll\OnlyRoll\backend\tests\Functional\Controller\ChatControllerTest.php:78
C:\Users\roche\Documents\RochesWebStudio\Projet_OnlyRoll\OnlyRoll\backend\tests\Functional\Controller\ChatControllerTest.php:35

Caused by
Doctrine\DBAL\Driver\PDO\Exception: SQLSTATE[HY000] [1045] Accès refusé pour l'utilisateur: 'root'@'@localhost' (mot de passe: OUI)

C:\Users\roche\Documents\RochesWebStudio\Projet_OnlyRoll\OnlyRoll\backend\vendor\doctrine\dbal\src\Driver\PDO\Exception.php:24
C:\Users\roche\Documents\RochesWebStudio\Projet_OnlyRoll\OnlyRoll\backend\vendor\doctrine\dbal\src\Driver\PDO\MySQL\Driver.php:43
C:\Users\roche\Documents\RochesWebStudio\Projet_OnlyRoll\OnlyRoll\backend\vendor\doctrine\dbal\src\Driver\Middleware\AbstractDriverMiddleware.php:29
C:\Users\roche\Documents\RochesWebStudio\Projet_OnlyRoll\OnlyRoll\backend\vendor\symfony\doctrine-bridge\Middleware\Debug\Driver.php:37
C:\Users\roche\Documents\RochesWebStudio\Projet_OnlyRoll\OnlyRoll\backend\vendor\doctrine\dbal\src\Driver\Middleware\AbstractDriverMiddleware.php:29
C:\Users\roche\Documents\RochesWebStudio\Projet_OnlyRoll\OnlyRoll\backend\vendor\symfony\doctrine-bridge\Middleware\IdleConnection\Driver.php:35
C:\Users\roche\Documents\RochesWebStudio\Projet_OnlyRoll\OnlyRoll\backend\vendor\doctrine\dbal\src\Connection.php:383
C:\Users\roche\Documents\RochesWebStudio\Projet_OnlyRoll\OnlyRoll\backend\vendor\doctrine\dbal\src\Connection.php:1692
C:\Users\roche\Documents\RochesWebStudio\Projet_OnlyRoll\OnlyRoll\backend\vendor\doctrine\dbal\src\Connection.php:1195
C:\Users\roche\Documents\RochesWebStudio\Projet_OnlyRoll\OnlyRoll\backend\tests\Functional\Controller\ChatControllerTest.php:78
C:\Users\roche\Documents\RochesWebStudio\Projet_OnlyRoll\OnlyRoll\backend\tests\Functional\Controller\ChatControllerTest.php:35

Caused by
PDOException: SQLSTATE[HY000] [1045] Accès refusé pour l'utilisateur: 'root'@'@localhost' (mot de passe: OUI)

C:\Users\roche\Documents\RochesWebStudio\Projet_OnlyRoll\OnlyRoll\backend\vendor\doctrine\dbal\src\Driver\PDO\PDOConnect.php:22
C:\Users\roche\Documents\RochesWebStudio\Projet_OnlyRoll\OnlyRoll\backend\vendor\doctrine\dbal\src\Driver\PDO\MySQL\Driver.php:36
C:\Users\roche\Documents\RochesWebStudio\Projet_OnlyRoll\OnlyRoll\backend\vendor\doctrine\dbal\src\Driver\Middleware\AbstractDriverMiddleware.php:29
C:\Users\roche\Documents\RochesWebStudio\Projet_OnlyRoll\OnlyRoll\backend\vendor\symfony\doctrine-bridge\Middleware\Debug\Driver.php:37
C:\Users\roche\Documents\RochesWebStudio\Projet_OnlyRoll\OnlyRoll\backend\vendor\doctrine\dbal\src\Driver\Middleware\AbstractDriverMiddleware.php:29
C:\Users\roche\Documents\RochesWebStudio\Projet_OnlyRoll\OnlyRoll\backend\vendor\symfony\doctrine-bridge\Middleware\IdleConnection\Driver.php:35
C:\Users\roche\Documents\RochesWebStudio\Projet_OnlyRoll\OnlyRoll\backend\vendor\doctrine\dbal\src\Connection.php:383
C:\Users\roche\Documents\RochesWebStudio\Projet_OnlyRoll\OnlyRoll\backend\vendor\doctrine\dbal\src\Connection.php:1692
C:\Users\roche\Documents\RochesWebStudio\Projet_OnlyRoll\OnlyRoll\backend\vendor\doctrine\dbal\src\Connection.php:1195
C:\Users\roche\Documents\RochesWebStudio\Projet_OnlyRoll\OnlyRoll\backend\tests\Functional\Controller\ChatControllerTest.php:78
C:\Users\roche\Documents\RochesWebStudio\Projet_OnlyRoll\OnlyRoll\backend\tests\Functional\Controller\ChatControllerTest.php:35

25) App\Tests\Functional\Controller\ChatControllerTest::testRollDiceSuccess
Doctrine\DBAL\Exception\ConnectionException: An exception occurred in the driver: SQLSTATE[HY000] [1045] Accès refusé pour l'utilisateur: 'root'@'@localhost' (mot de passe: OUI)

C:\Users\roche\Documents\RochesWebStudio\Projet_OnlyRoll\OnlyRoll\backend\vendor\doctrine\dbal\src\Driver\API\MySQL\ExceptionConverter.php:112
C:\Users\roche\Documents\RochesWebStudio\Projet_OnlyRoll\OnlyRoll\backend\vendor\doctrine\dbal\src\Connection.php:1976
C:\Users\roche\Documents\RochesWebStudio\Projet_OnlyRoll\OnlyRoll\backend\vendor\doctrine\dbal\src\Connection.php:1924
C:\Users\roche\Documents\RochesWebStudio\Projet_OnlyRoll\OnlyRoll\backend\vendor\doctrine\dbal\src\Connection.php:385
C:\Users\roche\Documents\RochesWebStudio\Projet_OnlyRoll\OnlyRoll\backend\vendor\doctrine\dbal\src\Connection.php:1692
C:\Users\roche\Documents\RochesWebStudio\Projet_OnlyRoll\OnlyRoll\backend\vendor\doctrine\dbal\src\Connection.php:1195
C:\Users\roche\Documents\RochesWebStudio\Projet_OnlyRoll\OnlyRoll\backend\tests\Functional\Controller\ChatControllerTest.php:78
C:\Users\roche\Documents\RochesWebStudio\Projet_OnlyRoll\OnlyRoll\backend\tests\Functional\Controller\ChatControllerTest.php:35

Caused by
Doctrine\DBAL\Driver\PDO\Exception: SQLSTATE[HY000] [1045] Accès refusé pour l'utilisateur: 'root'@'@localhost' (mot de passe: OUI)

C:\Users\roche\Documents\RochesWebStudio\Projet_OnlyRoll\OnlyRoll\backend\vendor\doctrine\dbal\src\Driver\PDO\Exception.php:24
C:\Users\roche\Documents\RochesWebStudio\Projet_OnlyRoll\OnlyRoll\backend\vendor\doctrine\dbal\src\Driver\PDO\MySQL\Driver.php:43
C:\Users\roche\Documents\RochesWebStudio\Projet_OnlyRoll\OnlyRoll\backend\vendor\doctrine\dbal\src\Driver\Middleware\AbstractDriverMiddleware.php:29
C:\Users\roche\Documents\RochesWebStudio\Projet_OnlyRoll\OnlyRoll\backend\vendor\symfony\doctrine-bridge\Middleware\Debug\Driver.php:37
C:\Users\roche\Documents\RochesWebStudio\Projet_OnlyRoll\OnlyRoll\backend\vendor\doctrine\dbal\src\Driver\Middleware\AbstractDriverMiddleware.php:29
C:\Users\roche\Documents\RochesWebStudio\Projet_OnlyRoll\OnlyRoll\backend\vendor\symfony\doctrine-bridge\Middleware\IdleConnection\Driver.php:35
C:\Users\roche\Documents\RochesWebStudio\Projet_OnlyRoll\OnlyRoll\backend\vendor\doctrine\dbal\src\Connection.php:383
C:\Users\roche\Documents\RochesWebStudio\Projet_OnlyRoll\OnlyRoll\backend\vendor\doctrine\dbal\src\Connection.php:1692
C:\Users\roche\Documents\RochesWebStudio\Projet_OnlyRoll\OnlyRoll\backend\vendor\doctrine\dbal\src\Connection.php:1195
C:\Users\roche\Documents\RochesWebStudio\Projet_OnlyRoll\OnlyRoll\backend\tests\Functional\Controller\ChatControllerTest.php:78
C:\Users\roche\Documents\RochesWebStudio\Projet_OnlyRoll\OnlyRoll\backend\tests\Functional\Controller\ChatControllerTest.php:35

Caused by
PDOException: SQLSTATE[HY000] [1045] Accès refusé pour l'utilisateur: 'root'@'@localhost' (mot de passe: OUI)

C:\Users\roche\Documents\RochesWebStudio\Projet_OnlyRoll\OnlyRoll\backend\vendor\doctrine\dbal\src\Driver\PDO\PDOConnect.php:22
C:\Users\roche\Documents\RochesWebStudio\Projet_OnlyRoll\OnlyRoll\backend\vendor\doctrine\dbal\src\Driver\PDO\MySQL\Driver.php:36
C:\Users\roche\Documents\RochesWebStudio\Projet_OnlyRoll\OnlyRoll\backend\vendor\doctrine\dbal\src\Driver\Middleware\AbstractDriverMiddleware.php:29
C:\Users\roche\Documents\RochesWebStudio\Projet_OnlyRoll\OnlyRoll\backend\vendor\symfony\doctrine-bridge\Middleware\Debug\Driver.php:37
C:\Users\roche\Documents\RochesWebStudio\Projet_OnlyRoll\OnlyRoll\backend\vendor\doctrine\dbal\src\Driver\Middleware\AbstractDriverMiddleware.php:29
C:\Users\roche\Documents\RochesWebStudio\Projet_OnlyRoll\OnlyRoll\backend\vendor\symfony\doctrine-bridge\Middleware\IdleConnection\Driver.php:35
C:\Users\roche\Documents\RochesWebStudio\Projet_OnlyRoll\OnlyRoll\backend\vendor\doctrine\dbal\src\Connection.php:383
C:\Users\roche\Documents\RochesWebStudio\Projet_OnlyRoll\OnlyRoll\backend\vendor\doctrine\dbal\src\Connection.php:1692
C:\Users\roche\Documents\RochesWebStudio\Projet_OnlyRoll\OnlyRoll\backend\vendor\doctrine\dbal\src\Connection.php:1195
C:\Users\roche\Documents\RochesWebStudio\Projet_OnlyRoll\OnlyRoll\backend\tests\Functional\Controller\ChatControllerTest.php:78
C:\Users\roche\Documents\RochesWebStudio\Projet_OnlyRoll\OnlyRoll\backend\tests\Functional\Controller\ChatControllerTest.php:35

26) App\Tests\Functional\Controller\ChatControllerTest::testRollDiceWithInvalidFormula
Doctrine\DBAL\Exception\ConnectionException: An exception occurred in the driver: SQLSTATE[HY000] [1045] Accès refusé pour l'utilisateur: 'root'@'@localhost' (mot de passe: OUI)

C:\Users\roche\Documents\RochesWebStudio\Projet_OnlyRoll\OnlyRoll\backend\vendor\doctrine\dbal\src\Driver\API\MySQL\ExceptionConverter.php:112
C:\Users\roche\Documents\RochesWebStudio\Projet_OnlyRoll\OnlyRoll\backend\vendor\doctrine\dbal\src\Connection.php:1976
C:\Users\roche\Documents\RochesWebStudio\Projet_OnlyRoll\OnlyRoll\backend\vendor\doctrine\dbal\src\Connection.php:1924
C:\Users\roche\Documents\RochesWebStudio\Projet_OnlyRoll\OnlyRoll\backend\vendor\doctrine\dbal\src\Connection.php:385
C:\Users\roche\Documents\RochesWebStudio\Projet_OnlyRoll\OnlyRoll\backend\vendor\doctrine\dbal\src\Connection.php:1692
C:\Users\roche\Documents\RochesWebStudio\Projet_OnlyRoll\OnlyRoll\backend\vendor\doctrine\dbal\src\Connection.php:1195
C:\Users\roche\Documents\RochesWebStudio\Projet_OnlyRoll\OnlyRoll\backend\tests\Functional\Controller\ChatControllerTest.php:78
C:\Users\roche\Documents\RochesWebStudio\Projet_OnlyRoll\OnlyRoll\backend\tests\Functional\Controller\ChatControllerTest.php:35

Caused by
Doctrine\DBAL\Driver\PDO\Exception: SQLSTATE[HY000] [1045] Accès refusé pour l'utilisateur: 'root'@'@localhost' (mot de passe: OUI)

C:\Users\roche\Documents\RochesWebStudio\Projet_OnlyRoll\OnlyRoll\backend\vendor\doctrine\dbal\src\Driver\PDO\Exception.php:24
C:\Users\roche\Documents\RochesWebStudio\Projet_OnlyRoll\OnlyRoll\backend\vendor\doctrine\dbal\src\Driver\PDO\MySQL\Driver.php:43
C:\Users\roche\Documents\RochesWebStudio\Projet_OnlyRoll\OnlyRoll\backend\vendor\doctrine\dbal\src\Driver\Middleware\AbstractDriverMiddleware.php:29
C:\Users\roche\Documents\RochesWebStudio\Projet_OnlyRoll\OnlyRoll\backend\vendor\symfony\doctrine-bridge\Middleware\Debug\Driver.php:37
C:\Users\roche\Documents\RochesWebStudio\Projet_OnlyRoll\OnlyRoll\backend\vendor\doctrine\dbal\src\Driver\Middleware\AbstractDriverMiddleware.php:29
C:\Users\roche\Documents\RochesWebStudio\Projet_OnlyRoll\OnlyRoll\backend\vendor\symfony\doctrine-bridge\Middleware\IdleConnection\Driver.php:35
C:\Users\roche\Documents\RochesWebStudio\Projet_OnlyRoll\OnlyRoll\backend\vendor\doctrine\dbal\src\Connection.php:383
C:\Users\roche\Documents\RochesWebStudio\Projet_OnlyRoll\OnlyRoll\backend\vendor\doctrine\dbal\src\Connection.php:1692
C:\Users\roche\Documents\RochesWebStudio\Projet_OnlyRoll\OnlyRoll\backend\vendor\doctrine\dbal\src\Connection.php:1195
C:\Users\roche\Documents\RochesWebStudio\Projet_OnlyRoll\OnlyRoll\backend\tests\Functional\Controller\ChatControllerTest.php:78
C:\Users\roche\Documents\RochesWebStudio\Projet_OnlyRoll\OnlyRoll\backend\tests\Functional\Controller\ChatControllerTest.php:35

Caused by
PDOException: SQLSTATE[HY000] [1045] Accès refusé pour l'utilisateur: 'root'@'@localhost' (mot de passe: OUI)

C:\Users\roche\Documents\RochesWebStudio\Projet_OnlyRoll\OnlyRoll\backend\vendor\doctrine\dbal\src\Driver\PDO\PDOConnect.php:22
C:\Users\roche\Documents\RochesWebStudio\Projet_OnlyRoll\OnlyRoll\backend\vendor\doctrine\dbal\src\Driver\PDO\MySQL\Driver.php:36
C:\Users\roche\Documents\RochesWebStudio\Projet_OnlyRoll\OnlyRoll\backend\vendor\doctrine\dbal\src\Driver\Middleware\AbstractDriverMiddleware.php:29
C:\Users\roche\Documents\RochesWebStudio\Projet_OnlyRoll\OnlyRoll\backend\vendor\symfony\doctrine-bridge\Middleware\Debug\Driver.php:37
C:\Users\roche\Documents\RochesWebStudio\Projet_OnlyRoll\OnlyRoll\backend\vendor\doctrine\dbal\src\Driver\Middleware\AbstractDriverMiddleware.php:29
C:\Users\roche\Documents\RochesWebStudio\Projet_OnlyRoll\OnlyRoll\backend\vendor\symfony\doctrine-bridge\Middleware\IdleConnection\Driver.php:35
C:\Users\roche\Documents\RochesWebStudio\Projet_OnlyRoll\OnlyRoll\backend\vendor\doctrine\dbal\src\Connection.php:383
C:\Users\roche\Documents\RochesWebStudio\Projet_OnlyRoll\OnlyRoll\backend\vendor\doctrine\dbal\src\Connection.php:1692
C:\Users\roche\Documents\RochesWebStudio\Projet_OnlyRoll\OnlyRoll\backend\vendor\doctrine\dbal\src\Connection.php:1195
C:\Users\roche\Documents\RochesWebStudio\Projet_OnlyRoll\OnlyRoll\backend\tests\Functional\Controller\ChatControllerTest.php:78
C:\Users\roche\Documents\RochesWebStudio\Projet_OnlyRoll\OnlyRoll\backend\tests\Functional\Controller\ChatControllerTest.php:35

27) App\Tests\Functional\Controller\ChatControllerTest::testRollDiceWithoutFormula
Doctrine\DBAL\Exception\ConnectionException: An exception occurred in the driver: SQLSTATE[HY000] [1045] Accès refusé pour l'utilisateur: 'root'@'@localhost' (mot de passe: OUI)

C:\Users\roche\Documents\RochesWebStudio\Projet_OnlyRoll\OnlyRoll\backend\vendor\doctrine\dbal\src\Driver\API\MySQL\ExceptionConverter.php:112
C:\Users\roche\Documents\RochesWebStudio\Projet_OnlyRoll\OnlyRoll\backend\vendor\doctrine\dbal\src\Connection.php:1976
C:\Users\roche\Documents\RochesWebStudio\Projet_OnlyRoll\OnlyRoll\backend\vendor\doctrine\dbal\src\Connection.php:1924
C:\Users\roche\Documents\RochesWebStudio\Projet_OnlyRoll\OnlyRoll\backend\vendor\doctrine\dbal\src\Connection.php:385
C:\Users\roche\Documents\RochesWebStudio\Projet_OnlyRoll\OnlyRoll\backend\vendor\doctrine\dbal\src\Connection.php:1692
C:\Users\roche\Documents\RochesWebStudio\Projet_OnlyRoll\OnlyRoll\backend\vendor\doctrine\dbal\src\Connection.php:1195
C:\Users\roche\Documents\RochesWebStudio\Projet_OnlyRoll\OnlyRoll\backend\tests\Functional\Controller\ChatControllerTest.php:78
C:\Users\roche\Documents\RochesWebStudio\Projet_OnlyRoll\OnlyRoll\backend\tests\Functional\Controller\ChatControllerTest.php:35

Caused by
Doctrine\DBAL\Driver\PDO\Exception: SQLSTATE[HY000] [1045] Accès refusé pour l'utilisateur: 'root'@'@localhost' (mot de passe: OUI)

C:\Users\roche\Documents\RochesWebStudio\Projet_OnlyRoll\OnlyRoll\backend\vendor\doctrine\dbal\src\Driver\PDO\Exception.php:24
C:\Users\roche\Documents\RochesWebStudio\Projet_OnlyRoll\OnlyRoll\backend\vendor\doctrine\dbal\src\Driver\PDO\MySQL\Driver.php:43
C:\Users\roche\Documents\RochesWebStudio\Projet_OnlyRoll\OnlyRoll\backend\vendor\doctrine\dbal\src\Driver\Middleware\AbstractDriverMiddleware.php:29
C:\Users\roche\Documents\RochesWebStudio\Projet_OnlyRoll\OnlyRoll\backend\vendor\symfony\doctrine-bridge\Middleware\Debug\Driver.php:37
C:\Users\roche\Documents\RochesWebStudio\Projet_OnlyRoll\OnlyRoll\backend\vendor\doctrine\dbal\src\Driver\Middleware\AbstractDriverMiddleware.php:29
C:\Users\roche\Documents\RochesWebStudio\Projet_OnlyRoll\OnlyRoll\backend\vendor\symfony\doctrine-bridge\Middleware\IdleConnection\Driver.php:35
C:\Users\roche\Documents\RochesWebStudio\Projet_OnlyRoll\OnlyRoll\backend\vendor\doctrine\dbal\src\Connection.php:383
C:\Users\roche\Documents\RochesWebStudio\Projet_OnlyRoll\OnlyRoll\backend\vendor\doctrine\dbal\src\Connection.php:1692
C:\Users\roche\Documents\RochesWebStudio\Projet_OnlyRoll\OnlyRoll\backend\vendor\doctrine\dbal\src\Connection.php:1195
C:\Users\roche\Documents\RochesWebStudio\Projet_OnlyRoll\OnlyRoll\backend\tests\Functional\Controller\ChatControllerTest.php:78
C:\Users\roche\Documents\RochesWebStudio\Projet_OnlyRoll\OnlyRoll\backend\tests\Functional\Controller\ChatControllerTest.php:35

Caused by
PDOException: SQLSTATE[HY000] [1045] Accès refusé pour l'utilisateur: 'root'@'@localhost' (mot de passe: OUI)

C:\Users\roche\Documents\RochesWebStudio\Projet_OnlyRoll\OnlyRoll\backend\vendor\doctrine\dbal\src\Driver\PDO\PDOConnect.php:22
C:\Users\roche\Documents\RochesWebStudio\Projet_OnlyRoll\OnlyRoll\backend\vendor\doctrine\dbal\src\Driver\PDO\MySQL\Driver.php:36
C:\Users\roche\Documents\RochesWebStudio\Projet_OnlyRoll\OnlyRoll\backend\vendor\doctrine\dbal\src\Driver\Middleware\AbstractDriverMiddleware.php:29
C:\Users\roche\Documents\RochesWebStudio\Projet_OnlyRoll\OnlyRoll\backend\vendor\symfony\doctrine-bridge\Middleware\Debug\Driver.php:37
C:\Users\roche\Documents\RochesWebStudio\Projet_OnlyRoll\OnlyRoll\backend\vendor\doctrine\dbal\src\Driver\Middleware\AbstractDriverMiddleware.php:29
C:\Users\roche\Documents\RochesWebStudio\Projet_OnlyRoll\OnlyRoll\backend\vendor\symfony\doctrine-bridge\Middleware\IdleConnection\Driver.php:35
C:\Users\roche\Documents\RochesWebStudio\Projet_OnlyRoll\OnlyRoll\backend\vendor\doctrine\dbal\src\Connection.php:383
C:\Users\roche\Documents\RochesWebStudio\Projet_OnlyRoll\OnlyRoll\backend\vendor\doctrine\dbal\src\Connection.php:1692
C:\Users\roche\Documents\RochesWebStudio\Projet_OnlyRoll\OnlyRoll\backend\vendor\doctrine\dbal\src\Connection.php:1195
C:\Users\roche\Documents\RochesWebStudio\Projet_OnlyRoll\OnlyRoll\backend\tests\Functional\Controller\ChatControllerTest.php:78
C:\Users\roche\Documents\RochesWebStudio\Projet_OnlyRoll\OnlyRoll\backend\tests\Functional\Controller\ChatControllerTest.php:35

28) App\Tests\Functional\Controller\ChatControllerTest::testRollDiceWithTooManyDice
Doctrine\DBAL\Exception\ConnectionException: An exception occurred in the driver: SQLSTATE[HY000] [1045] Accès refusé pour l'utilisateur: 'root'@'@localhost' (mot de passe: OUI)

C:\Users\roche\Documents\RochesWebStudio\Projet_OnlyRoll\OnlyRoll\backend\vendor\doctrine\dbal\src\Driver\API\MySQL\ExceptionConverter.php:112
C:\Users\roche\Documents\RochesWebStudio\Projet_OnlyRoll\OnlyRoll\backend\vendor\doctrine\dbal\src\Connection.php:1976
C:\Users\roche\Documents\RochesWebStudio\Projet_OnlyRoll\OnlyRoll\backend\vendor\doctrine\dbal\src\Connection.php:1924
C:\Users\roche\Documents\RochesWebStudio\Projet_OnlyRoll\OnlyRoll\backend\vendor\doctrine\dbal\src\Connection.php:385
C:\Users\roche\Documents\RochesWebStudio\Projet_OnlyRoll\OnlyRoll\backend\vendor\doctrine\dbal\src\Connection.php:1692
C:\Users\roche\Documents\RochesWebStudio\Projet_OnlyRoll\OnlyRoll\backend\vendor\doctrine\dbal\src\Connection.php:1195
C:\Users\roche\Documents\RochesWebStudio\Projet_OnlyRoll\OnlyRoll\backend\tests\Functional\Controller\ChatControllerTest.php:78
C:\Users\roche\Documents\RochesWebStudio\Projet_OnlyRoll\OnlyRoll\backend\tests\Functional\Controller\ChatControllerTest.php:35

Caused by
Doctrine\DBAL\Driver\PDO\Exception: SQLSTATE[HY000] [1045] Accès refusé pour l'utilisateur: 'root'@'@localhost' (mot de passe: OUI)

C:\Users\roche\Documents\RochesWebStudio\Projet_OnlyRoll\OnlyRoll\backend\vendor\doctrine\dbal\src\Driver\PDO\Exception.php:24
C:\Users\roche\Documents\RochesWebStudio\Projet_OnlyRoll\OnlyRoll\backend\vendor\doctrine\dbal\src\Driver\PDO\MySQL\Driver.php:43
C:\Users\roche\Documents\RochesWebStudio\Projet_OnlyRoll\OnlyRoll\backend\vendor\doctrine\dbal\src\Driver\Middleware\AbstractDriverMiddleware.php:29
C:\Users\roche\Documents\RochesWebStudio\Projet_OnlyRoll\OnlyRoll\backend\vendor\symfony\doctrine-bridge\Middleware\Debug\Driver.php:37
C:\Users\roche\Documents\RochesWebStudio\Projet_OnlyRoll\OnlyRoll\backend\vendor\doctrine\dbal\src\Driver\Middleware\AbstractDriverMiddleware.php:29
C:\Users\roche\Documents\RochesWebStudio\Projet_OnlyRoll\OnlyRoll\backend\vendor\symfony\doctrine-bridge\Middleware\IdleConnection\Driver.php:35
C:\Users\roche\Documents\RochesWebStudio\Projet_OnlyRoll\OnlyRoll\backend\vendor\doctrine\dbal\src\Connection.php:383
C:\Users\roche\Documents\RochesWebStudio\Projet_OnlyRoll\OnlyRoll\backend\vendor\doctrine\dbal\src\Connection.php:1692
C:\Users\roche\Documents\RochesWebStudio\Projet_OnlyRoll\OnlyRoll\backend\vendor\doctrine\dbal\src\Connection.php:1195
C:\Users\roche\Documents\RochesWebStudio\Projet_OnlyRoll\OnlyRoll\backend\tests\Functional\Controller\ChatControllerTest.php:78
C:\Users\roche\Documents\RochesWebStudio\Projet_OnlyRoll\OnlyRoll\backend\tests\Functional\Controller\ChatControllerTest.php:35

Caused by
PDOException: SQLSTATE[HY000] [1045] Accès refusé pour l'utilisateur: 'root'@'@localhost' (mot de passe: OUI)

C:\Users\roche\Documents\RochesWebStudio\Projet_OnlyRoll\OnlyRoll\backend\vendor\doctrine\dbal\src\Driver\PDO\PDOConnect.php:22
C:\Users\roche\Documents\RochesWebStudio\Projet_OnlyRoll\OnlyRoll\backend\vendor\doctrine\dbal\src\Driver\PDO\MySQL\Driver.php:36
C:\Users\roche\Documents\RochesWebStudio\Projet_OnlyRoll\OnlyRoll\backend\vendor\doctrine\dbal\src\Driver\Middleware\AbstractDriverMiddleware.php:29
C:\Users\roche\Documents\RochesWebStudio\Projet_OnlyRoll\OnlyRoll\backend\vendor\symfony\doctrine-bridge\Middleware\Debug\Driver.php:37
C:\Users\roche\Documents\RochesWebStudio\Projet_OnlyRoll\OnlyRoll\backend\vendor\doctrine\dbal\src\Driver\Middleware\AbstractDriverMiddleware.php:29
C:\Users\roche\Documents\RochesWebStudio\Projet_OnlyRoll\OnlyRoll\backend\vendor\symfony\doctrine-bridge\Middleware\IdleConnection\Driver.php:35
C:\Users\roche\Documents\RochesWebStudio\Projet_OnlyRoll\OnlyRoll\backend\vendor\doctrine\dbal\src\Connection.php:383
C:\Users\roche\Documents\RochesWebStudio\Projet_OnlyRoll\OnlyRoll\backend\vendor\doctrine\dbal\src\Connection.php:1692
C:\Users\roche\Documents\RochesWebStudio\Projet_OnlyRoll\OnlyRoll\backend\vendor\doctrine\dbal\src\Connection.php:1195
C:\Users\roche\Documents\RochesWebStudio\Projet_OnlyRoll\OnlyRoll\backend\tests\Functional\Controller\ChatControllerTest.php:78
C:\Users\roche\Documents\RochesWebStudio\Projet_OnlyRoll\OnlyRoll\backend\tests\Functional\Controller\ChatControllerTest.php:35

29) App\Tests\Functional\Controller\ChatControllerTest::testGetStatsAsGameMaster
Doctrine\DBAL\Exception\ConnectionException: An exception occurred in the driver: SQLSTATE[HY000] [1045] Accès refusé pour l'utilisateur: 'root'@'@localhost' (mot de passe: OUI)

C:\Users\roche\Documents\RochesWebStudio\Projet_OnlyRoll\OnlyRoll\backend\vendor\doctrine\dbal\src\Driver\API\MySQL\ExceptionConverter.php:112
C:\Users\roche\Documents\RochesWebStudio\Projet_OnlyRoll\OnlyRoll\backend\vendor\doctrine\dbal\src\Connection.php:1976
C:\Users\roche\Documents\RochesWebStudio\Projet_OnlyRoll\OnlyRoll\backend\vendor\doctrine\dbal\src\Connection.php:1924
C:\Users\roche\Documents\RochesWebStudio\Projet_OnlyRoll\OnlyRoll\backend\vendor\doctrine\dbal\src\Connection.php:385
C:\Users\roche\Documents\RochesWebStudio\Projet_OnlyRoll\OnlyRoll\backend\vendor\doctrine\dbal\src\Connection.php:1692
C:\Users\roche\Documents\RochesWebStudio\Projet_OnlyRoll\OnlyRoll\backend\vendor\doctrine\dbal\src\Connection.php:1195
C:\Users\roche\Documents\RochesWebStudio\Projet_OnlyRoll\OnlyRoll\backend\tests\Functional\Controller\ChatControllerTest.php:78
C:\Users\roche\Documents\RochesWebStudio\Projet_OnlyRoll\OnlyRoll\backend\tests\Functional\Controller\ChatControllerTest.php:35

Caused by
Doctrine\DBAL\Driver\PDO\Exception: SQLSTATE[HY000] [1045] Accès refusé pour l'utilisateur: 'root'@'@localhost' (mot de passe: OUI)

C:\Users\roche\Documents\RochesWebStudio\Projet_OnlyRoll\OnlyRoll\backend\vendor\doctrine\dbal\src\Driver\PDO\Exception.php:24
C:\Users\roche\Documents\RochesWebStudio\Projet_OnlyRoll\OnlyRoll\backend\vendor\doctrine\dbal\src\Driver\PDO\MySQL\Driver.php:43
C:\Users\roche\Documents\RochesWebStudio\Projet_OnlyRoll\OnlyRoll\backend\vendor\doctrine\dbal\src\Driver\Middleware\AbstractDriverMiddleware.php:29
C:\Users\roche\Documents\RochesWebStudio\Projet_OnlyRoll\OnlyRoll\backend\vendor\symfony\doctrine-bridge\Middleware\Debug\Driver.php:37
C:\Users\roche\Documents\RochesWebStudio\Projet_OnlyRoll\OnlyRoll\backend\vendor\doctrine\dbal\src\Driver\Middleware\AbstractDriverMiddleware.php:29
C:\Users\roche\Documents\RochesWebStudio\Projet_OnlyRoll\OnlyRoll\backend\vendor\symfony\doctrine-bridge\Middleware\IdleConnection\Driver.php:35
C:\Users\roche\Documents\RochesWebStudio\Projet_OnlyRoll\OnlyRoll\backend\vendor\doctrine\dbal\src\Connection.php:383
C:\Users\roche\Documents\RochesWebStudio\Projet_OnlyRoll\OnlyRoll\backend\vendor\doctrine\dbal\src\Connection.php:1692
C:\Users\roche\Documents\RochesWebStudio\Projet_OnlyRoll\OnlyRoll\backend\vendor\doctrine\dbal\src\Connection.php:1195
C:\Users\roche\Documents\RochesWebStudio\Projet_OnlyRoll\OnlyRoll\backend\tests\Functional\Controller\ChatControllerTest.php:78
C:\Users\roche\Documents\RochesWebStudio\Projet_OnlyRoll\OnlyRoll\backend\tests\Functional\Controller\ChatControllerTest.php:35

Caused by
PDOException: SQLSTATE[HY000] [1045] Accès refusé pour l'utilisateur: 'root'@'@localhost' (mot de passe: OUI)

C:\Users\roche\Documents\RochesWebStudio\Projet_OnlyRoll\OnlyRoll\backend\vendor\doctrine\dbal\src\Driver\PDO\PDOConnect.php:22
C:\Users\roche\Documents\RochesWebStudio\Projet_OnlyRoll\OnlyRoll\backend\vendor\doctrine\dbal\src\Driver\PDO\MySQL\Driver.php:36
C:\Users\roche\Documents\RochesWebStudio\Projet_OnlyRoll\OnlyRoll\backend\vendor\doctrine\dbal\src\Driver\Middleware\AbstractDriverMiddleware.php:29
C:\Users\roche\Documents\RochesWebStudio\Projet_OnlyRoll\OnlyRoll\backend\vendor\symfony\doctrine-bridge\Middleware\Debug\Driver.php:37
C:\Users\roche\Documents\RochesWebStudio\Projet_OnlyRoll\OnlyRoll\backend\vendor\doctrine\dbal\src\Driver\Middleware\AbstractDriverMiddleware.php:29
C:\Users\roche\Documents\RochesWebStudio\Projet_OnlyRoll\OnlyRoll\backend\vendor\symfony\doctrine-bridge\Middleware\IdleConnection\Driver.php:35
C:\Users\roche\Documents\RochesWebStudio\Projet_OnlyRoll\OnlyRoll\backend\vendor\doctrine\dbal\src\Connection.php:383
C:\Users\roche\Documents\RochesWebStudio\Projet_OnlyRoll\OnlyRoll\backend\vendor\doctrine\dbal\src\Connection.php:1692
C:\Users\roche\Documents\RochesWebStudio\Projet_OnlyRoll\OnlyRoll\backend\vendor\doctrine\dbal\src\Connection.php:1195
C:\Users\roche\Documents\RochesWebStudio\Projet_OnlyRoll\OnlyRoll\backend\tests\Functional\Controller\ChatControllerTest.php:78
C:\Users\roche\Documents\RochesWebStudio\Projet_OnlyRoll\OnlyRoll\backend\tests\Functional\Controller\ChatControllerTest.php:35

30) App\Tests\Functional\Controller\ChatControllerTest::testGetStatsAsPlayerForbidden
Doctrine\DBAL\Exception\ConnectionException: An exception occurred in the driver: SQLSTATE[HY000] [1045] Accès refusé pour l'utilisateur: 'root'@'@localhost' (mot de passe: OUI)

C:\Users\roche\Documents\RochesWebStudio\Projet_OnlyRoll\OnlyRoll\backend\vendor\doctrine\dbal\src\Driver\API\MySQL\ExceptionConverter.php:112
C:\Users\roche\Documents\RochesWebStudio\Projet_OnlyRoll\OnlyRoll\backend\vendor\doctrine\dbal\src\Connection.php:1976
C:\Users\roche\Documents\RochesWebStudio\Projet_OnlyRoll\OnlyRoll\backend\vendor\doctrine\dbal\src\Connection.php:1924
C:\Users\roche\Documents\RochesWebStudio\Projet_OnlyRoll\OnlyRoll\backend\vendor\doctrine\dbal\src\Connection.php:385
C:\Users\roche\Documents\RochesWebStudio\Projet_OnlyRoll\OnlyRoll\backend\vendor\doctrine\dbal\src\Connection.php:1692
C:\Users\roche\Documents\RochesWebStudio\Projet_OnlyRoll\OnlyRoll\backend\vendor\doctrine\dbal\src\Connection.php:1195
C:\Users\roche\Documents\RochesWebStudio\Projet_OnlyRoll\OnlyRoll\backend\tests\Functional\Controller\ChatControllerTest.php:78
C:\Users\roche\Documents\RochesWebStudio\Projet_OnlyRoll\OnlyRoll\backend\tests\Functional\Controller\ChatControllerTest.php:35

Caused by
Doctrine\DBAL\Driver\PDO\Exception: SQLSTATE[HY000] [1045] Accès refusé pour l'utilisateur: 'root'@'@localhost' (mot de passe: OUI)

C:\Users\roche\Documents\RochesWebStudio\Projet_OnlyRoll\OnlyRoll\backend\vendor\doctrine\dbal\src\Driver\PDO\Exception.php:24
C:\Users\roche\Documents\RochesWebStudio\Projet_OnlyRoll\OnlyRoll\backend\vendor\doctrine\dbal\src\Driver\PDO\MySQL\Driver.php:43
C:\Users\roche\Documents\RochesWebStudio\Projet_OnlyRoll\OnlyRoll\backend\vendor\doctrine\dbal\src\Driver\Middleware\AbstractDriverMiddleware.php:29
C:\Users\roche\Documents\RochesWebStudio\Projet_OnlyRoll\OnlyRoll\backend\vendor\symfony\doctrine-bridge\Middleware\Debug\Driver.php:37
C:\Users\roche\Documents\RochesWebStudio\Projet_OnlyRoll\OnlyRoll\backend\vendor\doctrine\dbal\src\Driver\Middleware\AbstractDriverMiddleware.php:29
C:\Users\roche\Documents\RochesWebStudio\Projet_OnlyRoll\OnlyRoll\backend\vendor\symfony\doctrine-bridge\Middleware\IdleConnection\Driver.php:35
C:\Users\roche\Documents\RochesWebStudio\Projet_OnlyRoll\OnlyRoll\backend\vendor\doctrine\dbal\src\Connection.php:383
C:\Users\roche\Documents\RochesWebStudio\Projet_OnlyRoll\OnlyRoll\backend\vendor\doctrine\dbal\src\Connection.php:1692
C:\Users\roche\Documents\RochesWebStudio\Projet_OnlyRoll\OnlyRoll\backend\vendor\doctrine\dbal\src\Connection.php:1195
C:\Users\roche\Documents\RochesWebStudio\Projet_OnlyRoll\OnlyRoll\backend\tests\Functional\Controller\ChatControllerTest.php:78
C:\Users\roche\Documents\RochesWebStudio\Projet_OnlyRoll\OnlyRoll\backend\tests\Functional\Controller\ChatControllerTest.php:35

Caused by
PDOException: SQLSTATE[HY000] [1045] Accès refusé pour l'utilisateur: 'root'@'@localhost' (mot de passe: OUI)

C:\Users\roche\Documents\RochesWebStudio\Projet_OnlyRoll\OnlyRoll\backend\vendor\doctrine\dbal\src\Driver\PDO\PDOConnect.php:22
C:\Users\roche\Documents\RochesWebStudio\Projet_OnlyRoll\OnlyRoll\backend\vendor\doctrine\dbal\src\Driver\PDO\MySQL\Driver.php:36
C:\Users\roche\Documents\RochesWebStudio\Projet_OnlyRoll\OnlyRoll\backend\vendor\doctrine\dbal\src\Driver\Middleware\AbstractDriverMiddleware.php:29
C:\Users\roche\Documents\RochesWebStudio\Projet_OnlyRoll\OnlyRoll\backend\vendor\symfony\doctrine-bridge\Middleware\Debug\Driver.php:37
C:\Users\roche\Documents\RochesWebStudio\Projet_OnlyRoll\OnlyRoll\backend\vendor\doctrine\dbal\src\Driver\Middleware\AbstractDriverMiddleware.php:29
C:\Users\roche\Documents\RochesWebStudio\Projet_OnlyRoll\OnlyRoll\backend\vendor\symfony\doctrine-bridge\Middleware\IdleConnection\Driver.php:35
C:\Users\roche\Documents\RochesWebStudio\Projet_OnlyRoll\OnlyRoll\backend\vendor\doctrine\dbal\src\Connection.php:383
C:\Users\roche\Documents\RochesWebStudio\Projet_OnlyRoll\OnlyRoll\backend\vendor\doctrine\dbal\src\Connection.php:1692
C:\Users\roche\Documents\RochesWebStudio\Projet_OnlyRoll\OnlyRoll\backend\vendor\doctrine\dbal\src\Connection.php:1195
C:\Users\roche\Documents\RochesWebStudio\Projet_OnlyRoll\OnlyRoll\backend\tests\Functional\Controller\ChatControllerTest.php:78
C:\Users\roche\Documents\RochesWebStudio\Projet_OnlyRoll\OnlyRoll\backend\tests\Functional\Controller\ChatControllerTest.php:35

31) App\Tests\Functional\Controller\ChatControllerTest::testGetMessagesSinceSuccess
Doctrine\DBAL\Exception\ConnectionException: An exception occurred in the driver: SQLSTATE[HY000] [1045] Accès refusé pour l'utilisateur: 'root'@'@localhost' (mot de passe: OUI)

C:\Users\roche\Documents\RochesWebStudio\Projet_OnlyRoll\OnlyRoll\backend\vendor\doctrine\dbal\src\Driver\API\MySQL\ExceptionConverter.php:112
C:\Users\roche\Documents\RochesWebStudio\Projet_OnlyRoll\OnlyRoll\backend\vendor\doctrine\dbal\src\Connection.php:1976
C:\Users\roche\Documents\RochesWebStudio\Projet_OnlyRoll\OnlyRoll\backend\vendor\doctrine\dbal\src\Connection.php:1924
C:\Users\roche\Documents\RochesWebStudio\Projet_OnlyRoll\OnlyRoll\backend\vendor\doctrine\dbal\src\Connection.php:385
C:\Users\roche\Documents\RochesWebStudio\Projet_OnlyRoll\OnlyRoll\backend\vendor\doctrine\dbal\src\Connection.php:1692
C:\Users\roche\Documents\RochesWebStudio\Projet_OnlyRoll\OnlyRoll\backend\vendor\doctrine\dbal\src\Connection.php:1195
C:\Users\roche\Documents\RochesWebStudio\Projet_OnlyRoll\OnlyRoll\backend\tests\Functional\Controller\ChatControllerTest.php:78
C:\Users\roche\Documents\RochesWebStudio\Projet_OnlyRoll\OnlyRoll\backend\tests\Functional\Controller\ChatControllerTest.php:35

Caused by
Doctrine\DBAL\Driver\PDO\Exception: SQLSTATE[HY000] [1045] Accès refusé pour l'utilisateur: 'root'@'@localhost' (mot de passe: OUI)

C:\Users\roche\Documents\RochesWebStudio\Projet_OnlyRoll\OnlyRoll\backend\vendor\doctrine\dbal\src\Driver\PDO\Exception.php:24
C:\Users\roche\Documents\RochesWebStudio\Projet_OnlyRoll\OnlyRoll\backend\vendor\doctrine\dbal\src\Driver\PDO\MySQL\Driver.php:43
C:\Users\roche\Documents\RochesWebStudio\Projet_OnlyRoll\OnlyRoll\backend\vendor\doctrine\dbal\src\Driver\Middleware\AbstractDriverMiddleware.php:29
C:\Users\roche\Documents\RochesWebStudio\Projet_OnlyRoll\OnlyRoll\backend\vendor\symfony\doctrine-bridge\Middleware\Debug\Driver.php:37
C:\Users\roche\Documents\RochesWebStudio\Projet_OnlyRoll\OnlyRoll\backend\vendor\doctrine\dbal\src\Driver\Middleware\AbstractDriverMiddleware.php:29
C:\Users\roche\Documents\RochesWebStudio\Projet_OnlyRoll\OnlyRoll\backend\vendor\symfony\doctrine-bridge\Middleware\IdleConnection\Driver.php:35
C:\Users\roche\Documents\RochesWebStudio\Projet_OnlyRoll\OnlyRoll\backend\vendor\doctrine\dbal\src\Connection.php:383
C:\Users\roche\Documents\RochesWebStudio\Projet_OnlyRoll\OnlyRoll\backend\vendor\doctrine\dbal\src\Connection.php:1692
C:\Users\roche\Documents\RochesWebStudio\Projet_OnlyRoll\OnlyRoll\backend\vendor\doctrine\dbal\src\Connection.php:1195
C:\Users\roche\Documents\RochesWebStudio\Projet_OnlyRoll\OnlyRoll\backend\tests\Functional\Controller\ChatControllerTest.php:78
C:\Users\roche\Documents\RochesWebStudio\Projet_OnlyRoll\OnlyRoll\backend\tests\Functional\Controller\ChatControllerTest.php:35

Caused by
PDOException: SQLSTATE[HY000] [1045] Accès refusé pour l'utilisateur: 'root'@'@localhost' (mot de passe: OUI)

C:\Users\roche\Documents\RochesWebStudio\Projet_OnlyRoll\OnlyRoll\backend\vendor\doctrine\dbal\src\Driver\PDO\PDOConnect.php:22
C:\Users\roche\Documents\RochesWebStudio\Projet_OnlyRoll\OnlyRoll\backend\vendor\doctrine\dbal\src\Driver\PDO\MySQL\Driver.php:36
C:\Users\roche\Documents\RochesWebStudio\Projet_OnlyRoll\OnlyRoll\backend\vendor\doctrine\dbal\src\Driver\Middleware\AbstractDriverMiddleware.php:29
C:\Users\roche\Documents\RochesWebStudio\Projet_OnlyRoll\OnlyRoll\backend\vendor\symfony\doctrine-bridge\Middleware\Debug\Driver.php:37
C:\Users\roche\Documents\RochesWebStudio\Projet_OnlyRoll\OnlyRoll\backend\vendor\doctrine\dbal\src\Driver\Middleware\AbstractDriverMiddleware.php:29
C:\Users\roche\Documents\RochesWebStudio\Projet_OnlyRoll\OnlyRoll\backend\vendor\symfony\doctrine-bridge\Middleware\IdleConnection\Driver.php:35
C:\Users\roche\Documents\RochesWebStudio\Projet_OnlyRoll\OnlyRoll\backend\vendor\doctrine\dbal\src\Connection.php:383
C:\Users\roche\Documents\RochesWebStudio\Projet_OnlyRoll\OnlyRoll\backend\vendor\doctrine\dbal\src\Connection.php:1692
C:\Users\roche\Documents\RochesWebStudio\Projet_OnlyRoll\OnlyRoll\backend\vendor\doctrine\dbal\src\Connection.php:1195
C:\Users\roche\Documents\RochesWebStudio\Projet_OnlyRoll\OnlyRoll\backend\tests\Functional\Controller\ChatControllerTest.php:78
C:\Users\roche\Documents\RochesWebStudio\Projet_OnlyRoll\OnlyRoll\backend\tests\Functional\Controller\ChatControllerTest.php:35

32) App\Tests\Functional\Controller\ChatControllerTest::testGetMessagesSinceWithoutParameter
Doctrine\DBAL\Exception\ConnectionException: An exception occurred in the driver: SQLSTATE[HY000] [1045] Accès refusé pour l'utilisateur: 'root'@'@localhost' (mot de passe: OUI)

C:\Users\roche\Documents\RochesWebStudio\Projet_OnlyRoll\OnlyRoll\backend\vendor\doctrine\dbal\src\Driver\API\MySQL\ExceptionConverter.php:112
C:\Users\roche\Documents\RochesWebStudio\Projet_OnlyRoll\OnlyRoll\backend\vendor\doctrine\dbal\src\Connection.php:1976
C:\Users\roche\Documents\RochesWebStudio\Projet_OnlyRoll\OnlyRoll\backend\vendor\doctrine\dbal\src\Connection.php:1924
C:\Users\roche\Documents\RochesWebStudio\Projet_OnlyRoll\OnlyRoll\backend\vendor\doctrine\dbal\src\Connection.php:385
C:\Users\roche\Documents\RochesWebStudio\Projet_OnlyRoll\OnlyRoll\backend\vendor\doctrine\dbal\src\Connection.php:1692
C:\Users\roche\Documents\RochesWebStudio\Projet_OnlyRoll\OnlyRoll\backend\vendor\doctrine\dbal\src\Connection.php:1195
C:\Users\roche\Documents\RochesWebStudio\Projet_OnlyRoll\OnlyRoll\backend\tests\Functional\Controller\ChatControllerTest.php:78
C:\Users\roche\Documents\RochesWebStudio\Projet_OnlyRoll\OnlyRoll\backend\tests\Functional\Controller\ChatControllerTest.php:35

Caused by
Doctrine\DBAL\Driver\PDO\Exception: SQLSTATE[HY000] [1045] Accès refusé pour l'utilisateur: 'root'@'@localhost' (mot de passe: OUI)

C:\Users\roche\Documents\RochesWebStudio\Projet_OnlyRoll\OnlyRoll\backend\vendor\doctrine\dbal\src\Driver\PDO\Exception.php:24
C:\Users\roche\Documents\RochesWebStudio\Projet_OnlyRoll\OnlyRoll\backend\vendor\doctrine\dbal\src\Driver\PDO\MySQL\Driver.php:43
C:\Users\roche\Documents\RochesWebStudio\Projet_OnlyRoll\OnlyRoll\backend\vendor\doctrine\dbal\src\Driver\Middleware\AbstractDriverMiddleware.php:29
C:\Users\roche\Documents\RochesWebStudio\Projet_OnlyRoll\OnlyRoll\backend\vendor\symfony\doctrine-bridge\Middleware\Debug\Driver.php:37
C:\Users\roche\Documents\RochesWebStudio\Projet_OnlyRoll\OnlyRoll\backend\vendor\doctrine\dbal\src\Driver\Middleware\AbstractDriverMiddleware.php:29
C:\Users\roche\Documents\RochesWebStudio\Projet_OnlyRoll\OnlyRoll\backend\vendor\symfony\doctrine-bridge\Middleware\IdleConnection\Driver.php:35
C:\Users\roche\Documents\RochesWebStudio\Projet_OnlyRoll\OnlyRoll\backend\vendor\doctrine\dbal\src\Connection.php:383
C:\Users\roche\Documents\RochesWebStudio\Projet_OnlyRoll\OnlyRoll\backend\vendor\doctrine\dbal\src\Connection.php:1692
C:\Users\roche\Documents\RochesWebStudio\Projet_OnlyRoll\OnlyRoll\backend\vendor\doctrine\dbal\src\Connection.php:1195
C:\Users\roche\Documents\RochesWebStudio\Projet_OnlyRoll\OnlyRoll\backend\tests\Functional\Controller\ChatControllerTest.php:78
C:\Users\roche\Documents\RochesWebStudio\Projet_OnlyRoll\OnlyRoll\backend\tests\Functional\Controller\ChatControllerTest.php:35

Caused by
PDOException: SQLSTATE[HY000] [1045] Accès refusé pour l'utilisateur: 'root'@'@localhost' (mot de passe: OUI)

C:\Users\roche\Documents\RochesWebStudio\Projet_OnlyRoll\OnlyRoll\backend\vendor\doctrine\dbal\src\Driver\PDO\PDOConnect.php:22
C:\Users\roche\Documents\RochesWebStudio\Projet_OnlyRoll\OnlyRoll\backend\vendor\doctrine\dbal\src\Driver\PDO\MySQL\Driver.php:36
C:\Users\roche\Documents\RochesWebStudio\Projet_OnlyRoll\OnlyRoll\backend\vendor\doctrine\dbal\src\Driver\Middleware\AbstractDriverMiddleware.php:29
C:\Users\roche\Documents\RochesWebStudio\Projet_OnlyRoll\OnlyRoll\backend\vendor\symfony\doctrine-bridge\Middleware\Debug\Driver.php:37
C:\Users\roche\Documents\RochesWebStudio\Projet_OnlyRoll\OnlyRoll\backend\vendor\doctrine\dbal\src\Driver\Middleware\AbstractDriverMiddleware.php:29
C:\Users\roche\Documents\RochesWebStudio\Projet_OnlyRoll\OnlyRoll\backend\vendor\symfony\doctrine-bridge\Middleware\IdleConnection\Driver.php:35
C:\Users\roche\Documents\RochesWebStudio\Projet_OnlyRoll\OnlyRoll\backend\vendor\doctrine\dbal\src\Connection.php:383
C:\Users\roche\Documents\RochesWebStudio\Projet_OnlyRoll\OnlyRoll\backend\vendor\doctrine\dbal\src\Connection.php:1692
C:\Users\roche\Documents\RochesWebStudio\Projet_OnlyRoll\OnlyRoll\backend\vendor\doctrine\dbal\src\Connection.php:1195
C:\Users\roche\Documents\RochesWebStudio\Projet_OnlyRoll\OnlyRoll\backend\tests\Functional\Controller\ChatControllerTest.php:78
C:\Users\roche\Documents\RochesWebStudio\Projet_OnlyRoll\OnlyRoll\backend\tests\Functional\Controller\ChatControllerTest.php:35

33) App\Tests\Functional\Controller\ChatControllerTest::testGetMessagesSinceWithInvalidDate
Doctrine\DBAL\Exception\ConnectionException: An exception occurred in the driver: SQLSTATE[HY000] [1045] Accès refusé pour l'utilisateur: 'root'@'@localhost' (mot de passe: OUI)

C:\Users\roche\Documents\RochesWebStudio\Projet_OnlyRoll\OnlyRoll\backend\vendor\doctrine\dbal\src\Driver\API\MySQL\ExceptionConverter.php:112
C:\Users\roche\Documents\RochesWebStudio\Projet_OnlyRoll\OnlyRoll\backend\vendor\doctrine\dbal\src\Connection.php:1976
C:\Users\roche\Documents\RochesWebStudio\Projet_OnlyRoll\OnlyRoll\backend\vendor\doctrine\dbal\src\Connection.php:1924
C:\Users\roche\Documents\RochesWebStudio\Projet_OnlyRoll\OnlyRoll\backend\vendor\doctrine\dbal\src\Connection.php:385
C:\Users\roche\Documents\RochesWebStudio\Projet_OnlyRoll\OnlyRoll\backend\vendor\doctrine\dbal\src\Connection.php:1692
C:\Users\roche\Documents\RochesWebStudio\Projet_OnlyRoll\OnlyRoll\backend\vendor\doctrine\dbal\src\Connection.php:1195
C:\Users\roche\Documents\RochesWebStudio\Projet_OnlyRoll\OnlyRoll\backend\tests\Functional\Controller\ChatControllerTest.php:78
C:\Users\roche\Documents\RochesWebStudio\Projet_OnlyRoll\OnlyRoll\backend\tests\Functional\Controller\ChatControllerTest.php:35

Caused by
Doctrine\DBAL\Driver\PDO\Exception: SQLSTATE[HY000] [1045] Accès refusé pour l'utilisateur: 'root'@'@localhost' (mot de passe: OUI)

C:\Users\roche\Documents\RochesWebStudio\Projet_OnlyRoll\OnlyRoll\backend\vendor\doctrine\dbal\src\Driver\PDO\Exception.php:24
C:\Users\roche\Documents\RochesWebStudio\Projet_OnlyRoll\OnlyRoll\backend\vendor\doctrine\dbal\src\Driver\PDO\MySQL\Driver.php:43
C:\Users\roche\Documents\RochesWebStudio\Projet_OnlyRoll\OnlyRoll\backend\vendor\doctrine\dbal\src\Driver\Middleware\AbstractDriverMiddleware.php:29
C:\Users\roche\Documents\RochesWebStudio\Projet_OnlyRoll\OnlyRoll\backend\vendor\symfony\doctrine-bridge\Middleware\Debug\Driver.php:37
C:\Users\roche\Documents\RochesWebStudio\Projet_OnlyRoll\OnlyRoll\backend\vendor\doctrine\dbal\src\Driver\Middleware\AbstractDriverMiddleware.php:29
C:\Users\roche\Documents\RochesWebStudio\Projet_OnlyRoll\OnlyRoll\backend\vendor\symfony\doctrine-bridge\Middleware\IdleConnection\Driver.php:35
C:\Users\roche\Documents\RochesWebStudio\Projet_OnlyRoll\OnlyRoll\backend\vendor\doctrine\dbal\src\Connection.php:383
C:\Users\roche\Documents\RochesWebStudio\Projet_OnlyRoll\OnlyRoll\backend\vendor\doctrine\dbal\src\Connection.php:1692
C:\Users\roche\Documents\RochesWebStudio\Projet_OnlyRoll\OnlyRoll\backend\vendor\doctrine\dbal\src\Connection.php:1195
C:\Users\roche\Documents\RochesWebStudio\Projet_OnlyRoll\OnlyRoll\backend\tests\Functional\Controller\ChatControllerTest.php:78
C:\Users\roche\Documents\RochesWebStudio\Projet_OnlyRoll\OnlyRoll\backend\tests\Functional\Controller\ChatControllerTest.php:35

Caused by
PDOException: SQLSTATE[HY000] [1045] Accès refusé pour l'utilisateur: 'root'@'@localhost' (mot de passe: OUI)

C:\Users\roche\Documents\RochesWebStudio\Projet_OnlyRoll\OnlyRoll\backend\vendor\doctrine\dbal\src\Driver\PDO\PDOConnect.php:22
C:\Users\roche\Documents\RochesWebStudio\Projet_OnlyRoll\OnlyRoll\backend\vendor\doctrine\dbal\src\Driver\PDO\MySQL\Driver.php:36
C:\Users\roche\Documents\RochesWebStudio\Projet_OnlyRoll\OnlyRoll\backend\vendor\doctrine\dbal\src\Driver\Middleware\AbstractDriverMiddleware.php:29
C:\Users\roche\Documents\RochesWebStudio\Projet_OnlyRoll\OnlyRoll\backend\vendor\symfony\doctrine-bridge\Middleware\Debug\Driver.php:37
C:\Users\roche\Documents\RochesWebStudio\Projet_OnlyRoll\OnlyRoll\backend\vendor\doctrine\dbal\src\Driver\Middleware\AbstractDriverMiddleware.php:29
C:\Users\roche\Documents\RochesWebStudio\Projet_OnlyRoll\OnlyRoll\backend\vendor\symfony\doctrine-bridge\Middleware\IdleConnection\Driver.php:35
C:\Users\roche\Documents\RochesWebStudio\Projet_OnlyRoll\OnlyRoll\backend\vendor\doctrine\dbal\src\Connection.php:383
C:\Users\roche\Documents\RochesWebStudio\Projet_OnlyRoll\OnlyRoll\backend\vendor\doctrine\dbal\src\Connection.php:1692
C:\Users\roche\Documents\RochesWebStudio\Projet_OnlyRoll\OnlyRoll\backend\vendor\doctrine\dbal\src\Connection.php:1195
C:\Users\roche\Documents\RochesWebStudio\Projet_OnlyRoll\OnlyRoll\backend\tests\Functional\Controller\ChatControllerTest.php:78
C:\Users\roche\Documents\RochesWebStudio\Projet_OnlyRoll\OnlyRoll\backend\tests\Functional\Controller\ChatControllerTest.php:35

34) App\Tests\Functional\Controller\ChatControllerTest::testGetDiceRolls
Doctrine\DBAL\Exception\ConnectionException: An exception occurred in the driver: SQLSTATE[HY000] [1045] Accès refusé pour l'utilisateur: 'root'@'@localhost' (mot de passe: OUI)

C:\Users\roche\Documents\RochesWebStudio\Projet_OnlyRoll\OnlyRoll\backend\vendor\doctrine\dbal\src\Driver\API\MySQL\ExceptionConverter.php:112
C:\Users\roche\Documents\RochesWebStudio\Projet_OnlyRoll\OnlyRoll\backend\vendor\doctrine\dbal\src\Connection.php:1976
C:\Users\roche\Documents\RochesWebStudio\Projet_OnlyRoll\OnlyRoll\backend\vendor\doctrine\dbal\src\Connection.php:1924
C:\Users\roche\Documents\RochesWebStudio\Projet_OnlyRoll\OnlyRoll\backend\vendor\doctrine\dbal\src\Connection.php:385
C:\Users\roche\Documents\RochesWebStudio\Projet_OnlyRoll\OnlyRoll\backend\vendor\doctrine\dbal\src\Connection.php:1692
C:\Users\roche\Documents\RochesWebStudio\Projet_OnlyRoll\OnlyRoll\backend\vendor\doctrine\dbal\src\Connection.php:1195
C:\Users\roche\Documents\RochesWebStudio\Projet_OnlyRoll\OnlyRoll\backend\tests\Functional\Controller\ChatControllerTest.php:78
C:\Users\roche\Documents\RochesWebStudio\Projet_OnlyRoll\OnlyRoll\backend\tests\Functional\Controller\ChatControllerTest.php:35

Caused by
Doctrine\DBAL\Driver\PDO\Exception: SQLSTATE[HY000] [1045] Accès refusé pour l'utilisateur: 'root'@'@localhost' (mot de passe: OUI)

C:\Users\roche\Documents\RochesWebStudio\Projet_OnlyRoll\OnlyRoll\backend\vendor\doctrine\dbal\src\Driver\PDO\Exception.php:24
C:\Users\roche\Documents\RochesWebStudio\Projet_OnlyRoll\OnlyRoll\backend\vendor\doctrine\dbal\src\Driver\PDO\MySQL\Driver.php:43
C:\Users\roche\Documents\RochesWebStudio\Projet_OnlyRoll\OnlyRoll\backend\vendor\doctrine\dbal\src\Driver\Middleware\AbstractDriverMiddleware.php:29
C:\Users\roche\Documents\RochesWebStudio\Projet_OnlyRoll\OnlyRoll\backend\vendor\symfony\doctrine-bridge\Middleware\Debug\Driver.php:37
C:\Users\roche\Documents\RochesWebStudio\Projet_OnlyRoll\OnlyRoll\backend\vendor\doctrine\dbal\src\Driver\Middleware\AbstractDriverMiddleware.php:29
C:\Users\roche\Documents\RochesWebStudio\Projet_OnlyRoll\OnlyRoll\backend\vendor\symfony\doctrine-bridge\Middleware\IdleConnection\Driver.php:35
C:\Users\roche\Documents\RochesWebStudio\Projet_OnlyRoll\OnlyRoll\backend\vendor\doctrine\dbal\src\Connection.php:383
C:\Users\roche\Documents\RochesWebStudio\Projet_OnlyRoll\OnlyRoll\backend\vendor\doctrine\dbal\src\Connection.php:1692
C:\Users\roche\Documents\RochesWebStudio\Projet_OnlyRoll\OnlyRoll\backend\vendor\doctrine\dbal\src\Connection.php:1195
C:\Users\roche\Documents\RochesWebStudio\Projet_OnlyRoll\OnlyRoll\backend\tests\Functional\Controller\ChatControllerTest.php:78
C:\Users\roche\Documents\RochesWebStudio\Projet_OnlyRoll\OnlyRoll\backend\tests\Functional\Controller\ChatControllerTest.php:35

Caused by
PDOException: SQLSTATE[HY000] [1045] Accès refusé pour l'utilisateur: 'root'@'@localhost' (mot de passe: OUI)

C:\Users\roche\Documents\RochesWebStudio\Projet_OnlyRoll\OnlyRoll\backend\vendor\doctrine\dbal\src\Driver\PDO\PDOConnect.php:22
C:\Users\roche\Documents\RochesWebStudio\Projet_OnlyRoll\OnlyRoll\backend\vendor\doctrine\dbal\src\Driver\PDO\MySQL\Driver.php:36
C:\Users\roche\Documents\RochesWebStudio\Projet_OnlyRoll\OnlyRoll\backend\vendor\doctrine\dbal\src\Driver\Middleware\AbstractDriverMiddleware.php:29
C:\Users\roche\Documents\RochesWebStudio\Projet_OnlyRoll\OnlyRoll\backend\vendor\symfony\doctrine-bridge\Middleware\Debug\Driver.php:37
C:\Users\roche\Documents\RochesWebStudio\Projet_OnlyRoll\OnlyRoll\backend\vendor\doctrine\dbal\src\Driver\Middleware\AbstractDriverMiddleware.php:29
C:\Users\roche\Documents\RochesWebStudio\Projet_OnlyRoll\OnlyRoll\backend\vendor\symfony\doctrine-bridge\Middleware\IdleConnection\Driver.php:35
C:\Users\roche\Documents\RochesWebStudio\Projet_OnlyRoll\OnlyRoll\backend\vendor\doctrine\dbal\src\Connection.php:383
C:\Users\roche\Documents\RochesWebStudio\Projet_OnlyRoll\OnlyRoll\backend\vendor\doctrine\dbal\src\Connection.php:1692
C:\Users\roche\Documents\RochesWebStudio\Projet_OnlyRoll\OnlyRoll\backend\vendor\doctrine\dbal\src\Connection.php:1195
C:\Users\roche\Documents\RochesWebStudio\Projet_OnlyRoll\OnlyRoll\backend\tests\Functional\Controller\ChatControllerTest.php:78
C:\Users\roche\Documents\RochesWebStudio\Projet_OnlyRoll\OnlyRoll\backend\tests\Functional\Controller\ChatControllerTest.php:35

35) App\Tests\Functional\Controller\GameControllerTest::testListGamesReturnsPublicGames
Doctrine\DBAL\Exception\ConnectionException: An exception occurred in the driver: SQLSTATE[HY000] [1045] Accès refusé pour l'utilisateur: 'root'@'@localhost' (mot de passe: OUI)

C:\Users\roche\Documents\RochesWebStudio\Projet_OnlyRoll\OnlyRoll\backend\vendor\doctrine\dbal\src\Driver\API\MySQL\ExceptionConverter.php:112
C:\Users\roche\Documents\RochesWebStudio\Projet_OnlyRoll\OnlyRoll\backend\vendor\doctrine\dbal\src\Connection.php:1976
C:\Users\roche\Documents\RochesWebStudio\Projet_OnlyRoll\OnlyRoll\backend\vendor\doctrine\dbal\src\Connection.php:1924
C:\Users\roche\Documents\RochesWebStudio\Projet_OnlyRoll\OnlyRoll\backend\vendor\doctrine\dbal\src\Connection.php:385
C:\Users\roche\Documents\RochesWebStudio\Projet_OnlyRoll\OnlyRoll\backend\vendor\doctrine\dbal\src\Connection.php:1692
C:\Users\roche\Documents\RochesWebStudio\Projet_OnlyRoll\OnlyRoll\backend\vendor\doctrine\dbal\src\Connection.php:1087
C:\Users\roche\Documents\RochesWebStudio\Projet_OnlyRoll\OnlyRoll\backend\vendor\doctrine\orm\src\Persisters\Entity\BasicEntityPersister.php:942
C:\Users\roche\Documents\RochesWebStudio\Projet_OnlyRoll\OnlyRoll\backend\vendor\doctrine\orm\src\EntityRepository.php:110
C:\Users\roche\Documents\RochesWebStudio\Projet_OnlyRoll\OnlyRoll\backend\vendor\doctrine\doctrine-bundle\src\Repository\ServiceEntityRepositoryProxy.php:73
C:\Users\roche\Documents\RochesWebStudio\Projet_OnlyRoll\OnlyRoll\backend\vendor\doctrine\orm\src\EntityRepository.php:96
C:\Users\roche\Documents\RochesWebStudio\Projet_OnlyRoll\OnlyRoll\backend\tests\Functional\Controller\GameControllerTest.php:502
C:\Users\roche\Documents\RochesWebStudio\Projet_OnlyRoll\OnlyRoll\backend\tests\Functional\Controller\GameControllerTest.php:33

Caused by
Doctrine\DBAL\Driver\PDO\Exception: SQLSTATE[HY000] [1045] Accès refusé pour l'utilisateur: 'root'@'@localhost' (mot de passe: OUI)

C:\Users\roche\Documents\RochesWebStudio\Projet_OnlyRoll\OnlyRoll\backend\vendor\doctrine\dbal\src\Driver\PDO\Exception.php:24
C:\Users\roche\Documents\RochesWebStudio\Projet_OnlyRoll\OnlyRoll\backend\vendor\doctrine\dbal\src\Driver\PDO\MySQL\Driver.php:43
C:\Users\roche\Documents\RochesWebStudio\Projet_OnlyRoll\OnlyRoll\backend\vendor\doctrine\dbal\src\Driver\Middleware\AbstractDriverMiddleware.php:29
C:\Users\roche\Documents\RochesWebStudio\Projet_OnlyRoll\OnlyRoll\backend\vendor\symfony\doctrine-bridge\Middleware\Debug\Driver.php:37
C:\Users\roche\Documents\RochesWebStudio\Projet_OnlyRoll\OnlyRoll\backend\vendor\doctrine\dbal\src\Driver\Middleware\AbstractDriverMiddleware.php:29
C:\Users\roche\Documents\RochesWebStudio\Projet_OnlyRoll\OnlyRoll\backend\vendor\symfony\doctrine-bridge\Middleware\IdleConnection\Driver.php:35
C:\Users\roche\Documents\RochesWebStudio\Projet_OnlyRoll\OnlyRoll\backend\vendor\doctrine\dbal\src\Connection.php:383
C:\Users\roche\Documents\RochesWebStudio\Projet_OnlyRoll\OnlyRoll\backend\vendor\doctrine\dbal\src\Connection.php:1692
C:\Users\roche\Documents\RochesWebStudio\Projet_OnlyRoll\OnlyRoll\backend\vendor\doctrine\dbal\src\Connection.php:1087
C:\Users\roche\Documents\RochesWebStudio\Projet_OnlyRoll\OnlyRoll\backend\vendor\doctrine\orm\src\Persisters\Entity\BasicEntityPersister.php:942
C:\Users\roche\Documents\RochesWebStudio\Projet_OnlyRoll\OnlyRoll\backend\vendor\doctrine\orm\src\EntityRepository.php:110
C:\Users\roche\Documents\RochesWebStudio\Projet_OnlyRoll\OnlyRoll\backend\vendor\doctrine\doctrine-bundle\src\Repository\ServiceEntityRepositoryProxy.php:73
C:\Users\roche\Documents\RochesWebStudio\Projet_OnlyRoll\OnlyRoll\backend\vendor\doctrine\orm\src\EntityRepository.php:96
C:\Users\roche\Documents\RochesWebStudio\Projet_OnlyRoll\OnlyRoll\backend\tests\Functional\Controller\GameControllerTest.php:502
C:\Users\roche\Documents\RochesWebStudio\Projet_OnlyRoll\OnlyRoll\backend\tests\Functional\Controller\GameControllerTest.php:33

Caused by
PDOException: SQLSTATE[HY000] [1045] Accès refusé pour l'utilisateur: 'root'@'@localhost' (mot de passe: OUI)

C:\Users\roche\Documents\RochesWebStudio\Projet_OnlyRoll\OnlyRoll\backend\vendor\doctrine\dbal\src\Driver\PDO\PDOConnect.php:22
C:\Users\roche\Documents\RochesWebStudio\Projet_OnlyRoll\OnlyRoll\backend\vendor\doctrine\dbal\src\Driver\PDO\MySQL\Driver.php:36
C:\Users\roche\Documents\RochesWebStudio\Projet_OnlyRoll\OnlyRoll\backend\vendor\doctrine\dbal\src\Driver\Middleware\AbstractDriverMiddleware.php:29
C:\Users\roche\Documents\RochesWebStudio\Projet_OnlyRoll\OnlyRoll\backend\vendor\symfony\doctrine-bridge\Middleware\Debug\Driver.php:37
C:\Users\roche\Documents\RochesWebStudio\Projet_OnlyRoll\OnlyRoll\backend\vendor\doctrine\dbal\src\Driver\Middleware\AbstractDriverMiddleware.php:29
C:\Users\roche\Documents\RochesWebStudio\Projet_OnlyRoll\OnlyRoll\backend\vendor\symfony\doctrine-bridge\Middleware\IdleConnection\Driver.php:35
C:\Users\roche\Documents\RochesWebStudio\Projet_OnlyRoll\OnlyRoll\backend\vendor\doctrine\dbal\src\Connection.php:383
C:\Users\roche\Documents\RochesWebStudio\Projet_OnlyRoll\OnlyRoll\backend\vendor\doctrine\dbal\src\Connection.php:1692
C:\Users\roche\Documents\RochesWebStudio\Projet_OnlyRoll\OnlyRoll\backend\vendor\doctrine\dbal\src\Connection.php:1087
C:\Users\roche\Documents\RochesWebStudio\Projet_OnlyRoll\OnlyRoll\backend\vendor\doctrine\orm\src\Persisters\Entity\BasicEntityPersister.php:942
C:\Users\roche\Documents\RochesWebStudio\Projet_OnlyRoll\OnlyRoll\backend\vendor\doctrine\orm\src\EntityRepository.php:110
C:\Users\roche\Documents\RochesWebStudio\Projet_OnlyRoll\OnlyRoll\backend\vendor\doctrine\doctrine-bundle\src\Repository\ServiceEntityRepositoryProxy.php:73
C:\Users\roche\Documents\RochesWebStudio\Projet_OnlyRoll\OnlyRoll\backend\vendor\doctrine\orm\src\EntityRepository.php:96
C:\Users\roche\Documents\RochesWebStudio\Projet_OnlyRoll\OnlyRoll\backend\tests\Functional\Controller\GameControllerTest.php:502
C:\Users\roche\Documents\RochesWebStudio\Projet_OnlyRoll\OnlyRoll\backend\tests\Functional\Controller\GameControllerTest.php:33

36) App\Tests\Functional\Controller\GameControllerTest::testListGamesWithPagination
Doctrine\DBAL\Exception\ConnectionException: An exception occurred in the driver: SQLSTATE[HY000] [1045] Accès refusé pour l'utilisateur: 'root'@'@localhost' (mot de passe: OUI)

C:\Users\roche\Documents\RochesWebStudio\Projet_OnlyRoll\OnlyRoll\backend\vendor\doctrine\dbal\src\Driver\API\MySQL\ExceptionConverter.php:112
C:\Users\roche\Documents\RochesWebStudio\Projet_OnlyRoll\OnlyRoll\backend\vendor\doctrine\dbal\src\Connection.php:1976
C:\Users\roche\Documents\RochesWebStudio\Projet_OnlyRoll\OnlyRoll\backend\vendor\doctrine\dbal\src\Connection.php:1924
C:\Users\roche\Documents\RochesWebStudio\Projet_OnlyRoll\OnlyRoll\backend\vendor\doctrine\dbal\src\Connection.php:385
C:\Users\roche\Documents\RochesWebStudio\Projet_OnlyRoll\OnlyRoll\backend\vendor\doctrine\dbal\src\Connection.php:1692
C:\Users\roche\Documents\RochesWebStudio\Projet_OnlyRoll\OnlyRoll\backend\vendor\doctrine\dbal\src\Connection.php:1087
C:\Users\roche\Documents\RochesWebStudio\Projet_OnlyRoll\OnlyRoll\backend\vendor\doctrine\orm\src\Persisters\Entity\BasicEntityPersister.php:942
C:\Users\roche\Documents\RochesWebStudio\Projet_OnlyRoll\OnlyRoll\backend\vendor\doctrine\orm\src\EntityRepository.php:110
C:\Users\roche\Documents\RochesWebStudio\Projet_OnlyRoll\OnlyRoll\backend\vendor\doctrine\doctrine-bundle\src\Repository\ServiceEntityRepositoryProxy.php:73
C:\Users\roche\Documents\RochesWebStudio\Projet_OnlyRoll\OnlyRoll\backend\vendor\doctrine\orm\src\EntityRepository.php:96
C:\Users\roche\Documents\RochesWebStudio\Projet_OnlyRoll\OnlyRoll\backend\tests\Functional\Controller\GameControllerTest.php:502
C:\Users\roche\Documents\RochesWebStudio\Projet_OnlyRoll\OnlyRoll\backend\tests\Functional\Controller\GameControllerTest.php:33

Caused by
Doctrine\DBAL\Driver\PDO\Exception: SQLSTATE[HY000] [1045] Accès refusé pour l'utilisateur: 'root'@'@localhost' (mot de passe: OUI)

C:\Users\roche\Documents\RochesWebStudio\Projet_OnlyRoll\OnlyRoll\backend\vendor\doctrine\dbal\src\Driver\PDO\Exception.php:24
C:\Users\roche\Documents\RochesWebStudio\Projet_OnlyRoll\OnlyRoll\backend\vendor\doctrine\dbal\src\Driver\PDO\MySQL\Driver.php:43
C:\Users\roche\Documents\RochesWebStudio\Projet_OnlyRoll\OnlyRoll\backend\vendor\doctrine\dbal\src\Driver\Middleware\AbstractDriverMiddleware.php:29
C:\Users\roche\Documents\RochesWebStudio\Projet_OnlyRoll\OnlyRoll\backend\vendor\symfony\doctrine-bridge\Middleware\Debug\Driver.php:37
C:\Users\roche\Documents\RochesWebStudio\Projet_OnlyRoll\OnlyRoll\backend\vendor\doctrine\dbal\src\Driver\Middleware\AbstractDriverMiddleware.php:29
C:\Users\roche\Documents\RochesWebStudio\Projet_OnlyRoll\OnlyRoll\backend\vendor\symfony\doctrine-bridge\Middleware\IdleConnection\Driver.php:35
C:\Users\roche\Documents\RochesWebStudio\Projet_OnlyRoll\OnlyRoll\backend\vendor\doctrine\dbal\src\Connection.php:383
C:\Users\roche\Documents\RochesWebStudio\Projet_OnlyRoll\OnlyRoll\backend\vendor\doctrine\dbal\src\Connection.php:1692
C:\Users\roche\Documents\RochesWebStudio\Projet_OnlyRoll\OnlyRoll\backend\vendor\doctrine\dbal\src\Connection.php:1087
C:\Users\roche\Documents\RochesWebStudio\Projet_OnlyRoll\OnlyRoll\backend\vendor\doctrine\orm\src\Persisters\Entity\BasicEntityPersister.php:942
C:\Users\roche\Documents\RochesWebStudio\Projet_OnlyRoll\OnlyRoll\backend\vendor\doctrine\orm\src\EntityRepository.php:110
C:\Users\roche\Documents\RochesWebStudio\Projet_OnlyRoll\OnlyRoll\backend\vendor\doctrine\doctrine-bundle\src\Repository\ServiceEntityRepositoryProxy.php:73
C:\Users\roche\Documents\RochesWebStudio\Projet_OnlyRoll\OnlyRoll\backend\vendor\doctrine\orm\src\EntityRepository.php:96
C:\Users\roche\Documents\RochesWebStudio\Projet_OnlyRoll\OnlyRoll\backend\tests\Functional\Controller\GameControllerTest.php:502
C:\Users\roche\Documents\RochesWebStudio\Projet_OnlyRoll\OnlyRoll\backend\tests\Functional\Controller\GameControllerTest.php:33

Caused by
PDOException: SQLSTATE[HY000] [1045] Accès refusé pour l'utilisateur: 'root'@'@localhost' (mot de passe: OUI)

C:\Users\roche\Documents\RochesWebStudio\Projet_OnlyRoll\OnlyRoll\backend\vendor\doctrine\dbal\src\Driver\PDO\PDOConnect.php:22
C:\Users\roche\Documents\RochesWebStudio\Projet_OnlyRoll\OnlyRoll\backend\vendor\doctrine\dbal\src\Driver\PDO\MySQL\Driver.php:36
C:\Users\roche\Documents\RochesWebStudio\Projet_OnlyRoll\OnlyRoll\backend\vendor\doctrine\dbal\src\Driver\Middleware\AbstractDriverMiddleware.php:29
C:\Users\roche\Documents\RochesWebStudio\Projet_OnlyRoll\OnlyRoll\backend\vendor\symfony\doctrine-bridge\Middleware\Debug\Driver.php:37
C:\Users\roche\Documents\RochesWebStudio\Projet_OnlyRoll\OnlyRoll\backend\vendor\doctrine\dbal\src\Driver\Middleware\AbstractDriverMiddleware.php:29
C:\Users\roche\Documents\RochesWebStudio\Projet_OnlyRoll\OnlyRoll\backend\vendor\symfony\doctrine-bridge\Middleware\IdleConnection\Driver.php:35
C:\Users\roche\Documents\RochesWebStudio\Projet_OnlyRoll\OnlyRoll\backend\vendor\doctrine\dbal\src\Connection.php:383
C:\Users\roche\Documents\RochesWebStudio\Projet_OnlyRoll\OnlyRoll\backend\vendor\doctrine\dbal\src\Connection.php:1692
C:\Users\roche\Documents\RochesWebStudio\Projet_OnlyRoll\OnlyRoll\backend\vendor\doctrine\dbal\src\Connection.php:1087
C:\Users\roche\Documents\RochesWebStudio\Projet_OnlyRoll\OnlyRoll\backend\vendor\doctrine\orm\src\Persisters\Entity\BasicEntityPersister.php:942
C:\Users\roche\Documents\RochesWebStudio\Projet_OnlyRoll\OnlyRoll\backend\vendor\doctrine\orm\src\EntityRepository.php:110
C:\Users\roche\Documents\RochesWebStudio\Projet_OnlyRoll\OnlyRoll\backend\vendor\doctrine\doctrine-bundle\src\Repository\ServiceEntityRepositoryProxy.php:73
C:\Users\roche\Documents\RochesWebStudio\Projet_OnlyRoll\OnlyRoll\backend\vendor\doctrine\orm\src\EntityRepository.php:96
C:\Users\roche\Documents\RochesWebStudio\Projet_OnlyRoll\OnlyRoll\backend\tests\Functional\Controller\GameControllerTest.php:502
C:\Users\roche\Documents\RochesWebStudio\Projet_OnlyRoll\OnlyRoll\backend\tests\Functional\Controller\GameControllerTest.php:33

37) App\Tests\Functional\Controller\GameControllerTest::testListGamesWithSearchFilter
Doctrine\DBAL\Exception\ConnectionException: An exception occurred in the driver: SQLSTATE[HY000] [1045] Accès refusé pour l'utilisateur: 'root'@'@localhost' (mot de passe: OUI)

C:\Users\roche\Documents\RochesWebStudio\Projet_OnlyRoll\OnlyRoll\backend\vendor\doctrine\dbal\src\Driver\API\MySQL\ExceptionConverter.php:112
C:\Users\roche\Documents\RochesWebStudio\Projet_OnlyRoll\OnlyRoll\backend\vendor\doctrine\dbal\src\Connection.php:1976
C:\Users\roche\Documents\RochesWebStudio\Projet_OnlyRoll\OnlyRoll\backend\vendor\doctrine\dbal\src\Connection.php:1924
C:\Users\roche\Documents\RochesWebStudio\Projet_OnlyRoll\OnlyRoll\backend\vendor\doctrine\dbal\src\Connection.php:385
C:\Users\roche\Documents\RochesWebStudio\Projet_OnlyRoll\OnlyRoll\backend\vendor\doctrine\dbal\src\Connection.php:1692
C:\Users\roche\Documents\RochesWebStudio\Projet_OnlyRoll\OnlyRoll\backend\vendor\doctrine\dbal\src\Connection.php:1087
C:\Users\roche\Documents\RochesWebStudio\Projet_OnlyRoll\OnlyRoll\backend\vendor\doctrine\orm\src\Persisters\Entity\BasicEntityPersister.php:942
C:\Users\roche\Documents\RochesWebStudio\Projet_OnlyRoll\OnlyRoll\backend\vendor\doctrine\orm\src\EntityRepository.php:110
C:\Users\roche\Documents\RochesWebStudio\Projet_OnlyRoll\OnlyRoll\backend\vendor\doctrine\doctrine-bundle\src\Repository\ServiceEntityRepositoryProxy.php:73
C:\Users\roche\Documents\RochesWebStudio\Projet_OnlyRoll\OnlyRoll\backend\vendor\doctrine\orm\src\EntityRepository.php:96
C:\Users\roche\Documents\RochesWebStudio\Projet_OnlyRoll\OnlyRoll\backend\tests\Functional\Controller\GameControllerTest.php:502
C:\Users\roche\Documents\RochesWebStudio\Projet_OnlyRoll\OnlyRoll\backend\tests\Functional\Controller\GameControllerTest.php:33

Caused by
Doctrine\DBAL\Driver\PDO\Exception: SQLSTATE[HY000] [1045] Accès refusé pour l'utilisateur: 'root'@'@localhost' (mot de passe: OUI)

C:\Users\roche\Documents\RochesWebStudio\Projet_OnlyRoll\OnlyRoll\backend\vendor\doctrine\dbal\src\Driver\PDO\Exception.php:24
C:\Users\roche\Documents\RochesWebStudio\Projet_OnlyRoll\OnlyRoll\backend\vendor\doctrine\dbal\src\Driver\PDO\MySQL\Driver.php:43
C:\Users\roche\Documents\RochesWebStudio\Projet_OnlyRoll\OnlyRoll\backend\vendor\doctrine\dbal\src\Driver\Middleware\AbstractDriverMiddleware.php:29
C:\Users\roche\Documents\RochesWebStudio\Projet_OnlyRoll\OnlyRoll\backend\vendor\symfony\doctrine-bridge\Middleware\Debug\Driver.php:37
C:\Users\roche\Documents\RochesWebStudio\Projet_OnlyRoll\OnlyRoll\backend\vendor\doctrine\dbal\src\Driver\Middleware\AbstractDriverMiddleware.php:29
C:\Users\roche\Documents\RochesWebStudio\Projet_OnlyRoll\OnlyRoll\backend\vendor\symfony\doctrine-bridge\Middleware\IdleConnection\Driver.php:35
C:\Users\roche\Documents\RochesWebStudio\Projet_OnlyRoll\OnlyRoll\backend\vendor\doctrine\dbal\src\Connection.php:383
C:\Users\roche\Documents\RochesWebStudio\Projet_OnlyRoll\OnlyRoll\backend\vendor\doctrine\dbal\src\Connection.php:1692
C:\Users\roche\Documents\RochesWebStudio\Projet_OnlyRoll\OnlyRoll\backend\vendor\doctrine\dbal\src\Connection.php:1087
C:\Users\roche\Documents\RochesWebStudio\Projet_OnlyRoll\OnlyRoll\backend\vendor\doctrine\orm\src\Persisters\Entity\BasicEntityPersister.php:942
C:\Users\roche\Documents\RochesWebStudio\Projet_OnlyRoll\OnlyRoll\backend\vendor\doctrine\orm\src\EntityRepository.php:110
C:\Users\roche\Documents\RochesWebStudio\Projet_OnlyRoll\OnlyRoll\backend\vendor\doctrine\doctrine-bundle\src\Repository\ServiceEntityRepositoryProxy.php:73
C:\Users\roche\Documents\RochesWebStudio\Projet_OnlyRoll\OnlyRoll\backend\vendor\doctrine\orm\src\EntityRepository.php:96
C:\Users\roche\Documents\RochesWebStudio\Projet_OnlyRoll\OnlyRoll\backend\tests\Functional\Controller\GameControllerTest.php:502
C:\Users\roche\Documents\RochesWebStudio\Projet_OnlyRoll\OnlyRoll\backend\tests\Functional\Controller\GameControllerTest.php:33

Caused by
PDOException: SQLSTATE[HY000] [1045] Accès refusé pour l'utilisateur: 'root'@'@localhost' (mot de passe: OUI)

C:\Users\roche\Documents\RochesWebStudio\Projet_OnlyRoll\OnlyRoll\backend\vendor\doctrine\dbal\src\Driver\PDO\PDOConnect.php:22
C:\Users\roche\Documents\RochesWebStudio\Projet_OnlyRoll\OnlyRoll\backend\vendor\doctrine\dbal\src\Driver\PDO\MySQL\Driver.php:36
C:\Users\roche\Documents\RochesWebStudio\Projet_OnlyRoll\OnlyRoll\backend\vendor\doctrine\dbal\src\Driver\Middleware\AbstractDriverMiddleware.php:29
C:\Users\roche\Documents\RochesWebStudio\Projet_OnlyRoll\OnlyRoll\backend\vendor\symfony\doctrine-bridge\Middleware\Debug\Driver.php:37
C:\Users\roche\Documents\RochesWebStudio\Projet_OnlyRoll\OnlyRoll\backend\vendor\doctrine\dbal\src\Driver\Middleware\AbstractDriverMiddleware.php:29
C:\Users\roche\Documents\RochesWebStudio\Projet_OnlyRoll\OnlyRoll\backend\vendor\symfony\doctrine-bridge\Middleware\IdleConnection\Driver.php:35
C:\Users\roche\Documents\RochesWebStudio\Projet_OnlyRoll\OnlyRoll\backend\vendor\doctrine\dbal\src\Connection.php:383
C:\Users\roche\Documents\RochesWebStudio\Projet_OnlyRoll\OnlyRoll\backend\vendor\doctrine\dbal\src\Connection.php:1692
C:\Users\roche\Documents\RochesWebStudio\Projet_OnlyRoll\OnlyRoll\backend\vendor\doctrine\dbal\src\Connection.php:1087
C:\Users\roche\Documents\RochesWebStudio\Projet_OnlyRoll\OnlyRoll\backend\vendor\doctrine\orm\src\Persisters\Entity\BasicEntityPersister.php:942
C:\Users\roche\Documents\RochesWebStudio\Projet_OnlyRoll\OnlyRoll\backend\vendor\doctrine\orm\src\EntityRepository.php:110
C:\Users\roche\Documents\RochesWebStudio\Projet_OnlyRoll\OnlyRoll\backend\vendor\doctrine\doctrine-bundle\src\Repository\ServiceEntityRepositoryProxy.php:73
C:\Users\roche\Documents\RochesWebStudio\Projet_OnlyRoll\OnlyRoll\backend\vendor\doctrine\orm\src\EntityRepository.php:96
C:\Users\roche\Documents\RochesWebStudio\Projet_OnlyRoll\OnlyRoll\backend\tests\Functional\Controller\GameControllerTest.php:502
C:\Users\roche\Documents\RochesWebStudio\Projet_OnlyRoll\OnlyRoll\backend\tests\Functional\Controller\GameControllerTest.php:33

38) App\Tests\Functional\Controller\GameControllerTest::testListGamesRequiresAuthentication
Doctrine\DBAL\Exception\ConnectionException: An exception occurred in the driver: SQLSTATE[HY000] [1045] Accès refusé pour l'utilisateur: 'root'@'@localhost' (mot de passe: OUI)

C:\Users\roche\Documents\RochesWebStudio\Projet_OnlyRoll\OnlyRoll\backend\vendor\doctrine\dbal\src\Driver\API\MySQL\ExceptionConverter.php:112
C:\Users\roche\Documents\RochesWebStudio\Projet_OnlyRoll\OnlyRoll\backend\vendor\doctrine\dbal\src\Connection.php:1976
C:\Users\roche\Documents\RochesWebStudio\Projet_OnlyRoll\OnlyRoll\backend\vendor\doctrine\dbal\src\Connection.php:1924
C:\Users\roche\Documents\RochesWebStudio\Projet_OnlyRoll\OnlyRoll\backend\vendor\doctrine\dbal\src\Connection.php:385
C:\Users\roche\Documents\RochesWebStudio\Projet_OnlyRoll\OnlyRoll\backend\vendor\doctrine\dbal\src\Connection.php:1692
C:\Users\roche\Documents\RochesWebStudio\Projet_OnlyRoll\OnlyRoll\backend\vendor\doctrine\dbal\src\Connection.php:1087
C:\Users\roche\Documents\RochesWebStudio\Projet_OnlyRoll\OnlyRoll\backend\vendor\doctrine\orm\src\Persisters\Entity\BasicEntityPersister.php:942
C:\Users\roche\Documents\RochesWebStudio\Projet_OnlyRoll\OnlyRoll\backend\vendor\doctrine\orm\src\EntityRepository.php:110
C:\Users\roche\Documents\RochesWebStudio\Projet_OnlyRoll\OnlyRoll\backend\vendor\doctrine\doctrine-bundle\src\Repository\ServiceEntityRepositoryProxy.php:73
C:\Users\roche\Documents\RochesWebStudio\Projet_OnlyRoll\OnlyRoll\backend\vendor\doctrine\orm\src\EntityRepository.php:96
C:\Users\roche\Documents\RochesWebStudio\Projet_OnlyRoll\OnlyRoll\backend\tests\Functional\Controller\GameControllerTest.php:502
C:\Users\roche\Documents\RochesWebStudio\Projet_OnlyRoll\OnlyRoll\backend\tests\Functional\Controller\GameControllerTest.php:33

Caused by
Doctrine\DBAL\Driver\PDO\Exception: SQLSTATE[HY000] [1045] Accès refusé pour l'utilisateur: 'root'@'@localhost' (mot de passe: OUI)

C:\Users\roche\Documents\RochesWebStudio\Projet_OnlyRoll\OnlyRoll\backend\vendor\doctrine\dbal\src\Driver\PDO\Exception.php:24
C:\Users\roche\Documents\RochesWebStudio\Projet_OnlyRoll\OnlyRoll\backend\vendor\doctrine\dbal\src\Driver\PDO\MySQL\Driver.php:43
C:\Users\roche\Documents\RochesWebStudio\Projet_OnlyRoll\OnlyRoll\backend\vendor\doctrine\dbal\src\Driver\Middleware\AbstractDriverMiddleware.php:29
C:\Users\roche\Documents\RochesWebStudio\Projet_OnlyRoll\OnlyRoll\backend\vendor\symfony\doctrine-bridge\Middleware\Debug\Driver.php:37
C:\Users\roche\Documents\RochesWebStudio\Projet_OnlyRoll\OnlyRoll\backend\vendor\doctrine\dbal\src\Driver\Middleware\AbstractDriverMiddleware.php:29
C:\Users\roche\Documents\RochesWebStudio\Projet_OnlyRoll\OnlyRoll\backend\vendor\symfony\doctrine-bridge\Middleware\IdleConnection\Driver.php:35
C:\Users\roche\Documents\RochesWebStudio\Projet_OnlyRoll\OnlyRoll\backend\vendor\doctrine\dbal\src\Connection.php:383
C:\Users\roche\Documents\RochesWebStudio\Projet_OnlyRoll\OnlyRoll\backend\vendor\doctrine\dbal\src\Connection.php:1692
C:\Users\roche\Documents\RochesWebStudio\Projet_OnlyRoll\OnlyRoll\backend\vendor\doctrine\dbal\src\Connection.php:1087
C:\Users\roche\Documents\RochesWebStudio\Projet_OnlyRoll\OnlyRoll\backend\vendor\doctrine\orm\src\Persisters\Entity\BasicEntityPersister.php:942
C:\Users\roche\Documents\RochesWebStudio\Projet_OnlyRoll\OnlyRoll\backend\vendor\doctrine\orm\src\EntityRepository.php:110
C:\Users\roche\Documents\RochesWebStudio\Projet_OnlyRoll\OnlyRoll\backend\vendor\doctrine\doctrine-bundle\src\Repository\ServiceEntityRepositoryProxy.php:73
C:\Users\roche\Documents\RochesWebStudio\Projet_OnlyRoll\OnlyRoll\backend\vendor\doctrine\orm\src\EntityRepository.php:96
C:\Users\roche\Documents\RochesWebStudio\Projet_OnlyRoll\OnlyRoll\backend\tests\Functional\Controller\GameControllerTest.php:502
C:\Users\roche\Documents\RochesWebStudio\Projet_OnlyRoll\OnlyRoll\backend\tests\Functional\Controller\GameControllerTest.php:33

Caused by
PDOException: SQLSTATE[HY000] [1045] Accès refusé pour l'utilisateur: 'root'@'@localhost' (mot de passe: OUI)

C:\Users\roche\Documents\RochesWebStudio\Projet_OnlyRoll\OnlyRoll\backend\vendor\doctrine\dbal\src\Driver\PDO\PDOConnect.php:22
C:\Users\roche\Documents\RochesWebStudio\Projet_OnlyRoll\OnlyRoll\backend\vendor\doctrine\dbal\src\Driver\PDO\MySQL\Driver.php:36
C:\Users\roche\Documents\RochesWebStudio\Projet_OnlyRoll\OnlyRoll\backend\vendor\doctrine\dbal\src\Driver\Middleware\AbstractDriverMiddleware.php:29
C:\Users\roche\Documents\RochesWebStudio\Projet_OnlyRoll\OnlyRoll\backend\vendor\symfony\doctrine-bridge\Middleware\Debug\Driver.php:37
C:\Users\roche\Documents\RochesWebStudio\Projet_OnlyRoll\OnlyRoll\backend\vendor\doctrine\dbal\src\Driver\Middleware\AbstractDriverMiddleware.php:29
C:\Users\roche\Documents\RochesWebStudio\Projet_OnlyRoll\OnlyRoll\backend\vendor\symfony\doctrine-bridge\Middleware\IdleConnection\Driver.php:35
C:\Users\roche\Documents\RochesWebStudio\Projet_OnlyRoll\OnlyRoll\backend\vendor\doctrine\dbal\src\Connection.php:383
C:\Users\roche\Documents\RochesWebStudio\Projet_OnlyRoll\OnlyRoll\backend\vendor\doctrine\dbal\src\Connection.php:1692
C:\Users\roche\Documents\RochesWebStudio\Projet_OnlyRoll\OnlyRoll\backend\vendor\doctrine\dbal\src\Connection.php:1087
C:\Users\roche\Documents\RochesWebStudio\Projet_OnlyRoll\OnlyRoll\backend\vendor\doctrine\orm\src\Persisters\Entity\BasicEntityPersister.php:942
C:\Users\roche\Documents\RochesWebStudio\Projet_OnlyRoll\OnlyRoll\backend\vendor\doctrine\orm\src\EntityRepository.php:110
C:\Users\roche\Documents\RochesWebStudio\Projet_OnlyRoll\OnlyRoll\backend\vendor\doctrine\doctrine-bundle\src\Repository\ServiceEntityRepositoryProxy.php:73
C:\Users\roche\Documents\RochesWebStudio\Projet_OnlyRoll\OnlyRoll\backend\vendor\doctrine\orm\src\EntityRepository.php:96
C:\Users\roche\Documents\RochesWebStudio\Projet_OnlyRoll\OnlyRoll\backend\tests\Functional\Controller\GameControllerTest.php:502
C:\Users\roche\Documents\RochesWebStudio\Projet_OnlyRoll\OnlyRoll\backend\tests\Functional\Controller\GameControllerTest.php:33

39) App\Tests\Functional\Controller\GameControllerTest::testMyGamesReturnsUserGames
Doctrine\DBAL\Exception\ConnectionException: An exception occurred in the driver: SQLSTATE[HY000] [1045] Accès refusé pour l'utilisateur: 'root'@'@localhost' (mot de passe: OUI)

C:\Users\roche\Documents\RochesWebStudio\Projet_OnlyRoll\OnlyRoll\backend\vendor\doctrine\dbal\src\Driver\API\MySQL\ExceptionConverter.php:112
C:\Users\roche\Documents\RochesWebStudio\Projet_OnlyRoll\OnlyRoll\backend\vendor\doctrine\dbal\src\Connection.php:1976
C:\Users\roche\Documents\RochesWebStudio\Projet_OnlyRoll\OnlyRoll\backend\vendor\doctrine\dbal\src\Connection.php:1924
C:\Users\roche\Documents\RochesWebStudio\Projet_OnlyRoll\OnlyRoll\backend\vendor\doctrine\dbal\src\Connection.php:385
C:\Users\roche\Documents\RochesWebStudio\Projet_OnlyRoll\OnlyRoll\backend\vendor\doctrine\dbal\src\Connection.php:1692
C:\Users\roche\Documents\RochesWebStudio\Projet_OnlyRoll\OnlyRoll\backend\vendor\doctrine\dbal\src\Connection.php:1087
C:\Users\roche\Documents\RochesWebStudio\Projet_OnlyRoll\OnlyRoll\backend\vendor\doctrine\orm\src\Persisters\Entity\BasicEntityPersister.php:942
C:\Users\roche\Documents\RochesWebStudio\Projet_OnlyRoll\OnlyRoll\backend\vendor\doctrine\orm\src\EntityRepository.php:110
C:\Users\roche\Documents\RochesWebStudio\Projet_OnlyRoll\OnlyRoll\backend\vendor\doctrine\doctrine-bundle\src\Repository\ServiceEntityRepositoryProxy.php:73
C:\Users\roche\Documents\RochesWebStudio\Projet_OnlyRoll\OnlyRoll\backend\vendor\doctrine\orm\src\EntityRepository.php:96
C:\Users\roche\Documents\RochesWebStudio\Projet_OnlyRoll\OnlyRoll\backend\tests\Functional\Controller\GameControllerTest.php:502
C:\Users\roche\Documents\RochesWebStudio\Projet_OnlyRoll\OnlyRoll\backend\tests\Functional\Controller\GameControllerTest.php:33

Caused by
Doctrine\DBAL\Driver\PDO\Exception: SQLSTATE[HY000] [1045] Accès refusé pour l'utilisateur: 'root'@'@localhost' (mot de passe: OUI)

C:\Users\roche\Documents\RochesWebStudio\Projet_OnlyRoll\OnlyRoll\backend\vendor\doctrine\dbal\src\Driver\PDO\Exception.php:24
C:\Users\roche\Documents\RochesWebStudio\Projet_OnlyRoll\OnlyRoll\backend\vendor\doctrine\dbal\src\Driver\PDO\MySQL\Driver.php:43
C:\Users\roche\Documents\RochesWebStudio\Projet_OnlyRoll\OnlyRoll\backend\vendor\doctrine\dbal\src\Driver\Middleware\AbstractDriverMiddleware.php:29
C:\Users\roche\Documents\RochesWebStudio\Projet_OnlyRoll\OnlyRoll\backend\vendor\symfony\doctrine-bridge\Middleware\Debug\Driver.php:37
C:\Users\roche\Documents\RochesWebStudio\Projet_OnlyRoll\OnlyRoll\backend\vendor\doctrine\dbal\src\Driver\Middleware\AbstractDriverMiddleware.php:29
C:\Users\roche\Documents\RochesWebStudio\Projet_OnlyRoll\OnlyRoll\backend\vendor\symfony\doctrine-bridge\Middleware\IdleConnection\Driver.php:35
C:\Users\roche\Documents\RochesWebStudio\Projet_OnlyRoll\OnlyRoll\backend\vendor\doctrine\dbal\src\Connection.php:383
C:\Users\roche\Documents\RochesWebStudio\Projet_OnlyRoll\OnlyRoll\backend\vendor\doctrine\dbal\src\Connection.php:1692
C:\Users\roche\Documents\RochesWebStudio\Projet_OnlyRoll\OnlyRoll\backend\vendor\doctrine\dbal\src\Connection.php:1087
C:\Users\roche\Documents\RochesWebStudio\Projet_OnlyRoll\OnlyRoll\backend\vendor\doctrine\orm\src\Persisters\Entity\BasicEntityPersister.php:942
C:\Users\roche\Documents\RochesWebStudio\Projet_OnlyRoll\OnlyRoll\backend\vendor\doctrine\orm\src\EntityRepository.php:110
C:\Users\roche\Documents\RochesWebStudio\Projet_OnlyRoll\OnlyRoll\backend\vendor\doctrine\doctrine-bundle\src\Repository\ServiceEntityRepositoryProxy.php:73
C:\Users\roche\Documents\RochesWebStudio\Projet_OnlyRoll\OnlyRoll\backend\vendor\doctrine\orm\src\EntityRepository.php:96
C:\Users\roche\Documents\RochesWebStudio\Projet_OnlyRoll\OnlyRoll\backend\tests\Functional\Controller\GameControllerTest.php:502
C:\Users\roche\Documents\RochesWebStudio\Projet_OnlyRoll\OnlyRoll\backend\tests\Functional\Controller\GameControllerTest.php:33

Caused by
PDOException: SQLSTATE[HY000] [1045] Accès refusé pour l'utilisateur: 'root'@'@localhost' (mot de passe: OUI)

C:\Users\roche\Documents\RochesWebStudio\Projet_OnlyRoll\OnlyRoll\backend\vendor\doctrine\dbal\src\Driver\PDO\PDOConnect.php:22
C:\Users\roche\Documents\RochesWebStudio\Projet_OnlyRoll\OnlyRoll\backend\vendor\doctrine\dbal\src\Driver\PDO\MySQL\Driver.php:36
C:\Users\roche\Documents\RochesWebStudio\Projet_OnlyRoll\OnlyRoll\backend\vendor\doctrine\dbal\src\Driver\Middleware\AbstractDriverMiddleware.php:29
C:\Users\roche\Documents\RochesWebStudio\Projet_OnlyRoll\OnlyRoll\backend\vendor\symfony\doctrine-bridge\Middleware\Debug\Driver.php:37
C:\Users\roche\Documents\RochesWebStudio\Projet_OnlyRoll\OnlyRoll\backend\vendor\doctrine\dbal\src\Driver\Middleware\AbstractDriverMiddleware.php:29
C:\Users\roche\Documents\RochesWebStudio\Projet_OnlyRoll\OnlyRoll\backend\vendor\symfony\doctrine-bridge\Middleware\IdleConnection\Driver.php:35
C:\Users\roche\Documents\RochesWebStudio\Projet_OnlyRoll\OnlyRoll\backend\vendor\doctrine\dbal\src\Connection.php:383
C:\Users\roche\Documents\RochesWebStudio\Projet_OnlyRoll\OnlyRoll\backend\vendor\doctrine\dbal\src\Connection.php:1692
C:\Users\roche\Documents\RochesWebStudio\Projet_OnlyRoll\OnlyRoll\backend\vendor\doctrine\dbal\src\Connection.php:1087
C:\Users\roche\Documents\RochesWebStudio\Projet_OnlyRoll\OnlyRoll\backend\vendor\doctrine\orm\src\Persisters\Entity\BasicEntityPersister.php:942
C:\Users\roche\Documents\RochesWebStudio\Projet_OnlyRoll\OnlyRoll\backend\vendor\doctrine\orm\src\EntityRepository.php:110
C:\Users\roche\Documents\RochesWebStudio\Projet_OnlyRoll\OnlyRoll\backend\vendor\doctrine\doctrine-bundle\src\Repository\ServiceEntityRepositoryProxy.php:73
C:\Users\roche\Documents\RochesWebStudio\Projet_OnlyRoll\OnlyRoll\backend\vendor\doctrine\orm\src\EntityRepository.php:96
C:\Users\roche\Documents\RochesWebStudio\Projet_OnlyRoll\OnlyRoll\backend\tests\Functional\Controller\GameControllerTest.php:502
C:\Users\roche\Documents\RochesWebStudio\Projet_OnlyRoll\OnlyRoll\backend\tests\Functional\Controller\GameControllerTest.php:33

40) App\Tests\Functional\Controller\GameControllerTest::testMyGamesRequiresAuthentication
Doctrine\DBAL\Exception\ConnectionException: An exception occurred in the driver: SQLSTATE[HY000] [1045] Accès refusé pour l'utilisateur: 'root'@'@localhost' (mot de passe: OUI)

C:\Users\roche\Documents\RochesWebStudio\Projet_OnlyRoll\OnlyRoll\backend\vendor\doctrine\dbal\src\Driver\API\MySQL\ExceptionConverter.php:112
C:\Users\roche\Documents\RochesWebStudio\Projet_OnlyRoll\OnlyRoll\backend\vendor\doctrine\dbal\src\Connection.php:1976
C:\Users\roche\Documents\RochesWebStudio\Projet_OnlyRoll\OnlyRoll\backend\vendor\doctrine\dbal\src\Connection.php:1924
C:\Users\roche\Documents\RochesWebStudio\Projet_OnlyRoll\OnlyRoll\backend\vendor\doctrine\dbal\src\Connection.php:385
C:\Users\roche\Documents\RochesWebStudio\Projet_OnlyRoll\OnlyRoll\backend\vendor\doctrine\dbal\src\Connection.php:1692
C:\Users\roche\Documents\RochesWebStudio\Projet_OnlyRoll\OnlyRoll\backend\vendor\doctrine\dbal\src\Connection.php:1087
C:\Users\roche\Documents\RochesWebStudio\Projet_OnlyRoll\OnlyRoll\backend\vendor\doctrine\orm\src\Persisters\Entity\BasicEntityPersister.php:942
C:\Users\roche\Documents\RochesWebStudio\Projet_OnlyRoll\OnlyRoll\backend\vendor\doctrine\orm\src\EntityRepository.php:110
C:\Users\roche\Documents\RochesWebStudio\Projet_OnlyRoll\OnlyRoll\backend\vendor\doctrine\doctrine-bundle\src\Repository\ServiceEntityRepositoryProxy.php:73
C:\Users\roche\Documents\RochesWebStudio\Projet_OnlyRoll\OnlyRoll\backend\vendor\doctrine\orm\src\EntityRepository.php:96
C:\Users\roche\Documents\RochesWebStudio\Projet_OnlyRoll\OnlyRoll\backend\tests\Functional\Controller\GameControllerTest.php:502
C:\Users\roche\Documents\RochesWebStudio\Projet_OnlyRoll\OnlyRoll\backend\tests\Functional\Controller\GameControllerTest.php:33

Caused by
Doctrine\DBAL\Driver\PDO\Exception: SQLSTATE[HY000] [1045] Accès refusé pour l'utilisateur: 'root'@'@localhost' (mot de passe: OUI)

C:\Users\roche\Documents\RochesWebStudio\Projet_OnlyRoll\OnlyRoll\backend\vendor\doctrine\dbal\src\Driver\PDO\Exception.php:24
C:\Users\roche\Documents\RochesWebStudio\Projet_OnlyRoll\OnlyRoll\backend\vendor\doctrine\dbal\src\Driver\PDO\MySQL\Driver.php:43
C:\Users\roche\Documents\RochesWebStudio\Projet_OnlyRoll\OnlyRoll\backend\vendor\doctrine\dbal\src\Driver\Middleware\AbstractDriverMiddleware.php:29
C:\Users\roche\Documents\RochesWebStudio\Projet_OnlyRoll\OnlyRoll\backend\vendor\symfony\doctrine-bridge\Middleware\Debug\Driver.php:37
C:\Users\roche\Documents\RochesWebStudio\Projet_OnlyRoll\OnlyRoll\backend\vendor\doctrine\dbal\src\Driver\Middleware\AbstractDriverMiddleware.php:29
C:\Users\roche\Documents\RochesWebStudio\Projet_OnlyRoll\OnlyRoll\backend\vendor\symfony\doctrine-bridge\Middleware\IdleConnection\Driver.php:35
C:\Users\roche\Documents\RochesWebStudio\Projet_OnlyRoll\OnlyRoll\backend\vendor\doctrine\dbal\src\Connection.php:383
C:\Users\roche\Documents\RochesWebStudio\Projet_OnlyRoll\OnlyRoll\backend\vendor\doctrine\dbal\src\Connection.php:1692
C:\Users\roche\Documents\RochesWebStudio\Projet_OnlyRoll\OnlyRoll\backend\vendor\doctrine\dbal\src\Connection.php:1087
C:\Users\roche\Documents\RochesWebStudio\Projet_OnlyRoll\OnlyRoll\backend\vendor\doctrine\orm\src\Persisters\Entity\BasicEntityPersister.php:942
C:\Users\roche\Documents\RochesWebStudio\Projet_OnlyRoll\OnlyRoll\backend\vendor\doctrine\orm\src\EntityRepository.php:110
C:\Users\roche\Documents\RochesWebStudio\Projet_OnlyRoll\OnlyRoll\backend\vendor\doctrine\doctrine-bundle\src\Repository\ServiceEntityRepositoryProxy.php:73
C:\Users\roche\Documents\RochesWebStudio\Projet_OnlyRoll\OnlyRoll\backend\vendor\doctrine\orm\src\EntityRepository.php:96
C:\Users\roche\Documents\RochesWebStudio\Projet_OnlyRoll\OnlyRoll\backend\tests\Functional\Controller\GameControllerTest.php:502
C:\Users\roche\Documents\RochesWebStudio\Projet_OnlyRoll\OnlyRoll\backend\tests\Functional\Controller\GameControllerTest.php:33

Caused by
PDOException: SQLSTATE[HY000] [1045] Accès refusé pour l'utilisateur: 'root'@'@localhost' (mot de passe: OUI)

C:\Users\roche\Documents\RochesWebStudio\Projet_OnlyRoll\OnlyRoll\backend\vendor\doctrine\dbal\src\Driver\PDO\PDOConnect.php:22
C:\Users\roche\Documents\RochesWebStudio\Projet_OnlyRoll\OnlyRoll\backend\vendor\doctrine\dbal\src\Driver\PDO\MySQL\Driver.php:36
C:\Users\roche\Documents\RochesWebStudio\Projet_OnlyRoll\OnlyRoll\backend\vendor\doctrine\dbal\src\Driver\Middleware\AbstractDriverMiddleware.php:29
C:\Users\roche\Documents\RochesWebStudio\Projet_OnlyRoll\OnlyRoll\backend\vendor\symfony\doctrine-bridge\Middleware\Debug\Driver.php:37
C:\Users\roche\Documents\RochesWebStudio\Projet_OnlyRoll\OnlyRoll\backend\vendor\doctrine\dbal\src\Driver\Middleware\AbstractDriverMiddleware.php:29
C:\Users\roche\Documents\RochesWebStudio\Projet_OnlyRoll\OnlyRoll\backend\vendor\symfony\doctrine-bridge\Middleware\IdleConnection\Driver.php:35
C:\Users\roche\Documents\RochesWebStudio\Projet_OnlyRoll\OnlyRoll\backend\vendor\doctrine\dbal\src\Connection.php:383
C:\Users\roche\Documents\RochesWebStudio\Projet_OnlyRoll\OnlyRoll\backend\vendor\doctrine\dbal\src\Connection.php:1692
C:\Users\roche\Documents\RochesWebStudio\Projet_OnlyRoll\OnlyRoll\backend\vendor\doctrine\dbal\src\Connection.php:1087
C:\Users\roche\Documents\RochesWebStudio\Projet_OnlyRoll\OnlyRoll\backend\vendor\doctrine\orm\src\Persisters\Entity\BasicEntityPersister.php:942
C:\Users\roche\Documents\RochesWebStudio\Projet_OnlyRoll\OnlyRoll\backend\vendor\doctrine\orm\src\EntityRepository.php:110
C:\Users\roche\Documents\RochesWebStudio\Projet_OnlyRoll\OnlyRoll\backend\vendor\doctrine\doctrine-bundle\src\Repository\ServiceEntityRepositoryProxy.php:73
C:\Users\roche\Documents\RochesWebStudio\Projet_OnlyRoll\OnlyRoll\backend\vendor\doctrine\orm\src\EntityRepository.php:96
C:\Users\roche\Documents\RochesWebStudio\Projet_OnlyRoll\OnlyRoll\backend\tests\Functional\Controller\GameControllerTest.php:502
C:\Users\roche\Documents\RochesWebStudio\Projet_OnlyRoll\OnlyRoll\backend\tests\Functional\Controller\GameControllerTest.php:33

41) App\Tests\Functional\Controller\GameControllerTest::testShowGameReturnsGameDetails
Doctrine\DBAL\Exception\ConnectionException: An exception occurred in the driver: SQLSTATE[HY000] [1045] Accès refusé pour l'utilisateur: 'root'@'@localhost' (mot de passe: OUI)

C:\Users\roche\Documents\RochesWebStudio\Projet_OnlyRoll\OnlyRoll\backend\vendor\doctrine\dbal\src\Driver\API\MySQL\ExceptionConverter.php:112
C:\Users\roche\Documents\RochesWebStudio\Projet_OnlyRoll\OnlyRoll\backend\vendor\doctrine\dbal\src\Connection.php:1976
C:\Users\roche\Documents\RochesWebStudio\Projet_OnlyRoll\OnlyRoll\backend\vendor\doctrine\dbal\src\Connection.php:1924
C:\Users\roche\Documents\RochesWebStudio\Projet_OnlyRoll\OnlyRoll\backend\vendor\doctrine\dbal\src\Connection.php:385
C:\Users\roche\Documents\RochesWebStudio\Projet_OnlyRoll\OnlyRoll\backend\vendor\doctrine\dbal\src\Connection.php:1692
C:\Users\roche\Documents\RochesWebStudio\Projet_OnlyRoll\OnlyRoll\backend\vendor\doctrine\dbal\src\Connection.php:1087
C:\Users\roche\Documents\RochesWebStudio\Projet_OnlyRoll\OnlyRoll\backend\vendor\doctrine\orm\src\Persisters\Entity\BasicEntityPersister.php:942
C:\Users\roche\Documents\RochesWebStudio\Projet_OnlyRoll\OnlyRoll\backend\vendor\doctrine\orm\src\EntityRepository.php:110
C:\Users\roche\Documents\RochesWebStudio\Projet_OnlyRoll\OnlyRoll\backend\vendor\doctrine\doctrine-bundle\src\Repository\ServiceEntityRepositoryProxy.php:73
C:\Users\roche\Documents\RochesWebStudio\Projet_OnlyRoll\OnlyRoll\backend\vendor\doctrine\orm\src\EntityRepository.php:96
C:\Users\roche\Documents\RochesWebStudio\Projet_OnlyRoll\OnlyRoll\backend\tests\Functional\Controller\GameControllerTest.php:502
C:\Users\roche\Documents\RochesWebStudio\Projet_OnlyRoll\OnlyRoll\backend\tests\Functional\Controller\GameControllerTest.php:33

Caused by
Doctrine\DBAL\Driver\PDO\Exception: SQLSTATE[HY000] [1045] Accès refusé pour l'utilisateur: 'root'@'@localhost' (mot de passe: OUI)

C:\Users\roche\Documents\RochesWebStudio\Projet_OnlyRoll\OnlyRoll\backend\vendor\doctrine\dbal\src\Driver\PDO\Exception.php:24
C:\Users\roche\Documents\RochesWebStudio\Projet_OnlyRoll\OnlyRoll\backend\vendor\doctrine\dbal\src\Driver\PDO\MySQL\Driver.php:43
C:\Users\roche\Documents\RochesWebStudio\Projet_OnlyRoll\OnlyRoll\backend\vendor\doctrine\dbal\src\Driver\Middleware\AbstractDriverMiddleware.php:29
C:\Users\roche\Documents\RochesWebStudio\Projet_OnlyRoll\OnlyRoll\backend\vendor\symfony\doctrine-bridge\Middleware\Debug\Driver.php:37
C:\Users\roche\Documents\RochesWebStudio\Projet_OnlyRoll\OnlyRoll\backend\vendor\doctrine\dbal\src\Driver\Middleware\AbstractDriverMiddleware.php:29
C:\Users\roche\Documents\RochesWebStudio\Projet_OnlyRoll\OnlyRoll\backend\vendor\symfony\doctrine-bridge\Middleware\IdleConnection\Driver.php:35
C:\Users\roche\Documents\RochesWebStudio\Projet_OnlyRoll\OnlyRoll\backend\vendor\doctrine\dbal\src\Connection.php:383
C:\Users\roche\Documents\RochesWebStudio\Projet_OnlyRoll\OnlyRoll\backend\vendor\doctrine\dbal\src\Connection.php:1692
C:\Users\roche\Documents\RochesWebStudio\Projet_OnlyRoll\OnlyRoll\backend\vendor\doctrine\dbal\src\Connection.php:1087
C:\Users\roche\Documents\RochesWebStudio\Projet_OnlyRoll\OnlyRoll\backend\vendor\doctrine\orm\src\Persisters\Entity\BasicEntityPersister.php:942
C:\Users\roche\Documents\RochesWebStudio\Projet_OnlyRoll\OnlyRoll\backend\vendor\doctrine\orm\src\EntityRepository.php:110
C:\Users\roche\Documents\RochesWebStudio\Projet_OnlyRoll\OnlyRoll\backend\vendor\doctrine\doctrine-bundle\src\Repository\ServiceEntityRepositoryProxy.php:73
C:\Users\roche\Documents\RochesWebStudio\Projet_OnlyRoll\OnlyRoll\backend\vendor\doctrine\orm\src\EntityRepository.php:96
C:\Users\roche\Documents\RochesWebStudio\Projet_OnlyRoll\OnlyRoll\backend\tests\Functional\Controller\GameControllerTest.php:502
C:\Users\roche\Documents\RochesWebStudio\Projet_OnlyRoll\OnlyRoll\backend\tests\Functional\Controller\GameControllerTest.php:33

Caused by
PDOException: SQLSTATE[HY000] [1045] Accès refusé pour l'utilisateur: 'root'@'@localhost' (mot de passe: OUI)

C:\Users\roche\Documents\RochesWebStudio\Projet_OnlyRoll\OnlyRoll\backend\vendor\doctrine\dbal\src\Driver\PDO\PDOConnect.php:22
C:\Users\roche\Documents\RochesWebStudio\Projet_OnlyRoll\OnlyRoll\backend\vendor\doctrine\dbal\src\Driver\PDO\MySQL\Driver.php:36
C:\Users\roche\Documents\RochesWebStudio\Projet_OnlyRoll\OnlyRoll\backend\vendor\doctrine\dbal\src\Driver\Middleware\AbstractDriverMiddleware.php:29
C:\Users\roche\Documents\RochesWebStudio\Projet_OnlyRoll\OnlyRoll\backend\vendor\symfony\doctrine-bridge\Middleware\Debug\Driver.php:37
C:\Users\roche\Documents\RochesWebStudio\Projet_OnlyRoll\OnlyRoll\backend\vendor\doctrine\dbal\src\Driver\Middleware\AbstractDriverMiddleware.php:29
C:\Users\roche\Documents\RochesWebStudio\Projet_OnlyRoll\OnlyRoll\backend\vendor\symfony\doctrine-bridge\Middleware\IdleConnection\Driver.php:35
C:\Users\roche\Documents\RochesWebStudio\Projet_OnlyRoll\OnlyRoll\backend\vendor\doctrine\dbal\src\Connection.php:383
C:\Users\roche\Documents\RochesWebStudio\Projet_OnlyRoll\OnlyRoll\backend\vendor\doctrine\dbal\src\Connection.php:1692
C:\Users\roche\Documents\RochesWebStudio\Projet_OnlyRoll\OnlyRoll\backend\vendor\doctrine\dbal\src\Connection.php:1087
C:\Users\roche\Documents\RochesWebStudio\Projet_OnlyRoll\OnlyRoll\backend\vendor\doctrine\orm\src\Persisters\Entity\BasicEntityPersister.php:942
C:\Users\roche\Documents\RochesWebStudio\Projet_OnlyRoll\OnlyRoll\backend\vendor\doctrine\orm\src\EntityRepository.php:110
C:\Users\roche\Documents\RochesWebStudio\Projet_OnlyRoll\OnlyRoll\backend\vendor\doctrine\doctrine-bundle\src\Repository\ServiceEntityRepositoryProxy.php:73
C:\Users\roche\Documents\RochesWebStudio\Projet_OnlyRoll\OnlyRoll\backend\vendor\doctrine\orm\src\EntityRepository.php:96
C:\Users\roche\Documents\RochesWebStudio\Projet_OnlyRoll\OnlyRoll\backend\tests\Functional\Controller\GameControllerTest.php:502
C:\Users\roche\Documents\RochesWebStudio\Projet_OnlyRoll\OnlyRoll\backend\tests\Functional\Controller\GameControllerTest.php:33

42) App\Tests\Functional\Controller\GameControllerTest::testShowGameReturnsNotFoundForInvalidId
Doctrine\DBAL\Exception\ConnectionException: An exception occurred in the driver: SQLSTATE[HY000] [1045] Accès refusé pour l'utilisateur: 'root'@'@localhost' (mot de passe: OUI)

C:\Users\roche\Documents\RochesWebStudio\Projet_OnlyRoll\OnlyRoll\backend\vendor\doctrine\dbal\src\Driver\API\MySQL\ExceptionConverter.php:112
C:\Users\roche\Documents\RochesWebStudio\Projet_OnlyRoll\OnlyRoll\backend\vendor\doctrine\dbal\src\Connection.php:1976
C:\Users\roche\Documents\RochesWebStudio\Projet_OnlyRoll\OnlyRoll\backend\vendor\doctrine\dbal\src\Connection.php:1924
C:\Users\roche\Documents\RochesWebStudio\Projet_OnlyRoll\OnlyRoll\backend\vendor\doctrine\dbal\src\Connection.php:385
C:\Users\roche\Documents\RochesWebStudio\Projet_OnlyRoll\OnlyRoll\backend\vendor\doctrine\dbal\src\Connection.php:1692
C:\Users\roche\Documents\RochesWebStudio\Projet_OnlyRoll\OnlyRoll\backend\vendor\doctrine\dbal\src\Connection.php:1087
C:\Users\roche\Documents\RochesWebStudio\Projet_OnlyRoll\OnlyRoll\backend\vendor\doctrine\orm\src\Persisters\Entity\BasicEntityPersister.php:942
C:\Users\roche\Documents\RochesWebStudio\Projet_OnlyRoll\OnlyRoll\backend\vendor\doctrine\orm\src\EntityRepository.php:110
C:\Users\roche\Documents\RochesWebStudio\Projet_OnlyRoll\OnlyRoll\backend\vendor\doctrine\doctrine-bundle\src\Repository\ServiceEntityRepositoryProxy.php:73
C:\Users\roche\Documents\RochesWebStudio\Projet_OnlyRoll\OnlyRoll\backend\vendor\doctrine\orm\src\EntityRepository.php:96
C:\Users\roche\Documents\RochesWebStudio\Projet_OnlyRoll\OnlyRoll\backend\tests\Functional\Controller\GameControllerTest.php:502
C:\Users\roche\Documents\RochesWebStudio\Projet_OnlyRoll\OnlyRoll\backend\tests\Functional\Controller\GameControllerTest.php:33

Caused by
Doctrine\DBAL\Driver\PDO\Exception: SQLSTATE[HY000] [1045] Accès refusé pour l'utilisateur: 'root'@'@localhost' (mot de passe: OUI)

C:\Users\roche\Documents\RochesWebStudio\Projet_OnlyRoll\OnlyRoll\backend\vendor\doctrine\dbal\src\Driver\PDO\Exception.php:24
C:\Users\roche\Documents\RochesWebStudio\Projet_OnlyRoll\OnlyRoll\backend\vendor\doctrine\dbal\src\Driver\PDO\MySQL\Driver.php:43
C:\Users\roche\Documents\RochesWebStudio\Projet_OnlyRoll\OnlyRoll\backend\vendor\doctrine\dbal\src\Driver\Middleware\AbstractDriverMiddleware.php:29
C:\Users\roche\Documents\RochesWebStudio\Projet_OnlyRoll\OnlyRoll\backend\vendor\symfony\doctrine-bridge\Middleware\Debug\Driver.php:37
C:\Users\roche\Documents\RochesWebStudio\Projet_OnlyRoll\OnlyRoll\backend\vendor\doctrine\dbal\src\Driver\Middleware\AbstractDriverMiddleware.php:29
C:\Users\roche\Documents\RochesWebStudio\Projet_OnlyRoll\OnlyRoll\backend\vendor\symfony\doctrine-bridge\Middleware\IdleConnection\Driver.php:35
C:\Users\roche\Documents\RochesWebStudio\Projet_OnlyRoll\OnlyRoll\backend\vendor\doctrine\dbal\src\Connection.php:383
C:\Users\roche\Documents\RochesWebStudio\Projet_OnlyRoll\OnlyRoll\backend\vendor\doctrine\dbal\src\Connection.php:1692
C:\Users\roche\Documents\RochesWebStudio\Projet_OnlyRoll\OnlyRoll\backend\vendor\doctrine\dbal\src\Connection.php:1087
C:\Users\roche\Documents\RochesWebStudio\Projet_OnlyRoll\OnlyRoll\backend\vendor\doctrine\orm\src\Persisters\Entity\BasicEntityPersister.php:942
C:\Users\roche\Documents\RochesWebStudio\Projet_OnlyRoll\OnlyRoll\backend\vendor\doctrine\orm\src\EntityRepository.php:110
C:\Users\roche\Documents\RochesWebStudio\Projet_OnlyRoll\OnlyRoll\backend\vendor\doctrine\doctrine-bundle\src\Repository\ServiceEntityRepositoryProxy.php:73
C:\Users\roche\Documents\RochesWebStudio\Projet_OnlyRoll\OnlyRoll\backend\vendor\doctrine\orm\src\EntityRepository.php:96
C:\Users\roche\Documents\RochesWebStudio\Projet_OnlyRoll\OnlyRoll\backend\tests\Functional\Controller\GameControllerTest.php:502
C:\Users\roche\Documents\RochesWebStudio\Projet_OnlyRoll\OnlyRoll\backend\tests\Functional\Controller\GameControllerTest.php:33

Caused by
PDOException: SQLSTATE[HY000] [1045] Accès refusé pour l'utilisateur: 'root'@'@localhost' (mot de passe: OUI)

C:\Users\roche\Documents\RochesWebStudio\Projet_OnlyRoll\OnlyRoll\backend\vendor\doctrine\dbal\src\Driver\PDO\PDOConnect.php:22
C:\Users\roche\Documents\RochesWebStudio\Projet_OnlyRoll\OnlyRoll\backend\vendor\doctrine\dbal\src\Driver\PDO\MySQL\Driver.php:36
C:\Users\roche\Documents\RochesWebStudio\Projet_OnlyRoll\OnlyRoll\backend\vendor\doctrine\dbal\src\Driver\Middleware\AbstractDriverMiddleware.php:29
C:\Users\roche\Documents\RochesWebStudio\Projet_OnlyRoll\OnlyRoll\backend\vendor\symfony\doctrine-bridge\Middleware\Debug\Driver.php:37
C:\Users\roche\Documents\RochesWebStudio\Projet_OnlyRoll\OnlyRoll\backend\vendor\doctrine\dbal\src\Driver\Middleware\AbstractDriverMiddleware.php:29
C:\Users\roche\Documents\RochesWebStudio\Projet_OnlyRoll\OnlyRoll\backend\vendor\symfony\doctrine-bridge\Middleware\IdleConnection\Driver.php:35
C:\Users\roche\Documents\RochesWebStudio\Projet_OnlyRoll\OnlyRoll\backend\vendor\doctrine\dbal\src\Connection.php:383
C:\Users\roche\Documents\RochesWebStudio\Projet_OnlyRoll\OnlyRoll\backend\vendor\doctrine\dbal\src\Connection.php:1692
C:\Users\roche\Documents\RochesWebStudio\Projet_OnlyRoll\OnlyRoll\backend\vendor\doctrine\dbal\src\Connection.php:1087
C:\Users\roche\Documents\RochesWebStudio\Projet_OnlyRoll\OnlyRoll\backend\vendor\doctrine\orm\src\Persisters\Entity\BasicEntityPersister.php:942
C:\Users\roche\Documents\RochesWebStudio\Projet_OnlyRoll\OnlyRoll\backend\vendor\doctrine\orm\src\EntityRepository.php:110
C:\Users\roche\Documents\RochesWebStudio\Projet_OnlyRoll\OnlyRoll\backend\vendor\doctrine\doctrine-bundle\src\Repository\ServiceEntityRepositoryProxy.php:73
C:\Users\roche\Documents\RochesWebStudio\Projet_OnlyRoll\OnlyRoll\backend\vendor\doctrine\orm\src\EntityRepository.php:96
C:\Users\roche\Documents\RochesWebStudio\Projet_OnlyRoll\OnlyRoll\backend\tests\Functional\Controller\GameControllerTest.php:502
C:\Users\roche\Documents\RochesWebStudio\Projet_OnlyRoll\OnlyRoll\backend\tests\Functional\Controller\GameControllerTest.php:33

43) App\Tests\Functional\Controller\GameControllerTest::testShowGameReturnsForbiddenForPrivateGame
Doctrine\DBAL\Exception\ConnectionException: An exception occurred in the driver: SQLSTATE[HY000] [1045] Accès refusé pour l'utilisateur: 'root'@'@localhost' (mot de passe: OUI)

C:\Users\roche\Documents\RochesWebStudio\Projet_OnlyRoll\OnlyRoll\backend\vendor\doctrine\dbal\src\Driver\API\MySQL\ExceptionConverter.php:112
C:\Users\roche\Documents\RochesWebStudio\Projet_OnlyRoll\OnlyRoll\backend\vendor\doctrine\dbal\src\Connection.php:1976
C:\Users\roche\Documents\RochesWebStudio\Projet_OnlyRoll\OnlyRoll\backend\vendor\doctrine\dbal\src\Connection.php:1924
C:\Users\roche\Documents\RochesWebStudio\Projet_OnlyRoll\OnlyRoll\backend\vendor\doctrine\dbal\src\Connection.php:385
C:\Users\roche\Documents\RochesWebStudio\Projet_OnlyRoll\OnlyRoll\backend\vendor\doctrine\dbal\src\Connection.php:1692
C:\Users\roche\Documents\RochesWebStudio\Projet_OnlyRoll\OnlyRoll\backend\vendor\doctrine\dbal\src\Connection.php:1087
C:\Users\roche\Documents\RochesWebStudio\Projet_OnlyRoll\OnlyRoll\backend\vendor\doctrine\orm\src\Persisters\Entity\BasicEntityPersister.php:942
C:\Users\roche\Documents\RochesWebStudio\Projet_OnlyRoll\OnlyRoll\backend\vendor\doctrine\orm\src\EntityRepository.php:110
C:\Users\roche\Documents\RochesWebStudio\Projet_OnlyRoll\OnlyRoll\backend\vendor\doctrine\doctrine-bundle\src\Repository\ServiceEntityRepositoryProxy.php:73
C:\Users\roche\Documents\RochesWebStudio\Projet_OnlyRoll\OnlyRoll\backend\vendor\doctrine\orm\src\EntityRepository.php:96
C:\Users\roche\Documents\RochesWebStudio\Projet_OnlyRoll\OnlyRoll\backend\tests\Functional\Controller\GameControllerTest.php:502
C:\Users\roche\Documents\RochesWebStudio\Projet_OnlyRoll\OnlyRoll\backend\tests\Functional\Controller\GameControllerTest.php:33

Caused by
Doctrine\DBAL\Driver\PDO\Exception: SQLSTATE[HY000] [1045] Accès refusé pour l'utilisateur: 'root'@'@localhost' (mot de passe: OUI)

C:\Users\roche\Documents\RochesWebStudio\Projet_OnlyRoll\OnlyRoll\backend\vendor\doctrine\dbal\src\Driver\PDO\Exception.php:24
C:\Users\roche\Documents\RochesWebStudio\Projet_OnlyRoll\OnlyRoll\backend\vendor\doctrine\dbal\src\Driver\PDO\MySQL\Driver.php:43
C:\Users\roche\Documents\RochesWebStudio\Projet_OnlyRoll\OnlyRoll\backend\vendor\doctrine\dbal\src\Driver\Middleware\AbstractDriverMiddleware.php:29
C:\Users\roche\Documents\RochesWebStudio\Projet_OnlyRoll\OnlyRoll\backend\vendor\symfony\doctrine-bridge\Middleware\Debug\Driver.php:37
C:\Users\roche\Documents\RochesWebStudio\Projet_OnlyRoll\OnlyRoll\backend\vendor\doctrine\dbal\src\Driver\Middleware\AbstractDriverMiddleware.php:29
C:\Users\roche\Documents\RochesWebStudio\Projet_OnlyRoll\OnlyRoll\backend\vendor\symfony\doctrine-bridge\Middleware\IdleConnection\Driver.php:35
C:\Users\roche\Documents\RochesWebStudio\Projet_OnlyRoll\OnlyRoll\backend\vendor\doctrine\dbal\src\Connection.php:383
C:\Users\roche\Documents\RochesWebStudio\Projet_OnlyRoll\OnlyRoll\backend\vendor\doctrine\dbal\src\Connection.php:1692
C:\Users\roche\Documents\RochesWebStudio\Projet_OnlyRoll\OnlyRoll\backend\vendor\doctrine\dbal\src\Connection.php:1087
C:\Users\roche\Documents\RochesWebStudio\Projet_OnlyRoll\OnlyRoll\backend\vendor\doctrine\orm\src\Persisters\Entity\BasicEntityPersister.php:942
C:\Users\roche\Documents\RochesWebStudio\Projet_OnlyRoll\OnlyRoll\backend\vendor\doctrine\orm\src\EntityRepository.php:110
C:\Users\roche\Documents\RochesWebStudio\Projet_OnlyRoll\OnlyRoll\backend\vendor\doctrine\doctrine-bundle\src\Repository\ServiceEntityRepositoryProxy.php:73
C:\Users\roche\Documents\RochesWebStudio\Projet_OnlyRoll\OnlyRoll\backend\vendor\doctrine\orm\src\EntityRepository.php:96
C:\Users\roche\Documents\RochesWebStudio\Projet_OnlyRoll\OnlyRoll\backend\tests\Functional\Controller\GameControllerTest.php:502
C:\Users\roche\Documents\RochesWebStudio\Projet_OnlyRoll\OnlyRoll\backend\tests\Functional\Controller\GameControllerTest.php:33

Caused by
PDOException: SQLSTATE[HY000] [1045] Accès refusé pour l'utilisateur: 'root'@'@localhost' (mot de passe: OUI)

C:\Users\roche\Documents\RochesWebStudio\Projet_OnlyRoll\OnlyRoll\backend\vendor\doctrine\dbal\src\Driver\PDO\PDOConnect.php:22
C:\Users\roche\Documents\RochesWebStudio\Projet_OnlyRoll\OnlyRoll\backend\vendor\doctrine\dbal\src\Driver\PDO\MySQL\Driver.php:36
C:\Users\roche\Documents\RochesWebStudio\Projet_OnlyRoll\OnlyRoll\backend\vendor\doctrine\dbal\src\Driver\Middleware\AbstractDriverMiddleware.php:29
C:\Users\roche\Documents\RochesWebStudio\Projet_OnlyRoll\OnlyRoll\backend\vendor\symfony\doctrine-bridge\Middleware\Debug\Driver.php:37
C:\Users\roche\Documents\RochesWebStudio\Projet_OnlyRoll\OnlyRoll\backend\vendor\doctrine\dbal\src\Driver\Middleware\AbstractDriverMiddleware.php:29
C:\Users\roche\Documents\RochesWebStudio\Projet_OnlyRoll\OnlyRoll\backend\vendor\symfony\doctrine-bridge\Middleware\IdleConnection\Driver.php:35
C:\Users\roche\Documents\RochesWebStudio\Projet_OnlyRoll\OnlyRoll\backend\vendor\doctrine\dbal\src\Connection.php:383
C:\Users\roche\Documents\RochesWebStudio\Projet_OnlyRoll\OnlyRoll\backend\vendor\doctrine\dbal\src\Connection.php:1692
C:\Users\roche\Documents\RochesWebStudio\Projet_OnlyRoll\OnlyRoll\backend\vendor\doctrine\dbal\src\Connection.php:1087
C:\Users\roche\Documents\RochesWebStudio\Projet_OnlyRoll\OnlyRoll\backend\vendor\doctrine\orm\src\Persisters\Entity\BasicEntityPersister.php:942
C:\Users\roche\Documents\RochesWebStudio\Projet_OnlyRoll\OnlyRoll\backend\vendor\doctrine\orm\src\EntityRepository.php:110
C:\Users\roche\Documents\RochesWebStudio\Projet_OnlyRoll\OnlyRoll\backend\vendor\doctrine\doctrine-bundle\src\Repository\ServiceEntityRepositoryProxy.php:73
C:\Users\roche\Documents\RochesWebStudio\Projet_OnlyRoll\OnlyRoll\backend\vendor\doctrine\orm\src\EntityRepository.php:96
C:\Users\roche\Documents\RochesWebStudio\Projet_OnlyRoll\OnlyRoll\backend\tests\Functional\Controller\GameControllerTest.php:502
C:\Users\roche\Documents\RochesWebStudio\Projet_OnlyRoll\OnlyRoll\backend\tests\Functional\Controller\GameControllerTest.php:33

44) App\Tests\Functional\Controller\GameControllerTest::testCreateGameWithValidData
Doctrine\DBAL\Exception\ConnectionException: An exception occurred in the driver: SQLSTATE[HY000] [1045] Accès refusé pour l'utilisateur: 'root'@'@localhost' (mot de passe: OUI)

C:\Users\roche\Documents\RochesWebStudio\Projet_OnlyRoll\OnlyRoll\backend\vendor\doctrine\dbal\src\Driver\API\MySQL\ExceptionConverter.php:112
C:\Users\roche\Documents\RochesWebStudio\Projet_OnlyRoll\OnlyRoll\backend\vendor\doctrine\dbal\src\Connection.php:1976
C:\Users\roche\Documents\RochesWebStudio\Projet_OnlyRoll\OnlyRoll\backend\vendor\doctrine\dbal\src\Connection.php:1924
C:\Users\roche\Documents\RochesWebStudio\Projet_OnlyRoll\OnlyRoll\backend\vendor\doctrine\dbal\src\Connection.php:385
C:\Users\roche\Documents\RochesWebStudio\Projet_OnlyRoll\OnlyRoll\backend\vendor\doctrine\dbal\src\Connection.php:1692
C:\Users\roche\Documents\RochesWebStudio\Projet_OnlyRoll\OnlyRoll\backend\vendor\doctrine\dbal\src\Connection.php:1087
C:\Users\roche\Documents\RochesWebStudio\Projet_OnlyRoll\OnlyRoll\backend\vendor\doctrine\orm\src\Persisters\Entity\BasicEntityPersister.php:942
C:\Users\roche\Documents\RochesWebStudio\Projet_OnlyRoll\OnlyRoll\backend\vendor\doctrine\orm\src\EntityRepository.php:110
C:\Users\roche\Documents\RochesWebStudio\Projet_OnlyRoll\OnlyRoll\backend\vendor\doctrine\doctrine-bundle\src\Repository\ServiceEntityRepositoryProxy.php:73
C:\Users\roche\Documents\RochesWebStudio\Projet_OnlyRoll\OnlyRoll\backend\vendor\doctrine\orm\src\EntityRepository.php:96
C:\Users\roche\Documents\RochesWebStudio\Projet_OnlyRoll\OnlyRoll\backend\tests\Functional\Controller\GameControllerTest.php:502
C:\Users\roche\Documents\RochesWebStudio\Projet_OnlyRoll\OnlyRoll\backend\tests\Functional\Controller\GameControllerTest.php:33

Caused by
Doctrine\DBAL\Driver\PDO\Exception: SQLSTATE[HY000] [1045] Accès refusé pour l'utilisateur: 'root'@'@localhost' (mot de passe: OUI)

C:\Users\roche\Documents\RochesWebStudio\Projet_OnlyRoll\OnlyRoll\backend\vendor\doctrine\dbal\src\Driver\PDO\Exception.php:24
C:\Users\roche\Documents\RochesWebStudio\Projet_OnlyRoll\OnlyRoll\backend\vendor\doctrine\dbal\src\Driver\PDO\MySQL\Driver.php:43
C:\Users\roche\Documents\RochesWebStudio\Projet_OnlyRoll\OnlyRoll\backend\vendor\doctrine\dbal\src\Driver\Middleware\AbstractDriverMiddleware.php:29
C:\Users\roche\Documents\RochesWebStudio\Projet_OnlyRoll\OnlyRoll\backend\vendor\symfony\doctrine-bridge\Middleware\Debug\Driver.php:37
C:\Users\roche\Documents\RochesWebStudio\Projet_OnlyRoll\OnlyRoll\backend\vendor\doctrine\dbal\src\Driver\Middleware\AbstractDriverMiddleware.php:29
C:\Users\roche\Documents\RochesWebStudio\Projet_OnlyRoll\OnlyRoll\backend\vendor\symfony\doctrine-bridge\Middleware\IdleConnection\Driver.php:35
C:\Users\roche\Documents\RochesWebStudio\Projet_OnlyRoll\OnlyRoll\backend\vendor\doctrine\dbal\src\Connection.php:383
C:\Users\roche\Documents\RochesWebStudio\Projet_OnlyRoll\OnlyRoll\backend\vendor\doctrine\dbal\src\Connection.php:1692
C:\Users\roche\Documents\RochesWebStudio\Projet_OnlyRoll\OnlyRoll\backend\vendor\doctrine\dbal\src\Connection.php:1087
C:\Users\roche\Documents\RochesWebStudio\Projet_OnlyRoll\OnlyRoll\backend\vendor\doctrine\orm\src\Persisters\Entity\BasicEntityPersister.php:942
C:\Users\roche\Documents\RochesWebStudio\Projet_OnlyRoll\OnlyRoll\backend\vendor\doctrine\orm\src\EntityRepository.php:110
C:\Users\roche\Documents\RochesWebStudio\Projet_OnlyRoll\OnlyRoll\backend\vendor\doctrine\doctrine-bundle\src\Repository\ServiceEntityRepositoryProxy.php:73
C:\Users\roche\Documents\RochesWebStudio\Projet_OnlyRoll\OnlyRoll\backend\vendor\doctrine\orm\src\EntityRepository.php:96
C:\Users\roche\Documents\RochesWebStudio\Projet_OnlyRoll\OnlyRoll\backend\tests\Functional\Controller\GameControllerTest.php:502
C:\Users\roche\Documents\RochesWebStudio\Projet_OnlyRoll\OnlyRoll\backend\tests\Functional\Controller\GameControllerTest.php:33

Caused by
PDOException: SQLSTATE[HY000] [1045] Accès refusé pour l'utilisateur: 'root'@'@localhost' (mot de passe: OUI)

C:\Users\roche\Documents\RochesWebStudio\Projet_OnlyRoll\OnlyRoll\backend\vendor\doctrine\dbal\src\Driver\PDO\PDOConnect.php:22
C:\Users\roche\Documents\RochesWebStudio\Projet_OnlyRoll\OnlyRoll\backend\vendor\doctrine\dbal\src\Driver\PDO\MySQL\Driver.php:36
C:\Users\roche\Documents\RochesWebStudio\Projet_OnlyRoll\OnlyRoll\backend\vendor\doctrine\dbal\src\Driver\Middleware\AbstractDriverMiddleware.php:29
C:\Users\roche\Documents\RochesWebStudio\Projet_OnlyRoll\OnlyRoll\backend\vendor\symfony\doctrine-bridge\Middleware\Debug\Driver.php:37
C:\Users\roche\Documents\RochesWebStudio\Projet_OnlyRoll\OnlyRoll\backend\vendor\doctrine\dbal\src\Driver\Middleware\AbstractDriverMiddleware.php:29
C:\Users\roche\Documents\RochesWebStudio\Projet_OnlyRoll\OnlyRoll\backend\vendor\symfony\doctrine-bridge\Middleware\IdleConnection\Driver.php:35
C:\Users\roche\Documents\RochesWebStudio\Projet_OnlyRoll\OnlyRoll\backend\vendor\doctrine\dbal\src\Connection.php:383
C:\Users\roche\Documents\RochesWebStudio\Projet_OnlyRoll\OnlyRoll\backend\vendor\doctrine\dbal\src\Connection.php:1692
C:\Users\roche\Documents\RochesWebStudio\Projet_OnlyRoll\OnlyRoll\backend\vendor\doctrine\dbal\src\Connection.php:1087
C:\Users\roche\Documents\RochesWebStudio\Projet_OnlyRoll\OnlyRoll\backend\vendor\doctrine\orm\src\Persisters\Entity\BasicEntityPersister.php:942
C:\Users\roche\Documents\RochesWebStudio\Projet_OnlyRoll\OnlyRoll\backend\vendor\doctrine\orm\src\EntityRepository.php:110
C:\Users\roche\Documents\RochesWebStudio\Projet_OnlyRoll\OnlyRoll\backend\vendor\doctrine\doctrine-bundle\src\Repository\ServiceEntityRepositoryProxy.php:73
C:\Users\roche\Documents\RochesWebStudio\Projet_OnlyRoll\OnlyRoll\backend\vendor\doctrine\orm\src\EntityRepository.php:96
C:\Users\roche\Documents\RochesWebStudio\Projet_OnlyRoll\OnlyRoll\backend\tests\Functional\Controller\GameControllerTest.php:502
C:\Users\roche\Documents\RochesWebStudio\Projet_OnlyRoll\OnlyRoll\backend\tests\Functional\Controller\GameControllerTest.php:33

45) App\Tests\Functional\Controller\GameControllerTest::testCreatePrivateGameWithPassword
Doctrine\DBAL\Exception\ConnectionException: An exception occurred in the driver: SQLSTATE[HY000] [1045] Accès refusé pour l'utilisateur: 'root'@'@localhost' (mot de passe: OUI)

C:\Users\roche\Documents\RochesWebStudio\Projet_OnlyRoll\OnlyRoll\backend\vendor\doctrine\dbal\src\Driver\API\MySQL\ExceptionConverter.php:112
C:\Users\roche\Documents\RochesWebStudio\Projet_OnlyRoll\OnlyRoll\backend\vendor\doctrine\dbal\src\Connection.php:1976
C:\Users\roche\Documents\RochesWebStudio\Projet_OnlyRoll\OnlyRoll\backend\vendor\doctrine\dbal\src\Connection.php:1924
C:\Users\roche\Documents\RochesWebStudio\Projet_OnlyRoll\OnlyRoll\backend\vendor\doctrine\dbal\src\Connection.php:385
C:\Users\roche\Documents\RochesWebStudio\Projet_OnlyRoll\OnlyRoll\backend\vendor\doctrine\dbal\src\Connection.php:1692
C:\Users\roche\Documents\RochesWebStudio\Projet_OnlyRoll\OnlyRoll\backend\vendor\doctrine\dbal\src\Connection.php:1087
C:\Users\roche\Documents\RochesWebStudio\Projet_OnlyRoll\OnlyRoll\backend\vendor\doctrine\orm\src\Persisters\Entity\BasicEntityPersister.php:942
C:\Users\roche\Documents\RochesWebStudio\Projet_OnlyRoll\OnlyRoll\backend\vendor\doctrine\orm\src\EntityRepository.php:110
C:\Users\roche\Documents\RochesWebStudio\Projet_OnlyRoll\OnlyRoll\backend\vendor\doctrine\doctrine-bundle\src\Repository\ServiceEntityRepositoryProxy.php:73
C:\Users\roche\Documents\RochesWebStudio\Projet_OnlyRoll\OnlyRoll\backend\vendor\doctrine\orm\src\EntityRepository.php:96
C:\Users\roche\Documents\RochesWebStudio\Projet_OnlyRoll\OnlyRoll\backend\tests\Functional\Controller\GameControllerTest.php:502
C:\Users\roche\Documents\RochesWebStudio\Projet_OnlyRoll\OnlyRoll\backend\tests\Functional\Controller\GameControllerTest.php:33

Caused by
Doctrine\DBAL\Driver\PDO\Exception: SQLSTATE[HY000] [1045] Accès refusé pour l'utilisateur: 'root'@'@localhost' (mot de passe: OUI)

C:\Users\roche\Documents\RochesWebStudio\Projet_OnlyRoll\OnlyRoll\backend\vendor\doctrine\dbal\src\Driver\PDO\Exception.php:24
C:\Users\roche\Documents\RochesWebStudio\Projet_OnlyRoll\OnlyRoll\backend\vendor\doctrine\dbal\src\Driver\PDO\MySQL\Driver.php:43
C:\Users\roche\Documents\RochesWebStudio\Projet_OnlyRoll\OnlyRoll\backend\vendor\doctrine\dbal\src\Driver\Middleware\AbstractDriverMiddleware.php:29
C:\Users\roche\Documents\RochesWebStudio\Projet_OnlyRoll\OnlyRoll\backend\vendor\symfony\doctrine-bridge\Middleware\Debug\Driver.php:37
C:\Users\roche\Documents\RochesWebStudio\Projet_OnlyRoll\OnlyRoll\backend\vendor\doctrine\dbal\src\Driver\Middleware\AbstractDriverMiddleware.php:29
C:\Users\roche\Documents\RochesWebStudio\Projet_OnlyRoll\OnlyRoll\backend\vendor\symfony\doctrine-bridge\Middleware\IdleConnection\Driver.php:35
C:\Users\roche\Documents\RochesWebStudio\Projet_OnlyRoll\OnlyRoll\backend\vendor\doctrine\dbal\src\Connection.php:383
C:\Users\roche\Documents\RochesWebStudio\Projet_OnlyRoll\OnlyRoll\backend\vendor\doctrine\dbal\src\Connection.php:1692
C:\Users\roche\Documents\RochesWebStudio\Projet_OnlyRoll\OnlyRoll\backend\vendor\doctrine\dbal\src\Connection.php:1087
C:\Users\roche\Documents\RochesWebStudio\Projet_OnlyRoll\OnlyRoll\backend\vendor\doctrine\orm\src\Persisters\Entity\BasicEntityPersister.php:942
C:\Users\roche\Documents\RochesWebStudio\Projet_OnlyRoll\OnlyRoll\backend\vendor\doctrine\orm\src\EntityRepository.php:110
C:\Users\roche\Documents\RochesWebStudio\Projet_OnlyRoll\OnlyRoll\backend\vendor\doctrine\doctrine-bundle\src\Repository\ServiceEntityRepositoryProxy.php:73
C:\Users\roche\Documents\RochesWebStudio\Projet_OnlyRoll\OnlyRoll\backend\vendor\doctrine\orm\src\EntityRepository.php:96
C:\Users\roche\Documents\RochesWebStudio\Projet_OnlyRoll\OnlyRoll\backend\tests\Functional\Controller\GameControllerTest.php:502
C:\Users\roche\Documents\RochesWebStudio\Projet_OnlyRoll\OnlyRoll\backend\tests\Functional\Controller\GameControllerTest.php:33

Caused by
PDOException: SQLSTATE[HY000] [1045] Accès refusé pour l'utilisateur: 'root'@'@localhost' (mot de passe: OUI)

C:\Users\roche\Documents\RochesWebStudio\Projet_OnlyRoll\OnlyRoll\backend\vendor\doctrine\dbal\src\Driver\PDO\PDOConnect.php:22
C:\Users\roche\Documents\RochesWebStudio\Projet_OnlyRoll\OnlyRoll\backend\vendor\doctrine\dbal\src\Driver\PDO\MySQL\Driver.php:36
C:\Users\roche\Documents\RochesWebStudio\Projet_OnlyRoll\OnlyRoll\backend\vendor\doctrine\dbal\src\Driver\Middleware\AbstractDriverMiddleware.php:29
C:\Users\roche\Documents\RochesWebStudio\Projet_OnlyRoll\OnlyRoll\backend\vendor\symfony\doctrine-bridge\Middleware\Debug\Driver.php:37
C:\Users\roche\Documents\RochesWebStudio\Projet_OnlyRoll\OnlyRoll\backend\vendor\doctrine\dbal\src\Driver\Middleware\AbstractDriverMiddleware.php:29
C:\Users\roche\Documents\RochesWebStudio\Projet_OnlyRoll\OnlyRoll\backend\vendor\symfony\doctrine-bridge\Middleware\IdleConnection\Driver.php:35
C:\Users\roche\Documents\RochesWebStudio\Projet_OnlyRoll\OnlyRoll\backend\vendor\doctrine\dbal\src\Connection.php:383
C:\Users\roche\Documents\RochesWebStudio\Projet_OnlyRoll\OnlyRoll\backend\vendor\doctrine\dbal\src\Connection.php:1692
C:\Users\roche\Documents\RochesWebStudio\Projet_OnlyRoll\OnlyRoll\backend\vendor\doctrine\dbal\src\Connection.php:1087
C:\Users\roche\Documents\RochesWebStudio\Projet_OnlyRoll\OnlyRoll\backend\vendor\doctrine\orm\src\Persisters\Entity\BasicEntityPersister.php:942
C:\Users\roche\Documents\RochesWebStudio\Projet_OnlyRoll\OnlyRoll\backend\vendor\doctrine\orm\src\EntityRepository.php:110
C:\Users\roche\Documents\RochesWebStudio\Projet_OnlyRoll\OnlyRoll\backend\vendor\doctrine\doctrine-bundle\src\Repository\ServiceEntityRepositoryProxy.php:73
C:\Users\roche\Documents\RochesWebStudio\Projet_OnlyRoll\OnlyRoll\backend\vendor\doctrine\orm\src\EntityRepository.php:96
C:\Users\roche\Documents\RochesWebStudio\Projet_OnlyRoll\OnlyRoll\backend\tests\Functional\Controller\GameControllerTest.php:502
C:\Users\roche\Documents\RochesWebStudio\Projet_OnlyRoll\OnlyRoll\backend\tests\Functional\Controller\GameControllerTest.php:33

46) App\Tests\Functional\Controller\GameControllerTest::testCreateGameWithInvalidDataReturnsBadRequest
Doctrine\DBAL\Exception\ConnectionException: An exception occurred in the driver: SQLSTATE[HY000] [1045] Accès refusé pour l'utilisateur: 'root'@'@localhost' (mot de passe: OUI)

C:\Users\roche\Documents\RochesWebStudio\Projet_OnlyRoll\OnlyRoll\backend\vendor\doctrine\dbal\src\Driver\API\MySQL\ExceptionConverter.php:112
C:\Users\roche\Documents\RochesWebStudio\Projet_OnlyRoll\OnlyRoll\backend\vendor\doctrine\dbal\src\Connection.php:1976
C:\Users\roche\Documents\RochesWebStudio\Projet_OnlyRoll\OnlyRoll\backend\vendor\doctrine\dbal\src\Connection.php:1924
C:\Users\roche\Documents\RochesWebStudio\Projet_OnlyRoll\OnlyRoll\backend\vendor\doctrine\dbal\src\Connection.php:385
C:\Users\roche\Documents\RochesWebStudio\Projet_OnlyRoll\OnlyRoll\backend\vendor\doctrine\dbal\src\Connection.php:1692
C:\Users\roche\Documents\RochesWebStudio\Projet_OnlyRoll\OnlyRoll\backend\vendor\doctrine\dbal\src\Connection.php:1087
C:\Users\roche\Documents\RochesWebStudio\Projet_OnlyRoll\OnlyRoll\backend\vendor\doctrine\orm\src\Persisters\Entity\BasicEntityPersister.php:942
C:\Users\roche\Documents\RochesWebStudio\Projet_OnlyRoll\OnlyRoll\backend\vendor\doctrine\orm\src\EntityRepository.php:110
C:\Users\roche\Documents\RochesWebStudio\Projet_OnlyRoll\OnlyRoll\backend\vendor\doctrine\doctrine-bundle\src\Repository\ServiceEntityRepositoryProxy.php:73
C:\Users\roche\Documents\RochesWebStudio\Projet_OnlyRoll\OnlyRoll\backend\vendor\doctrine\orm\src\EntityRepository.php:96
C:\Users\roche\Documents\RochesWebStudio\Projet_OnlyRoll\OnlyRoll\backend\tests\Functional\Controller\GameControllerTest.php:502
C:\Users\roche\Documents\RochesWebStudio\Projet_OnlyRoll\OnlyRoll\backend\tests\Functional\Controller\GameControllerTest.php:33

Caused by
Doctrine\DBAL\Driver\PDO\Exception: SQLSTATE[HY000] [1045] Accès refusé pour l'utilisateur: 'root'@'@localhost' (mot de passe: OUI)

C:\Users\roche\Documents\RochesWebStudio\Projet_OnlyRoll\OnlyRoll\backend\vendor\doctrine\dbal\src\Driver\PDO\Exception.php:24
C:\Users\roche\Documents\RochesWebStudio\Projet_OnlyRoll\OnlyRoll\backend\vendor\doctrine\dbal\src\Driver\PDO\MySQL\Driver.php:43
C:\Users\roche\Documents\RochesWebStudio\Projet_OnlyRoll\OnlyRoll\backend\vendor\doctrine\dbal\src\Driver\Middleware\AbstractDriverMiddleware.php:29
C:\Users\roche\Documents\RochesWebStudio\Projet_OnlyRoll\OnlyRoll\backend\vendor\symfony\doctrine-bridge\Middleware\Debug\Driver.php:37
C:\Users\roche\Documents\RochesWebStudio\Projet_OnlyRoll\OnlyRoll\backend\vendor\doctrine\dbal\src\Driver\Middleware\AbstractDriverMiddleware.php:29
C:\Users\roche\Documents\RochesWebStudio\Projet_OnlyRoll\OnlyRoll\backend\vendor\symfony\doctrine-bridge\Middleware\IdleConnection\Driver.php:35
C:\Users\roche\Documents\RochesWebStudio\Projet_OnlyRoll\OnlyRoll\backend\vendor\doctrine\dbal\src\Connection.php:383
C:\Users\roche\Documents\RochesWebStudio\Projet_OnlyRoll\OnlyRoll\backend\vendor\doctrine\dbal\src\Connection.php:1692
C:\Users\roche\Documents\RochesWebStudio\Projet_OnlyRoll\OnlyRoll\backend\vendor\doctrine\dbal\src\Connection.php:1087
C:\Users\roche\Documents\RochesWebStudio\Projet_OnlyRoll\OnlyRoll\backend\vendor\doctrine\orm\src\Persisters\Entity\BasicEntityPersister.php:942
C:\Users\roche\Documents\RochesWebStudio\Projet_OnlyRoll\OnlyRoll\backend\vendor\doctrine\orm\src\EntityRepository.php:110
C:\Users\roche\Documents\RochesWebStudio\Projet_OnlyRoll\OnlyRoll\backend\vendor\doctrine\doctrine-bundle\src\Repository\ServiceEntityRepositoryProxy.php:73
C:\Users\roche\Documents\RochesWebStudio\Projet_OnlyRoll\OnlyRoll\backend\vendor\doctrine\orm\src\EntityRepository.php:96
C:\Users\roche\Documents\RochesWebStudio\Projet_OnlyRoll\OnlyRoll\backend\tests\Functional\Controller\GameControllerTest.php:502
C:\Users\roche\Documents\RochesWebStudio\Projet_OnlyRoll\OnlyRoll\backend\tests\Functional\Controller\GameControllerTest.php:33

Caused by
PDOException: SQLSTATE[HY000] [1045] Accès refusé pour l'utilisateur: 'root'@'@localhost' (mot de passe: OUI)

C:\Users\roche\Documents\RochesWebStudio\Projet_OnlyRoll\OnlyRoll\backend\vendor\doctrine\dbal\src\Driver\PDO\PDOConnect.php:22
C:\Users\roche\Documents\RochesWebStudio\Projet_OnlyRoll\OnlyRoll\backend\vendor\doctrine\dbal\src\Driver\PDO\MySQL\Driver.php:36
C:\Users\roche\Documents\RochesWebStudio\Projet_OnlyRoll\OnlyRoll\backend\vendor\doctrine\dbal\src\Driver\Middleware\AbstractDriverMiddleware.php:29
C:\Users\roche\Documents\RochesWebStudio\Projet_OnlyRoll\OnlyRoll\backend\vendor\symfony\doctrine-bridge\Middleware\Debug\Driver.php:37
C:\Users\roche\Documents\RochesWebStudio\Projet_OnlyRoll\OnlyRoll\backend\vendor\doctrine\dbal\src\Driver\Middleware\AbstractDriverMiddleware.php:29
C:\Users\roche\Documents\RochesWebStudio\Projet_OnlyRoll\OnlyRoll\backend\vendor\symfony\doctrine-bridge\Middleware\IdleConnection\Driver.php:35
C:\Users\roche\Documents\RochesWebStudio\Projet_OnlyRoll\OnlyRoll\backend\vendor\doctrine\dbal\src\Connection.php:383
C:\Users\roche\Documents\RochesWebStudio\Projet_OnlyRoll\OnlyRoll\backend\vendor\doctrine\dbal\src\Connection.php:1692
C:\Users\roche\Documents\RochesWebStudio\Projet_OnlyRoll\OnlyRoll\backend\vendor\doctrine\dbal\src\Connection.php:1087
C:\Users\roche\Documents\RochesWebStudio\Projet_OnlyRoll\OnlyRoll\backend\vendor\doctrine\orm\src\Persisters\Entity\BasicEntityPersister.php:942
C:\Users\roche\Documents\RochesWebStudio\Projet_OnlyRoll\OnlyRoll\backend\vendor\doctrine\orm\src\EntityRepository.php:110
C:\Users\roche\Documents\RochesWebStudio\Projet_OnlyRoll\OnlyRoll\backend\vendor\doctrine\doctrine-bundle\src\Repository\ServiceEntityRepositoryProxy.php:73
C:\Users\roche\Documents\RochesWebStudio\Projet_OnlyRoll\OnlyRoll\backend\vendor\doctrine\orm\src\EntityRepository.php:96
C:\Users\roche\Documents\RochesWebStudio\Projet_OnlyRoll\OnlyRoll\backend\tests\Functional\Controller\GameControllerTest.php:502
C:\Users\roche\Documents\RochesWebStudio\Projet_OnlyRoll\OnlyRoll\backend\tests\Functional\Controller\GameControllerTest.php:33

47) App\Tests\Functional\Controller\GameControllerTest::testUpdateGameAsGameMaster
Doctrine\DBAL\Exception\ConnectionException: An exception occurred in the driver: SQLSTATE[HY000] [1045] Accès refusé pour l'utilisateur: 'root'@'@localhost' (mot de passe: OUI)

C:\Users\roche\Documents\RochesWebStudio\Projet_OnlyRoll\OnlyRoll\backend\vendor\doctrine\dbal\src\Driver\API\MySQL\ExceptionConverter.php:112
C:\Users\roche\Documents\RochesWebStudio\Projet_OnlyRoll\OnlyRoll\backend\vendor\doctrine\dbal\src\Connection.php:1976
C:\Users\roche\Documents\RochesWebStudio\Projet_OnlyRoll\OnlyRoll\backend\vendor\doctrine\dbal\src\Connection.php:1924
C:\Users\roche\Documents\RochesWebStudio\Projet_OnlyRoll\OnlyRoll\backend\vendor\doctrine\dbal\src\Connection.php:385
C:\Users\roche\Documents\RochesWebStudio\Projet_OnlyRoll\OnlyRoll\backend\vendor\doctrine\dbal\src\Connection.php:1692
C:\Users\roche\Documents\RochesWebStudio\Projet_OnlyRoll\OnlyRoll\backend\vendor\doctrine\dbal\src\Connection.php:1087
C:\Users\roche\Documents\RochesWebStudio\Projet_OnlyRoll\OnlyRoll\backend\vendor\doctrine\orm\src\Persisters\Entity\BasicEntityPersister.php:942
C:\Users\roche\Documents\RochesWebStudio\Projet_OnlyRoll\OnlyRoll\backend\vendor\doctrine\orm\src\EntityRepository.php:110
C:\Users\roche\Documents\RochesWebStudio\Projet_OnlyRoll\OnlyRoll\backend\vendor\doctrine\doctrine-bundle\src\Repository\ServiceEntityRepositoryProxy.php:73
C:\Users\roche\Documents\RochesWebStudio\Projet_OnlyRoll\OnlyRoll\backend\vendor\doctrine\orm\src\EntityRepository.php:96
C:\Users\roche\Documents\RochesWebStudio\Projet_OnlyRoll\OnlyRoll\backend\tests\Functional\Controller\GameControllerTest.php:502
C:\Users\roche\Documents\RochesWebStudio\Projet_OnlyRoll\OnlyRoll\backend\tests\Functional\Controller\GameControllerTest.php:33

Caused by
Doctrine\DBAL\Driver\PDO\Exception: SQLSTATE[HY000] [1045] Accès refusé pour l'utilisateur: 'root'@'@localhost' (mot de passe: OUI)

C:\Users\roche\Documents\RochesWebStudio\Projet_OnlyRoll\OnlyRoll\backend\vendor\doctrine\dbal\src\Driver\PDO\Exception.php:24
C:\Users\roche\Documents\RochesWebStudio\Projet_OnlyRoll\OnlyRoll\backend\vendor\doctrine\dbal\src\Driver\PDO\MySQL\Driver.php:43
C:\Users\roche\Documents\RochesWebStudio\Projet_OnlyRoll\OnlyRoll\backend\vendor\doctrine\dbal\src\Driver\Middleware\AbstractDriverMiddleware.php:29
C:\Users\roche\Documents\RochesWebStudio\Projet_OnlyRoll\OnlyRoll\backend\vendor\symfony\doctrine-bridge\Middleware\Debug\Driver.php:37
C:\Users\roche\Documents\RochesWebStudio\Projet_OnlyRoll\OnlyRoll\backend\vendor\doctrine\dbal\src\Driver\Middleware\AbstractDriverMiddleware.php:29
C:\Users\roche\Documents\RochesWebStudio\Projet_OnlyRoll\OnlyRoll\backend\vendor\symfony\doctrine-bridge\Middleware\IdleConnection\Driver.php:35
C:\Users\roche\Documents\RochesWebStudio\Projet_OnlyRoll\OnlyRoll\backend\vendor\doctrine\dbal\src\Connection.php:383
C:\Users\roche\Documents\RochesWebStudio\Projet_OnlyRoll\OnlyRoll\backend\vendor\doctrine\dbal\src\Connection.php:1692
C:\Users\roche\Documents\RochesWebStudio\Projet_OnlyRoll\OnlyRoll\backend\vendor\doctrine\dbal\src\Connection.php:1087
C:\Users\roche\Documents\RochesWebStudio\Projet_OnlyRoll\OnlyRoll\backend\vendor\doctrine\orm\src\Persisters\Entity\BasicEntityPersister.php:942
C:\Users\roche\Documents\RochesWebStudio\Projet_OnlyRoll\OnlyRoll\backend\vendor\doctrine\orm\src\EntityRepository.php:110
C:\Users\roche\Documents\RochesWebStudio\Projet_OnlyRoll\OnlyRoll\backend\vendor\doctrine\doctrine-bundle\src\Repository\ServiceEntityRepositoryProxy.php:73
C:\Users\roche\Documents\RochesWebStudio\Projet_OnlyRoll\OnlyRoll\backend\vendor\doctrine\orm\src\EntityRepository.php:96
C:\Users\roche\Documents\RochesWebStudio\Projet_OnlyRoll\OnlyRoll\backend\tests\Functional\Controller\GameControllerTest.php:502
C:\Users\roche\Documents\RochesWebStudio\Projet_OnlyRoll\OnlyRoll\backend\tests\Functional\Controller\GameControllerTest.php:33

Caused by
PDOException: SQLSTATE[HY000] [1045] Accès refusé pour l'utilisateur: 'root'@'@localhost' (mot de passe: OUI)

C:\Users\roche\Documents\RochesWebStudio\Projet_OnlyRoll\OnlyRoll\backend\vendor\doctrine\dbal\src\Driver\PDO\PDOConnect.php:22
C:\Users\roche\Documents\RochesWebStudio\Projet_OnlyRoll\OnlyRoll\backend\vendor\doctrine\dbal\src\Driver\PDO\MySQL\Driver.php:36
C:\Users\roche\Documents\RochesWebStudio\Projet_OnlyRoll\OnlyRoll\backend\vendor\doctrine\dbal\src\Driver\Middleware\AbstractDriverMiddleware.php:29
C:\Users\roche\Documents\RochesWebStudio\Projet_OnlyRoll\OnlyRoll\backend\vendor\symfony\doctrine-bridge\Middleware\Debug\Driver.php:37
C:\Users\roche\Documents\RochesWebStudio\Projet_OnlyRoll\OnlyRoll\backend\vendor\doctrine\dbal\src\Driver\Middleware\AbstractDriverMiddleware.php:29
C:\Users\roche\Documents\RochesWebStudio\Projet_OnlyRoll\OnlyRoll\backend\vendor\symfony\doctrine-bridge\Middleware\IdleConnection\Driver.php:35
C:\Users\roche\Documents\RochesWebStudio\Projet_OnlyRoll\OnlyRoll\backend\vendor\doctrine\dbal\src\Connection.php:383
C:\Users\roche\Documents\RochesWebStudio\Projet_OnlyRoll\OnlyRoll\backend\vendor\doctrine\dbal\src\Connection.php:1692
C:\Users\roche\Documents\RochesWebStudio\Projet_OnlyRoll\OnlyRoll\backend\vendor\doctrine\dbal\src\Connection.php:1087
C:\Users\roche\Documents\RochesWebStudio\Projet_OnlyRoll\OnlyRoll\backend\vendor\doctrine\orm\src\Persisters\Entity\BasicEntityPersister.php:942
C:\Users\roche\Documents\RochesWebStudio\Projet_OnlyRoll\OnlyRoll\backend\vendor\doctrine\orm\src\EntityRepository.php:110
C:\Users\roche\Documents\RochesWebStudio\Projet_OnlyRoll\OnlyRoll\backend\vendor\doctrine\doctrine-bundle\src\Repository\ServiceEntityRepositoryProxy.php:73
C:\Users\roche\Documents\RochesWebStudio\Projet_OnlyRoll\OnlyRoll\backend\vendor\doctrine\orm\src\EntityRepository.php:96
C:\Users\roche\Documents\RochesWebStudio\Projet_OnlyRoll\OnlyRoll\backend\tests\Functional\Controller\GameControllerTest.php:502
C:\Users\roche\Documents\RochesWebStudio\Projet_OnlyRoll\OnlyRoll\backend\tests\Functional\Controller\GameControllerTest.php:33

48) App\Tests\Functional\Controller\GameControllerTest::testUpdateGameAsNonGameMasterReturnsForbidden
Doctrine\DBAL\Exception\ConnectionException: An exception occurred in the driver: SQLSTATE[HY000] [1045] Accès refusé pour l'utilisateur: 'root'@'@localhost' (mot de passe: OUI)

C:\Users\roche\Documents\RochesWebStudio\Projet_OnlyRoll\OnlyRoll\backend\vendor\doctrine\dbal\src\Driver\API\MySQL\ExceptionConverter.php:112
C:\Users\roche\Documents\RochesWebStudio\Projet_OnlyRoll\OnlyRoll\backend\vendor\doctrine\dbal\src\Connection.php:1976
C:\Users\roche\Documents\RochesWebStudio\Projet_OnlyRoll\OnlyRoll\backend\vendor\doctrine\dbal\src\Connection.php:1924
C:\Users\roche\Documents\RochesWebStudio\Projet_OnlyRoll\OnlyRoll\backend\vendor\doctrine\dbal\src\Connection.php:385
C:\Users\roche\Documents\RochesWebStudio\Projet_OnlyRoll\OnlyRoll\backend\vendor\doctrine\dbal\src\Connection.php:1692
C:\Users\roche\Documents\RochesWebStudio\Projet_OnlyRoll\OnlyRoll\backend\vendor\doctrine\dbal\src\Connection.php:1087
C:\Users\roche\Documents\RochesWebStudio\Projet_OnlyRoll\OnlyRoll\backend\vendor\doctrine\orm\src\Persisters\Entity\BasicEntityPersister.php:942
C:\Users\roche\Documents\RochesWebStudio\Projet_OnlyRoll\OnlyRoll\backend\vendor\doctrine\orm\src\EntityRepository.php:110
C:\Users\roche\Documents\RochesWebStudio\Projet_OnlyRoll\OnlyRoll\backend\vendor\doctrine\doctrine-bundle\src\Repository\ServiceEntityRepositoryProxy.php:73
C:\Users\roche\Documents\RochesWebStudio\Projet_OnlyRoll\OnlyRoll\backend\vendor\doctrine\orm\src\EntityRepository.php:96
C:\Users\roche\Documents\RochesWebStudio\Projet_OnlyRoll\OnlyRoll\backend\tests\Functional\Controller\GameControllerTest.php:502
C:\Users\roche\Documents\RochesWebStudio\Projet_OnlyRoll\OnlyRoll\backend\tests\Functional\Controller\GameControllerTest.php:33

Caused by
Doctrine\DBAL\Driver\PDO\Exception: SQLSTATE[HY000] [1045] Accès refusé pour l'utilisateur: 'root'@'@localhost' (mot de passe: OUI)

C:\Users\roche\Documents\RochesWebStudio\Projet_OnlyRoll\OnlyRoll\backend\vendor\doctrine\dbal\src\Driver\PDO\Exception.php:24
C:\Users\roche\Documents\RochesWebStudio\Projet_OnlyRoll\OnlyRoll\backend\vendor\doctrine\dbal\src\Driver\PDO\MySQL\Driver.php:43
C:\Users\roche\Documents\RochesWebStudio\Projet_OnlyRoll\OnlyRoll\backend\vendor\doctrine\dbal\src\Driver\Middleware\AbstractDriverMiddleware.php:29
C:\Users\roche\Documents\RochesWebStudio\Projet_OnlyRoll\OnlyRoll\backend\vendor\symfony\doctrine-bridge\Middleware\Debug\Driver.php:37
C:\Users\roche\Documents\RochesWebStudio\Projet_OnlyRoll\OnlyRoll\backend\vendor\doctrine\dbal\src\Driver\Middleware\AbstractDriverMiddleware.php:29
C:\Users\roche\Documents\RochesWebStudio\Projet_OnlyRoll\OnlyRoll\backend\vendor\symfony\doctrine-bridge\Middleware\IdleConnection\Driver.php:35
C:\Users\roche\Documents\RochesWebStudio\Projet_OnlyRoll\OnlyRoll\backend\vendor\doctrine\dbal\src\Connection.php:383
C:\Users\roche\Documents\RochesWebStudio\Projet_OnlyRoll\OnlyRoll\backend\vendor\doctrine\dbal\src\Connection.php:1692
C:\Users\roche\Documents\RochesWebStudio\Projet_OnlyRoll\OnlyRoll\backend\vendor\doctrine\dbal\src\Connection.php:1087
C:\Users\roche\Documents\RochesWebStudio\Projet_OnlyRoll\OnlyRoll\backend\vendor\doctrine\orm\src\Persisters\Entity\BasicEntityPersister.php:942
C:\Users\roche\Documents\RochesWebStudio\Projet_OnlyRoll\OnlyRoll\backend\vendor\doctrine\orm\src\EntityRepository.php:110
C:\Users\roche\Documents\RochesWebStudio\Projet_OnlyRoll\OnlyRoll\backend\vendor\doctrine\doctrine-bundle\src\Repository\ServiceEntityRepositoryProxy.php:73
C:\Users\roche\Documents\RochesWebStudio\Projet_OnlyRoll\OnlyRoll\backend\vendor\doctrine\orm\src\EntityRepository.php:96
C:\Users\roche\Documents\RochesWebStudio\Projet_OnlyRoll\OnlyRoll\backend\tests\Functional\Controller\GameControllerTest.php:502
C:\Users\roche\Documents\RochesWebStudio\Projet_OnlyRoll\OnlyRoll\backend\tests\Functional\Controller\GameControllerTest.php:33

Caused by
PDOException: SQLSTATE[HY000] [1045] Accès refusé pour l'utilisateur: 'root'@'@localhost' (mot de passe: OUI)

C:\Users\roche\Documents\RochesWebStudio\Projet_OnlyRoll\OnlyRoll\backend\vendor\doctrine\dbal\src\Driver\PDO\PDOConnect.php:22
C:\Users\roche\Documents\RochesWebStudio\Projet_OnlyRoll\OnlyRoll\backend\vendor\doctrine\dbal\src\Driver\PDO\MySQL\Driver.php:36
C:\Users\roche\Documents\RochesWebStudio\Projet_OnlyRoll\OnlyRoll\backend\vendor\doctrine\dbal\src\Driver\Middleware\AbstractDriverMiddleware.php:29
C:\Users\roche\Documents\RochesWebStudio\Projet_OnlyRoll\OnlyRoll\backend\vendor\symfony\doctrine-bridge\Middleware\Debug\Driver.php:37
C:\Users\roche\Documents\RochesWebStudio\Projet_OnlyRoll\OnlyRoll\backend\vendor\doctrine\dbal\src\Driver\Middleware\AbstractDriverMiddleware.php:29
C:\Users\roche\Documents\RochesWebStudio\Projet_OnlyRoll\OnlyRoll\backend\vendor\symfony\doctrine-bridge\Middleware\IdleConnection\Driver.php:35
C:\Users\roche\Documents\RochesWebStudio\Projet_OnlyRoll\OnlyRoll\backend\vendor\doctrine\dbal\src\Connection.php:383
C:\Users\roche\Documents\RochesWebStudio\Projet_OnlyRoll\OnlyRoll\backend\vendor\doctrine\dbal\src\Connection.php:1692
C:\Users\roche\Documents\RochesWebStudio\Projet_OnlyRoll\OnlyRoll\backend\vendor\doctrine\dbal\src\Connection.php:1087
C:\Users\roche\Documents\RochesWebStudio\Projet_OnlyRoll\OnlyRoll\backend\vendor\doctrine\orm\src\Persisters\Entity\BasicEntityPersister.php:942
C:\Users\roche\Documents\RochesWebStudio\Projet_OnlyRoll\OnlyRoll\backend\vendor\doctrine\orm\src\EntityRepository.php:110
C:\Users\roche\Documents\RochesWebStudio\Projet_OnlyRoll\OnlyRoll\backend\vendor\doctrine\doctrine-bundle\src\Repository\ServiceEntityRepositoryProxy.php:73
C:\Users\roche\Documents\RochesWebStudio\Projet_OnlyRoll\OnlyRoll\backend\vendor\doctrine\orm\src\EntityRepository.php:96
C:\Users\roche\Documents\RochesWebStudio\Projet_OnlyRoll\OnlyRoll\backend\tests\Functional\Controller\GameControllerTest.php:502
C:\Users\roche\Documents\RochesWebStudio\Projet_OnlyRoll\OnlyRoll\backend\tests\Functional\Controller\GameControllerTest.php:33

49) App\Tests\Functional\Controller\GameControllerTest::testUpdateGameReturnsNotFoundForInvalidId
Doctrine\DBAL\Exception\ConnectionException: An exception occurred in the driver: SQLSTATE[HY000] [1045] Accès refusé pour l'utilisateur: 'root'@'@localhost' (mot de passe: OUI)

C:\Users\roche\Documents\RochesWebStudio\Projet_OnlyRoll\OnlyRoll\backend\vendor\doctrine\dbal\src\Driver\API\MySQL\ExceptionConverter.php:112
C:\Users\roche\Documents\RochesWebStudio\Projet_OnlyRoll\OnlyRoll\backend\vendor\doctrine\dbal\src\Connection.php:1976
C:\Users\roche\Documents\RochesWebStudio\Projet_OnlyRoll\OnlyRoll\backend\vendor\doctrine\dbal\src\Connection.php:1924
C:\Users\roche\Documents\RochesWebStudio\Projet_OnlyRoll\OnlyRoll\backend\vendor\doctrine\dbal\src\Connection.php:385
C:\Users\roche\Documents\RochesWebStudio\Projet_OnlyRoll\OnlyRoll\backend\vendor\doctrine\dbal\src\Connection.php:1692
C:\Users\roche\Documents\RochesWebStudio\Projet_OnlyRoll\OnlyRoll\backend\vendor\doctrine\dbal\src\Connection.php:1087
C:\Users\roche\Documents\RochesWebStudio\Projet_OnlyRoll\OnlyRoll\backend\vendor\doctrine\orm\src\Persisters\Entity\BasicEntityPersister.php:942
C:\Users\roche\Documents\RochesWebStudio\Projet_OnlyRoll\OnlyRoll\backend\vendor\doctrine\orm\src\EntityRepository.php:110
C:\Users\roche\Documents\RochesWebStudio\Projet_OnlyRoll\OnlyRoll\backend\vendor\doctrine\doctrine-bundle\src\Repository\ServiceEntityRepositoryProxy.php:73
C:\Users\roche\Documents\RochesWebStudio\Projet_OnlyRoll\OnlyRoll\backend\vendor\doctrine\orm\src\EntityRepository.php:96
C:\Users\roche\Documents\RochesWebStudio\Projet_OnlyRoll\OnlyRoll\backend\tests\Functional\Controller\GameControllerTest.php:502
C:\Users\roche\Documents\RochesWebStudio\Projet_OnlyRoll\OnlyRoll\backend\tests\Functional\Controller\GameControllerTest.php:33

Caused by
Doctrine\DBAL\Driver\PDO\Exception: SQLSTATE[HY000] [1045] Accès refusé pour l'utilisateur: 'root'@'@localhost' (mot de passe: OUI)

C:\Users\roche\Documents\RochesWebStudio\Projet_OnlyRoll\OnlyRoll\backend\vendor\doctrine\dbal\src\Driver\PDO\Exception.php:24
C:\Users\roche\Documents\RochesWebStudio\Projet_OnlyRoll\OnlyRoll\backend\vendor\doctrine\dbal\src\Driver\PDO\MySQL\Driver.php:43
C:\Users\roche\Documents\RochesWebStudio\Projet_OnlyRoll\OnlyRoll\backend\vendor\doctrine\dbal\src\Driver\Middleware\AbstractDriverMiddleware.php:29
C:\Users\roche\Documents\RochesWebStudio\Projet_OnlyRoll\OnlyRoll\backend\vendor\symfony\doctrine-bridge\Middleware\Debug\Driver.php:37
C:\Users\roche\Documents\RochesWebStudio\Projet_OnlyRoll\OnlyRoll\backend\vendor\doctrine\dbal\src\Driver\Middleware\AbstractDriverMiddleware.php:29
C:\Users\roche\Documents\RochesWebStudio\Projet_OnlyRoll\OnlyRoll\backend\vendor\symfony\doctrine-bridge\Middleware\IdleConnection\Driver.php:35
C:\Users\roche\Documents\RochesWebStudio\Projet_OnlyRoll\OnlyRoll\backend\vendor\doctrine\dbal\src\Connection.php:383
C:\Users\roche\Documents\RochesWebStudio\Projet_OnlyRoll\OnlyRoll\backend\vendor\doctrine\dbal\src\Connection.php:1692
C:\Users\roche\Documents\RochesWebStudio\Projet_OnlyRoll\OnlyRoll\backend\vendor\doctrine\dbal\src\Connection.php:1087
C:\Users\roche\Documents\RochesWebStudio\Projet_OnlyRoll\OnlyRoll\backend\vendor\doctrine\orm\src\Persisters\Entity\BasicEntityPersister.php:942
C:\Users\roche\Documents\RochesWebStudio\Projet_OnlyRoll\OnlyRoll\backend\vendor\doctrine\orm\src\EntityRepository.php:110
C:\Users\roche\Documents\RochesWebStudio\Projet_OnlyRoll\OnlyRoll\backend\vendor\doctrine\doctrine-bundle\src\Repository\ServiceEntityRepositoryProxy.php:73
C:\Users\roche\Documents\RochesWebStudio\Projet_OnlyRoll\OnlyRoll\backend\vendor\doctrine\orm\src\EntityRepository.php:96
C:\Users\roche\Documents\RochesWebStudio\Projet_OnlyRoll\OnlyRoll\backend\tests\Functional\Controller\GameControllerTest.php:502
C:\Users\roche\Documents\RochesWebStudio\Projet_OnlyRoll\OnlyRoll\backend\tests\Functional\Controller\GameControllerTest.php:33

Caused by
PDOException: SQLSTATE[HY000] [1045] Accès refusé pour l'utilisateur: 'root'@'@localhost' (mot de passe: OUI)

C:\Users\roche\Documents\RochesWebStudio\Projet_OnlyRoll\OnlyRoll\backend\vendor\doctrine\dbal\src\Driver\PDO\PDOConnect.php:22
C:\Users\roche\Documents\RochesWebStudio\Projet_OnlyRoll\OnlyRoll\backend\vendor\doctrine\dbal\src\Driver\PDO\MySQL\Driver.php:36
C:\Users\roche\Documents\RochesWebStudio\Projet_OnlyRoll\OnlyRoll\backend\vendor\doctrine\dbal\src\Driver\Middleware\AbstractDriverMiddleware.php:29
C:\Users\roche\Documents\RochesWebStudio\Projet_OnlyRoll\OnlyRoll\backend\vendor\symfony\doctrine-bridge\Middleware\Debug\Driver.php:37
C:\Users\roche\Documents\RochesWebStudio\Projet_OnlyRoll\OnlyRoll\backend\vendor\doctrine\dbal\src\Driver\Middleware\AbstractDriverMiddleware.php:29
C:\Users\roche\Documents\RochesWebStudio\Projet_OnlyRoll\OnlyRoll\backend\vendor\symfony\doctrine-bridge\Middleware\IdleConnection\Driver.php:35
C:\Users\roche\Documents\RochesWebStudio\Projet_OnlyRoll\OnlyRoll\backend\vendor\doctrine\dbal\src\Connection.php:383
C:\Users\roche\Documents\RochesWebStudio\Projet_OnlyRoll\OnlyRoll\backend\vendor\doctrine\dbal\src\Connection.php:1692
C:\Users\roche\Documents\RochesWebStudio\Projet_OnlyRoll\OnlyRoll\backend\vendor\doctrine\dbal\src\Connection.php:1087
C:\Users\roche\Documents\RochesWebStudio\Projet_OnlyRoll\OnlyRoll\backend\vendor\doctrine\orm\src\Persisters\Entity\BasicEntityPersister.php:942
C:\Users\roche\Documents\RochesWebStudio\Projet_OnlyRoll\OnlyRoll\backend\vendor\doctrine\orm\src\EntityRepository.php:110
C:\Users\roche\Documents\RochesWebStudio\Projet_OnlyRoll\OnlyRoll\backend\vendor\doctrine\doctrine-bundle\src\Repository\ServiceEntityRepositoryProxy.php:73
C:\Users\roche\Documents\RochesWebStudio\Projet_OnlyRoll\OnlyRoll\backend\vendor\doctrine\orm\src\EntityRepository.php:96
C:\Users\roche\Documents\RochesWebStudio\Projet_OnlyRoll\OnlyRoll\backend\tests\Functional\Controller\GameControllerTest.php:502
C:\Users\roche\Documents\RochesWebStudio\Projet_OnlyRoll\OnlyRoll\backend\tests\Functional\Controller\GameControllerTest.php:33

50) App\Tests\Functional\Controller\GameControllerTest::testJoinByCodeWithValidInviteCode
Doctrine\DBAL\Exception\ConnectionException: An exception occurred in the driver: SQLSTATE[HY000] [1045] Accès refusé pour l'utilisateur: 'root'@'@localhost' (mot de passe: OUI)

C:\Users\roche\Documents\RochesWebStudio\Projet_OnlyRoll\OnlyRoll\backend\vendor\doctrine\dbal\src\Driver\API\MySQL\ExceptionConverter.php:112
C:\Users\roche\Documents\RochesWebStudio\Projet_OnlyRoll\OnlyRoll\backend\vendor\doctrine\dbal\src\Connection.php:1976
C:\Users\roche\Documents\RochesWebStudio\Projet_OnlyRoll\OnlyRoll\backend\vendor\doctrine\dbal\src\Connection.php:1924
C:\Users\roche\Documents\RochesWebStudio\Projet_OnlyRoll\OnlyRoll\backend\vendor\doctrine\dbal\src\Connection.php:385
C:\Users\roche\Documents\RochesWebStudio\Projet_OnlyRoll\OnlyRoll\backend\vendor\doctrine\dbal\src\Connection.php:1692
C:\Users\roche\Documents\RochesWebStudio\Projet_OnlyRoll\OnlyRoll\backend\vendor\doctrine\dbal\src\Connection.php:1087
C:\Users\roche\Documents\RochesWebStudio\Projet_OnlyRoll\OnlyRoll\backend\vendor\doctrine\orm\src\Persisters\Entity\BasicEntityPersister.php:942
C:\Users\roche\Documents\RochesWebStudio\Projet_OnlyRoll\OnlyRoll\backend\vendor\doctrine\orm\src\EntityRepository.php:110
C:\Users\roche\Documents\RochesWebStudio\Projet_OnlyRoll\OnlyRoll\backend\vendor\doctrine\doctrine-bundle\src\Repository\ServiceEntityRepositoryProxy.php:73
C:\Users\roche\Documents\RochesWebStudio\Projet_OnlyRoll\OnlyRoll\backend\vendor\doctrine\orm\src\EntityRepository.php:96
C:\Users\roche\Documents\RochesWebStudio\Projet_OnlyRoll\OnlyRoll\backend\tests\Functional\Controller\GameControllerTest.php:502
C:\Users\roche\Documents\RochesWebStudio\Projet_OnlyRoll\OnlyRoll\backend\tests\Functional\Controller\GameControllerTest.php:33

Caused by
Doctrine\DBAL\Driver\PDO\Exception: SQLSTATE[HY000] [1045] Accès refusé pour l'utilisateur: 'root'@'@localhost' (mot de passe: OUI)

C:\Users\roche\Documents\RochesWebStudio\Projet_OnlyRoll\OnlyRoll\backend\vendor\doctrine\dbal\src\Driver\PDO\Exception.php:24
C:\Users\roche\Documents\RochesWebStudio\Projet_OnlyRoll\OnlyRoll\backend\vendor\doctrine\dbal\src\Driver\PDO\MySQL\Driver.php:43
C:\Users\roche\Documents\RochesWebStudio\Projet_OnlyRoll\OnlyRoll\backend\vendor\doctrine\dbal\src\Driver\Middleware\AbstractDriverMiddleware.php:29
C:\Users\roche\Documents\RochesWebStudio\Projet_OnlyRoll\OnlyRoll\backend\vendor\symfony\doctrine-bridge\Middleware\Debug\Driver.php:37
C:\Users\roche\Documents\RochesWebStudio\Projet_OnlyRoll\OnlyRoll\backend\vendor\doctrine\dbal\src\Driver\Middleware\AbstractDriverMiddleware.php:29
C:\Users\roche\Documents\RochesWebStudio\Projet_OnlyRoll\OnlyRoll\backend\vendor\symfony\doctrine-bridge\Middleware\IdleConnection\Driver.php:35
C:\Users\roche\Documents\RochesWebStudio\Projet_OnlyRoll\OnlyRoll\backend\vendor\doctrine\dbal\src\Connection.php:383
C:\Users\roche\Documents\RochesWebStudio\Projet_OnlyRoll\OnlyRoll\backend\vendor\doctrine\dbal\src\Connection.php:1692
C:\Users\roche\Documents\RochesWebStudio\Projet_OnlyRoll\OnlyRoll\backend\vendor\doctrine\dbal\src\Connection.php:1087
C:\Users\roche\Documents\RochesWebStudio\Projet_OnlyRoll\OnlyRoll\backend\vendor\doctrine\orm\src\Persisters\Entity\BasicEntityPersister.php:942
C:\Users\roche\Documents\RochesWebStudio\Projet_OnlyRoll\OnlyRoll\backend\vendor\doctrine\orm\src\EntityRepository.php:110
C:\Users\roche\Documents\RochesWebStudio\Projet_OnlyRoll\OnlyRoll\backend\vendor\doctrine\doctrine-bundle\src\Repository\ServiceEntityRepositoryProxy.php:73
C:\Users\roche\Documents\RochesWebStudio\Projet_OnlyRoll\OnlyRoll\backend\vendor\doctrine\orm\src\EntityRepository.php:96
C:\Users\roche\Documents\RochesWebStudio\Projet_OnlyRoll\OnlyRoll\backend\tests\Functional\Controller\GameControllerTest.php:502
C:\Users\roche\Documents\RochesWebStudio\Projet_OnlyRoll\OnlyRoll\backend\tests\Functional\Controller\GameControllerTest.php:33

Caused by
PDOException: SQLSTATE[HY000] [1045] Accès refusé pour l'utilisateur: 'root'@'@localhost' (mot de passe: OUI)

C:\Users\roche\Documents\RochesWebStudio\Projet_OnlyRoll\OnlyRoll\backend\vendor\doctrine\dbal\src\Driver\PDO\PDOConnect.php:22
C:\Users\roche\Documents\RochesWebStudio\Projet_OnlyRoll\OnlyRoll\backend\vendor\doctrine\dbal\src\Driver\PDO\MySQL\Driver.php:36
C:\Users\roche\Documents\RochesWebStudio\Projet_OnlyRoll\OnlyRoll\backend\vendor\doctrine\dbal\src\Driver\Middleware\AbstractDriverMiddleware.php:29
C:\Users\roche\Documents\RochesWebStudio\Projet_OnlyRoll\OnlyRoll\backend\vendor\symfony\doctrine-bridge\Middleware\Debug\Driver.php:37
C:\Users\roche\Documents\RochesWebStudio\Projet_OnlyRoll\OnlyRoll\backend\vendor\doctrine\dbal\src\Driver\Middleware\AbstractDriverMiddleware.php:29
C:\Users\roche\Documents\RochesWebStudio\Projet_OnlyRoll\OnlyRoll\backend\vendor\symfony\doctrine-bridge\Middleware\IdleConnection\Driver.php:35
C:\Users\roche\Documents\RochesWebStudio\Projet_OnlyRoll\OnlyRoll\backend\vendor\doctrine\dbal\src\Connection.php:383
C:\Users\roche\Documents\RochesWebStudio\Projet_OnlyRoll\OnlyRoll\backend\vendor\doctrine\dbal\src\Connection.php:1692
C:\Users\roche\Documents\RochesWebStudio\Projet_OnlyRoll\OnlyRoll\backend\vendor\doctrine\dbal\src\Connection.php:1087
C:\Users\roche\Documents\RochesWebStudio\Projet_OnlyRoll\OnlyRoll\backend\vendor\doctrine\orm\src\Persisters\Entity\BasicEntityPersister.php:942
C:\Users\roche\Documents\RochesWebStudio\Projet_OnlyRoll\OnlyRoll\backend\vendor\doctrine\orm\src\EntityRepository.php:110
C:\Users\roche\Documents\RochesWebStudio\Projet_OnlyRoll\OnlyRoll\backend\vendor\doctrine\doctrine-bundle\src\Repository\ServiceEntityRepositoryProxy.php:73
C:\Users\roche\Documents\RochesWebStudio\Projet_OnlyRoll\OnlyRoll\backend\vendor\doctrine\orm\src\EntityRepository.php:96
C:\Users\roche\Documents\RochesWebStudio\Projet_OnlyRoll\OnlyRoll\backend\tests\Functional\Controller\GameControllerTest.php:502
C:\Users\roche\Documents\RochesWebStudio\Projet_OnlyRoll\OnlyRoll\backend\tests\Functional\Controller\GameControllerTest.php:33

51) App\Tests\Functional\Controller\GameControllerTest::testJoinByCodeWithInvalidInviteCode
Doctrine\DBAL\Exception\ConnectionException: An exception occurred in the driver: SQLSTATE[HY000] [1045] Accès refusé pour l'utilisateur: 'root'@'@localhost' (mot de passe: OUI)

C:\Users\roche\Documents\RochesWebStudio\Projet_OnlyRoll\OnlyRoll\backend\vendor\doctrine\dbal\src\Driver\API\MySQL\ExceptionConverter.php:112
C:\Users\roche\Documents\RochesWebStudio\Projet_OnlyRoll\OnlyRoll\backend\vendor\doctrine\dbal\src\Connection.php:1976
C:\Users\roche\Documents\RochesWebStudio\Projet_OnlyRoll\OnlyRoll\backend\vendor\doctrine\dbal\src\Connection.php:1924
C:\Users\roche\Documents\RochesWebStudio\Projet_OnlyRoll\OnlyRoll\backend\vendor\doctrine\dbal\src\Connection.php:385
C:\Users\roche\Documents\RochesWebStudio\Projet_OnlyRoll\OnlyRoll\backend\vendor\doctrine\dbal\src\Connection.php:1692
C:\Users\roche\Documents\RochesWebStudio\Projet_OnlyRoll\OnlyRoll\backend\vendor\doctrine\dbal\src\Connection.php:1087
C:\Users\roche\Documents\RochesWebStudio\Projet_OnlyRoll\OnlyRoll\backend\vendor\doctrine\orm\src\Persisters\Entity\BasicEntityPersister.php:942
C:\Users\roche\Documents\RochesWebStudio\Projet_OnlyRoll\OnlyRoll\backend\vendor\doctrine\orm\src\EntityRepository.php:110
C:\Users\roche\Documents\RochesWebStudio\Projet_OnlyRoll\OnlyRoll\backend\vendor\doctrine\doctrine-bundle\src\Repository\ServiceEntityRepositoryProxy.php:73
C:\Users\roche\Documents\RochesWebStudio\Projet_OnlyRoll\OnlyRoll\backend\vendor\doctrine\orm\src\EntityRepository.php:96
C:\Users\roche\Documents\RochesWebStudio\Projet_OnlyRoll\OnlyRoll\backend\tests\Functional\Controller\GameControllerTest.php:502
C:\Users\roche\Documents\RochesWebStudio\Projet_OnlyRoll\OnlyRoll\backend\tests\Functional\Controller\GameControllerTest.php:33

Caused by
Doctrine\DBAL\Driver\PDO\Exception: SQLSTATE[HY000] [1045] Accès refusé pour l'utilisateur: 'root'@'@localhost' (mot de passe: OUI)

C:\Users\roche\Documents\RochesWebStudio\Projet_OnlyRoll\OnlyRoll\backend\vendor\doctrine\dbal\src\Driver\PDO\Exception.php:24
C:\Users\roche\Documents\RochesWebStudio\Projet_OnlyRoll\OnlyRoll\backend\vendor\doctrine\dbal\src\Driver\PDO\MySQL\Driver.php:43
C:\Users\roche\Documents\RochesWebStudio\Projet_OnlyRoll\OnlyRoll\backend\vendor\doctrine\dbal\src\Driver\Middleware\AbstractDriverMiddleware.php:29
C:\Users\roche\Documents\RochesWebStudio\Projet_OnlyRoll\OnlyRoll\backend\vendor\symfony\doctrine-bridge\Middleware\Debug\Driver.php:37
C:\Users\roche\Documents\RochesWebStudio\Projet_OnlyRoll\OnlyRoll\backend\vendor\doctrine\dbal\src\Driver\Middleware\AbstractDriverMiddleware.php:29
C:\Users\roche\Documents\RochesWebStudio\Projet_OnlyRoll\OnlyRoll\backend\vendor\symfony\doctrine-bridge\Middleware\IdleConnection\Driver.php:35
C:\Users\roche\Documents\RochesWebStudio\Projet_OnlyRoll\OnlyRoll\backend\vendor\doctrine\dbal\src\Connection.php:383
C:\Users\roche\Documents\RochesWebStudio\Projet_OnlyRoll\OnlyRoll\backend\vendor\doctrine\dbal\src\Connection.php:1692
C:\Users\roche\Documents\RochesWebStudio\Projet_OnlyRoll\OnlyRoll\backend\vendor\doctrine\dbal\src\Connection.php:1087
C:\Users\roche\Documents\RochesWebStudio\Projet_OnlyRoll\OnlyRoll\backend\vendor\doctrine\orm\src\Persisters\Entity\BasicEntityPersister.php:942
C:\Users\roche\Documents\RochesWebStudio\Projet_OnlyRoll\OnlyRoll\backend\vendor\doctrine\orm\src\EntityRepository.php:110
C:\Users\roche\Documents\RochesWebStudio\Projet_OnlyRoll\OnlyRoll\backend\vendor\doctrine\doctrine-bundle\src\Repository\ServiceEntityRepositoryProxy.php:73
C:\Users\roche\Documents\RochesWebStudio\Projet_OnlyRoll\OnlyRoll\backend\vendor\doctrine\orm\src\EntityRepository.php:96
C:\Users\roche\Documents\RochesWebStudio\Projet_OnlyRoll\OnlyRoll\backend\tests\Functional\Controller\GameControllerTest.php:502
C:\Users\roche\Documents\RochesWebStudio\Projet_OnlyRoll\OnlyRoll\backend\tests\Functional\Controller\GameControllerTest.php:33

Caused by
PDOException: SQLSTATE[HY000] [1045] Accès refusé pour l'utilisateur: 'root'@'@localhost' (mot de passe: OUI)

C:\Users\roche\Documents\RochesWebStudio\Projet_OnlyRoll\OnlyRoll\backend\vendor\doctrine\dbal\src\Driver\PDO\PDOConnect.php:22
C:\Users\roche\Documents\RochesWebStudio\Projet_OnlyRoll\OnlyRoll\backend\vendor\doctrine\dbal\src\Driver\PDO\MySQL\Driver.php:36
C:\Users\roche\Documents\RochesWebStudio\Projet_OnlyRoll\OnlyRoll\backend\vendor\doctrine\dbal\src\Driver\Middleware\AbstractDriverMiddleware.php:29
C:\Users\roche\Documents\RochesWebStudio\Projet_OnlyRoll\OnlyRoll\backend\vendor\symfony\doctrine-bridge\Middleware\Debug\Driver.php:37
C:\Users\roche\Documents\RochesWebStudio\Projet_OnlyRoll\OnlyRoll\backend\vendor\doctrine\dbal\src\Driver\Middleware\AbstractDriverMiddleware.php:29
C:\Users\roche\Documents\RochesWebStudio\Projet_OnlyRoll\OnlyRoll\backend\vendor\symfony\doctrine-bridge\Middleware\IdleConnection\Driver.php:35
C:\Users\roche\Documents\RochesWebStudio\Projet_OnlyRoll\OnlyRoll\backend\vendor\doctrine\dbal\src\Connection.php:383
C:\Users\roche\Documents\RochesWebStudio\Projet_OnlyRoll\OnlyRoll\backend\vendor\doctrine\dbal\src\Connection.php:1692
C:\Users\roche\Documents\RochesWebStudio\Projet_OnlyRoll\OnlyRoll\backend\vendor\doctrine\dbal\src\Connection.php:1087
C:\Users\roche\Documents\RochesWebStudio\Projet_OnlyRoll\OnlyRoll\backend\vendor\doctrine\orm\src\Persisters\Entity\BasicEntityPersister.php:942
C:\Users\roche\Documents\RochesWebStudio\Projet_OnlyRoll\OnlyRoll\backend\vendor\doctrine\orm\src\EntityRepository.php:110
C:\Users\roche\Documents\RochesWebStudio\Projet_OnlyRoll\OnlyRoll\backend\vendor\doctrine\doctrine-bundle\src\Repository\ServiceEntityRepositoryProxy.php:73
C:\Users\roche\Documents\RochesWebStudio\Projet_OnlyRoll\OnlyRoll\backend\vendor\doctrine\orm\src\EntityRepository.php:96
C:\Users\roche\Documents\RochesWebStudio\Projet_OnlyRoll\OnlyRoll\backend\tests\Functional\Controller\GameControllerTest.php:502
C:\Users\roche\Documents\RochesWebStudio\Projet_OnlyRoll\OnlyRoll\backend\tests\Functional\Controller\GameControllerTest.php:33

52) App\Tests\Functional\Controller\GameControllerTest::testJoinByCodeWithoutInviteCode
Doctrine\DBAL\Exception\ConnectionException: An exception occurred in the driver: SQLSTATE[HY000] [1045] Accès refusé pour l'utilisateur: 'root'@'@localhost' (mot de passe: OUI)

C:\Users\roche\Documents\RochesWebStudio\Projet_OnlyRoll\OnlyRoll\backend\vendor\doctrine\dbal\src\Driver\API\MySQL\ExceptionConverter.php:112
C:\Users\roche\Documents\RochesWebStudio\Projet_OnlyRoll\OnlyRoll\backend\vendor\doctrine\dbal\src\Connection.php:1976
C:\Users\roche\Documents\RochesWebStudio\Projet_OnlyRoll\OnlyRoll\backend\vendor\doctrine\dbal\src\Connection.php:1924
C:\Users\roche\Documents\RochesWebStudio\Projet_OnlyRoll\OnlyRoll\backend\vendor\doctrine\dbal\src\Connection.php:385
C:\Users\roche\Documents\RochesWebStudio\Projet_OnlyRoll\OnlyRoll\backend\vendor\doctrine\dbal\src\Connection.php:1692
C:\Users\roche\Documents\RochesWebStudio\Projet_OnlyRoll\OnlyRoll\backend\vendor\doctrine\dbal\src\Connection.php:1087
C:\Users\roche\Documents\RochesWebStudio\Projet_OnlyRoll\OnlyRoll\backend\vendor\doctrine\orm\src\Persisters\Entity\BasicEntityPersister.php:942
C:\Users\roche\Documents\RochesWebStudio\Projet_OnlyRoll\OnlyRoll\backend\vendor\doctrine\orm\src\EntityRepository.php:110
C:\Users\roche\Documents\RochesWebStudio\Projet_OnlyRoll\OnlyRoll\backend\vendor\doctrine\doctrine-bundle\src\Repository\ServiceEntityRepositoryProxy.php:73
C:\Users\roche\Documents\RochesWebStudio\Projet_OnlyRoll\OnlyRoll\backend\vendor\doctrine\orm\src\EntityRepository.php:96
C:\Users\roche\Documents\RochesWebStudio\Projet_OnlyRoll\OnlyRoll\backend\tests\Functional\Controller\GameControllerTest.php:502
C:\Users\roche\Documents\RochesWebStudio\Projet_OnlyRoll\OnlyRoll\backend\tests\Functional\Controller\GameControllerTest.php:33

Caused by
Doctrine\DBAL\Driver\PDO\Exception: SQLSTATE[HY000] [1045] Accès refusé pour l'utilisateur: 'root'@'@localhost' (mot de passe: OUI)

C:\Users\roche\Documents\RochesWebStudio\Projet_OnlyRoll\OnlyRoll\backend\vendor\doctrine\dbal\src\Driver\PDO\Exception.php:24
C:\Users\roche\Documents\RochesWebStudio\Projet_OnlyRoll\OnlyRoll\backend\vendor\doctrine\dbal\src\Driver\PDO\MySQL\Driver.php:43
C:\Users\roche\Documents\RochesWebStudio\Projet_OnlyRoll\OnlyRoll\backend\vendor\doctrine\dbal\src\Driver\Middleware\AbstractDriverMiddleware.php:29
C:\Users\roche\Documents\RochesWebStudio\Projet_OnlyRoll\OnlyRoll\backend\vendor\symfony\doctrine-bridge\Middleware\Debug\Driver.php:37
C:\Users\roche\Documents\RochesWebStudio\Projet_OnlyRoll\OnlyRoll\backend\vendor\doctrine\dbal\src\Driver\Middleware\AbstractDriverMiddleware.php:29
C:\Users\roche\Documents\RochesWebStudio\Projet_OnlyRoll\OnlyRoll\backend\vendor\symfony\doctrine-bridge\Middleware\IdleConnection\Driver.php:35
C:\Users\roche\Documents\RochesWebStudio\Projet_OnlyRoll\OnlyRoll\backend\vendor\doctrine\dbal\src\Connection.php:383
C:\Users\roche\Documents\RochesWebStudio\Projet_OnlyRoll\OnlyRoll\backend\vendor\doctrine\dbal\src\Connection.php:1692
C:\Users\roche\Documents\RochesWebStudio\Projet_OnlyRoll\OnlyRoll\backend\vendor\doctrine\dbal\src\Connection.php:1087
C:\Users\roche\Documents\RochesWebStudio\Projet_OnlyRoll\OnlyRoll\backend\vendor\doctrine\orm\src\Persisters\Entity\BasicEntityPersister.php:942
C:\Users\roche\Documents\RochesWebStudio\Projet_OnlyRoll\OnlyRoll\backend\vendor\doctrine\orm\src\EntityRepository.php:110
C:\Users\roche\Documents\RochesWebStudio\Projet_OnlyRoll\OnlyRoll\backend\vendor\doctrine\doctrine-bundle\src\Repository\ServiceEntityRepositoryProxy.php:73
C:\Users\roche\Documents\RochesWebStudio\Projet_OnlyRoll\OnlyRoll\backend\vendor\doctrine\orm\src\EntityRepository.php:96
C:\Users\roche\Documents\RochesWebStudio\Projet_OnlyRoll\OnlyRoll\backend\tests\Functional\Controller\GameControllerTest.php:502
C:\Users\roche\Documents\RochesWebStudio\Projet_OnlyRoll\OnlyRoll\backend\tests\Functional\Controller\GameControllerTest.php:33

Caused by
PDOException: SQLSTATE[HY000] [1045] Accès refusé pour l'utilisateur: 'root'@'@localhost' (mot de passe: OUI)

C:\Users\roche\Documents\RochesWebStudio\Projet_OnlyRoll\OnlyRoll\backend\vendor\doctrine\dbal\src\Driver\PDO\PDOConnect.php:22
C:\Users\roche\Documents\RochesWebStudio\Projet_OnlyRoll\OnlyRoll\backend\vendor\doctrine\dbal\src\Driver\PDO\MySQL\Driver.php:36
C:\Users\roche\Documents\RochesWebStudio\Projet_OnlyRoll\OnlyRoll\backend\vendor\doctrine\dbal\src\Driver\Middleware\AbstractDriverMiddleware.php:29
C:\Users\roche\Documents\RochesWebStudio\Projet_OnlyRoll\OnlyRoll\backend\vendor\symfony\doctrine-bridge\Middleware\Debug\Driver.php:37
C:\Users\roche\Documents\RochesWebStudio\Projet_OnlyRoll\OnlyRoll\backend\vendor\doctrine\dbal\src\Driver\Middleware\AbstractDriverMiddleware.php:29
C:\Users\roche\Documents\RochesWebStudio\Projet_OnlyRoll\OnlyRoll\backend\vendor\symfony\doctrine-bridge\Middleware\IdleConnection\Driver.php:35
C:\Users\roche\Documents\RochesWebStudio\Projet_OnlyRoll\OnlyRoll\backend\vendor\doctrine\dbal\src\Connection.php:383
C:\Users\roche\Documents\RochesWebStudio\Projet_OnlyRoll\OnlyRoll\backend\vendor\doctrine\dbal\src\Connection.php:1692
C:\Users\roche\Documents\RochesWebStudio\Projet_OnlyRoll\OnlyRoll\backend\vendor\doctrine\dbal\src\Connection.php:1087
C:\Users\roche\Documents\RochesWebStudio\Projet_OnlyRoll\OnlyRoll\backend\vendor\doctrine\orm\src\Persisters\Entity\BasicEntityPersister.php:942
C:\Users\roche\Documents\RochesWebStudio\Projet_OnlyRoll\OnlyRoll\backend\vendor\doctrine\orm\src\EntityRepository.php:110
C:\Users\roche\Documents\RochesWebStudio\Projet_OnlyRoll\OnlyRoll\backend\vendor\doctrine\doctrine-bundle\src\Repository\ServiceEntityRepositoryProxy.php:73
C:\Users\roche\Documents\RochesWebStudio\Projet_OnlyRoll\OnlyRoll\backend\vendor\doctrine\orm\src\EntityRepository.php:96
C:\Users\roche\Documents\RochesWebStudio\Projet_OnlyRoll\OnlyRoll\backend\tests\Functional\Controller\GameControllerTest.php:502
C:\Users\roche\Documents\RochesWebStudio\Projet_OnlyRoll\OnlyRoll\backend\tests\Functional\Controller\GameControllerTest.php:33

53) App\Tests\Functional\Controller\GameControllerTest::testJoinPublicGame
Doctrine\DBAL\Exception\ConnectionException: An exception occurred in the driver: SQLSTATE[HY000] [1045] Accès refusé pour l'utilisateur: 'root'@'@localhost' (mot de passe: OUI)

C:\Users\roche\Documents\RochesWebStudio\Projet_OnlyRoll\OnlyRoll\backend\vendor\doctrine\dbal\src\Driver\API\MySQL\ExceptionConverter.php:112
C:\Users\roche\Documents\RochesWebStudio\Projet_OnlyRoll\OnlyRoll\backend\vendor\doctrine\dbal\src\Connection.php:1976
C:\Users\roche\Documents\RochesWebStudio\Projet_OnlyRoll\OnlyRoll\backend\vendor\doctrine\dbal\src\Connection.php:1924
C:\Users\roche\Documents\RochesWebStudio\Projet_OnlyRoll\OnlyRoll\backend\vendor\doctrine\dbal\src\Connection.php:385
C:\Users\roche\Documents\RochesWebStudio\Projet_OnlyRoll\OnlyRoll\backend\vendor\doctrine\dbal\src\Connection.php:1692
C:\Users\roche\Documents\RochesWebStudio\Projet_OnlyRoll\OnlyRoll\backend\vendor\doctrine\dbal\src\Connection.php:1087
C:\Users\roche\Documents\RochesWebStudio\Projet_OnlyRoll\OnlyRoll\backend\vendor\doctrine\orm\src\Persisters\Entity\BasicEntityPersister.php:942
C:\Users\roche\Documents\RochesWebStudio\Projet_OnlyRoll\OnlyRoll\backend\vendor\doctrine\orm\src\EntityRepository.php:110
C:\Users\roche\Documents\RochesWebStudio\Projet_OnlyRoll\OnlyRoll\backend\vendor\doctrine\doctrine-bundle\src\Repository\ServiceEntityRepositoryProxy.php:73
C:\Users\roche\Documents\RochesWebStudio\Projet_OnlyRoll\OnlyRoll\backend\vendor\doctrine\orm\src\EntityRepository.php:96
C:\Users\roche\Documents\RochesWebStudio\Projet_OnlyRoll\OnlyRoll\backend\tests\Functional\Controller\GameControllerTest.php:502
C:\Users\roche\Documents\RochesWebStudio\Projet_OnlyRoll\OnlyRoll\backend\tests\Functional\Controller\GameControllerTest.php:33

Caused by
Doctrine\DBAL\Driver\PDO\Exception: SQLSTATE[HY000] [1045] Accès refusé pour l'utilisateur: 'root'@'@localhost' (mot de passe: OUI)

C:\Users\roche\Documents\RochesWebStudio\Projet_OnlyRoll\OnlyRoll\backend\vendor\doctrine\dbal\src\Driver\PDO\Exception.php:24
C:\Users\roche\Documents\RochesWebStudio\Projet_OnlyRoll\OnlyRoll\backend\vendor\doctrine\dbal\src\Driver\PDO\MySQL\Driver.php:43
C:\Users\roche\Documents\RochesWebStudio\Projet_OnlyRoll\OnlyRoll\backend\vendor\doctrine\dbal\src\Driver\Middleware\AbstractDriverMiddleware.php:29
C:\Users\roche\Documents\RochesWebStudio\Projet_OnlyRoll\OnlyRoll\backend\vendor\symfony\doctrine-bridge\Middleware\Debug\Driver.php:37
C:\Users\roche\Documents\RochesWebStudio\Projet_OnlyRoll\OnlyRoll\backend\vendor\doctrine\dbal\src\Driver\Middleware\AbstractDriverMiddleware.php:29
C:\Users\roche\Documents\RochesWebStudio\Projet_OnlyRoll\OnlyRoll\backend\vendor\symfony\doctrine-bridge\Middleware\IdleConnection\Driver.php:35
C:\Users\roche\Documents\RochesWebStudio\Projet_OnlyRoll\OnlyRoll\backend\vendor\doctrine\dbal\src\Connection.php:383
C:\Users\roche\Documents\RochesWebStudio\Projet_OnlyRoll\OnlyRoll\backend\vendor\doctrine\dbal\src\Connection.php:1692
C:\Users\roche\Documents\RochesWebStudio\Projet_OnlyRoll\OnlyRoll\backend\vendor\doctrine\dbal\src\Connection.php:1087
C:\Users\roche\Documents\RochesWebStudio\Projet_OnlyRoll\OnlyRoll\backend\vendor\doctrine\orm\src\Persisters\Entity\BasicEntityPersister.php:942
C:\Users\roche\Documents\RochesWebStudio\Projet_OnlyRoll\OnlyRoll\backend\vendor\doctrine\orm\src\EntityRepository.php:110
C:\Users\roche\Documents\RochesWebStudio\Projet_OnlyRoll\OnlyRoll\backend\vendor\doctrine\doctrine-bundle\src\Repository\ServiceEntityRepositoryProxy.php:73
C:\Users\roche\Documents\RochesWebStudio\Projet_OnlyRoll\OnlyRoll\backend\vendor\doctrine\orm\src\EntityRepository.php:96
C:\Users\roche\Documents\RochesWebStudio\Projet_OnlyRoll\OnlyRoll\backend\tests\Functional\Controller\GameControllerTest.php:502
C:\Users\roche\Documents\RochesWebStudio\Projet_OnlyRoll\OnlyRoll\backend\tests\Functional\Controller\GameControllerTest.php:33

Caused by
PDOException: SQLSTATE[HY000] [1045] Accès refusé pour l'utilisateur: 'root'@'@localhost' (mot de passe: OUI)

C:\Users\roche\Documents\RochesWebStudio\Projet_OnlyRoll\OnlyRoll\backend\vendor\doctrine\dbal\src\Driver\PDO\PDOConnect.php:22
C:\Users\roche\Documents\RochesWebStudio\Projet_OnlyRoll\OnlyRoll\backend\vendor\doctrine\dbal\src\Driver\PDO\MySQL\Driver.php:36
C:\Users\roche\Documents\RochesWebStudio\Projet_OnlyRoll\OnlyRoll\backend\vendor\doctrine\dbal\src\Driver\Middleware\AbstractDriverMiddleware.php:29
C:\Users\roche\Documents\RochesWebStudio\Projet_OnlyRoll\OnlyRoll\backend\vendor\symfony\doctrine-bridge\Middleware\Debug\Driver.php:37
C:\Users\roche\Documents\RochesWebStudio\Projet_OnlyRoll\OnlyRoll\backend\vendor\doctrine\dbal\src\Driver\Middleware\AbstractDriverMiddleware.php:29
C:\Users\roche\Documents\RochesWebStudio\Projet_OnlyRoll\OnlyRoll\backend\vendor\symfony\doctrine-bridge\Middleware\IdleConnection\Driver.php:35
C:\Users\roche\Documents\RochesWebStudio\Projet_OnlyRoll\OnlyRoll\backend\vendor\doctrine\dbal\src\Connection.php:383
C:\Users\roche\Documents\RochesWebStudio\Projet_OnlyRoll\OnlyRoll\backend\vendor\doctrine\dbal\src\Connection.php:1692
C:\Users\roche\Documents\RochesWebStudio\Projet_OnlyRoll\OnlyRoll\backend\vendor\doctrine\dbal\src\Connection.php:1087
C:\Users\roche\Documents\RochesWebStudio\Projet_OnlyRoll\OnlyRoll\backend\vendor\doctrine\orm\src\Persisters\Entity\BasicEntityPersister.php:942
C:\Users\roche\Documents\RochesWebStudio\Projet_OnlyRoll\OnlyRoll\backend\vendor\doctrine\orm\src\EntityRepository.php:110
C:\Users\roche\Documents\RochesWebStudio\Projet_OnlyRoll\OnlyRoll\backend\vendor\doctrine\doctrine-bundle\src\Repository\ServiceEntityRepositoryProxy.php:73
C:\Users\roche\Documents\RochesWebStudio\Projet_OnlyRoll\OnlyRoll\backend\vendor\doctrine\orm\src\EntityRepository.php:96
C:\Users\roche\Documents\RochesWebStudio\Projet_OnlyRoll\OnlyRoll\backend\tests\Functional\Controller\GameControllerTest.php:502
C:\Users\roche\Documents\RochesWebStudio\Projet_OnlyRoll\OnlyRoll\backend\tests\Functional\Controller\GameControllerTest.php:33

54) App\Tests\Functional\Controller\GameControllerTest::testJoinPrivateGameWithCorrectPassword
Doctrine\DBAL\Exception\ConnectionException: An exception occurred in the driver: SQLSTATE[HY000] [1045] Accès refusé pour l'utilisateur: 'root'@'@localhost' (mot de passe: OUI)

C:\Users\roche\Documents\RochesWebStudio\Projet_OnlyRoll\OnlyRoll\backend\vendor\doctrine\dbal\src\Driver\API\MySQL\ExceptionConverter.php:112
C:\Users\roche\Documents\RochesWebStudio\Projet_OnlyRoll\OnlyRoll\backend\vendor\doctrine\dbal\src\Connection.php:1976
C:\Users\roche\Documents\RochesWebStudio\Projet_OnlyRoll\OnlyRoll\backend\vendor\doctrine\dbal\src\Connection.php:1924
C:\Users\roche\Documents\RochesWebStudio\Projet_OnlyRoll\OnlyRoll\backend\vendor\doctrine\dbal\src\Connection.php:385
C:\Users\roche\Documents\RochesWebStudio\Projet_OnlyRoll\OnlyRoll\backend\vendor\doctrine\dbal\src\Connection.php:1692
C:\Users\roche\Documents\RochesWebStudio\Projet_OnlyRoll\OnlyRoll\backend\vendor\doctrine\dbal\src\Connection.php:1087
C:\Users\roche\Documents\RochesWebStudio\Projet_OnlyRoll\OnlyRoll\backend\vendor\doctrine\orm\src\Persisters\Entity\BasicEntityPersister.php:942
C:\Users\roche\Documents\RochesWebStudio\Projet_OnlyRoll\OnlyRoll\backend\vendor\doctrine\orm\src\EntityRepository.php:110
C:\Users\roche\Documents\RochesWebStudio\Projet_OnlyRoll\OnlyRoll\backend\vendor\doctrine\doctrine-bundle\src\Repository\ServiceEntityRepositoryProxy.php:73
C:\Users\roche\Documents\RochesWebStudio\Projet_OnlyRoll\OnlyRoll\backend\vendor\doctrine\orm\src\EntityRepository.php:96
C:\Users\roche\Documents\RochesWebStudio\Projet_OnlyRoll\OnlyRoll\backend\tests\Functional\Controller\GameControllerTest.php:502
C:\Users\roche\Documents\RochesWebStudio\Projet_OnlyRoll\OnlyRoll\backend\tests\Functional\Controller\GameControllerTest.php:33

Caused by
Doctrine\DBAL\Driver\PDO\Exception: SQLSTATE[HY000] [1045] Accès refusé pour l'utilisateur: 'root'@'@localhost' (mot de passe: OUI)

C:\Users\roche\Documents\RochesWebStudio\Projet_OnlyRoll\OnlyRoll\backend\vendor\doctrine\dbal\src\Driver\PDO\Exception.php:24
C:\Users\roche\Documents\RochesWebStudio\Projet_OnlyRoll\OnlyRoll\backend\vendor\doctrine\dbal\src\Driver\PDO\MySQL\Driver.php:43
C:\Users\roche\Documents\RochesWebStudio\Projet_OnlyRoll\OnlyRoll\backend\vendor\doctrine\dbal\src\Driver\Middleware\AbstractDriverMiddleware.php:29
C:\Users\roche\Documents\RochesWebStudio\Projet_OnlyRoll\OnlyRoll\backend\vendor\symfony\doctrine-bridge\Middleware\Debug\Driver.php:37
C:\Users\roche\Documents\RochesWebStudio\Projet_OnlyRoll\OnlyRoll\backend\vendor\doctrine\dbal\src\Driver\Middleware\AbstractDriverMiddleware.php:29
C:\Users\roche\Documents\RochesWebStudio\Projet_OnlyRoll\OnlyRoll\backend\vendor\symfony\doctrine-bridge\Middleware\IdleConnection\Driver.php:35
C:\Users\roche\Documents\RochesWebStudio\Projet_OnlyRoll\OnlyRoll\backend\vendor\doctrine\dbal\src\Connection.php:383
C:\Users\roche\Documents\RochesWebStudio\Projet_OnlyRoll\OnlyRoll\backend\vendor\doctrine\dbal\src\Connection.php:1692
C:\Users\roche\Documents\RochesWebStudio\Projet_OnlyRoll\OnlyRoll\backend\vendor\doctrine\dbal\src\Connection.php:1087
C:\Users\roche\Documents\RochesWebStudio\Projet_OnlyRoll\OnlyRoll\backend\vendor\doctrine\orm\src\Persisters\Entity\BasicEntityPersister.php:942
C:\Users\roche\Documents\RochesWebStudio\Projet_OnlyRoll\OnlyRoll\backend\vendor\doctrine\orm\src\EntityRepository.php:110
C:\Users\roche\Documents\RochesWebStudio\Projet_OnlyRoll\OnlyRoll\backend\vendor\doctrine\doctrine-bundle\src\Repository\ServiceEntityRepositoryProxy.php:73
C:\Users\roche\Documents\RochesWebStudio\Projet_OnlyRoll\OnlyRoll\backend\vendor\doctrine\orm\src\EntityRepository.php:96
C:\Users\roche\Documents\RochesWebStudio\Projet_OnlyRoll\OnlyRoll\backend\tests\Functional\Controller\GameControllerTest.php:502
C:\Users\roche\Documents\RochesWebStudio\Projet_OnlyRoll\OnlyRoll\backend\tests\Functional\Controller\GameControllerTest.php:33

Caused by
PDOException: SQLSTATE[HY000] [1045] Accès refusé pour l'utilisateur: 'root'@'@localhost' (mot de passe: OUI)

C:\Users\roche\Documents\RochesWebStudio\Projet_OnlyRoll\OnlyRoll\backend\vendor\doctrine\dbal\src\Driver\PDO\PDOConnect.php:22
C:\Users\roche\Documents\RochesWebStudio\Projet_OnlyRoll\OnlyRoll\backend\vendor\doctrine\dbal\src\Driver\PDO\MySQL\Driver.php:36
C:\Users\roche\Documents\RochesWebStudio\Projet_OnlyRoll\OnlyRoll\backend\vendor\doctrine\dbal\src\Driver\Middleware\AbstractDriverMiddleware.php:29
C:\Users\roche\Documents\RochesWebStudio\Projet_OnlyRoll\OnlyRoll\backend\vendor\symfony\doctrine-bridge\Middleware\Debug\Driver.php:37
C:\Users\roche\Documents\RochesWebStudio\Projet_OnlyRoll\OnlyRoll\backend\vendor\doctrine\dbal\src\Driver\Middleware\AbstractDriverMiddleware.php:29
C:\Users\roche\Documents\RochesWebStudio\Projet_OnlyRoll\OnlyRoll\backend\vendor\symfony\doctrine-bridge\Middleware\IdleConnection\Driver.php:35
C:\Users\roche\Documents\RochesWebStudio\Projet_OnlyRoll\OnlyRoll\backend\vendor\doctrine\dbal\src\Connection.php:383
C:\Users\roche\Documents\RochesWebStudio\Projet_OnlyRoll\OnlyRoll\backend\vendor\doctrine\dbal\src\Connection.php:1692
C:\Users\roche\Documents\RochesWebStudio\Projet_OnlyRoll\OnlyRoll\backend\vendor\doctrine\dbal\src\Connection.php:1087
C:\Users\roche\Documents\RochesWebStudio\Projet_OnlyRoll\OnlyRoll\backend\vendor\doctrine\orm\src\Persisters\Entity\BasicEntityPersister.php:942
C:\Users\roche\Documents\RochesWebStudio\Projet_OnlyRoll\OnlyRoll\backend\vendor\doctrine\orm\src\EntityRepository.php:110
C:\Users\roche\Documents\RochesWebStudio\Projet_OnlyRoll\OnlyRoll\backend\vendor\doctrine\doctrine-bundle\src\Repository\ServiceEntityRepositoryProxy.php:73
C:\Users\roche\Documents\RochesWebStudio\Projet_OnlyRoll\OnlyRoll\backend\vendor\doctrine\orm\src\EntityRepository.php:96
C:\Users\roche\Documents\RochesWebStudio\Projet_OnlyRoll\OnlyRoll\backend\tests\Functional\Controller\GameControllerTest.php:502
C:\Users\roche\Documents\RochesWebStudio\Projet_OnlyRoll\OnlyRoll\backend\tests\Functional\Controller\GameControllerTest.php:33

55) App\Tests\Functional\Controller\GameControllerTest::testJoinPrivateGameWithIncorrectPassword
Doctrine\DBAL\Exception\ConnectionException: An exception occurred in the driver: SQLSTATE[HY000] [1045] Accès refusé pour l'utilisateur: 'root'@'@localhost' (mot de passe: OUI)

C:\Users\roche\Documents\RochesWebStudio\Projet_OnlyRoll\OnlyRoll\backend\vendor\doctrine\dbal\src\Driver\API\MySQL\ExceptionConverter.php:112
C:\Users\roche\Documents\RochesWebStudio\Projet_OnlyRoll\OnlyRoll\backend\vendor\doctrine\dbal\src\Connection.php:1976
C:\Users\roche\Documents\RochesWebStudio\Projet_OnlyRoll\OnlyRoll\backend\vendor\doctrine\dbal\src\Connection.php:1924
C:\Users\roche\Documents\RochesWebStudio\Projet_OnlyRoll\OnlyRoll\backend\vendor\doctrine\dbal\src\Connection.php:385
C:\Users\roche\Documents\RochesWebStudio\Projet_OnlyRoll\OnlyRoll\backend\vendor\doctrine\dbal\src\Connection.php:1692
C:\Users\roche\Documents\RochesWebStudio\Projet_OnlyRoll\OnlyRoll\backend\vendor\doctrine\dbal\src\Connection.php:1087
C:\Users\roche\Documents\RochesWebStudio\Projet_OnlyRoll\OnlyRoll\backend\vendor\doctrine\orm\src\Persisters\Entity\BasicEntityPersister.php:942
C:\Users\roche\Documents\RochesWebStudio\Projet_OnlyRoll\OnlyRoll\backend\vendor\doctrine\orm\src\EntityRepository.php:110
C:\Users\roche\Documents\RochesWebStudio\Projet_OnlyRoll\OnlyRoll\backend\vendor\doctrine\doctrine-bundle\src\Repository\ServiceEntityRepositoryProxy.php:73
C:\Users\roche\Documents\RochesWebStudio\Projet_OnlyRoll\OnlyRoll\backend\vendor\doctrine\orm\src\EntityRepository.php:96
C:\Users\roche\Documents\RochesWebStudio\Projet_OnlyRoll\OnlyRoll\backend\tests\Functional\Controller\GameControllerTest.php:502
C:\Users\roche\Documents\RochesWebStudio\Projet_OnlyRoll\OnlyRoll\backend\tests\Functional\Controller\GameControllerTest.php:33

Caused by
Doctrine\DBAL\Driver\PDO\Exception: SQLSTATE[HY000] [1045] Accès refusé pour l'utilisateur: 'root'@'@localhost' (mot de passe: OUI)

C:\Users\roche\Documents\RochesWebStudio\Projet_OnlyRoll\OnlyRoll\backend\vendor\doctrine\dbal\src\Driver\PDO\Exception.php:24
C:\Users\roche\Documents\RochesWebStudio\Projet_OnlyRoll\OnlyRoll\backend\vendor\doctrine\dbal\src\Driver\PDO\MySQL\Driver.php:43
C:\Users\roche\Documents\RochesWebStudio\Projet_OnlyRoll\OnlyRoll\backend\vendor\doctrine\dbal\src\Driver\Middleware\AbstractDriverMiddleware.php:29
C:\Users\roche\Documents\RochesWebStudio\Projet_OnlyRoll\OnlyRoll\backend\vendor\symfony\doctrine-bridge\Middleware\Debug\Driver.php:37
C:\Users\roche\Documents\RochesWebStudio\Projet_OnlyRoll\OnlyRoll\backend\vendor\doctrine\dbal\src\Driver\Middleware\AbstractDriverMiddleware.php:29
C:\Users\roche\Documents\RochesWebStudio\Projet_OnlyRoll\OnlyRoll\backend\vendor\symfony\doctrine-bridge\Middleware\IdleConnection\Driver.php:35
C:\Users\roche\Documents\RochesWebStudio\Projet_OnlyRoll\OnlyRoll\backend\vendor\doctrine\dbal\src\Connection.php:383
C:\Users\roche\Documents\RochesWebStudio\Projet_OnlyRoll\OnlyRoll\backend\vendor\doctrine\dbal\src\Connection.php:1692
C:\Users\roche\Documents\RochesWebStudio\Projet_OnlyRoll\OnlyRoll\backend\vendor\doctrine\dbal\src\Connection.php:1087
C:\Users\roche\Documents\RochesWebStudio\Projet_OnlyRoll\OnlyRoll\backend\vendor\doctrine\orm\src\Persisters\Entity\BasicEntityPersister.php:942
C:\Users\roche\Documents\RochesWebStudio\Projet_OnlyRoll\OnlyRoll\backend\vendor\doctrine\orm\src\EntityRepository.php:110
C:\Users\roche\Documents\RochesWebStudio\Projet_OnlyRoll\OnlyRoll\backend\vendor\doctrine\doctrine-bundle\src\Repository\ServiceEntityRepositoryProxy.php:73
C:\Users\roche\Documents\RochesWebStudio\Projet_OnlyRoll\OnlyRoll\backend\vendor\doctrine\orm\src\EntityRepository.php:96
C:\Users\roche\Documents\RochesWebStudio\Projet_OnlyRoll\OnlyRoll\backend\tests\Functional\Controller\GameControllerTest.php:502
C:\Users\roche\Documents\RochesWebStudio\Projet_OnlyRoll\OnlyRoll\backend\tests\Functional\Controller\GameControllerTest.php:33

Caused by
PDOException: SQLSTATE[HY000] [1045] Accès refusé pour l'utilisateur: 'root'@'@localhost' (mot de passe: OUI)

C:\Users\roche\Documents\RochesWebStudio\Projet_OnlyRoll\OnlyRoll\backend\vendor\doctrine\dbal\src\Driver\PDO\PDOConnect.php:22
C:\Users\roche\Documents\RochesWebStudio\Projet_OnlyRoll\OnlyRoll\backend\vendor\doctrine\dbal\src\Driver\PDO\MySQL\Driver.php:36
C:\Users\roche\Documents\RochesWebStudio\Projet_OnlyRoll\OnlyRoll\backend\vendor\doctrine\dbal\src\Driver\Middleware\AbstractDriverMiddleware.php:29
C:\Users\roche\Documents\RochesWebStudio\Projet_OnlyRoll\OnlyRoll\backend\vendor\symfony\doctrine-bridge\Middleware\Debug\Driver.php:37
C:\Users\roche\Documents\RochesWebStudio\Projet_OnlyRoll\OnlyRoll\backend\vendor\doctrine\dbal\src\Driver\Middleware\AbstractDriverMiddleware.php:29
C:\Users\roche\Documents\RochesWebStudio\Projet_OnlyRoll\OnlyRoll\backend\vendor\symfony\doctrine-bridge\Middleware\IdleConnection\Driver.php:35
C:\Users\roche\Documents\RochesWebStudio\Projet_OnlyRoll\OnlyRoll\backend\vendor\doctrine\dbal\src\Connection.php:383
C:\Users\roche\Documents\RochesWebStudio\Projet_OnlyRoll\OnlyRoll\backend\vendor\doctrine\dbal\src\Connection.php:1692
C:\Users\roche\Documents\RochesWebStudio\Projet_OnlyRoll\OnlyRoll\backend\vendor\doctrine\dbal\src\Connection.php:1087
C:\Users\roche\Documents\RochesWebStudio\Projet_OnlyRoll\OnlyRoll\backend\vendor\doctrine\orm\src\Persisters\Entity\BasicEntityPersister.php:942
C:\Users\roche\Documents\RochesWebStudio\Projet_OnlyRoll\OnlyRoll\backend\vendor\doctrine\orm\src\EntityRepository.php:110
C:\Users\roche\Documents\RochesWebStudio\Projet_OnlyRoll\OnlyRoll\backend\vendor\doctrine\doctrine-bundle\src\Repository\ServiceEntityRepositoryProxy.php:73
C:\Users\roche\Documents\RochesWebStudio\Projet_OnlyRoll\OnlyRoll\backend\vendor\doctrine\orm\src\EntityRepository.php:96
C:\Users\roche\Documents\RochesWebStudio\Projet_OnlyRoll\OnlyRoll\backend\tests\Functional\Controller\GameControllerTest.php:502
C:\Users\roche\Documents\RochesWebStudio\Projet_OnlyRoll\OnlyRoll\backend\tests\Functional\Controller\GameControllerTest.php:33

56) App\Tests\Functional\Controller\GameControllerTest::testLeaveGame
Doctrine\DBAL\Exception\ConnectionException: An exception occurred in the driver: SQLSTATE[HY000] [1045] Accès refusé pour l'utilisateur: 'root'@'@localhost' (mot de passe: OUI)

C:\Users\roche\Documents\RochesWebStudio\Projet_OnlyRoll\OnlyRoll\backend\vendor\doctrine\dbal\src\Driver\API\MySQL\ExceptionConverter.php:112
C:\Users\roche\Documents\RochesWebStudio\Projet_OnlyRoll\OnlyRoll\backend\vendor\doctrine\dbal\src\Connection.php:1976
C:\Users\roche\Documents\RochesWebStudio\Projet_OnlyRoll\OnlyRoll\backend\vendor\doctrine\dbal\src\Connection.php:1924
C:\Users\roche\Documents\RochesWebStudio\Projet_OnlyRoll\OnlyRoll\backend\vendor\doctrine\dbal\src\Connection.php:385
C:\Users\roche\Documents\RochesWebStudio\Projet_OnlyRoll\OnlyRoll\backend\vendor\doctrine\dbal\src\Connection.php:1692
C:\Users\roche\Documents\RochesWebStudio\Projet_OnlyRoll\OnlyRoll\backend\vendor\doctrine\dbal\src\Connection.php:1087
C:\Users\roche\Documents\RochesWebStudio\Projet_OnlyRoll\OnlyRoll\backend\vendor\doctrine\orm\src\Persisters\Entity\BasicEntityPersister.php:942
C:\Users\roche\Documents\RochesWebStudio\Projet_OnlyRoll\OnlyRoll\backend\vendor\doctrine\orm\src\EntityRepository.php:110
C:\Users\roche\Documents\RochesWebStudio\Projet_OnlyRoll\OnlyRoll\backend\vendor\doctrine\doctrine-bundle\src\Repository\ServiceEntityRepositoryProxy.php:73
C:\Users\roche\Documents\RochesWebStudio\Projet_OnlyRoll\OnlyRoll\backend\vendor\doctrine\orm\src\EntityRepository.php:96
C:\Users\roche\Documents\RochesWebStudio\Projet_OnlyRoll\OnlyRoll\backend\tests\Functional\Controller\GameControllerTest.php:502
C:\Users\roche\Documents\RochesWebStudio\Projet_OnlyRoll\OnlyRoll\backend\tests\Functional\Controller\GameControllerTest.php:33

Caused by
Doctrine\DBAL\Driver\PDO\Exception: SQLSTATE[HY000] [1045] Accès refusé pour l'utilisateur: 'root'@'@localhost' (mot de passe: OUI)

C:\Users\roche\Documents\RochesWebStudio\Projet_OnlyRoll\OnlyRoll\backend\vendor\doctrine\dbal\src\Driver\PDO\Exception.php:24
C:\Users\roche\Documents\RochesWebStudio\Projet_OnlyRoll\OnlyRoll\backend\vendor\doctrine\dbal\src\Driver\PDO\MySQL\Driver.php:43
C:\Users\roche\Documents\RochesWebStudio\Projet_OnlyRoll\OnlyRoll\backend\vendor\doctrine\dbal\src\Driver\Middleware\AbstractDriverMiddleware.php:29
C:\Users\roche\Documents\RochesWebStudio\Projet_OnlyRoll\OnlyRoll\backend\vendor\symfony\doctrine-bridge\Middleware\Debug\Driver.php:37
C:\Users\roche\Documents\RochesWebStudio\Projet_OnlyRoll\OnlyRoll\backend\vendor\doctrine\dbal\src\Driver\Middleware\AbstractDriverMiddleware.php:29
C:\Users\roche\Documents\RochesWebStudio\Projet_OnlyRoll\OnlyRoll\backend\vendor\symfony\doctrine-bridge\Middleware\IdleConnection\Driver.php:35
C:\Users\roche\Documents\RochesWebStudio\Projet_OnlyRoll\OnlyRoll\backend\vendor\doctrine\dbal\src\Connection.php:383
C:\Users\roche\Documents\RochesWebStudio\Projet_OnlyRoll\OnlyRoll\backend\vendor\doctrine\dbal\src\Connection.php:1692
C:\Users\roche\Documents\RochesWebStudio\Projet_OnlyRoll\OnlyRoll\backend\vendor\doctrine\dbal\src\Connection.php:1087
C:\Users\roche\Documents\RochesWebStudio\Projet_OnlyRoll\OnlyRoll\backend\vendor\doctrine\orm\src\Persisters\Entity\BasicEntityPersister.php:942
C:\Users\roche\Documents\RochesWebStudio\Projet_OnlyRoll\OnlyRoll\backend\vendor\doctrine\orm\src\EntityRepository.php:110
C:\Users\roche\Documents\RochesWebStudio\Projet_OnlyRoll\OnlyRoll\backend\vendor\doctrine\doctrine-bundle\src\Repository\ServiceEntityRepositoryProxy.php:73
C:\Users\roche\Documents\RochesWebStudio\Projet_OnlyRoll\OnlyRoll\backend\vendor\doctrine\orm\src\EntityRepository.php:96
C:\Users\roche\Documents\RochesWebStudio\Projet_OnlyRoll\OnlyRoll\backend\tests\Functional\Controller\GameControllerTest.php:502
C:\Users\roche\Documents\RochesWebStudio\Projet_OnlyRoll\OnlyRoll\backend\tests\Functional\Controller\GameControllerTest.php:33

Caused by
PDOException: SQLSTATE[HY000] [1045] Accès refusé pour l'utilisateur: 'root'@'@localhost' (mot de passe: OUI)

C:\Users\roche\Documents\RochesWebStudio\Projet_OnlyRoll\OnlyRoll\backend\vendor\doctrine\dbal\src\Driver\PDO\PDOConnect.php:22
C:\Users\roche\Documents\RochesWebStudio\Projet_OnlyRoll\OnlyRoll\backend\vendor\doctrine\dbal\src\Driver\PDO\MySQL\Driver.php:36
C:\Users\roche\Documents\RochesWebStudio\Projet_OnlyRoll\OnlyRoll\backend\vendor\doctrine\dbal\src\Driver\Middleware\AbstractDriverMiddleware.php:29
C:\Users\roche\Documents\RochesWebStudio\Projet_OnlyRoll\OnlyRoll\backend\vendor\symfony\doctrine-bridge\Middleware\Debug\Driver.php:37
C:\Users\roche\Documents\RochesWebStudio\Projet_OnlyRoll\OnlyRoll\backend\vendor\doctrine\dbal\src\Driver\Middleware\AbstractDriverMiddleware.php:29
C:\Users\roche\Documents\RochesWebStudio\Projet_OnlyRoll\OnlyRoll\backend\vendor\symfony\doctrine-bridge\Middleware\IdleConnection\Driver.php:35
C:\Users\roche\Documents\RochesWebStudio\Projet_OnlyRoll\OnlyRoll\backend\vendor\doctrine\dbal\src\Connection.php:383
C:\Users\roche\Documents\RochesWebStudio\Projet_OnlyRoll\OnlyRoll\backend\vendor\doctrine\dbal\src\Connection.php:1692
C:\Users\roche\Documents\RochesWebStudio\Projet_OnlyRoll\OnlyRoll\backend\vendor\doctrine\dbal\src\Connection.php:1087
C:\Users\roche\Documents\RochesWebStudio\Projet_OnlyRoll\OnlyRoll\backend\vendor\doctrine\orm\src\Persisters\Entity\BasicEntityPersister.php:942
C:\Users\roche\Documents\RochesWebStudio\Projet_OnlyRoll\OnlyRoll\backend\vendor\doctrine\orm\src\EntityRepository.php:110
C:\Users\roche\Documents\RochesWebStudio\Projet_OnlyRoll\OnlyRoll\backend\vendor\doctrine\doctrine-bundle\src\Repository\ServiceEntityRepositoryProxy.php:73
C:\Users\roche\Documents\RochesWebStudio\Projet_OnlyRoll\OnlyRoll\backend\vendor\doctrine\orm\src\EntityRepository.php:96
C:\Users\roche\Documents\RochesWebStudio\Projet_OnlyRoll\OnlyRoll\backend\tests\Functional\Controller\GameControllerTest.php:502
C:\Users\roche\Documents\RochesWebStudio\Projet_OnlyRoll\OnlyRoll\backend\tests\Functional\Controller\GameControllerTest.php:33

57) App\Tests\Functional\Controller\GameControllerTest::testLeaveGameReturnsNotFoundForInvalidId
Doctrine\DBAL\Exception\ConnectionException: An exception occurred in the driver: SQLSTATE[HY000] [1045] Accès refusé pour l'utilisateur: 'root'@'@localhost' (mot de passe: OUI)

C:\Users\roche\Documents\RochesWebStudio\Projet_OnlyRoll\OnlyRoll\backend\vendor\doctrine\dbal\src\Driver\API\MySQL\ExceptionConverter.php:112
C:\Users\roche\Documents\RochesWebStudio\Projet_OnlyRoll\OnlyRoll\backend\vendor\doctrine\dbal\src\Connection.php:1976
C:\Users\roche\Documents\RochesWebStudio\Projet_OnlyRoll\OnlyRoll\backend\vendor\doctrine\dbal\src\Connection.php:1924
C:\Users\roche\Documents\RochesWebStudio\Projet_OnlyRoll\OnlyRoll\backend\vendor\doctrine\dbal\src\Connection.php:385
C:\Users\roche\Documents\RochesWebStudio\Projet_OnlyRoll\OnlyRoll\backend\vendor\doctrine\dbal\src\Connection.php:1692
C:\Users\roche\Documents\RochesWebStudio\Projet_OnlyRoll\OnlyRoll\backend\vendor\doctrine\dbal\src\Connection.php:1087
C:\Users\roche\Documents\RochesWebStudio\Projet_OnlyRoll\OnlyRoll\backend\vendor\doctrine\orm\src\Persisters\Entity\BasicEntityPersister.php:942
C:\Users\roche\Documents\RochesWebStudio\Projet_OnlyRoll\OnlyRoll\backend\vendor\doctrine\orm\src\EntityRepository.php:110
C:\Users\roche\Documents\RochesWebStudio\Projet_OnlyRoll\OnlyRoll\backend\vendor\doctrine\doctrine-bundle\src\Repository\ServiceEntityRepositoryProxy.php:73
C:\Users\roche\Documents\RochesWebStudio\Projet_OnlyRoll\OnlyRoll\backend\vendor\doctrine\orm\src\EntityRepository.php:96
C:\Users\roche\Documents\RochesWebStudio\Projet_OnlyRoll\OnlyRoll\backend\tests\Functional\Controller\GameControllerTest.php:502
C:\Users\roche\Documents\RochesWebStudio\Projet_OnlyRoll\OnlyRoll\backend\tests\Functional\Controller\GameControllerTest.php:33

Caused by
Doctrine\DBAL\Driver\PDO\Exception: SQLSTATE[HY000] [1045] Accès refusé pour l'utilisateur: 'root'@'@localhost' (mot de passe: OUI)

C:\Users\roche\Documents\RochesWebStudio\Projet_OnlyRoll\OnlyRoll\backend\vendor\doctrine\dbal\src\Driver\PDO\Exception.php:24
C:\Users\roche\Documents\RochesWebStudio\Projet_OnlyRoll\OnlyRoll\backend\vendor\doctrine\dbal\src\Driver\PDO\MySQL\Driver.php:43
C:\Users\roche\Documents\RochesWebStudio\Projet_OnlyRoll\OnlyRoll\backend\vendor\doctrine\dbal\src\Driver\Middleware\AbstractDriverMiddleware.php:29
C:\Users\roche\Documents\RochesWebStudio\Projet_OnlyRoll\OnlyRoll\backend\vendor\symfony\doctrine-bridge\Middleware\Debug\Driver.php:37
C:\Users\roche\Documents\RochesWebStudio\Projet_OnlyRoll\OnlyRoll\backend\vendor\doctrine\dbal\src\Driver\Middleware\AbstractDriverMiddleware.php:29
C:\Users\roche\Documents\RochesWebStudio\Projet_OnlyRoll\OnlyRoll\backend\vendor\symfony\doctrine-bridge\Middleware\IdleConnection\Driver.php:35
C:\Users\roche\Documents\RochesWebStudio\Projet_OnlyRoll\OnlyRoll\backend\vendor\doctrine\dbal\src\Connection.php:383
C:\Users\roche\Documents\RochesWebStudio\Projet_OnlyRoll\OnlyRoll\backend\vendor\doctrine\dbal\src\Connection.php:1692
C:\Users\roche\Documents\RochesWebStudio\Projet_OnlyRoll\OnlyRoll\backend\vendor\doctrine\dbal\src\Connection.php:1087
C:\Users\roche\Documents\RochesWebStudio\Projet_OnlyRoll\OnlyRoll\backend\vendor\doctrine\orm\src\Persisters\Entity\BasicEntityPersister.php:942
C:\Users\roche\Documents\RochesWebStudio\Projet_OnlyRoll\OnlyRoll\backend\vendor\doctrine\orm\src\EntityRepository.php:110
C:\Users\roche\Documents\RochesWebStudio\Projet_OnlyRoll\OnlyRoll\backend\vendor\doctrine\doctrine-bundle\src\Repository\ServiceEntityRepositoryProxy.php:73
C:\Users\roche\Documents\RochesWebStudio\Projet_OnlyRoll\OnlyRoll\backend\vendor\doctrine\orm\src\EntityRepository.php:96
C:\Users\roche\Documents\RochesWebStudio\Projet_OnlyRoll\OnlyRoll\backend\tests\Functional\Controller\GameControllerTest.php:502
C:\Users\roche\Documents\RochesWebStudio\Projet_OnlyRoll\OnlyRoll\backend\tests\Functional\Controller\GameControllerTest.php:33

Caused by
PDOException: SQLSTATE[HY000] [1045] Accès refusé pour l'utilisateur: 'root'@'@localhost' (mot de passe: OUI)

C:\Users\roche\Documents\RochesWebStudio\Projet_OnlyRoll\OnlyRoll\backend\vendor\doctrine\dbal\src\Driver\PDO\PDOConnect.php:22
C:\Users\roche\Documents\RochesWebStudio\Projet_OnlyRoll\OnlyRoll\backend\vendor\doctrine\dbal\src\Driver\PDO\MySQL\Driver.php:36
C:\Users\roche\Documents\RochesWebStudio\Projet_OnlyRoll\OnlyRoll\backend\vendor\doctrine\dbal\src\Driver\Middleware\AbstractDriverMiddleware.php:29
C:\Users\roche\Documents\RochesWebStudio\Projet_OnlyRoll\OnlyRoll\backend\vendor\symfony\doctrine-bridge\Middleware\Debug\Driver.php:37
C:\Users\roche\Documents\RochesWebStudio\Projet_OnlyRoll\OnlyRoll\backend\vendor\doctrine\dbal\src\Driver\Middleware\AbstractDriverMiddleware.php:29
C:\Users\roche\Documents\RochesWebStudio\Projet_OnlyRoll\OnlyRoll\backend\vendor\symfony\doctrine-bridge\Middleware\IdleConnection\Driver.php:35
C:\Users\roche\Documents\RochesWebStudio\Projet_OnlyRoll\OnlyRoll\backend\vendor\doctrine\dbal\src\Connection.php:383
C:\Users\roche\Documents\RochesWebStudio\Projet_OnlyRoll\OnlyRoll\backend\vendor\doctrine\dbal\src\Connection.php:1692
C:\Users\roche\Documents\RochesWebStudio\Projet_OnlyRoll\OnlyRoll\backend\vendor\doctrine\dbal\src\Connection.php:1087
C:\Users\roche\Documents\RochesWebStudio\Projet_OnlyRoll\OnlyRoll\backend\vendor\doctrine\orm\src\Persisters\Entity\BasicEntityPersister.php:942
C:\Users\roche\Documents\RochesWebStudio\Projet_OnlyRoll\OnlyRoll\backend\vendor\doctrine\orm\src\EntityRepository.php:110
C:\Users\roche\Documents\RochesWebStudio\Projet_OnlyRoll\OnlyRoll\backend\vendor\doctrine\doctrine-bundle\src\Repository\ServiceEntityRepositoryProxy.php:73
C:\Users\roche\Documents\RochesWebStudio\Projet_OnlyRoll\OnlyRoll\backend\vendor\doctrine\orm\src\EntityRepository.php:96
C:\Users\roche\Documents\RochesWebStudio\Projet_OnlyRoll\OnlyRoll\backend\tests\Functional\Controller\GameControllerTest.php:502
C:\Users\roche\Documents\RochesWebStudio\Projet_OnlyRoll\OnlyRoll\backend\tests\Functional\Controller\GameControllerTest.php:33

58) App\Tests\Functional\Controller\GameControllerTest::testDeleteGameAsGameMaster
Doctrine\DBAL\Exception\ConnectionException: An exception occurred in the driver: SQLSTATE[HY000] [1045] Accès refusé pour l'utilisateur: 'root'@'@localhost' (mot de passe: OUI)

C:\Users\roche\Documents\RochesWebStudio\Projet_OnlyRoll\OnlyRoll\backend\vendor\doctrine\dbal\src\Driver\API\MySQL\ExceptionConverter.php:112
C:\Users\roche\Documents\RochesWebStudio\Projet_OnlyRoll\OnlyRoll\backend\vendor\doctrine\dbal\src\Connection.php:1976
C:\Users\roche\Documents\RochesWebStudio\Projet_OnlyRoll\OnlyRoll\backend\vendor\doctrine\dbal\src\Connection.php:1924
C:\Users\roche\Documents\RochesWebStudio\Projet_OnlyRoll\OnlyRoll\backend\vendor\doctrine\dbal\src\Connection.php:385
C:\Users\roche\Documents\RochesWebStudio\Projet_OnlyRoll\OnlyRoll\backend\vendor\doctrine\dbal\src\Connection.php:1692
C:\Users\roche\Documents\RochesWebStudio\Projet_OnlyRoll\OnlyRoll\backend\vendor\doctrine\dbal\src\Connection.php:1087
C:\Users\roche\Documents\RochesWebStudio\Projet_OnlyRoll\OnlyRoll\backend\vendor\doctrine\orm\src\Persisters\Entity\BasicEntityPersister.php:942
C:\Users\roche\Documents\RochesWebStudio\Projet_OnlyRoll\OnlyRoll\backend\vendor\doctrine\orm\src\EntityRepository.php:110
C:\Users\roche\Documents\RochesWebStudio\Projet_OnlyRoll\OnlyRoll\backend\vendor\doctrine\doctrine-bundle\src\Repository\ServiceEntityRepositoryProxy.php:73
C:\Users\roche\Documents\RochesWebStudio\Projet_OnlyRoll\OnlyRoll\backend\vendor\doctrine\orm\src\EntityRepository.php:96
C:\Users\roche\Documents\RochesWebStudio\Projet_OnlyRoll\OnlyRoll\backend\tests\Functional\Controller\GameControllerTest.php:502
C:\Users\roche\Documents\RochesWebStudio\Projet_OnlyRoll\OnlyRoll\backend\tests\Functional\Controller\GameControllerTest.php:33

Caused by
Doctrine\DBAL\Driver\PDO\Exception: SQLSTATE[HY000] [1045] Accès refusé pour l'utilisateur: 'root'@'@localhost' (mot de passe: OUI)

C:\Users\roche\Documents\RochesWebStudio\Projet_OnlyRoll\OnlyRoll\backend\vendor\doctrine\dbal\src\Driver\PDO\Exception.php:24
C:\Users\roche\Documents\RochesWebStudio\Projet_OnlyRoll\OnlyRoll\backend\vendor\doctrine\dbal\src\Driver\PDO\MySQL\Driver.php:43
C:\Users\roche\Documents\RochesWebStudio\Projet_OnlyRoll\OnlyRoll\backend\vendor\doctrine\dbal\src\Driver\Middleware\AbstractDriverMiddleware.php:29
C:\Users\roche\Documents\RochesWebStudio\Projet_OnlyRoll\OnlyRoll\backend\vendor\symfony\doctrine-bridge\Middleware\Debug\Driver.php:37
C:\Users\roche\Documents\RochesWebStudio\Projet_OnlyRoll\OnlyRoll\backend\vendor\doctrine\dbal\src\Driver\Middleware\AbstractDriverMiddleware.php:29
C:\Users\roche\Documents\RochesWebStudio\Projet_OnlyRoll\OnlyRoll\backend\vendor\symfony\doctrine-bridge\Middleware\IdleConnection\Driver.php:35
C:\Users\roche\Documents\RochesWebStudio\Projet_OnlyRoll\OnlyRoll\backend\vendor\doctrine\dbal\src\Connection.php:383
C:\Users\roche\Documents\RochesWebStudio\Projet_OnlyRoll\OnlyRoll\backend\vendor\doctrine\dbal\src\Connection.php:1692
C:\Users\roche\Documents\RochesWebStudio\Projet_OnlyRoll\OnlyRoll\backend\vendor\doctrine\dbal\src\Connection.php:1087
C:\Users\roche\Documents\RochesWebStudio\Projet_OnlyRoll\OnlyRoll\backend\vendor\doctrine\orm\src\Persisters\Entity\BasicEntityPersister.php:942
C:\Users\roche\Documents\RochesWebStudio\Projet_OnlyRoll\OnlyRoll\backend\vendor\doctrine\orm\src\EntityRepository.php:110
C:\Users\roche\Documents\RochesWebStudio\Projet_OnlyRoll\OnlyRoll\backend\vendor\doctrine\doctrine-bundle\src\Repository\ServiceEntityRepositoryProxy.php:73
C:\Users\roche\Documents\RochesWebStudio\Projet_OnlyRoll\OnlyRoll\backend\vendor\doctrine\orm\src\EntityRepository.php:96
C:\Users\roche\Documents\RochesWebStudio\Projet_OnlyRoll\OnlyRoll\backend\tests\Functional\Controller\GameControllerTest.php:502
C:\Users\roche\Documents\RochesWebStudio\Projet_OnlyRoll\OnlyRoll\backend\tests\Functional\Controller\GameControllerTest.php:33

Caused by
PDOException: SQLSTATE[HY000] [1045] Accès refusé pour l'utilisateur: 'root'@'@localhost' (mot de passe: OUI)

C:\Users\roche\Documents\RochesWebStudio\Projet_OnlyRoll\OnlyRoll\backend\vendor\doctrine\dbal\src\Driver\PDO\PDOConnect.php:22
C:\Users\roche\Documents\RochesWebStudio\Projet_OnlyRoll\OnlyRoll\backend\vendor\doctrine\dbal\src\Driver\PDO\MySQL\Driver.php:36
C:\Users\roche\Documents\RochesWebStudio\Projet_OnlyRoll\OnlyRoll\backend\vendor\doctrine\dbal\src\Driver\Middleware\AbstractDriverMiddleware.php:29
C:\Users\roche\Documents\RochesWebStudio\Projet_OnlyRoll\OnlyRoll\backend\vendor\symfony\doctrine-bridge\Middleware\Debug\Driver.php:37
C:\Users\roche\Documents\RochesWebStudio\Projet_OnlyRoll\OnlyRoll\backend\vendor\doctrine\dbal\src\Driver\Middleware\AbstractDriverMiddleware.php:29
C:\Users\roche\Documents\RochesWebStudio\Projet_OnlyRoll\OnlyRoll\backend\vendor\symfony\doctrine-bridge\Middleware\IdleConnection\Driver.php:35
C:\Users\roche\Documents\RochesWebStudio\Projet_OnlyRoll\OnlyRoll\backend\vendor\doctrine\dbal\src\Connection.php:383
C:\Users\roche\Documents\RochesWebStudio\Projet_OnlyRoll\OnlyRoll\backend\vendor\doctrine\dbal\src\Connection.php:1692
C:\Users\roche\Documents\RochesWebStudio\Projet_OnlyRoll\OnlyRoll\backend\vendor\doctrine\dbal\src\Connection.php:1087
C:\Users\roche\Documents\RochesWebStudio\Projet_OnlyRoll\OnlyRoll\backend\vendor\doctrine\orm\src\Persisters\Entity\BasicEntityPersister.php:942
C:\Users\roche\Documents\RochesWebStudio\Projet_OnlyRoll\OnlyRoll\backend\vendor\doctrine\orm\src\EntityRepository.php:110
C:\Users\roche\Documents\RochesWebStudio\Projet_OnlyRoll\OnlyRoll\backend\vendor\doctrine\doctrine-bundle\src\Repository\ServiceEntityRepositoryProxy.php:73
C:\Users\roche\Documents\RochesWebStudio\Projet_OnlyRoll\OnlyRoll\backend\vendor\doctrine\orm\src\EntityRepository.php:96
C:\Users\roche\Documents\RochesWebStudio\Projet_OnlyRoll\OnlyRoll\backend\tests\Functional\Controller\GameControllerTest.php:502
C:\Users\roche\Documents\RochesWebStudio\Projet_OnlyRoll\OnlyRoll\backend\tests\Functional\Controller\GameControllerTest.php:33

59) App\Tests\Functional\Controller\GameControllerTest::testDeleteGameAsNonGameMasterReturnsForbidden
Doctrine\DBAL\Exception\ConnectionException: An exception occurred in the driver: SQLSTATE[HY000] [1045] Accès refusé pour l'utilisateur: 'root'@'@localhost' (mot de passe: OUI)

C:\Users\roche\Documents\RochesWebStudio\Projet_OnlyRoll\OnlyRoll\backend\vendor\doctrine\dbal\src\Driver\API\MySQL\ExceptionConverter.php:112
C:\Users\roche\Documents\RochesWebStudio\Projet_OnlyRoll\OnlyRoll\backend\vendor\doctrine\dbal\src\Connection.php:1976
C:\Users\roche\Documents\RochesWebStudio\Projet_OnlyRoll\OnlyRoll\backend\vendor\doctrine\dbal\src\Connection.php:1924
C:\Users\roche\Documents\RochesWebStudio\Projet_OnlyRoll\OnlyRoll\backend\vendor\doctrine\dbal\src\Connection.php:385
C:\Users\roche\Documents\RochesWebStudio\Projet_OnlyRoll\OnlyRoll\backend\vendor\doctrine\dbal\src\Connection.php:1692
C:\Users\roche\Documents\RochesWebStudio\Projet_OnlyRoll\OnlyRoll\backend\vendor\doctrine\dbal\src\Connection.php:1087
C:\Users\roche\Documents\RochesWebStudio\Projet_OnlyRoll\OnlyRoll\backend\vendor\doctrine\orm\src\Persisters\Entity\BasicEntityPersister.php:942
C:\Users\roche\Documents\RochesWebStudio\Projet_OnlyRoll\OnlyRoll\backend\vendor\doctrine\orm\src\EntityRepository.php:110
C:\Users\roche\Documents\RochesWebStudio\Projet_OnlyRoll\OnlyRoll\backend\vendor\doctrine\doctrine-bundle\src\Repository\ServiceEntityRepositoryProxy.php:73
C:\Users\roche\Documents\RochesWebStudio\Projet_OnlyRoll\OnlyRoll\backend\vendor\doctrine\orm\src\EntityRepository.php:96
C:\Users\roche\Documents\RochesWebStudio\Projet_OnlyRoll\OnlyRoll\backend\tests\Functional\Controller\GameControllerTest.php:502
C:\Users\roche\Documents\RochesWebStudio\Projet_OnlyRoll\OnlyRoll\backend\tests\Functional\Controller\GameControllerTest.php:33

Caused by
Doctrine\DBAL\Driver\PDO\Exception: SQLSTATE[HY000] [1045] Accès refusé pour l'utilisateur: 'root'@'@localhost' (mot de passe: OUI)

C:\Users\roche\Documents\RochesWebStudio\Projet_OnlyRoll\OnlyRoll\backend\vendor\doctrine\dbal\src\Driver\PDO\Exception.php:24
C:\Users\roche\Documents\RochesWebStudio\Projet_OnlyRoll\OnlyRoll\backend\vendor\doctrine\dbal\src\Driver\PDO\MySQL\Driver.php:43
C:\Users\roche\Documents\RochesWebStudio\Projet_OnlyRoll\OnlyRoll\backend\vendor\doctrine\dbal\src\Driver\Middleware\AbstractDriverMiddleware.php:29
C:\Users\roche\Documents\RochesWebStudio\Projet_OnlyRoll\OnlyRoll\backend\vendor\symfony\doctrine-bridge\Middleware\Debug\Driver.php:37
C:\Users\roche\Documents\RochesWebStudio\Projet_OnlyRoll\OnlyRoll\backend\vendor\doctrine\dbal\src\Driver\Middleware\AbstractDriverMiddleware.php:29
C:\Users\roche\Documents\RochesWebStudio\Projet_OnlyRoll\OnlyRoll\backend\vendor\symfony\doctrine-bridge\Middleware\IdleConnection\Driver.php:35
C:\Users\roche\Documents\RochesWebStudio\Projet_OnlyRoll\OnlyRoll\backend\vendor\doctrine\dbal\src\Connection.php:383
C:\Users\roche\Documents\RochesWebStudio\Projet_OnlyRoll\OnlyRoll\backend\vendor\doctrine\dbal\src\Connection.php:1692
C:\Users\roche\Documents\RochesWebStudio\Projet_OnlyRoll\OnlyRoll\backend\vendor\doctrine\dbal\src\Connection.php:1087
C:\Users\roche\Documents\RochesWebStudio\Projet_OnlyRoll\OnlyRoll\backend\vendor\doctrine\orm\src\Persisters\Entity\BasicEntityPersister.php:942
C:\Users\roche\Documents\RochesWebStudio\Projet_OnlyRoll\OnlyRoll\backend\vendor\doctrine\orm\src\EntityRepository.php:110
C:\Users\roche\Documents\RochesWebStudio\Projet_OnlyRoll\OnlyRoll\backend\vendor\doctrine\doctrine-bundle\src\Repository\ServiceEntityRepositoryProxy.php:73
C:\Users\roche\Documents\RochesWebStudio\Projet_OnlyRoll\OnlyRoll\backend\vendor\doctrine\orm\src\EntityRepository.php:96
C:\Users\roche\Documents\RochesWebStudio\Projet_OnlyRoll\OnlyRoll\backend\tests\Functional\Controller\GameControllerTest.php:502
C:\Users\roche\Documents\RochesWebStudio\Projet_OnlyRoll\OnlyRoll\backend\tests\Functional\Controller\GameControllerTest.php:33

Caused by
PDOException: SQLSTATE[HY000] [1045] Accès refusé pour l'utilisateur: 'root'@'@localhost' (mot de passe: OUI)

C:\Users\roche\Documents\RochesWebStudio\Projet_OnlyRoll\OnlyRoll\backend\vendor\doctrine\dbal\src\Driver\PDO\PDOConnect.php:22
C:\Users\roche\Documents\RochesWebStudio\Projet_OnlyRoll\OnlyRoll\backend\vendor\doctrine\dbal\src\Driver\PDO\MySQL\Driver.php:36
C:\Users\roche\Documents\RochesWebStudio\Projet_OnlyRoll\OnlyRoll\backend\vendor\doctrine\dbal\src\Driver\Middleware\AbstractDriverMiddleware.php:29
C:\Users\roche\Documents\RochesWebStudio\Projet_OnlyRoll\OnlyRoll\backend\vendor\symfony\doctrine-bridge\Middleware\Debug\Driver.php:37
C:\Users\roche\Documents\RochesWebStudio\Projet_OnlyRoll\OnlyRoll\backend\vendor\doctrine\dbal\src\Driver\Middleware\AbstractDriverMiddleware.php:29
C:\Users\roche\Documents\RochesWebStudio\Projet_OnlyRoll\OnlyRoll\backend\vendor\symfony\doctrine-bridge\Middleware\IdleConnection\Driver.php:35
C:\Users\roche\Documents\RochesWebStudio\Projet_OnlyRoll\OnlyRoll\backend\vendor\doctrine\dbal\src\Connection.php:383
C:\Users\roche\Documents\RochesWebStudio\Projet_OnlyRoll\OnlyRoll\backend\vendor\doctrine\dbal\src\Connection.php:1692
C:\Users\roche\Documents\RochesWebStudio\Projet_OnlyRoll\OnlyRoll\backend\vendor\doctrine\dbal\src\Connection.php:1087
C:\Users\roche\Documents\RochesWebStudio\Projet_OnlyRoll\OnlyRoll\backend\vendor\doctrine\orm\src\Persisters\Entity\BasicEntityPersister.php:942
C:\Users\roche\Documents\RochesWebStudio\Projet_OnlyRoll\OnlyRoll\backend\vendor\doctrine\orm\src\EntityRepository.php:110
C:\Users\roche\Documents\RochesWebStudio\Projet_OnlyRoll\OnlyRoll\backend\vendor\doctrine\doctrine-bundle\src\Repository\ServiceEntityRepositoryProxy.php:73
C:\Users\roche\Documents\RochesWebStudio\Projet_OnlyRoll\OnlyRoll\backend\vendor\doctrine\orm\src\EntityRepository.php:96
C:\Users\roche\Documents\RochesWebStudio\Projet_OnlyRoll\OnlyRoll\backend\tests\Functional\Controller\GameControllerTest.php:502
C:\Users\roche\Documents\RochesWebStudio\Projet_OnlyRoll\OnlyRoll\backend\tests\Functional\Controller\GameControllerTest.php:33

60) App\Tests\Functional\Controller\GameControllerTest::testDeleteGameReturnsNotFoundForInvalidId
Doctrine\DBAL\Exception\ConnectionException: An exception occurred in the driver: SQLSTATE[HY000] [1045] Accès refusé pour l'utilisateur: 'root'@'@localhost' (mot de passe: OUI)

C:\Users\roche\Documents\RochesWebStudio\Projet_OnlyRoll\OnlyRoll\backend\vendor\doctrine\dbal\src\Driver\API\MySQL\ExceptionConverter.php:112
C:\Users\roche\Documents\RochesWebStudio\Projet_OnlyRoll\OnlyRoll\backend\vendor\doctrine\dbal\src\Connection.php:1976
C:\Users\roche\Documents\RochesWebStudio\Projet_OnlyRoll\OnlyRoll\backend\vendor\doctrine\dbal\src\Connection.php:1924
C:\Users\roche\Documents\RochesWebStudio\Projet_OnlyRoll\OnlyRoll\backend\vendor\doctrine\dbal\src\Connection.php:385
C:\Users\roche\Documents\RochesWebStudio\Projet_OnlyRoll\OnlyRoll\backend\vendor\doctrine\dbal\src\Connection.php:1692
C:\Users\roche\Documents\RochesWebStudio\Projet_OnlyRoll\OnlyRoll\backend\vendor\doctrine\dbal\src\Connection.php:1087
C:\Users\roche\Documents\RochesWebStudio\Projet_OnlyRoll\OnlyRoll\backend\vendor\doctrine\orm\src\Persisters\Entity\BasicEntityPersister.php:942
C:\Users\roche\Documents\RochesWebStudio\Projet_OnlyRoll\OnlyRoll\backend\vendor\doctrine\orm\src\EntityRepository.php:110
C:\Users\roche\Documents\RochesWebStudio\Projet_OnlyRoll\OnlyRoll\backend\vendor\doctrine\doctrine-bundle\src\Repository\ServiceEntityRepositoryProxy.php:73
C:\Users\roche\Documents\RochesWebStudio\Projet_OnlyRoll\OnlyRoll\backend\vendor\doctrine\orm\src\EntityRepository.php:96
C:\Users\roche\Documents\RochesWebStudio\Projet_OnlyRoll\OnlyRoll\backend\tests\Functional\Controller\GameControllerTest.php:502
C:\Users\roche\Documents\RochesWebStudio\Projet_OnlyRoll\OnlyRoll\backend\tests\Functional\Controller\GameControllerTest.php:33

Caused by
Doctrine\DBAL\Driver\PDO\Exception: SQLSTATE[HY000] [1045] Accès refusé pour l'utilisateur: 'root'@'@localhost' (mot de passe: OUI)

C:\Users\roche\Documents\RochesWebStudio\Projet_OnlyRoll\OnlyRoll\backend\vendor\doctrine\dbal\src\Driver\PDO\Exception.php:24
C:\Users\roche\Documents\RochesWebStudio\Projet_OnlyRoll\OnlyRoll\backend\vendor\doctrine\dbal\src\Driver\PDO\MySQL\Driver.php:43
C:\Users\roche\Documents\RochesWebStudio\Projet_OnlyRoll\OnlyRoll\backend\vendor\doctrine\dbal\src\Driver\Middleware\AbstractDriverMiddleware.php:29
C:\Users\roche\Documents\RochesWebStudio\Projet_OnlyRoll\OnlyRoll\backend\vendor\symfony\doctrine-bridge\Middleware\Debug\Driver.php:37
C:\Users\roche\Documents\RochesWebStudio\Projet_OnlyRoll\OnlyRoll\backend\vendor\doctrine\dbal\src\Driver\Middleware\AbstractDriverMiddleware.php:29
C:\Users\roche\Documents\RochesWebStudio\Projet_OnlyRoll\OnlyRoll\backend\vendor\symfony\doctrine-bridge\Middleware\IdleConnection\Driver.php:35
C:\Users\roche\Documents\RochesWebStudio\Projet_OnlyRoll\OnlyRoll\backend\vendor\doctrine\dbal\src\Connection.php:383
C:\Users\roche\Documents\RochesWebStudio\Projet_OnlyRoll\OnlyRoll\backend\vendor\doctrine\dbal\src\Connection.php:1692
C:\Users\roche\Documents\RochesWebStudio\Projet_OnlyRoll\OnlyRoll\backend\vendor\doctrine\dbal\src\Connection.php:1087
C:\Users\roche\Documents\RochesWebStudio\Projet_OnlyRoll\OnlyRoll\backend\vendor\doctrine\orm\src\Persisters\Entity\BasicEntityPersister.php:942
C:\Users\roche\Documents\RochesWebStudio\Projet_OnlyRoll\OnlyRoll\backend\vendor\doctrine\orm\src\EntityRepository.php:110
C:\Users\roche\Documents\RochesWebStudio\Projet_OnlyRoll\OnlyRoll\backend\vendor\doctrine\doctrine-bundle\src\Repository\ServiceEntityRepositoryProxy.php:73
C:\Users\roche\Documents\RochesWebStudio\Projet_OnlyRoll\OnlyRoll\backend\vendor\doctrine\orm\src\EntityRepository.php:96
C:\Users\roche\Documents\RochesWebStudio\Projet_OnlyRoll\OnlyRoll\backend\tests\Functional\Controller\GameControllerTest.php:502
C:\Users\roche\Documents\RochesWebStudio\Projet_OnlyRoll\OnlyRoll\backend\tests\Functional\Controller\GameControllerTest.php:33

Caused by
PDOException: SQLSTATE[HY000] [1045] Accès refusé pour l'utilisateur: 'root'@'@localhost' (mot de passe: OUI)

C:\Users\roche\Documents\RochesWebStudio\Projet_OnlyRoll\OnlyRoll\backend\vendor\doctrine\dbal\src\Driver\PDO\PDOConnect.php:22
C:\Users\roche\Documents\RochesWebStudio\Projet_OnlyRoll\OnlyRoll\backend\vendor\doctrine\dbal\src\Driver\PDO\MySQL\Driver.php:36
C:\Users\roche\Documents\RochesWebStudio\Projet_OnlyRoll\OnlyRoll\backend\vendor\doctrine\dbal\src\Driver\Middleware\AbstractDriverMiddleware.php:29
C:\Users\roche\Documents\RochesWebStudio\Projet_OnlyRoll\OnlyRoll\backend\vendor\symfony\doctrine-bridge\Middleware\Debug\Driver.php:37
C:\Users\roche\Documents\RochesWebStudio\Projet_OnlyRoll\OnlyRoll\backend\vendor\doctrine\dbal\src\Driver\Middleware\AbstractDriverMiddleware.php:29
C:\Users\roche\Documents\RochesWebStudio\Projet_OnlyRoll\OnlyRoll\backend\vendor\symfony\doctrine-bridge\Middleware\IdleConnection\Driver.php:35
C:\Users\roche\Documents\RochesWebStudio\Projet_OnlyRoll\OnlyRoll\backend\vendor\doctrine\dbal\src\Connection.php:383
C:\Users\roche\Documents\RochesWebStudio\Projet_OnlyRoll\OnlyRoll\backend\vendor\doctrine\dbal\src\Connection.php:1692
C:\Users\roche\Documents\RochesWebStudio\Projet_OnlyRoll\OnlyRoll\backend\vendor\doctrine\dbal\src\Connection.php:1087
C:\Users\roche\Documents\RochesWebStudio\Projet_OnlyRoll\OnlyRoll\backend\vendor\doctrine\orm\src\Persisters\Entity\BasicEntityPersister.php:942
C:\Users\roche\Documents\RochesWebStudio\Projet_OnlyRoll\OnlyRoll\backend\vendor\doctrine\orm\src\EntityRepository.php:110
C:\Users\roche\Documents\RochesWebStudio\Projet_OnlyRoll\OnlyRoll\backend\vendor\doctrine\doctrine-bundle\src\Repository\ServiceEntityRepositoryProxy.php:73
C:\Users\roche\Documents\RochesWebStudio\Projet_OnlyRoll\OnlyRoll\backend\vendor\doctrine\orm\src\EntityRepository.php:96
C:\Users\roche\Documents\RochesWebStudio\Projet_OnlyRoll\OnlyRoll\backend\tests\Functional\Controller\GameControllerTest.php:502
C:\Users\roche\Documents\RochesWebStudio\Projet_OnlyRoll\OnlyRoll\backend\tests\Functional\Controller\GameControllerTest.php:33

61) App\Tests\Functional\Controller\MapControllerTest::testListMapsWithoutAuthentication
Doctrine\DBAL\Exception\ConnectionException: An exception occurred in the driver: SQLSTATE[HY000] [1045] Accès refusé pour l'utilisateur: 'root'@'@localhost' (mot de passe: OUI)

C:\Users\roche\Documents\RochesWebStudio\Projet_OnlyRoll\OnlyRoll\backend\vendor\doctrine\dbal\src\Driver\API\MySQL\ExceptionConverter.php:112
C:\Users\roche\Documents\RochesWebStudio\Projet_OnlyRoll\OnlyRoll\backend\vendor\doctrine\dbal\src\Connection.php:1976
C:\Users\roche\Documents\RochesWebStudio\Projet_OnlyRoll\OnlyRoll\backend\vendor\doctrine\dbal\src\Connection.php:1924
C:\Users\roche\Documents\RochesWebStudio\Projet_OnlyRoll\OnlyRoll\backend\vendor\doctrine\dbal\src\Connection.php:385
C:\Users\roche\Documents\RochesWebStudio\Projet_OnlyRoll\OnlyRoll\backend\vendor\doctrine\dbal\src\Connection.php:1692
C:\Users\roche\Documents\RochesWebStudio\Projet_OnlyRoll\OnlyRoll\backend\vendor\doctrine\dbal\src\Connection.php:1195
C:\Users\roche\Documents\RochesWebStudio\Projet_OnlyRoll\OnlyRoll\backend\tests\Functional\Controller\MapControllerTest.php:35

Caused by
Doctrine\DBAL\Driver\PDO\Exception: SQLSTATE[HY000] [1045] Accès refusé pour l'utilisateur: 'root'@'@localhost' (mot de passe: OUI)

C:\Users\roche\Documents\RochesWebStudio\Projet_OnlyRoll\OnlyRoll\backend\vendor\doctrine\dbal\src\Driver\PDO\Exception.php:24
C:\Users\roche\Documents\RochesWebStudio\Projet_OnlyRoll\OnlyRoll\backend\vendor\doctrine\dbal\src\Driver\PDO\MySQL\Driver.php:43
C:\Users\roche\Documents\RochesWebStudio\Projet_OnlyRoll\OnlyRoll\backend\vendor\doctrine\dbal\src\Driver\Middleware\AbstractDriverMiddleware.php:29
C:\Users\roche\Documents\RochesWebStudio\Projet_OnlyRoll\OnlyRoll\backend\vendor\symfony\doctrine-bridge\Middleware\Debug\Driver.php:37
C:\Users\roche\Documents\RochesWebStudio\Projet_OnlyRoll\OnlyRoll\backend\vendor\doctrine\dbal\src\Driver\Middleware\AbstractDriverMiddleware.php:29
C:\Users\roche\Documents\RochesWebStudio\Projet_OnlyRoll\OnlyRoll\backend\vendor\symfony\doctrine-bridge\Middleware\IdleConnection\Driver.php:35
C:\Users\roche\Documents\RochesWebStudio\Projet_OnlyRoll\OnlyRoll\backend\vendor\doctrine\dbal\src\Connection.php:383
C:\Users\roche\Documents\RochesWebStudio\Projet_OnlyRoll\OnlyRoll\backend\vendor\doctrine\dbal\src\Connection.php:1692
C:\Users\roche\Documents\RochesWebStudio\Projet_OnlyRoll\OnlyRoll\backend\vendor\doctrine\dbal\src\Connection.php:1195
C:\Users\roche\Documents\RochesWebStudio\Projet_OnlyRoll\OnlyRoll\backend\tests\Functional\Controller\MapControllerTest.php:35

Caused by
PDOException: SQLSTATE[HY000] [1045] Accès refusé pour l'utilisateur: 'root'@'@localhost' (mot de passe: OUI)

C:\Users\roche\Documents\RochesWebStudio\Projet_OnlyRoll\OnlyRoll\backend\vendor\doctrine\dbal\src\Driver\PDO\PDOConnect.php:22
C:\Users\roche\Documents\RochesWebStudio\Projet_OnlyRoll\OnlyRoll\backend\vendor\doctrine\dbal\src\Driver\PDO\MySQL\Driver.php:36
C:\Users\roche\Documents\RochesWebStudio\Projet_OnlyRoll\OnlyRoll\backend\vendor\doctrine\dbal\src\Driver\Middleware\AbstractDriverMiddleware.php:29
C:\Users\roche\Documents\RochesWebStudio\Projet_OnlyRoll\OnlyRoll\backend\vendor\symfony\doctrine-bridge\Middleware\Debug\Driver.php:37
C:\Users\roche\Documents\RochesWebStudio\Projet_OnlyRoll\OnlyRoll\backend\vendor\doctrine\dbal\src\Driver\Middleware\AbstractDriverMiddleware.php:29
C:\Users\roche\Documents\RochesWebStudio\Projet_OnlyRoll\OnlyRoll\backend\vendor\symfony\doctrine-bridge\Middleware\IdleConnection\Driver.php:35
C:\Users\roche\Documents\RochesWebStudio\Projet_OnlyRoll\OnlyRoll\backend\vendor\doctrine\dbal\src\Connection.php:383
C:\Users\roche\Documents\RochesWebStudio\Projet_OnlyRoll\OnlyRoll\backend\vendor\doctrine\dbal\src\Connection.php:1692
C:\Users\roche\Documents\RochesWebStudio\Projet_OnlyRoll\OnlyRoll\backend\vendor\doctrine\dbal\src\Connection.php:1195
C:\Users\roche\Documents\RochesWebStudio\Projet_OnlyRoll\OnlyRoll\backend\tests\Functional\Controller\MapControllerTest.php:35

62) App\Tests\Functional\Controller\MapControllerTest::testListMapsForNonExistentGame
Doctrine\DBAL\Exception\ConnectionException: An exception occurred in the driver: SQLSTATE[HY000] [1045] Accès refusé pour l'utilisateur: 'root'@'@localhost' (mot de passe: OUI)

C:\Users\roche\Documents\RochesWebStudio\Projet_OnlyRoll\OnlyRoll\backend\vendor\doctrine\dbal\src\Driver\API\MySQL\ExceptionConverter.php:112
C:\Users\roche\Documents\RochesWebStudio\Projet_OnlyRoll\OnlyRoll\backend\vendor\doctrine\dbal\src\Connection.php:1976
C:\Users\roche\Documents\RochesWebStudio\Projet_OnlyRoll\OnlyRoll\backend\vendor\doctrine\dbal\src\Connection.php:1924
C:\Users\roche\Documents\RochesWebStudio\Projet_OnlyRoll\OnlyRoll\backend\vendor\doctrine\dbal\src\Connection.php:385
C:\Users\roche\Documents\RochesWebStudio\Projet_OnlyRoll\OnlyRoll\backend\vendor\doctrine\dbal\src\Connection.php:1692
C:\Users\roche\Documents\RochesWebStudio\Projet_OnlyRoll\OnlyRoll\backend\vendor\doctrine\dbal\src\Connection.php:1195
C:\Users\roche\Documents\RochesWebStudio\Projet_OnlyRoll\OnlyRoll\backend\tests\Functional\Controller\MapControllerTest.php:35

Caused by
Doctrine\DBAL\Driver\PDO\Exception: SQLSTATE[HY000] [1045] Accès refusé pour l'utilisateur: 'root'@'@localhost' (mot de passe: OUI)

C:\Users\roche\Documents\RochesWebStudio\Projet_OnlyRoll\OnlyRoll\backend\vendor\doctrine\dbal\src\Driver\PDO\Exception.php:24
C:\Users\roche\Documents\RochesWebStudio\Projet_OnlyRoll\OnlyRoll\backend\vendor\doctrine\dbal\src\Driver\PDO\MySQL\Driver.php:43
C:\Users\roche\Documents\RochesWebStudio\Projet_OnlyRoll\OnlyRoll\backend\vendor\doctrine\dbal\src\Driver\Middleware\AbstractDriverMiddleware.php:29
C:\Users\roche\Documents\RochesWebStudio\Projet_OnlyRoll\OnlyRoll\backend\vendor\symfony\doctrine-bridge\Middleware\Debug\Driver.php:37
C:\Users\roche\Documents\RochesWebStudio\Projet_OnlyRoll\OnlyRoll\backend\vendor\doctrine\dbal\src\Driver\Middleware\AbstractDriverMiddleware.php:29
C:\Users\roche\Documents\RochesWebStudio\Projet_OnlyRoll\OnlyRoll\backend\vendor\symfony\doctrine-bridge\Middleware\IdleConnection\Driver.php:35
C:\Users\roche\Documents\RochesWebStudio\Projet_OnlyRoll\OnlyRoll\backend\vendor\doctrine\dbal\src\Connection.php:383
C:\Users\roche\Documents\RochesWebStudio\Projet_OnlyRoll\OnlyRoll\backend\vendor\doctrine\dbal\src\Connection.php:1692
C:\Users\roche\Documents\RochesWebStudio\Projet_OnlyRoll\OnlyRoll\backend\vendor\doctrine\dbal\src\Connection.php:1195
C:\Users\roche\Documents\RochesWebStudio\Projet_OnlyRoll\OnlyRoll\backend\tests\Functional\Controller\MapControllerTest.php:35

Caused by
PDOException: SQLSTATE[HY000] [1045] Accès refusé pour l'utilisateur: 'root'@'@localhost' (mot de passe: OUI)

C:\Users\roche\Documents\RochesWebStudio\Projet_OnlyRoll\OnlyRoll\backend\vendor\doctrine\dbal\src\Driver\PDO\PDOConnect.php:22
C:\Users\roche\Documents\RochesWebStudio\Projet_OnlyRoll\OnlyRoll\backend\vendor\doctrine\dbal\src\Driver\PDO\MySQL\Driver.php:36
C:\Users\roche\Documents\RochesWebStudio\Projet_OnlyRoll\OnlyRoll\backend\vendor\doctrine\dbal\src\Driver\Middleware\AbstractDriverMiddleware.php:29
C:\Users\roche\Documents\RochesWebStudio\Projet_OnlyRoll\OnlyRoll\backend\vendor\symfony\doctrine-bridge\Middleware\Debug\Driver.php:37
C:\Users\roche\Documents\RochesWebStudio\Projet_OnlyRoll\OnlyRoll\backend\vendor\doctrine\dbal\src\Driver\Middleware\AbstractDriverMiddleware.php:29
C:\Users\roche\Documents\RochesWebStudio\Projet_OnlyRoll\OnlyRoll\backend\vendor\symfony\doctrine-bridge\Middleware\IdleConnection\Driver.php:35
C:\Users\roche\Documents\RochesWebStudio\Projet_OnlyRoll\OnlyRoll\backend\vendor\doctrine\dbal\src\Connection.php:383
C:\Users\roche\Documents\RochesWebStudio\Projet_OnlyRoll\OnlyRoll\backend\vendor\doctrine\dbal\src\Connection.php:1692
C:\Users\roche\Documents\RochesWebStudio\Projet_OnlyRoll\OnlyRoll\backend\vendor\doctrine\dbal\src\Connection.php:1195
C:\Users\roche\Documents\RochesWebStudio\Projet_OnlyRoll\OnlyRoll\backend\tests\Functional\Controller\MapControllerTest.php:35

63) App\Tests\Functional\Controller\MapControllerTest::testListMapsSuccess
Doctrine\DBAL\Exception\ConnectionException: An exception occurred in the driver: SQLSTATE[HY000] [1045] Accès refusé pour l'utilisateur: 'root'@'@localhost' (mot de passe: OUI)

C:\Users\roche\Documents\RochesWebStudio\Projet_OnlyRoll\OnlyRoll\backend\vendor\doctrine\dbal\src\Driver\API\MySQL\ExceptionConverter.php:112
C:\Users\roche\Documents\RochesWebStudio\Projet_OnlyRoll\OnlyRoll\backend\vendor\doctrine\dbal\src\Connection.php:1976
C:\Users\roche\Documents\RochesWebStudio\Projet_OnlyRoll\OnlyRoll\backend\vendor\doctrine\dbal\src\Connection.php:1924
C:\Users\roche\Documents\RochesWebStudio\Projet_OnlyRoll\OnlyRoll\backend\vendor\doctrine\dbal\src\Connection.php:385
C:\Users\roche\Documents\RochesWebStudio\Projet_OnlyRoll\OnlyRoll\backend\vendor\doctrine\dbal\src\Connection.php:1692
C:\Users\roche\Documents\RochesWebStudio\Projet_OnlyRoll\OnlyRoll\backend\vendor\doctrine\dbal\src\Connection.php:1195
C:\Users\roche\Documents\RochesWebStudio\Projet_OnlyRoll\OnlyRoll\backend\tests\Functional\Controller\MapControllerTest.php:35

Caused by
Doctrine\DBAL\Driver\PDO\Exception: SQLSTATE[HY000] [1045] Accès refusé pour l'utilisateur: 'root'@'@localhost' (mot de passe: OUI)

C:\Users\roche\Documents\RochesWebStudio\Projet_OnlyRoll\OnlyRoll\backend\vendor\doctrine\dbal\src\Driver\PDO\Exception.php:24
C:\Users\roche\Documents\RochesWebStudio\Projet_OnlyRoll\OnlyRoll\backend\vendor\doctrine\dbal\src\Driver\PDO\MySQL\Driver.php:43
C:\Users\roche\Documents\RochesWebStudio\Projet_OnlyRoll\OnlyRoll\backend\vendor\doctrine\dbal\src\Driver\Middleware\AbstractDriverMiddleware.php:29
C:\Users\roche\Documents\RochesWebStudio\Projet_OnlyRoll\OnlyRoll\backend\vendor\symfony\doctrine-bridge\Middleware\Debug\Driver.php:37
C:\Users\roche\Documents\RochesWebStudio\Projet_OnlyRoll\OnlyRoll\backend\vendor\doctrine\dbal\src\Driver\Middleware\AbstractDriverMiddleware.php:29
C:\Users\roche\Documents\RochesWebStudio\Projet_OnlyRoll\OnlyRoll\backend\vendor\symfony\doctrine-bridge\Middleware\IdleConnection\Driver.php:35
C:\Users\roche\Documents\RochesWebStudio\Projet_OnlyRoll\OnlyRoll\backend\vendor\doctrine\dbal\src\Connection.php:383
C:\Users\roche\Documents\RochesWebStudio\Projet_OnlyRoll\OnlyRoll\backend\vendor\doctrine\dbal\src\Connection.php:1692
C:\Users\roche\Documents\RochesWebStudio\Projet_OnlyRoll\OnlyRoll\backend\vendor\doctrine\dbal\src\Connection.php:1195
C:\Users\roche\Documents\RochesWebStudio\Projet_OnlyRoll\OnlyRoll\backend\tests\Functional\Controller\MapControllerTest.php:35

Caused by
PDOException: SQLSTATE[HY000] [1045] Accès refusé pour l'utilisateur: 'root'@'@localhost' (mot de passe: OUI)

C:\Users\roche\Documents\RochesWebStudio\Projet_OnlyRoll\OnlyRoll\backend\vendor\doctrine\dbal\src\Driver\PDO\PDOConnect.php:22
C:\Users\roche\Documents\RochesWebStudio\Projet_OnlyRoll\OnlyRoll\backend\vendor\doctrine\dbal\src\Driver\PDO\MySQL\Driver.php:36
C:\Users\roche\Documents\RochesWebStudio\Projet_OnlyRoll\OnlyRoll\backend\vendor\doctrine\dbal\src\Driver\Middleware\AbstractDriverMiddleware.php:29
C:\Users\roche\Documents\RochesWebStudio\Projet_OnlyRoll\OnlyRoll\backend\vendor\symfony\doctrine-bridge\Middleware\Debug\Driver.php:37
C:\Users\roche\Documents\RochesWebStudio\Projet_OnlyRoll\OnlyRoll\backend\vendor\doctrine\dbal\src\Driver\Middleware\AbstractDriverMiddleware.php:29
C:\Users\roche\Documents\RochesWebStudio\Projet_OnlyRoll\OnlyRoll\backend\vendor\symfony\doctrine-bridge\Middleware\IdleConnection\Driver.php:35
C:\Users\roche\Documents\RochesWebStudio\Projet_OnlyRoll\OnlyRoll\backend\vendor\doctrine\dbal\src\Connection.php:383
C:\Users\roche\Documents\RochesWebStudio\Projet_OnlyRoll\OnlyRoll\backend\vendor\doctrine\dbal\src\Connection.php:1692
C:\Users\roche\Documents\RochesWebStudio\Projet_OnlyRoll\OnlyRoll\backend\vendor\doctrine\dbal\src\Connection.php:1195
C:\Users\roche\Documents\RochesWebStudio\Projet_OnlyRoll\OnlyRoll\backend\tests\Functional\Controller\MapControllerTest.php:35

64) App\Tests\Functional\Controller\MapControllerTest::testGetActiveMapWhenNoActiveMap
Doctrine\DBAL\Exception\ConnectionException: An exception occurred in the driver: SQLSTATE[HY000] [1045] Accès refusé pour l'utilisateur: 'root'@'@localhost' (mot de passe: OUI)

C:\Users\roche\Documents\RochesWebStudio\Projet_OnlyRoll\OnlyRoll\backend\vendor\doctrine\dbal\src\Driver\API\MySQL\ExceptionConverter.php:112
C:\Users\roche\Documents\RochesWebStudio\Projet_OnlyRoll\OnlyRoll\backend\vendor\doctrine\dbal\src\Connection.php:1976
C:\Users\roche\Documents\RochesWebStudio\Projet_OnlyRoll\OnlyRoll\backend\vendor\doctrine\dbal\src\Connection.php:1924
C:\Users\roche\Documents\RochesWebStudio\Projet_OnlyRoll\OnlyRoll\backend\vendor\doctrine\dbal\src\Connection.php:385
C:\Users\roche\Documents\RochesWebStudio\Projet_OnlyRoll\OnlyRoll\backend\vendor\doctrine\dbal\src\Connection.php:1692
C:\Users\roche\Documents\RochesWebStudio\Projet_OnlyRoll\OnlyRoll\backend\vendor\doctrine\dbal\src\Connection.php:1195
C:\Users\roche\Documents\RochesWebStudio\Projet_OnlyRoll\OnlyRoll\backend\tests\Functional\Controller\MapControllerTest.php:35

Caused by
Doctrine\DBAL\Driver\PDO\Exception: SQLSTATE[HY000] [1045] Accès refusé pour l'utilisateur: 'root'@'@localhost' (mot de passe: OUI)

C:\Users\roche\Documents\RochesWebStudio\Projet_OnlyRoll\OnlyRoll\backend\vendor\doctrine\dbal\src\Driver\PDO\Exception.php:24
C:\Users\roche\Documents\RochesWebStudio\Projet_OnlyRoll\OnlyRoll\backend\vendor\doctrine\dbal\src\Driver\PDO\MySQL\Driver.php:43
C:\Users\roche\Documents\RochesWebStudio\Projet_OnlyRoll\OnlyRoll\backend\vendor\doctrine\dbal\src\Driver\Middleware\AbstractDriverMiddleware.php:29
C:\Users\roche\Documents\RochesWebStudio\Projet_OnlyRoll\OnlyRoll\backend\vendor\symfony\doctrine-bridge\Middleware\Debug\Driver.php:37
C:\Users\roche\Documents\RochesWebStudio\Projet_OnlyRoll\OnlyRoll\backend\vendor\doctrine\dbal\src\Driver\Middleware\AbstractDriverMiddleware.php:29
C:\Users\roche\Documents\RochesWebStudio\Projet_OnlyRoll\OnlyRoll\backend\vendor\symfony\doctrine-bridge\Middleware\IdleConnection\Driver.php:35
C:\Users\roche\Documents\RochesWebStudio\Projet_OnlyRoll\OnlyRoll\backend\vendor\doctrine\dbal\src\Connection.php:383
C:\Users\roche\Documents\RochesWebStudio\Projet_OnlyRoll\OnlyRoll\backend\vendor\doctrine\dbal\src\Connection.php:1692
C:\Users\roche\Documents\RochesWebStudio\Projet_OnlyRoll\OnlyRoll\backend\vendor\doctrine\dbal\src\Connection.php:1195
C:\Users\roche\Documents\RochesWebStudio\Projet_OnlyRoll\OnlyRoll\backend\tests\Functional\Controller\MapControllerTest.php:35

Caused by
PDOException: SQLSTATE[HY000] [1045] Accès refusé pour l'utilisateur: 'root'@'@localhost' (mot de passe: OUI)

C:\Users\roche\Documents\RochesWebStudio\Projet_OnlyRoll\OnlyRoll\backend\vendor\doctrine\dbal\src\Driver\PDO\PDOConnect.php:22
C:\Users\roche\Documents\RochesWebStudio\Projet_OnlyRoll\OnlyRoll\backend\vendor\doctrine\dbal\src\Driver\PDO\MySQL\Driver.php:36
C:\Users\roche\Documents\RochesWebStudio\Projet_OnlyRoll\OnlyRoll\backend\vendor\doctrine\dbal\src\Driver\Middleware\AbstractDriverMiddleware.php:29
C:\Users\roche\Documents\RochesWebStudio\Projet_OnlyRoll\OnlyRoll\backend\vendor\symfony\doctrine-bridge\Middleware\Debug\Driver.php:37
C:\Users\roche\Documents\RochesWebStudio\Projet_OnlyRoll\OnlyRoll\backend\vendor\doctrine\dbal\src\Driver\Middleware\AbstractDriverMiddleware.php:29
C:\Users\roche\Documents\RochesWebStudio\Projet_OnlyRoll\OnlyRoll\backend\vendor\symfony\doctrine-bridge\Middleware\IdleConnection\Driver.php:35
C:\Users\roche\Documents\RochesWebStudio\Projet_OnlyRoll\OnlyRoll\backend\vendor\doctrine\dbal\src\Connection.php:383
C:\Users\roche\Documents\RochesWebStudio\Projet_OnlyRoll\OnlyRoll\backend\vendor\doctrine\dbal\src\Connection.php:1692
C:\Users\roche\Documents\RochesWebStudio\Projet_OnlyRoll\OnlyRoll\backend\vendor\doctrine\dbal\src\Connection.php:1195
C:\Users\roche\Documents\RochesWebStudio\Projet_OnlyRoll\OnlyRoll\backend\tests\Functional\Controller\MapControllerTest.php:35

65) App\Tests\Functional\Controller\MapControllerTest::testGetActiveMapSuccess
Doctrine\DBAL\Exception\ConnectionException: An exception occurred in the driver: SQLSTATE[HY000] [1045] Accès refusé pour l'utilisateur: 'root'@'@localhost' (mot de passe: OUI)

C:\Users\roche\Documents\RochesWebStudio\Projet_OnlyRoll\OnlyRoll\backend\vendor\doctrine\dbal\src\Driver\API\MySQL\ExceptionConverter.php:112
C:\Users\roche\Documents\RochesWebStudio\Projet_OnlyRoll\OnlyRoll\backend\vendor\doctrine\dbal\src\Connection.php:1976
C:\Users\roche\Documents\RochesWebStudio\Projet_OnlyRoll\OnlyRoll\backend\vendor\doctrine\dbal\src\Connection.php:1924
C:\Users\roche\Documents\RochesWebStudio\Projet_OnlyRoll\OnlyRoll\backend\vendor\doctrine\dbal\src\Connection.php:385
C:\Users\roche\Documents\RochesWebStudio\Projet_OnlyRoll\OnlyRoll\backend\vendor\doctrine\dbal\src\Connection.php:1692
C:\Users\roche\Documents\RochesWebStudio\Projet_OnlyRoll\OnlyRoll\backend\vendor\doctrine\dbal\src\Connection.php:1195
C:\Users\roche\Documents\RochesWebStudio\Projet_OnlyRoll\OnlyRoll\backend\tests\Functional\Controller\MapControllerTest.php:35

Caused by
Doctrine\DBAL\Driver\PDO\Exception: SQLSTATE[HY000] [1045] Accès refusé pour l'utilisateur: 'root'@'@localhost' (mot de passe: OUI)

C:\Users\roche\Documents\RochesWebStudio\Projet_OnlyRoll\OnlyRoll\backend\vendor\doctrine\dbal\src\Driver\PDO\Exception.php:24
C:\Users\roche\Documents\RochesWebStudio\Projet_OnlyRoll\OnlyRoll\backend\vendor\doctrine\dbal\src\Driver\PDO\MySQL\Driver.php:43
C:\Users\roche\Documents\RochesWebStudio\Projet_OnlyRoll\OnlyRoll\backend\vendor\doctrine\dbal\src\Driver\Middleware\AbstractDriverMiddleware.php:29
C:\Users\roche\Documents\RochesWebStudio\Projet_OnlyRoll\OnlyRoll\backend\vendor\symfony\doctrine-bridge\Middleware\Debug\Driver.php:37
C:\Users\roche\Documents\RochesWebStudio\Projet_OnlyRoll\OnlyRoll\backend\vendor\doctrine\dbal\src\Driver\Middleware\AbstractDriverMiddleware.php:29
C:\Users\roche\Documents\RochesWebStudio\Projet_OnlyRoll\OnlyRoll\backend\vendor\symfony\doctrine-bridge\Middleware\IdleConnection\Driver.php:35
C:\Users\roche\Documents\RochesWebStudio\Projet_OnlyRoll\OnlyRoll\backend\vendor\doctrine\dbal\src\Connection.php:383
C:\Users\roche\Documents\RochesWebStudio\Projet_OnlyRoll\OnlyRoll\backend\vendor\doctrine\dbal\src\Connection.php:1692
C:\Users\roche\Documents\RochesWebStudio\Projet_OnlyRoll\OnlyRoll\backend\vendor\doctrine\dbal\src\Connection.php:1195
C:\Users\roche\Documents\RochesWebStudio\Projet_OnlyRoll\OnlyRoll\backend\tests\Functional\Controller\MapControllerTest.php:35

Caused by
PDOException: SQLSTATE[HY000] [1045] Accès refusé pour l'utilisateur: 'root'@'@localhost' (mot de passe: OUI)

C:\Users\roche\Documents\RochesWebStudio\Projet_OnlyRoll\OnlyRoll\backend\vendor\doctrine\dbal\src\Driver\PDO\PDOConnect.php:22
C:\Users\roche\Documents\RochesWebStudio\Projet_OnlyRoll\OnlyRoll\backend\vendor\doctrine\dbal\src\Driver\PDO\MySQL\Driver.php:36
C:\Users\roche\Documents\RochesWebStudio\Projet_OnlyRoll\OnlyRoll\backend\vendor\doctrine\dbal\src\Driver\Middleware\AbstractDriverMiddleware.php:29
C:\Users\roche\Documents\RochesWebStudio\Projet_OnlyRoll\OnlyRoll\backend\vendor\symfony\doctrine-bridge\Middleware\Debug\Driver.php:37
C:\Users\roche\Documents\RochesWebStudio\Projet_OnlyRoll\OnlyRoll\backend\vendor\doctrine\dbal\src\Driver\Middleware\AbstractDriverMiddleware.php:29
C:\Users\roche\Documents\RochesWebStudio\Projet_OnlyRoll\OnlyRoll\backend\vendor\symfony\doctrine-bridge\Middleware\IdleConnection\Driver.php:35
C:\Users\roche\Documents\RochesWebStudio\Projet_OnlyRoll\OnlyRoll\backend\vendor\doctrine\dbal\src\Connection.php:383
C:\Users\roche\Documents\RochesWebStudio\Projet_OnlyRoll\OnlyRoll\backend\vendor\doctrine\dbal\src\Connection.php:1692
C:\Users\roche\Documents\RochesWebStudio\Projet_OnlyRoll\OnlyRoll\backend\vendor\doctrine\dbal\src\Connection.php:1195
C:\Users\roche\Documents\RochesWebStudio\Projet_OnlyRoll\OnlyRoll\backend\tests\Functional\Controller\MapControllerTest.php:35

66) App\Tests\Functional\Controller\MapControllerTest::testShowMapSuccess
Doctrine\DBAL\Exception\ConnectionException: An exception occurred in the driver: SQLSTATE[HY000] [1045] Accès refusé pour l'utilisateur: 'root'@'@localhost' (mot de passe: OUI)

C:\Users\roche\Documents\RochesWebStudio\Projet_OnlyRoll\OnlyRoll\backend\vendor\doctrine\dbal\src\Driver\API\MySQL\ExceptionConverter.php:112
C:\Users\roche\Documents\RochesWebStudio\Projet_OnlyRoll\OnlyRoll\backend\vendor\doctrine\dbal\src\Connection.php:1976
C:\Users\roche\Documents\RochesWebStudio\Projet_OnlyRoll\OnlyRoll\backend\vendor\doctrine\dbal\src\Connection.php:1924
C:\Users\roche\Documents\RochesWebStudio\Projet_OnlyRoll\OnlyRoll\backend\vendor\doctrine\dbal\src\Connection.php:385
C:\Users\roche\Documents\RochesWebStudio\Projet_OnlyRoll\OnlyRoll\backend\vendor\doctrine\dbal\src\Connection.php:1692
C:\Users\roche\Documents\RochesWebStudio\Projet_OnlyRoll\OnlyRoll\backend\vendor\doctrine\dbal\src\Connection.php:1195
C:\Users\roche\Documents\RochesWebStudio\Projet_OnlyRoll\OnlyRoll\backend\tests\Functional\Controller\MapControllerTest.php:35

Caused by
Doctrine\DBAL\Driver\PDO\Exception: SQLSTATE[HY000] [1045] Accès refusé pour l'utilisateur: 'root'@'@localhost' (mot de passe: OUI)

C:\Users\roche\Documents\RochesWebStudio\Projet_OnlyRoll\OnlyRoll\backend\vendor\doctrine\dbal\src\Driver\PDO\Exception.php:24
C:\Users\roche\Documents\RochesWebStudio\Projet_OnlyRoll\OnlyRoll\backend\vendor\doctrine\dbal\src\Driver\PDO\MySQL\Driver.php:43
C:\Users\roche\Documents\RochesWebStudio\Projet_OnlyRoll\OnlyRoll\backend\vendor\doctrine\dbal\src\Driver\Middleware\AbstractDriverMiddleware.php:29
C:\Users\roche\Documents\RochesWebStudio\Projet_OnlyRoll\OnlyRoll\backend\vendor\symfony\doctrine-bridge\Middleware\Debug\Driver.php:37
C:\Users\roche\Documents\RochesWebStudio\Projet_OnlyRoll\OnlyRoll\backend\vendor\doctrine\dbal\src\Driver\Middleware\AbstractDriverMiddleware.php:29
C:\Users\roche\Documents\RochesWebStudio\Projet_OnlyRoll\OnlyRoll\backend\vendor\symfony\doctrine-bridge\Middleware\IdleConnection\Driver.php:35
C:\Users\roche\Documents\RochesWebStudio\Projet_OnlyRoll\OnlyRoll\backend\vendor\doctrine\dbal\src\Connection.php:383
C:\Users\roche\Documents\RochesWebStudio\Projet_OnlyRoll\OnlyRoll\backend\vendor\doctrine\dbal\src\Connection.php:1692
C:\Users\roche\Documents\RochesWebStudio\Projet_OnlyRoll\OnlyRoll\backend\vendor\doctrine\dbal\src\Connection.php:1195
C:\Users\roche\Documents\RochesWebStudio\Projet_OnlyRoll\OnlyRoll\backend\tests\Functional\Controller\MapControllerTest.php:35

Caused by
PDOException: SQLSTATE[HY000] [1045] Accès refusé pour l'utilisateur: 'root'@'@localhost' (mot de passe: OUI)

C:\Users\roche\Documents\RochesWebStudio\Projet_OnlyRoll\OnlyRoll\backend\vendor\doctrine\dbal\src\Driver\PDO\PDOConnect.php:22
C:\Users\roche\Documents\RochesWebStudio\Projet_OnlyRoll\OnlyRoll\backend\vendor\doctrine\dbal\src\Driver\PDO\MySQL\Driver.php:36
C:\Users\roche\Documents\RochesWebStudio\Projet_OnlyRoll\OnlyRoll\backend\vendor\doctrine\dbal\src\Driver\Middleware\AbstractDriverMiddleware.php:29
C:\Users\roche\Documents\RochesWebStudio\Projet_OnlyRoll\OnlyRoll\backend\vendor\symfony\doctrine-bridge\Middleware\Debug\Driver.php:37
C:\Users\roche\Documents\RochesWebStudio\Projet_OnlyRoll\OnlyRoll\backend\vendor\doctrine\dbal\src\Driver\Middleware\AbstractDriverMiddleware.php:29
C:\Users\roche\Documents\RochesWebStudio\Projet_OnlyRoll\OnlyRoll\backend\vendor\symfony\doctrine-bridge\Middleware\IdleConnection\Driver.php:35
C:\Users\roche\Documents\RochesWebStudio\Projet_OnlyRoll\OnlyRoll\backend\vendor\doctrine\dbal\src\Connection.php:383
C:\Users\roche\Documents\RochesWebStudio\Projet_OnlyRoll\OnlyRoll\backend\vendor\doctrine\dbal\src\Connection.php:1692
C:\Users\roche\Documents\RochesWebStudio\Projet_OnlyRoll\OnlyRoll\backend\vendor\doctrine\dbal\src\Connection.php:1195
C:\Users\roche\Documents\RochesWebStudio\Projet_OnlyRoll\OnlyRoll\backend\tests\Functional\Controller\MapControllerTest.php:35

67) App\Tests\Functional\Controller\MapControllerTest::testShowMapNotFound
Doctrine\DBAL\Exception\ConnectionException: An exception occurred in the driver: SQLSTATE[HY000] [1045] Accès refusé pour l'utilisateur: 'root'@'@localhost' (mot de passe: OUI)

C:\Users\roche\Documents\RochesWebStudio\Projet_OnlyRoll\OnlyRoll\backend\vendor\doctrine\dbal\src\Driver\API\MySQL\ExceptionConverter.php:112
C:\Users\roche\Documents\RochesWebStudio\Projet_OnlyRoll\OnlyRoll\backend\vendor\doctrine\dbal\src\Connection.php:1976
C:\Users\roche\Documents\RochesWebStudio\Projet_OnlyRoll\OnlyRoll\backend\vendor\doctrine\dbal\src\Connection.php:1924
C:\Users\roche\Documents\RochesWebStudio\Projet_OnlyRoll\OnlyRoll\backend\vendor\doctrine\dbal\src\Connection.php:385
C:\Users\roche\Documents\RochesWebStudio\Projet_OnlyRoll\OnlyRoll\backend\vendor\doctrine\dbal\src\Connection.php:1692
C:\Users\roche\Documents\RochesWebStudio\Projet_OnlyRoll\OnlyRoll\backend\vendor\doctrine\dbal\src\Connection.php:1195
C:\Users\roche\Documents\RochesWebStudio\Projet_OnlyRoll\OnlyRoll\backend\tests\Functional\Controller\MapControllerTest.php:35

Caused by
Doctrine\DBAL\Driver\PDO\Exception: SQLSTATE[HY000] [1045] Accès refusé pour l'utilisateur: 'root'@'@localhost' (mot de passe: OUI)

C:\Users\roche\Documents\RochesWebStudio\Projet_OnlyRoll\OnlyRoll\backend\vendor\doctrine\dbal\src\Driver\PDO\Exception.php:24
C:\Users\roche\Documents\RochesWebStudio\Projet_OnlyRoll\OnlyRoll\backend\vendor\doctrine\dbal\src\Driver\PDO\MySQL\Driver.php:43
C:\Users\roche\Documents\RochesWebStudio\Projet_OnlyRoll\OnlyRoll\backend\vendor\doctrine\dbal\src\Driver\Middleware\AbstractDriverMiddleware.php:29
C:\Users\roche\Documents\RochesWebStudio\Projet_OnlyRoll\OnlyRoll\backend\vendor\symfony\doctrine-bridge\Middleware\Debug\Driver.php:37
C:\Users\roche\Documents\RochesWebStudio\Projet_OnlyRoll\OnlyRoll\backend\vendor\doctrine\dbal\src\Driver\Middleware\AbstractDriverMiddleware.php:29
C:\Users\roche\Documents\RochesWebStudio\Projet_OnlyRoll\OnlyRoll\backend\vendor\symfony\doctrine-bridge\Middleware\IdleConnection\Driver.php:35
C:\Users\roche\Documents\RochesWebStudio\Projet_OnlyRoll\OnlyRoll\backend\vendor\doctrine\dbal\src\Connection.php:383
C:\Users\roche\Documents\RochesWebStudio\Projet_OnlyRoll\OnlyRoll\backend\vendor\doctrine\dbal\src\Connection.php:1692
C:\Users\roche\Documents\RochesWebStudio\Projet_OnlyRoll\OnlyRoll\backend\vendor\doctrine\dbal\src\Connection.php:1195
C:\Users\roche\Documents\RochesWebStudio\Projet_OnlyRoll\OnlyRoll\backend\tests\Functional\Controller\MapControllerTest.php:35

Caused by
PDOException: SQLSTATE[HY000] [1045] Accès refusé pour l'utilisateur: 'root'@'@localhost' (mot de passe: OUI)

C:\Users\roche\Documents\RochesWebStudio\Projet_OnlyRoll\OnlyRoll\backend\vendor\doctrine\dbal\src\Driver\PDO\PDOConnect.php:22
C:\Users\roche\Documents\RochesWebStudio\Projet_OnlyRoll\OnlyRoll\backend\vendor\doctrine\dbal\src\Driver\PDO\MySQL\Driver.php:36
C:\Users\roche\Documents\RochesWebStudio\Projet_OnlyRoll\OnlyRoll\backend\vendor\doctrine\dbal\src\Driver\Middleware\AbstractDriverMiddleware.php:29
C:\Users\roche\Documents\RochesWebStudio\Projet_OnlyRoll\OnlyRoll\backend\vendor\symfony\doctrine-bridge\Middleware\Debug\Driver.php:37
C:\Users\roche\Documents\RochesWebStudio\Projet_OnlyRoll\OnlyRoll\backend\vendor\doctrine\dbal\src\Driver\Middleware\AbstractDriverMiddleware.php:29
C:\Users\roche\Documents\RochesWebStudio\Projet_OnlyRoll\OnlyRoll\backend\vendor\symfony\doctrine-bridge\Middleware\IdleConnection\Driver.php:35
C:\Users\roche\Documents\RochesWebStudio\Projet_OnlyRoll\OnlyRoll\backend\vendor\doctrine\dbal\src\Connection.php:383
C:\Users\roche\Documents\RochesWebStudio\Projet_OnlyRoll\OnlyRoll\backend\vendor\doctrine\dbal\src\Connection.php:1692
C:\Users\roche\Documents\RochesWebStudio\Projet_OnlyRoll\OnlyRoll\backend\vendor\doctrine\dbal\src\Connection.php:1195
C:\Users\roche\Documents\RochesWebStudio\Projet_OnlyRoll\OnlyRoll\backend\tests\Functional\Controller\MapControllerTest.php:35

68) App\Tests\Functional\Controller\MapControllerTest::testCreateMapAsPlayerForbidden
Doctrine\DBAL\Exception\ConnectionException: An exception occurred in the driver: SQLSTATE[HY000] [1045] Accès refusé pour l'utilisateur: 'root'@'@localhost' (mot de passe: OUI)

C:\Users\roche\Documents\RochesWebStudio\Projet_OnlyRoll\OnlyRoll\backend\vendor\doctrine\dbal\src\Driver\API\MySQL\ExceptionConverter.php:112
C:\Users\roche\Documents\RochesWebStudio\Projet_OnlyRoll\OnlyRoll\backend\vendor\doctrine\dbal\src\Connection.php:1976
C:\Users\roche\Documents\RochesWebStudio\Projet_OnlyRoll\OnlyRoll\backend\vendor\doctrine\dbal\src\Connection.php:1924
C:\Users\roche\Documents\RochesWebStudio\Projet_OnlyRoll\OnlyRoll\backend\vendor\doctrine\dbal\src\Connection.php:385
C:\Users\roche\Documents\RochesWebStudio\Projet_OnlyRoll\OnlyRoll\backend\vendor\doctrine\dbal\src\Connection.php:1692
C:\Users\roche\Documents\RochesWebStudio\Projet_OnlyRoll\OnlyRoll\backend\vendor\doctrine\dbal\src\Connection.php:1195
C:\Users\roche\Documents\RochesWebStudio\Projet_OnlyRoll\OnlyRoll\backend\tests\Functional\Controller\MapControllerTest.php:35

Caused by
Doctrine\DBAL\Driver\PDO\Exception: SQLSTATE[HY000] [1045] Accès refusé pour l'utilisateur: 'root'@'@localhost' (mot de passe: OUI)

C:\Users\roche\Documents\RochesWebStudio\Projet_OnlyRoll\OnlyRoll\backend\vendor\doctrine\dbal\src\Driver\PDO\Exception.php:24
C:\Users\roche\Documents\RochesWebStudio\Projet_OnlyRoll\OnlyRoll\backend\vendor\doctrine\dbal\src\Driver\PDO\MySQL\Driver.php:43
C:\Users\roche\Documents\RochesWebStudio\Projet_OnlyRoll\OnlyRoll\backend\vendor\doctrine\dbal\src\Driver\Middleware\AbstractDriverMiddleware.php:29
C:\Users\roche\Documents\RochesWebStudio\Projet_OnlyRoll\OnlyRoll\backend\vendor\symfony\doctrine-bridge\Middleware\Debug\Driver.php:37
C:\Users\roche\Documents\RochesWebStudio\Projet_OnlyRoll\OnlyRoll\backend\vendor\doctrine\dbal\src\Driver\Middleware\AbstractDriverMiddleware.php:29
C:\Users\roche\Documents\RochesWebStudio\Projet_OnlyRoll\OnlyRoll\backend\vendor\symfony\doctrine-bridge\Middleware\IdleConnection\Driver.php:35
C:\Users\roche\Documents\RochesWebStudio\Projet_OnlyRoll\OnlyRoll\backend\vendor\doctrine\dbal\src\Connection.php:383
C:\Users\roche\Documents\RochesWebStudio\Projet_OnlyRoll\OnlyRoll\backend\vendor\doctrine\dbal\src\Connection.php:1692
C:\Users\roche\Documents\RochesWebStudio\Projet_OnlyRoll\OnlyRoll\backend\vendor\doctrine\dbal\src\Connection.php:1195
C:\Users\roche\Documents\RochesWebStudio\Projet_OnlyRoll\OnlyRoll\backend\tests\Functional\Controller\MapControllerTest.php:35

Caused by
PDOException: SQLSTATE[HY000] [1045] Accès refusé pour l'utilisateur: 'root'@'@localhost' (mot de passe: OUI)

C:\Users\roche\Documents\RochesWebStudio\Projet_OnlyRoll\OnlyRoll\backend\vendor\doctrine\dbal\src\Driver\PDO\PDOConnect.php:22
C:\Users\roche\Documents\RochesWebStudio\Projet_OnlyRoll\OnlyRoll\backend\vendor\doctrine\dbal\src\Driver\PDO\MySQL\Driver.php:36
C:\Users\roche\Documents\RochesWebStudio\Projet_OnlyRoll\OnlyRoll\backend\vendor\doctrine\dbal\src\Driver\Middleware\AbstractDriverMiddleware.php:29
C:\Users\roche\Documents\RochesWebStudio\Projet_OnlyRoll\OnlyRoll\backend\vendor\symfony\doctrine-bridge\Middleware\Debug\Driver.php:37
C:\Users\roche\Documents\RochesWebStudio\Projet_OnlyRoll\OnlyRoll\backend\vendor\doctrine\dbal\src\Driver\Middleware\AbstractDriverMiddleware.php:29
C:\Users\roche\Documents\RochesWebStudio\Projet_OnlyRoll\OnlyRoll\backend\vendor\symfony\doctrine-bridge\Middleware\IdleConnection\Driver.php:35
C:\Users\roche\Documents\RochesWebStudio\Projet_OnlyRoll\OnlyRoll\backend\vendor\doctrine\dbal\src\Connection.php:383
C:\Users\roche\Documents\RochesWebStudio\Projet_OnlyRoll\OnlyRoll\backend\vendor\doctrine\dbal\src\Connection.php:1692
C:\Users\roche\Documents\RochesWebStudio\Projet_OnlyRoll\OnlyRoll\backend\vendor\doctrine\dbal\src\Connection.php:1195
C:\Users\roche\Documents\RochesWebStudio\Projet_OnlyRoll\OnlyRoll\backend\tests\Functional\Controller\MapControllerTest.php:35

69) App\Tests\Functional\Controller\MapControllerTest::testCreateMapAsGameMasterSuccess
Doctrine\DBAL\Exception\ConnectionException: An exception occurred in the driver: SQLSTATE[HY000] [1045] Accès refusé pour l'utilisateur: 'root'@'@localhost' (mot de passe: OUI)

C:\Users\roche\Documents\RochesWebStudio\Projet_OnlyRoll\OnlyRoll\backend\vendor\doctrine\dbal\src\Driver\API\MySQL\ExceptionConverter.php:112
C:\Users\roche\Documents\RochesWebStudio\Projet_OnlyRoll\OnlyRoll\backend\vendor\doctrine\dbal\src\Connection.php:1976
C:\Users\roche\Documents\RochesWebStudio\Projet_OnlyRoll\OnlyRoll\backend\vendor\doctrine\dbal\src\Connection.php:1924
C:\Users\roche\Documents\RochesWebStudio\Projet_OnlyRoll\OnlyRoll\backend\vendor\doctrine\dbal\src\Connection.php:385
C:\Users\roche\Documents\RochesWebStudio\Projet_OnlyRoll\OnlyRoll\backend\vendor\doctrine\dbal\src\Connection.php:1692
C:\Users\roche\Documents\RochesWebStudio\Projet_OnlyRoll\OnlyRoll\backend\vendor\doctrine\dbal\src\Connection.php:1195
C:\Users\roche\Documents\RochesWebStudio\Projet_OnlyRoll\OnlyRoll\backend\tests\Functional\Controller\MapControllerTest.php:35

Caused by
Doctrine\DBAL\Driver\PDO\Exception: SQLSTATE[HY000] [1045] Accès refusé pour l'utilisateur: 'root'@'@localhost' (mot de passe: OUI)

C:\Users\roche\Documents\RochesWebStudio\Projet_OnlyRoll\OnlyRoll\backend\vendor\doctrine\dbal\src\Driver\PDO\Exception.php:24
C:\Users\roche\Documents\RochesWebStudio\Projet_OnlyRoll\OnlyRoll\backend\vendor\doctrine\dbal\src\Driver\PDO\MySQL\Driver.php:43
C:\Users\roche\Documents\RochesWebStudio\Projet_OnlyRoll\OnlyRoll\backend\vendor\doctrine\dbal\src\Driver\Middleware\AbstractDriverMiddleware.php:29
C:\Users\roche\Documents\RochesWebStudio\Projet_OnlyRoll\OnlyRoll\backend\vendor\symfony\doctrine-bridge\Middleware\Debug\Driver.php:37
C:\Users\roche\Documents\RochesWebStudio\Projet_OnlyRoll\OnlyRoll\backend\vendor\doctrine\dbal\src\Driver\Middleware\AbstractDriverMiddleware.php:29
C:\Users\roche\Documents\RochesWebStudio\Projet_OnlyRoll\OnlyRoll\backend\vendor\symfony\doctrine-bridge\Middleware\IdleConnection\Driver.php:35
C:\Users\roche\Documents\RochesWebStudio\Projet_OnlyRoll\OnlyRoll\backend\vendor\doctrine\dbal\src\Connection.php:383
C:\Users\roche\Documents\RochesWebStudio\Projet_OnlyRoll\OnlyRoll\backend\vendor\doctrine\dbal\src\Connection.php:1692
C:\Users\roche\Documents\RochesWebStudio\Projet_OnlyRoll\OnlyRoll\backend\vendor\doctrine\dbal\src\Connection.php:1195
C:\Users\roche\Documents\RochesWebStudio\Projet_OnlyRoll\OnlyRoll\backend\tests\Functional\Controller\MapControllerTest.php:35

Caused by
PDOException: SQLSTATE[HY000] [1045] Accès refusé pour l'utilisateur: 'root'@'@localhost' (mot de passe: OUI)

C:\Users\roche\Documents\RochesWebStudio\Projet_OnlyRoll\OnlyRoll\backend\vendor\doctrine\dbal\src\Driver\PDO\PDOConnect.php:22
C:\Users\roche\Documents\RochesWebStudio\Projet_OnlyRoll\OnlyRoll\backend\vendor\doctrine\dbal\src\Driver\PDO\MySQL\Driver.php:36
C:\Users\roche\Documents\RochesWebStudio\Projet_OnlyRoll\OnlyRoll\backend\vendor\doctrine\dbal\src\Driver\Middleware\AbstractDriverMiddleware.php:29
C:\Users\roche\Documents\RochesWebStudio\Projet_OnlyRoll\OnlyRoll\backend\vendor\symfony\doctrine-bridge\Middleware\Debug\Driver.php:37
C:\Users\roche\Documents\RochesWebStudio\Projet_OnlyRoll\OnlyRoll\backend\vendor\doctrine\dbal\src\Driver\Middleware\AbstractDriverMiddleware.php:29
C:\Users\roche\Documents\RochesWebStudio\Projet_OnlyRoll\OnlyRoll\backend\vendor\symfony\doctrine-bridge\Middleware\IdleConnection\Driver.php:35
C:\Users\roche\Documents\RochesWebStudio\Projet_OnlyRoll\OnlyRoll\backend\vendor\doctrine\dbal\src\Connection.php:383
C:\Users\roche\Documents\RochesWebStudio\Projet_OnlyRoll\OnlyRoll\backend\vendor\doctrine\dbal\src\Connection.php:1692
C:\Users\roche\Documents\RochesWebStudio\Projet_OnlyRoll\OnlyRoll\backend\vendor\doctrine\dbal\src\Connection.php:1195
C:\Users\roche\Documents\RochesWebStudio\Projet_OnlyRoll\OnlyRoll\backend\tests\Functional\Controller\MapControllerTest.php:35

70) App\Tests\Functional\Controller\MapControllerTest::testCreateMapWithInvalidData
Doctrine\DBAL\Exception\ConnectionException: An exception occurred in the driver: SQLSTATE[HY000] [1045] Accès refusé pour l'utilisateur: 'root'@'@localhost' (mot de passe: OUI)

C:\Users\roche\Documents\RochesWebStudio\Projet_OnlyRoll\OnlyRoll\backend\vendor\doctrine\dbal\src\Driver\API\MySQL\ExceptionConverter.php:112
C:\Users\roche\Documents\RochesWebStudio\Projet_OnlyRoll\OnlyRoll\backend\vendor\doctrine\dbal\src\Connection.php:1976
C:\Users\roche\Documents\RochesWebStudio\Projet_OnlyRoll\OnlyRoll\backend\vendor\doctrine\dbal\src\Connection.php:1924
C:\Users\roche\Documents\RochesWebStudio\Projet_OnlyRoll\OnlyRoll\backend\vendor\doctrine\dbal\src\Connection.php:385
C:\Users\roche\Documents\RochesWebStudio\Projet_OnlyRoll\OnlyRoll\backend\vendor\doctrine\dbal\src\Connection.php:1692
C:\Users\roche\Documents\RochesWebStudio\Projet_OnlyRoll\OnlyRoll\backend\vendor\doctrine\dbal\src\Connection.php:1195
C:\Users\roche\Documents\RochesWebStudio\Projet_OnlyRoll\OnlyRoll\backend\tests\Functional\Controller\MapControllerTest.php:35

Caused by
Doctrine\DBAL\Driver\PDO\Exception: SQLSTATE[HY000] [1045] Accès refusé pour l'utilisateur: 'root'@'@localhost' (mot de passe: OUI)

C:\Users\roche\Documents\RochesWebStudio\Projet_OnlyRoll\OnlyRoll\backend\vendor\doctrine\dbal\src\Driver\PDO\Exception.php:24
C:\Users\roche\Documents\RochesWebStudio\Projet_OnlyRoll\OnlyRoll\backend\vendor\doctrine\dbal\src\Driver\PDO\MySQL\Driver.php:43
C:\Users\roche\Documents\RochesWebStudio\Projet_OnlyRoll\OnlyRoll\backend\vendor\doctrine\dbal\src\Driver\Middleware\AbstractDriverMiddleware.php:29
C:\Users\roche\Documents\RochesWebStudio\Projet_OnlyRoll\OnlyRoll\backend\vendor\symfony\doctrine-bridge\Middleware\Debug\Driver.php:37
C:\Users\roche\Documents\RochesWebStudio\Projet_OnlyRoll\OnlyRoll\backend\vendor\doctrine\dbal\src\Driver\Middleware\AbstractDriverMiddleware.php:29
C:\Users\roche\Documents\RochesWebStudio\Projet_OnlyRoll\OnlyRoll\backend\vendor\symfony\doctrine-bridge\Middleware\IdleConnection\Driver.php:35
C:\Users\roche\Documents\RochesWebStudio\Projet_OnlyRoll\OnlyRoll\backend\vendor\doctrine\dbal\src\Connection.php:383
C:\Users\roche\Documents\RochesWebStudio\Projet_OnlyRoll\OnlyRoll\backend\vendor\doctrine\dbal\src\Connection.php:1692
C:\Users\roche\Documents\RochesWebStudio\Projet_OnlyRoll\OnlyRoll\backend\vendor\doctrine\dbal\src\Connection.php:1195
C:\Users\roche\Documents\RochesWebStudio\Projet_OnlyRoll\OnlyRoll\backend\tests\Functional\Controller\MapControllerTest.php:35

Caused by
PDOException: SQLSTATE[HY000] [1045] Accès refusé pour l'utilisateur: 'root'@'@localhost' (mot de passe: OUI)

C:\Users\roche\Documents\RochesWebStudio\Projet_OnlyRoll\OnlyRoll\backend\vendor\doctrine\dbal\src\Driver\PDO\PDOConnect.php:22
C:\Users\roche\Documents\RochesWebStudio\Projet_OnlyRoll\OnlyRoll\backend\vendor\doctrine\dbal\src\Driver\PDO\MySQL\Driver.php:36
C:\Users\roche\Documents\RochesWebStudio\Projet_OnlyRoll\OnlyRoll\backend\vendor\doctrine\dbal\src\Driver\Middleware\AbstractDriverMiddleware.php:29
C:\Users\roche\Documents\RochesWebStudio\Projet_OnlyRoll\OnlyRoll\backend\vendor\symfony\doctrine-bridge\Middleware\Debug\Driver.php:37
C:\Users\roche\Documents\RochesWebStudio\Projet_OnlyRoll\OnlyRoll\backend\vendor\doctrine\dbal\src\Driver\Middleware\AbstractDriverMiddleware.php:29
C:\Users\roche\Documents\RochesWebStudio\Projet_OnlyRoll\OnlyRoll\backend\vendor\symfony\doctrine-bridge\Middleware\IdleConnection\Driver.php:35
C:\Users\roche\Documents\RochesWebStudio\Projet_OnlyRoll\OnlyRoll\backend\vendor\doctrine\dbal\src\Connection.php:383
C:\Users\roche\Documents\RochesWebStudio\Projet_OnlyRoll\OnlyRoll\backend\vendor\doctrine\dbal\src\Connection.php:1692
C:\Users\roche\Documents\RochesWebStudio\Projet_OnlyRoll\OnlyRoll\backend\vendor\doctrine\dbal\src\Connection.php:1195
C:\Users\roche\Documents\RochesWebStudio\Projet_OnlyRoll\OnlyRoll\backend\tests\Functional\Controller\MapControllerTest.php:35

71) App\Tests\Functional\Controller\MapControllerTest::testUpdateMapAsGameMasterSuccess
Doctrine\DBAL\Exception\ConnectionException: An exception occurred in the driver: SQLSTATE[HY000] [1045] Accès refusé pour l'utilisateur: 'root'@'@localhost' (mot de passe: OUI)

C:\Users\roche\Documents\RochesWebStudio\Projet_OnlyRoll\OnlyRoll\backend\vendor\doctrine\dbal\src\Driver\API\MySQL\ExceptionConverter.php:112
C:\Users\roche\Documents\RochesWebStudio\Projet_OnlyRoll\OnlyRoll\backend\vendor\doctrine\dbal\src\Connection.php:1976
C:\Users\roche\Documents\RochesWebStudio\Projet_OnlyRoll\OnlyRoll\backend\vendor\doctrine\dbal\src\Connection.php:1924
C:\Users\roche\Documents\RochesWebStudio\Projet_OnlyRoll\OnlyRoll\backend\vendor\doctrine\dbal\src\Connection.php:385
C:\Users\roche\Documents\RochesWebStudio\Projet_OnlyRoll\OnlyRoll\backend\vendor\doctrine\dbal\src\Connection.php:1692
C:\Users\roche\Documents\RochesWebStudio\Projet_OnlyRoll\OnlyRoll\backend\vendor\doctrine\dbal\src\Connection.php:1195
C:\Users\roche\Documents\RochesWebStudio\Projet_OnlyRoll\OnlyRoll\backend\tests\Functional\Controller\MapControllerTest.php:35

Caused by
Doctrine\DBAL\Driver\PDO\Exception: SQLSTATE[HY000] [1045] Accès refusé pour l'utilisateur: 'root'@'@localhost' (mot de passe: OUI)

C:\Users\roche\Documents\RochesWebStudio\Projet_OnlyRoll\OnlyRoll\backend\vendor\doctrine\dbal\src\Driver\PDO\Exception.php:24
C:\Users\roche\Documents\RochesWebStudio\Projet_OnlyRoll\OnlyRoll\backend\vendor\doctrine\dbal\src\Driver\PDO\MySQL\Driver.php:43
C:\Users\roche\Documents\RochesWebStudio\Projet_OnlyRoll\OnlyRoll\backend\vendor\doctrine\dbal\src\Driver\Middleware\AbstractDriverMiddleware.php:29
C:\Users\roche\Documents\RochesWebStudio\Projet_OnlyRoll\OnlyRoll\backend\vendor\symfony\doctrine-bridge\Middleware\Debug\Driver.php:37
C:\Users\roche\Documents\RochesWebStudio\Projet_OnlyRoll\OnlyRoll\backend\vendor\doctrine\dbal\src\Driver\Middleware\AbstractDriverMiddleware.php:29
C:\Users\roche\Documents\RochesWebStudio\Projet_OnlyRoll\OnlyRoll\backend\vendor\symfony\doctrine-bridge\Middleware\IdleConnection\Driver.php:35
C:\Users\roche\Documents\RochesWebStudio\Projet_OnlyRoll\OnlyRoll\backend\vendor\doctrine\dbal\src\Connection.php:383
C:\Users\roche\Documents\RochesWebStudio\Projet_OnlyRoll\OnlyRoll\backend\vendor\doctrine\dbal\src\Connection.php:1692
C:\Users\roche\Documents\RochesWebStudio\Projet_OnlyRoll\OnlyRoll\backend\vendor\doctrine\dbal\src\Connection.php:1195
C:\Users\roche\Documents\RochesWebStudio\Projet_OnlyRoll\OnlyRoll\backend\tests\Functional\Controller\MapControllerTest.php:35

Caused by
PDOException: SQLSTATE[HY000] [1045] Accès refusé pour l'utilisateur: 'root'@'@localhost' (mot de passe: OUI)

C:\Users\roche\Documents\RochesWebStudio\Projet_OnlyRoll\OnlyRoll\backend\vendor\doctrine\dbal\src\Driver\PDO\PDOConnect.php:22
C:\Users\roche\Documents\RochesWebStudio\Projet_OnlyRoll\OnlyRoll\backend\vendor\doctrine\dbal\src\Driver\PDO\MySQL\Driver.php:36
C:\Users\roche\Documents\RochesWebStudio\Projet_OnlyRoll\OnlyRoll\backend\vendor\doctrine\dbal\src\Driver\Middleware\AbstractDriverMiddleware.php:29
C:\Users\roche\Documents\RochesWebStudio\Projet_OnlyRoll\OnlyRoll\backend\vendor\symfony\doctrine-bridge\Middleware\Debug\Driver.php:37
C:\Users\roche\Documents\RochesWebStudio\Projet_OnlyRoll\OnlyRoll\backend\vendor\doctrine\dbal\src\Driver\Middleware\AbstractDriverMiddleware.php:29
C:\Users\roche\Documents\RochesWebStudio\Projet_OnlyRoll\OnlyRoll\backend\vendor\symfony\doctrine-bridge\Middleware\IdleConnection\Driver.php:35
C:\Users\roche\Documents\RochesWebStudio\Projet_OnlyRoll\OnlyRoll\backend\vendor\doctrine\dbal\src\Connection.php:383
C:\Users\roche\Documents\RochesWebStudio\Projet_OnlyRoll\OnlyRoll\backend\vendor\doctrine\dbal\src\Connection.php:1692
C:\Users\roche\Documents\RochesWebStudio\Projet_OnlyRoll\OnlyRoll\backend\vendor\doctrine\dbal\src\Connection.php:1195
C:\Users\roche\Documents\RochesWebStudio\Projet_OnlyRoll\OnlyRoll\backend\tests\Functional\Controller\MapControllerTest.php:35

72) App\Tests\Functional\Controller\MapControllerTest::testUpdateMapAsPlayerForbidden
Doctrine\DBAL\Exception\ConnectionException: An exception occurred in the driver: SQLSTATE[HY000] [1045] Accès refusé pour l'utilisateur: 'root'@'@localhost' (mot de passe: OUI)

C:\Users\roche\Documents\RochesWebStudio\Projet_OnlyRoll\OnlyRoll\backend\vendor\doctrine\dbal\src\Driver\API\MySQL\ExceptionConverter.php:112
C:\Users\roche\Documents\RochesWebStudio\Projet_OnlyRoll\OnlyRoll\backend\vendor\doctrine\dbal\src\Connection.php:1976
C:\Users\roche\Documents\RochesWebStudio\Projet_OnlyRoll\OnlyRoll\backend\vendor\doctrine\dbal\src\Connection.php:1924
C:\Users\roche\Documents\RochesWebStudio\Projet_OnlyRoll\OnlyRoll\backend\vendor\doctrine\dbal\src\Connection.php:385
C:\Users\roche\Documents\RochesWebStudio\Projet_OnlyRoll\OnlyRoll\backend\vendor\doctrine\dbal\src\Connection.php:1692
C:\Users\roche\Documents\RochesWebStudio\Projet_OnlyRoll\OnlyRoll\backend\vendor\doctrine\dbal\src\Connection.php:1195
C:\Users\roche\Documents\RochesWebStudio\Projet_OnlyRoll\OnlyRoll\backend\tests\Functional\Controller\MapControllerTest.php:35

Caused by
Doctrine\DBAL\Driver\PDO\Exception: SQLSTATE[HY000] [1045] Accès refusé pour l'utilisateur: 'root'@'@localhost' (mot de passe: OUI)

C:\Users\roche\Documents\RochesWebStudio\Projet_OnlyRoll\OnlyRoll\backend\vendor\doctrine\dbal\src\Driver\PDO\Exception.php:24
C:\Users\roche\Documents\RochesWebStudio\Projet_OnlyRoll\OnlyRoll\backend\vendor\doctrine\dbal\src\Driver\PDO\MySQL\Driver.php:43
C:\Users\roche\Documents\RochesWebStudio\Projet_OnlyRoll\OnlyRoll\backend\vendor\doctrine\dbal\src\Driver\Middleware\AbstractDriverMiddleware.php:29
C:\Users\roche\Documents\RochesWebStudio\Projet_OnlyRoll\OnlyRoll\backend\vendor\symfony\doctrine-bridge\Middleware\Debug\Driver.php:37
C:\Users\roche\Documents\RochesWebStudio\Projet_OnlyRoll\OnlyRoll\backend\vendor\doctrine\dbal\src\Driver\Middleware\AbstractDriverMiddleware.php:29
C:\Users\roche\Documents\RochesWebStudio\Projet_OnlyRoll\OnlyRoll\backend\vendor\symfony\doctrine-bridge\Middleware\IdleConnection\Driver.php:35
C:\Users\roche\Documents\RochesWebStudio\Projet_OnlyRoll\OnlyRoll\backend\vendor\doctrine\dbal\src\Connection.php:383
C:\Users\roche\Documents\RochesWebStudio\Projet_OnlyRoll\OnlyRoll\backend\vendor\doctrine\dbal\src\Connection.php:1692
C:\Users\roche\Documents\RochesWebStudio\Projet_OnlyRoll\OnlyRoll\backend\vendor\doctrine\dbal\src\Connection.php:1195
C:\Users\roche\Documents\RochesWebStudio\Projet_OnlyRoll\OnlyRoll\backend\tests\Functional\Controller\MapControllerTest.php:35

Caused by
PDOException: SQLSTATE[HY000] [1045] Accès refusé pour l'utilisateur: 'root'@'@localhost' (mot de passe: OUI)

C:\Users\roche\Documents\RochesWebStudio\Projet_OnlyRoll\OnlyRoll\backend\vendor\doctrine\dbal\src\Driver\PDO\PDOConnect.php:22
C:\Users\roche\Documents\RochesWebStudio\Projet_OnlyRoll\OnlyRoll\backend\vendor\doctrine\dbal\src\Driver\PDO\MySQL\Driver.php:36
C:\Users\roche\Documents\RochesWebStudio\Projet_OnlyRoll\OnlyRoll\backend\vendor\doctrine\dbal\src\Driver\Middleware\AbstractDriverMiddleware.php:29
C:\Users\roche\Documents\RochesWebStudio\Projet_OnlyRoll\OnlyRoll\backend\vendor\symfony\doctrine-bridge\Middleware\Debug\Driver.php:37
C:\Users\roche\Documents\RochesWebStudio\Projet_OnlyRoll\OnlyRoll\backend\vendor\doctrine\dbal\src\Driver\Middleware\AbstractDriverMiddleware.php:29
C:\Users\roche\Documents\RochesWebStudio\Projet_OnlyRoll\OnlyRoll\backend\vendor\symfony\doctrine-bridge\Middleware\IdleConnection\Driver.php:35
C:\Users\roche\Documents\RochesWebStudio\Projet_OnlyRoll\OnlyRoll\backend\vendor\doctrine\dbal\src\Connection.php:383
C:\Users\roche\Documents\RochesWebStudio\Projet_OnlyRoll\OnlyRoll\backend\vendor\doctrine\dbal\src\Connection.php:1692
C:\Users\roche\Documents\RochesWebStudio\Projet_OnlyRoll\OnlyRoll\backend\vendor\doctrine\dbal\src\Connection.php:1195
C:\Users\roche\Documents\RochesWebStudio\Projet_OnlyRoll\OnlyRoll\backend\tests\Functional\Controller\MapControllerTest.php:35

73) App\Tests\Functional\Controller\MapControllerTest::testActivateMapSuccess
Doctrine\DBAL\Exception\ConnectionException: An exception occurred in the driver: SQLSTATE[HY000] [1045] Accès refusé pour l'utilisateur: 'root'@'@localhost' (mot de passe: OUI)

C:\Users\roche\Documents\RochesWebStudio\Projet_OnlyRoll\OnlyRoll\backend\vendor\doctrine\dbal\src\Driver\API\MySQL\ExceptionConverter.php:112
C:\Users\roche\Documents\RochesWebStudio\Projet_OnlyRoll\OnlyRoll\backend\vendor\doctrine\dbal\src\Connection.php:1976
C:\Users\roche\Documents\RochesWebStudio\Projet_OnlyRoll\OnlyRoll\backend\vendor\doctrine\dbal\src\Connection.php:1924
C:\Users\roche\Documents\RochesWebStudio\Projet_OnlyRoll\OnlyRoll\backend\vendor\doctrine\dbal\src\Connection.php:385
C:\Users\roche\Documents\RochesWebStudio\Projet_OnlyRoll\OnlyRoll\backend\vendor\doctrine\dbal\src\Connection.php:1692
C:\Users\roche\Documents\RochesWebStudio\Projet_OnlyRoll\OnlyRoll\backend\vendor\doctrine\dbal\src\Connection.php:1195
C:\Users\roche\Documents\RochesWebStudio\Projet_OnlyRoll\OnlyRoll\backend\tests\Functional\Controller\MapControllerTest.php:35

Caused by
Doctrine\DBAL\Driver\PDO\Exception: SQLSTATE[HY000] [1045] Accès refusé pour l'utilisateur: 'root'@'@localhost' (mot de passe: OUI)

C:\Users\roche\Documents\RochesWebStudio\Projet_OnlyRoll\OnlyRoll\backend\vendor\doctrine\dbal\src\Driver\PDO\Exception.php:24
C:\Users\roche\Documents\RochesWebStudio\Projet_OnlyRoll\OnlyRoll\backend\vendor\doctrine\dbal\src\Driver\PDO\MySQL\Driver.php:43
C:\Users\roche\Documents\RochesWebStudio\Projet_OnlyRoll\OnlyRoll\backend\vendor\doctrine\dbal\src\Driver\Middleware\AbstractDriverMiddleware.php:29
C:\Users\roche\Documents\RochesWebStudio\Projet_OnlyRoll\OnlyRoll\backend\vendor\symfony\doctrine-bridge\Middleware\Debug\Driver.php:37
C:\Users\roche\Documents\RochesWebStudio\Projet_OnlyRoll\OnlyRoll\backend\vendor\doctrine\dbal\src\Driver\Middleware\AbstractDriverMiddleware.php:29
C:\Users\roche\Documents\RochesWebStudio\Projet_OnlyRoll\OnlyRoll\backend\vendor\symfony\doctrine-bridge\Middleware\IdleConnection\Driver.php:35
C:\Users\roche\Documents\RochesWebStudio\Projet_OnlyRoll\OnlyRoll\backend\vendor\doctrine\dbal\src\Connection.php:383
C:\Users\roche\Documents\RochesWebStudio\Projet_OnlyRoll\OnlyRoll\backend\vendor\doctrine\dbal\src\Connection.php:1692
C:\Users\roche\Documents\RochesWebStudio\Projet_OnlyRoll\OnlyRoll\backend\vendor\doctrine\dbal\src\Connection.php:1195
C:\Users\roche\Documents\RochesWebStudio\Projet_OnlyRoll\OnlyRoll\backend\tests\Functional\Controller\MapControllerTest.php:35

Caused by
PDOException: SQLSTATE[HY000] [1045] Accès refusé pour l'utilisateur: 'root'@'@localhost' (mot de passe: OUI)

C:\Users\roche\Documents\RochesWebStudio\Projet_OnlyRoll\OnlyRoll\backend\vendor\doctrine\dbal\src\Driver\PDO\PDOConnect.php:22
C:\Users\roche\Documents\RochesWebStudio\Projet_OnlyRoll\OnlyRoll\backend\vendor\doctrine\dbal\src\Driver\PDO\MySQL\Driver.php:36
C:\Users\roche\Documents\RochesWebStudio\Projet_OnlyRoll\OnlyRoll\backend\vendor\doctrine\dbal\src\Driver\Middleware\AbstractDriverMiddleware.php:29
C:\Users\roche\Documents\RochesWebStudio\Projet_OnlyRoll\OnlyRoll\backend\vendor\symfony\doctrine-bridge\Middleware\Debug\Driver.php:37
C:\Users\roche\Documents\RochesWebStudio\Projet_OnlyRoll\OnlyRoll\backend\vendor\doctrine\dbal\src\Driver\Middleware\AbstractDriverMiddleware.php:29
C:\Users\roche\Documents\RochesWebStudio\Projet_OnlyRoll\OnlyRoll\backend\vendor\symfony\doctrine-bridge\Middleware\IdleConnection\Driver.php:35
C:\Users\roche\Documents\RochesWebStudio\Projet_OnlyRoll\OnlyRoll\backend\vendor\doctrine\dbal\src\Connection.php:383
C:\Users\roche\Documents\RochesWebStudio\Projet_OnlyRoll\OnlyRoll\backend\vendor\doctrine\dbal\src\Connection.php:1692
C:\Users\roche\Documents\RochesWebStudio\Projet_OnlyRoll\OnlyRoll\backend\vendor\doctrine\dbal\src\Connection.php:1195
C:\Users\roche\Documents\RochesWebStudio\Projet_OnlyRoll\OnlyRoll\backend\tests\Functional\Controller\MapControllerTest.php:35

74) App\Tests\Functional\Controller\MapControllerTest::testActivateMapAsPlayerForbidden
Doctrine\DBAL\Exception\ConnectionException: An exception occurred in the driver: SQLSTATE[HY000] [1045] Accès refusé pour l'utilisateur: 'root'@'@localhost' (mot de passe: OUI)

C:\Users\roche\Documents\RochesWebStudio\Projet_OnlyRoll\OnlyRoll\backend\vendor\doctrine\dbal\src\Driver\API\MySQL\ExceptionConverter.php:112
C:\Users\roche\Documents\RochesWebStudio\Projet_OnlyRoll\OnlyRoll\backend\vendor\doctrine\dbal\src\Connection.php:1976
C:\Users\roche\Documents\RochesWebStudio\Projet_OnlyRoll\OnlyRoll\backend\vendor\doctrine\dbal\src\Connection.php:1924
C:\Users\roche\Documents\RochesWebStudio\Projet_OnlyRoll\OnlyRoll\backend\vendor\doctrine\dbal\src\Connection.php:385
C:\Users\roche\Documents\RochesWebStudio\Projet_OnlyRoll\OnlyRoll\backend\vendor\doctrine\dbal\src\Connection.php:1692
C:\Users\roche\Documents\RochesWebStudio\Projet_OnlyRoll\OnlyRoll\backend\vendor\doctrine\dbal\src\Connection.php:1195
C:\Users\roche\Documents\RochesWebStudio\Projet_OnlyRoll\OnlyRoll\backend\tests\Functional\Controller\MapControllerTest.php:35

Caused by
Doctrine\DBAL\Driver\PDO\Exception: SQLSTATE[HY000] [1045] Accès refusé pour l'utilisateur: 'root'@'@localhost' (mot de passe: OUI)

C:\Users\roche\Documents\RochesWebStudio\Projet_OnlyRoll\OnlyRoll\backend\vendor\doctrine\dbal\src\Driver\PDO\Exception.php:24
C:\Users\roche\Documents\RochesWebStudio\Projet_OnlyRoll\OnlyRoll\backend\vendor\doctrine\dbal\src\Driver\PDO\MySQL\Driver.php:43
C:\Users\roche\Documents\RochesWebStudio\Projet_OnlyRoll\OnlyRoll\backend\vendor\doctrine\dbal\src\Driver\Middleware\AbstractDriverMiddleware.php:29
C:\Users\roche\Documents\RochesWebStudio\Projet_OnlyRoll\OnlyRoll\backend\vendor\symfony\doctrine-bridge\Middleware\Debug\Driver.php:37
C:\Users\roche\Documents\RochesWebStudio\Projet_OnlyRoll\OnlyRoll\backend\vendor\doctrine\dbal\src\Driver\Middleware\AbstractDriverMiddleware.php:29
C:\Users\roche\Documents\RochesWebStudio\Projet_OnlyRoll\OnlyRoll\backend\vendor\symfony\doctrine-bridge\Middleware\IdleConnection\Driver.php:35
C:\Users\roche\Documents\RochesWebStudio\Projet_OnlyRoll\OnlyRoll\backend\vendor\doctrine\dbal\src\Connection.php:383
C:\Users\roche\Documents\RochesWebStudio\Projet_OnlyRoll\OnlyRoll\backend\vendor\doctrine\dbal\src\Connection.php:1692
C:\Users\roche\Documents\RochesWebStudio\Projet_OnlyRoll\OnlyRoll\backend\vendor\doctrine\dbal\src\Connection.php:1195
C:\Users\roche\Documents\RochesWebStudio\Projet_OnlyRoll\OnlyRoll\backend\tests\Functional\Controller\MapControllerTest.php:35

Caused by
PDOException: SQLSTATE[HY000] [1045] Accès refusé pour l'utilisateur: 'root'@'@localhost' (mot de passe: OUI)

C:\Users\roche\Documents\RochesWebStudio\Projet_OnlyRoll\OnlyRoll\backend\vendor\doctrine\dbal\src\Driver\PDO\PDOConnect.php:22
C:\Users\roche\Documents\RochesWebStudio\Projet_OnlyRoll\OnlyRoll\backend\vendor\doctrine\dbal\src\Driver\PDO\MySQL\Driver.php:36
C:\Users\roche\Documents\RochesWebStudio\Projet_OnlyRoll\OnlyRoll\backend\vendor\doctrine\dbal\src\Driver\Middleware\AbstractDriverMiddleware.php:29
C:\Users\roche\Documents\RochesWebStudio\Projet_OnlyRoll\OnlyRoll\backend\vendor\symfony\doctrine-bridge\Middleware\Debug\Driver.php:37
C:\Users\roche\Documents\RochesWebStudio\Projet_OnlyRoll\OnlyRoll\backend\vendor\doctrine\dbal\src\Driver\Middleware\AbstractDriverMiddleware.php:29
C:\Users\roche\Documents\RochesWebStudio\Projet_OnlyRoll\OnlyRoll\backend\vendor\symfony\doctrine-bridge\Middleware\IdleConnection\Driver.php:35
C:\Users\roche\Documents\RochesWebStudio\Projet_OnlyRoll\OnlyRoll\backend\vendor\doctrine\dbal\src\Connection.php:383
C:\Users\roche\Documents\RochesWebStudio\Projet_OnlyRoll\OnlyRoll\backend\vendor\doctrine\dbal\src\Connection.php:1692
C:\Users\roche\Documents\RochesWebStudio\Projet_OnlyRoll\OnlyRoll\backend\vendor\doctrine\dbal\src\Connection.php:1195
C:\Users\roche\Documents\RochesWebStudio\Projet_OnlyRoll\OnlyRoll\backend\tests\Functional\Controller\MapControllerTest.php:35

75) App\Tests\Functional\Controller\MapControllerTest::testDeleteMapSuccess
Doctrine\DBAL\Exception\ConnectionException: An exception occurred in the driver: SQLSTATE[HY000] [1045] Accès refusé pour l'utilisateur: 'root'@'@localhost' (mot de passe: OUI)

C:\Users\roche\Documents\RochesWebStudio\Projet_OnlyRoll\OnlyRoll\backend\vendor\doctrine\dbal\src\Driver\API\MySQL\ExceptionConverter.php:112
C:\Users\roche\Documents\RochesWebStudio\Projet_OnlyRoll\OnlyRoll\backend\vendor\doctrine\dbal\src\Connection.php:1976
C:\Users\roche\Documents\RochesWebStudio\Projet_OnlyRoll\OnlyRoll\backend\vendor\doctrine\dbal\src\Connection.php:1924
C:\Users\roche\Documents\RochesWebStudio\Projet_OnlyRoll\OnlyRoll\backend\vendor\doctrine\dbal\src\Connection.php:385
C:\Users\roche\Documents\RochesWebStudio\Projet_OnlyRoll\OnlyRoll\backend\vendor\doctrine\dbal\src\Connection.php:1692
C:\Users\roche\Documents\RochesWebStudio\Projet_OnlyRoll\OnlyRoll\backend\vendor\doctrine\dbal\src\Connection.php:1195
C:\Users\roche\Documents\RochesWebStudio\Projet_OnlyRoll\OnlyRoll\backend\tests\Functional\Controller\MapControllerTest.php:35

Caused by
Doctrine\DBAL\Driver\PDO\Exception: SQLSTATE[HY000] [1045] Accès refusé pour l'utilisateur: 'root'@'@localhost' (mot de passe: OUI)

C:\Users\roche\Documents\RochesWebStudio\Projet_OnlyRoll\OnlyRoll\backend\vendor\doctrine\dbal\src\Driver\PDO\Exception.php:24
C:\Users\roche\Documents\RochesWebStudio\Projet_OnlyRoll\OnlyRoll\backend\vendor\doctrine\dbal\src\Driver\PDO\MySQL\Driver.php:43
C:\Users\roche\Documents\RochesWebStudio\Projet_OnlyRoll\OnlyRoll\backend\vendor\doctrine\dbal\src\Driver\Middleware\AbstractDriverMiddleware.php:29
C:\Users\roche\Documents\RochesWebStudio\Projet_OnlyRoll\OnlyRoll\backend\vendor\symfony\doctrine-bridge\Middleware\Debug\Driver.php:37
C:\Users\roche\Documents\RochesWebStudio\Projet_OnlyRoll\OnlyRoll\backend\vendor\doctrine\dbal\src\Driver\Middleware\AbstractDriverMiddleware.php:29
C:\Users\roche\Documents\RochesWebStudio\Projet_OnlyRoll\OnlyRoll\backend\vendor\symfony\doctrine-bridge\Middleware\IdleConnection\Driver.php:35
C:\Users\roche\Documents\RochesWebStudio\Projet_OnlyRoll\OnlyRoll\backend\vendor\doctrine\dbal\src\Connection.php:383
C:\Users\roche\Documents\RochesWebStudio\Projet_OnlyRoll\OnlyRoll\backend\vendor\doctrine\dbal\src\Connection.php:1692
C:\Users\roche\Documents\RochesWebStudio\Projet_OnlyRoll\OnlyRoll\backend\vendor\doctrine\dbal\src\Connection.php:1195
C:\Users\roche\Documents\RochesWebStudio\Projet_OnlyRoll\OnlyRoll\backend\tests\Functional\Controller\MapControllerTest.php:35

Caused by
PDOException: SQLSTATE[HY000] [1045] Accès refusé pour l'utilisateur: 'root'@'@localhost' (mot de passe: OUI)

C:\Users\roche\Documents\RochesWebStudio\Projet_OnlyRoll\OnlyRoll\backend\vendor\doctrine\dbal\src\Driver\PDO\PDOConnect.php:22
C:\Users\roche\Documents\RochesWebStudio\Projet_OnlyRoll\OnlyRoll\backend\vendor\doctrine\dbal\src\Driver\PDO\MySQL\Driver.php:36
C:\Users\roche\Documents\RochesWebStudio\Projet_OnlyRoll\OnlyRoll\backend\vendor\doctrine\dbal\src\Driver\Middleware\AbstractDriverMiddleware.php:29
C:\Users\roche\Documents\RochesWebStudio\Projet_OnlyRoll\OnlyRoll\backend\vendor\symfony\doctrine-bridge\Middleware\Debug\Driver.php:37
C:\Users\roche\Documents\RochesWebStudio\Projet_OnlyRoll\OnlyRoll\backend\vendor\doctrine\dbal\src\Driver\Middleware\AbstractDriverMiddleware.php:29
C:\Users\roche\Documents\RochesWebStudio\Projet_OnlyRoll\OnlyRoll\backend\vendor\symfony\doctrine-bridge\Middleware\IdleConnection\Driver.php:35
C:\Users\roche\Documents\RochesWebStudio\Projet_OnlyRoll\OnlyRoll\backend\vendor\doctrine\dbal\src\Connection.php:383
C:\Users\roche\Documents\RochesWebStudio\Projet_OnlyRoll\OnlyRoll\backend\vendor\doctrine\dbal\src\Connection.php:1692
C:\Users\roche\Documents\RochesWebStudio\Projet_OnlyRoll\OnlyRoll\backend\vendor\doctrine\dbal\src\Connection.php:1195
C:\Users\roche\Documents\RochesWebStudio\Projet_OnlyRoll\OnlyRoll\backend\tests\Functional\Controller\MapControllerTest.php:35

76) App\Tests\Functional\Controller\MapControllerTest::testDeleteMapAsPlayerForbidden
Doctrine\DBAL\Exception\ConnectionException: An exception occurred in the driver: SQLSTATE[HY000] [1045] Accès refusé pour l'utilisateur: 'root'@'@localhost' (mot de passe: OUI)

C:\Users\roche\Documents\RochesWebStudio\Projet_OnlyRoll\OnlyRoll\backend\vendor\doctrine\dbal\src\Driver\API\MySQL\ExceptionConverter.php:112
C:\Users\roche\Documents\RochesWebStudio\Projet_OnlyRoll\OnlyRoll\backend\vendor\doctrine\dbal\src\Connection.php:1976
C:\Users\roche\Documents\RochesWebStudio\Projet_OnlyRoll\OnlyRoll\backend\vendor\doctrine\dbal\src\Connection.php:1924
C:\Users\roche\Documents\RochesWebStudio\Projet_OnlyRoll\OnlyRoll\backend\vendor\doctrine\dbal\src\Connection.php:385
C:\Users\roche\Documents\RochesWebStudio\Projet_OnlyRoll\OnlyRoll\backend\vendor\doctrine\dbal\src\Connection.php:1692
C:\Users\roche\Documents\RochesWebStudio\Projet_OnlyRoll\OnlyRoll\backend\vendor\doctrine\dbal\src\Connection.php:1195
C:\Users\roche\Documents\RochesWebStudio\Projet_OnlyRoll\OnlyRoll\backend\tests\Functional\Controller\MapControllerTest.php:35

Caused by
Doctrine\DBAL\Driver\PDO\Exception: SQLSTATE[HY000] [1045] Accès refusé pour l'utilisateur: 'root'@'@localhost' (mot de passe: OUI)

C:\Users\roche\Documents\RochesWebStudio\Projet_OnlyRoll\OnlyRoll\backend\vendor\doctrine\dbal\src\Driver\PDO\Exception.php:24
C:\Users\roche\Documents\RochesWebStudio\Projet_OnlyRoll\OnlyRoll\backend\vendor\doctrine\dbal\src\Driver\PDO\MySQL\Driver.php:43
C:\Users\roche\Documents\RochesWebStudio\Projet_OnlyRoll\OnlyRoll\backend\vendor\doctrine\dbal\src\Driver\Middleware\AbstractDriverMiddleware.php:29
C:\Users\roche\Documents\RochesWebStudio\Projet_OnlyRoll\OnlyRoll\backend\vendor\symfony\doctrine-bridge\Middleware\Debug\Driver.php:37
C:\Users\roche\Documents\RochesWebStudio\Projet_OnlyRoll\OnlyRoll\backend\vendor\doctrine\dbal\src\Driver\Middleware\AbstractDriverMiddleware.php:29
C:\Users\roche\Documents\RochesWebStudio\Projet_OnlyRoll\OnlyRoll\backend\vendor\symfony\doctrine-bridge\Middleware\IdleConnection\Driver.php:35
C:\Users\roche\Documents\RochesWebStudio\Projet_OnlyRoll\OnlyRoll\backend\vendor\doctrine\dbal\src\Connection.php:383
C:\Users\roche\Documents\RochesWebStudio\Projet_OnlyRoll\OnlyRoll\backend\vendor\doctrine\dbal\src\Connection.php:1692
C:\Users\roche\Documents\RochesWebStudio\Projet_OnlyRoll\OnlyRoll\backend\vendor\doctrine\dbal\src\Connection.php:1195
C:\Users\roche\Documents\RochesWebStudio\Projet_OnlyRoll\OnlyRoll\backend\tests\Functional\Controller\MapControllerTest.php:35

Caused by
PDOException: SQLSTATE[HY000] [1045] Accès refusé pour l'utilisateur: 'root'@'@localhost' (mot de passe: OUI)

C:\Users\roche\Documents\RochesWebStudio\Projet_OnlyRoll\OnlyRoll\backend\vendor\doctrine\dbal\src\Driver\PDO\PDOConnect.php:22
C:\Users\roche\Documents\RochesWebStudio\Projet_OnlyRoll\OnlyRoll\backend\vendor\doctrine\dbal\src\Driver\PDO\MySQL\Driver.php:36
C:\Users\roche\Documents\RochesWebStudio\Projet_OnlyRoll\OnlyRoll\backend\vendor\doctrine\dbal\src\Driver\Middleware\AbstractDriverMiddleware.php:29
C:\Users\roche\Documents\RochesWebStudio\Projet_OnlyRoll\OnlyRoll\backend\vendor\symfony\doctrine-bridge\Middleware\Debug\Driver.php:37
C:\Users\roche\Documents\RochesWebStudio\Projet_OnlyRoll\OnlyRoll\backend\vendor\doctrine\dbal\src\Driver\Middleware\AbstractDriverMiddleware.php:29
C:\Users\roche\Documents\RochesWebStudio\Projet_OnlyRoll\OnlyRoll\backend\vendor\symfony\doctrine-bridge\Middleware\IdleConnection\Driver.php:35
C:\Users\roche\Documents\RochesWebStudio\Projet_OnlyRoll\OnlyRoll\backend\vendor\doctrine\dbal\src\Connection.php:383
C:\Users\roche\Documents\RochesWebStudio\Projet_OnlyRoll\OnlyRoll\backend\vendor\doctrine\dbal\src\Connection.php:1692
C:\Users\roche\Documents\RochesWebStudio\Projet_OnlyRoll\OnlyRoll\backend\vendor\doctrine\dbal\src\Connection.php:1195
C:\Users\roche\Documents\RochesWebStudio\Projet_OnlyRoll\OnlyRoll\backend\tests\Functional\Controller\MapControllerTest.php:35

77) App\Tests\Functional\Controller\MapControllerTest::testMapBelongsToCorrectGame
Doctrine\DBAL\Exception\ConnectionException: An exception occurred in the driver: SQLSTATE[HY000] [1045] Accès refusé pour l'utilisateur: 'root'@'@localhost' (mot de passe: OUI)

C:\Users\roche\Documents\RochesWebStudio\Projet_OnlyRoll\OnlyRoll\backend\vendor\doctrine\dbal\src\Driver\API\MySQL\ExceptionConverter.php:112
C:\Users\roche\Documents\RochesWebStudio\Projet_OnlyRoll\OnlyRoll\backend\vendor\doctrine\dbal\src\Connection.php:1976
C:\Users\roche\Documents\RochesWebStudio\Projet_OnlyRoll\OnlyRoll\backend\vendor\doctrine\dbal\src\Connection.php:1924
C:\Users\roche\Documents\RochesWebStudio\Projet_OnlyRoll\OnlyRoll\backend\vendor\doctrine\dbal\src\Connection.php:385
C:\Users\roche\Documents\RochesWebStudio\Projet_OnlyRoll\OnlyRoll\backend\vendor\doctrine\dbal\src\Connection.php:1692
C:\Users\roche\Documents\RochesWebStudio\Projet_OnlyRoll\OnlyRoll\backend\vendor\doctrine\dbal\src\Connection.php:1195
C:\Users\roche\Documents\RochesWebStudio\Projet_OnlyRoll\OnlyRoll\backend\tests\Functional\Controller\MapControllerTest.php:35

Caused by
Doctrine\DBAL\Driver\PDO\Exception: SQLSTATE[HY000] [1045] Accès refusé pour l'utilisateur: 'root'@'@localhost' (mot de passe: OUI)

C:\Users\roche\Documents\RochesWebStudio\Projet_OnlyRoll\OnlyRoll\backend\vendor\doctrine\dbal\src\Driver\PDO\Exception.php:24
C:\Users\roche\Documents\RochesWebStudio\Projet_OnlyRoll\OnlyRoll\backend\vendor\doctrine\dbal\src\Driver\PDO\MySQL\Driver.php:43
C:\Users\roche\Documents\RochesWebStudio\Projet_OnlyRoll\OnlyRoll\backend\vendor\doctrine\dbal\src\Driver\Middleware\AbstractDriverMiddleware.php:29
C:\Users\roche\Documents\RochesWebStudio\Projet_OnlyRoll\OnlyRoll\backend\vendor\symfony\doctrine-bridge\Middleware\Debug\Driver.php:37
C:\Users\roche\Documents\RochesWebStudio\Projet_OnlyRoll\OnlyRoll\backend\vendor\doctrine\dbal\src\Driver\Middleware\AbstractDriverMiddleware.php:29
C:\Users\roche\Documents\RochesWebStudio\Projet_OnlyRoll\OnlyRoll\backend\vendor\symfony\doctrine-bridge\Middleware\IdleConnection\Driver.php:35
C:\Users\roche\Documents\RochesWebStudio\Projet_OnlyRoll\OnlyRoll\backend\vendor\doctrine\dbal\src\Connection.php:383
C:\Users\roche\Documents\RochesWebStudio\Projet_OnlyRoll\OnlyRoll\backend\vendor\doctrine\dbal\src\Connection.php:1692
C:\Users\roche\Documents\RochesWebStudio\Projet_OnlyRoll\OnlyRoll\backend\vendor\doctrine\dbal\src\Connection.php:1195
C:\Users\roche\Documents\RochesWebStudio\Projet_OnlyRoll\OnlyRoll\backend\tests\Functional\Controller\MapControllerTest.php:35

Caused by
PDOException: SQLSTATE[HY000] [1045] Accès refusé pour l'utilisateur: 'root'@'@localhost' (mot de passe: OUI)

C:\Users\roche\Documents\RochesWebStudio\Projet_OnlyRoll\OnlyRoll\backend\vendor\doctrine\dbal\src\Driver\PDO\PDOConnect.php:22
C:\Users\roche\Documents\RochesWebStudio\Projet_OnlyRoll\OnlyRoll\backend\vendor\doctrine\dbal\src\Driver\PDO\MySQL\Driver.php:36
C:\Users\roche\Documents\RochesWebStudio\Projet_OnlyRoll\OnlyRoll\backend\vendor\doctrine\dbal\src\Driver\Middleware\AbstractDriverMiddleware.php:29
C:\Users\roche\Documents\RochesWebStudio\Projet_OnlyRoll\OnlyRoll\backend\vendor\symfony\doctrine-bridge\Middleware\Debug\Driver.php:37
C:\Users\roche\Documents\RochesWebStudio\Projet_OnlyRoll\OnlyRoll\backend\vendor\doctrine\dbal\src\Driver\Middleware\AbstractDriverMiddleware.php:29
C:\Users\roche\Documents\RochesWebStudio\Projet_OnlyRoll\OnlyRoll\backend\vendor\symfony\doctrine-bridge\Middleware\IdleConnection\Driver.php:35
C:\Users\roche\Documents\RochesWebStudio\Projet_OnlyRoll\OnlyRoll\backend\vendor\doctrine\dbal\src\Connection.php:383
C:\Users\roche\Documents\RochesWebStudio\Projet_OnlyRoll\OnlyRoll\backend\vendor\doctrine\dbal\src\Connection.php:1692
C:\Users\roche\Documents\RochesWebStudio\Projet_OnlyRoll\OnlyRoll\backend\vendor\doctrine\dbal\src\Connection.php:1195
C:\Users\roche\Documents\RochesWebStudio\Projet_OnlyRoll\OnlyRoll\backend\tests\Functional\Controller\MapControllerTest.php:35

78) App\Tests\Functional\Controller\TokenControllerTest::testListTokensWithoutAuthentication
Doctrine\DBAL\Exception\ConnectionException: An exception occurred in the driver: SQLSTATE[HY000] [1045] Accès refusé pour l'utilisateur: 'root'@'@localhost' (mot de passe: OUI)

C:\Users\roche\Documents\RochesWebStudio\Projet_OnlyRoll\OnlyRoll\backend\vendor\doctrine\dbal\src\Driver\API\MySQL\ExceptionConverter.php:112
C:\Users\roche\Documents\RochesWebStudio\Projet_OnlyRoll\OnlyRoll\backend\vendor\doctrine\dbal\src\Connection.php:1976
C:\Users\roche\Documents\RochesWebStudio\Projet_OnlyRoll\OnlyRoll\backend\vendor\doctrine\dbal\src\Connection.php:1924
C:\Users\roche\Documents\RochesWebStudio\Projet_OnlyRoll\OnlyRoll\backend\vendor\doctrine\dbal\src\Connection.php:385
C:\Users\roche\Documents\RochesWebStudio\Projet_OnlyRoll\OnlyRoll\backend\vendor\doctrine\dbal\src\Connection.php:1692
C:\Users\roche\Documents\RochesWebStudio\Projet_OnlyRoll\OnlyRoll\backend\vendor\doctrine\dbal\src\Connection.php:1380
C:\Users\roche\Documents\RochesWebStudio\Projet_OnlyRoll\OnlyRoll\backend\vendor\doctrine\orm\src\UnitOfWork.php:381
C:\Users\roche\Documents\RochesWebStudio\Projet_OnlyRoll\OnlyRoll\backend\vendor\doctrine\orm\src\EntityManager.php:268
C:\Users\roche\Documents\RochesWebStudio\Projet_OnlyRoll\OnlyRoll\backend\tests\Functional\Controller\TokenControllerTest.php:70

Caused by
Doctrine\DBAL\Driver\PDO\Exception: SQLSTATE[HY000] [1045] Accès refusé pour l'utilisateur: 'root'@'@localhost' (mot de passe: OUI)

C:\Users\roche\Documents\RochesWebStudio\Projet_OnlyRoll\OnlyRoll\backend\vendor\doctrine\dbal\src\Driver\PDO\Exception.php:24
C:\Users\roche\Documents\RochesWebStudio\Projet_OnlyRoll\OnlyRoll\backend\vendor\doctrine\dbal\src\Driver\PDO\MySQL\Driver.php:43
C:\Users\roche\Documents\RochesWebStudio\Projet_OnlyRoll\OnlyRoll\backend\vendor\doctrine\dbal\src\Driver\Middleware\AbstractDriverMiddleware.php:29
C:\Users\roche\Documents\RochesWebStudio\Projet_OnlyRoll\OnlyRoll\backend\vendor\symfony\doctrine-bridge\Middleware\Debug\Driver.php:37
C:\Users\roche\Documents\RochesWebStudio\Projet_OnlyRoll\OnlyRoll\backend\vendor\doctrine\dbal\src\Driver\Middleware\AbstractDriverMiddleware.php:29
C:\Users\roche\Documents\RochesWebStudio\Projet_OnlyRoll\OnlyRoll\backend\vendor\symfony\doctrine-bridge\Middleware\IdleConnection\Driver.php:35
C:\Users\roche\Documents\RochesWebStudio\Projet_OnlyRoll\OnlyRoll\backend\vendor\doctrine\dbal\src\Connection.php:383
C:\Users\roche\Documents\RochesWebStudio\Projet_OnlyRoll\OnlyRoll\backend\vendor\doctrine\dbal\src\Connection.php:1692
C:\Users\roche\Documents\RochesWebStudio\Projet_OnlyRoll\OnlyRoll\backend\vendor\doctrine\dbal\src\Connection.php:1380
C:\Users\roche\Documents\RochesWebStudio\Projet_OnlyRoll\OnlyRoll\backend\vendor\doctrine\orm\src\UnitOfWork.php:381
C:\Users\roche\Documents\RochesWebStudio\Projet_OnlyRoll\OnlyRoll\backend\vendor\doctrine\orm\src\EntityManager.php:268
C:\Users\roche\Documents\RochesWebStudio\Projet_OnlyRoll\OnlyRoll\backend\tests\Functional\Controller\TokenControllerTest.php:70

Caused by
PDOException: SQLSTATE[HY000] [1045] Accès refusé pour l'utilisateur: 'root'@'@localhost' (mot de passe: OUI)

C:\Users\roche\Documents\RochesWebStudio\Projet_OnlyRoll\OnlyRoll\backend\vendor\doctrine\dbal\src\Driver\PDO\PDOConnect.php:22
C:\Users\roche\Documents\RochesWebStudio\Projet_OnlyRoll\OnlyRoll\backend\vendor\doctrine\dbal\src\Driver\PDO\MySQL\Driver.php:36
C:\Users\roche\Documents\RochesWebStudio\Projet_OnlyRoll\OnlyRoll\backend\vendor\doctrine\dbal\src\Driver\Middleware\AbstractDriverMiddleware.php:29
C:\Users\roche\Documents\RochesWebStudio\Projet_OnlyRoll\OnlyRoll\backend\vendor\symfony\doctrine-bridge\Middleware\Debug\Driver.php:37
C:\Users\roche\Documents\RochesWebStudio\Projet_OnlyRoll\OnlyRoll\backend\vendor\doctrine\dbal\src\Driver\Middleware\AbstractDriverMiddleware.php:29
C:\Users\roche\Documents\RochesWebStudio\Projet_OnlyRoll\OnlyRoll\backend\vendor\symfony\doctrine-bridge\Middleware\IdleConnection\Driver.php:35
C:\Users\roche\Documents\RochesWebStudio\Projet_OnlyRoll\OnlyRoll\backend\vendor\doctrine\dbal\src\Connection.php:383
C:\Users\roche\Documents\RochesWebStudio\Projet_OnlyRoll\OnlyRoll\backend\vendor\doctrine\dbal\src\Connection.php:1692
C:\Users\roche\Documents\RochesWebStudio\Projet_OnlyRoll\OnlyRoll\backend\vendor\doctrine\dbal\src\Connection.php:1380
C:\Users\roche\Documents\RochesWebStudio\Projet_OnlyRoll\OnlyRoll\backend\vendor\doctrine\orm\src\UnitOfWork.php:381
C:\Users\roche\Documents\RochesWebStudio\Projet_OnlyRoll\OnlyRoll\backend\vendor\doctrine\orm\src\EntityManager.php:268
C:\Users\roche\Documents\RochesWebStudio\Projet_OnlyRoll\OnlyRoll\backend\tests\Functional\Controller\TokenControllerTest.php:70

79) App\Tests\Functional\Controller\TokenControllerTest::testListTokensForNonExistentGame
Doctrine\DBAL\Exception\ConnectionException: An exception occurred in the driver: SQLSTATE[HY000] [1045] Accès refusé pour l'utilisateur: 'root'@'@localhost' (mot de passe: OUI)

C:\Users\roche\Documents\RochesWebStudio\Projet_OnlyRoll\OnlyRoll\backend\vendor\doctrine\dbal\src\Driver\API\MySQL\ExceptionConverter.php:112
C:\Users\roche\Documents\RochesWebStudio\Projet_OnlyRoll\OnlyRoll\backend\vendor\doctrine\dbal\src\Connection.php:1976
C:\Users\roche\Documents\RochesWebStudio\Projet_OnlyRoll\OnlyRoll\backend\vendor\doctrine\dbal\src\Connection.php:1924
C:\Users\roche\Documents\RochesWebStudio\Projet_OnlyRoll\OnlyRoll\backend\vendor\doctrine\dbal\src\Connection.php:385
C:\Users\roche\Documents\RochesWebStudio\Projet_OnlyRoll\OnlyRoll\backend\vendor\doctrine\dbal\src\Connection.php:1692
C:\Users\roche\Documents\RochesWebStudio\Projet_OnlyRoll\OnlyRoll\backend\vendor\doctrine\dbal\src\Connection.php:1380
C:\Users\roche\Documents\RochesWebStudio\Projet_OnlyRoll\OnlyRoll\backend\vendor\doctrine\orm\src\UnitOfWork.php:381
C:\Users\roche\Documents\RochesWebStudio\Projet_OnlyRoll\OnlyRoll\backend\vendor\doctrine\orm\src\EntityManager.php:268
C:\Users\roche\Documents\RochesWebStudio\Projet_OnlyRoll\OnlyRoll\backend\tests\Functional\Controller\TokenControllerTest.php:70

Caused by
Doctrine\DBAL\Driver\PDO\Exception: SQLSTATE[HY000] [1045] Accès refusé pour l'utilisateur: 'root'@'@localhost' (mot de passe: OUI)

C:\Users\roche\Documents\RochesWebStudio\Projet_OnlyRoll\OnlyRoll\backend\vendor\doctrine\dbal\src\Driver\PDO\Exception.php:24
C:\Users\roche\Documents\RochesWebStudio\Projet_OnlyRoll\OnlyRoll\backend\vendor\doctrine\dbal\src\Driver\PDO\MySQL\Driver.php:43
C:\Users\roche\Documents\RochesWebStudio\Projet_OnlyRoll\OnlyRoll\backend\vendor\doctrine\dbal\src\Driver\Middleware\AbstractDriverMiddleware.php:29
C:\Users\roche\Documents\RochesWebStudio\Projet_OnlyRoll\OnlyRoll\backend\vendor\symfony\doctrine-bridge\Middleware\Debug\Driver.php:37
C:\Users\roche\Documents\RochesWebStudio\Projet_OnlyRoll\OnlyRoll\backend\vendor\doctrine\dbal\src\Driver\Middleware\AbstractDriverMiddleware.php:29
C:\Users\roche\Documents\RochesWebStudio\Projet_OnlyRoll\OnlyRoll\backend\vendor\symfony\doctrine-bridge\Middleware\IdleConnection\Driver.php:35
C:\Users\roche\Documents\RochesWebStudio\Projet_OnlyRoll\OnlyRoll\backend\vendor\doctrine\dbal\src\Connection.php:383
C:\Users\roche\Documents\RochesWebStudio\Projet_OnlyRoll\OnlyRoll\backend\vendor\doctrine\dbal\src\Connection.php:1692
C:\Users\roche\Documents\RochesWebStudio\Projet_OnlyRoll\OnlyRoll\backend\vendor\doctrine\dbal\src\Connection.php:1380
C:\Users\roche\Documents\RochesWebStudio\Projet_OnlyRoll\OnlyRoll\backend\vendor\doctrine\orm\src\UnitOfWork.php:381
C:\Users\roche\Documents\RochesWebStudio\Projet_OnlyRoll\OnlyRoll\backend\vendor\doctrine\orm\src\EntityManager.php:268
C:\Users\roche\Documents\RochesWebStudio\Projet_OnlyRoll\OnlyRoll\backend\tests\Functional\Controller\TokenControllerTest.php:70

Caused by
PDOException: SQLSTATE[HY000] [1045] Accès refusé pour l'utilisateur: 'root'@'@localhost' (mot de passe: OUI)

C:\Users\roche\Documents\RochesWebStudio\Projet_OnlyRoll\OnlyRoll\backend\vendor\doctrine\dbal\src\Driver\PDO\PDOConnect.php:22
C:\Users\roche\Documents\RochesWebStudio\Projet_OnlyRoll\OnlyRoll\backend\vendor\doctrine\dbal\src\Driver\PDO\MySQL\Driver.php:36
C:\Users\roche\Documents\RochesWebStudio\Projet_OnlyRoll\OnlyRoll\backend\vendor\doctrine\dbal\src\Driver\Middleware\AbstractDriverMiddleware.php:29
C:\Users\roche\Documents\RochesWebStudio\Projet_OnlyRoll\OnlyRoll\backend\vendor\symfony\doctrine-bridge\Middleware\Debug\Driver.php:37
C:\Users\roche\Documents\RochesWebStudio\Projet_OnlyRoll\OnlyRoll\backend\vendor\doctrine\dbal\src\Driver\Middleware\AbstractDriverMiddleware.php:29
C:\Users\roche\Documents\RochesWebStudio\Projet_OnlyRoll\OnlyRoll\backend\vendor\symfony\doctrine-bridge\Middleware\IdleConnection\Driver.php:35
C:\Users\roche\Documents\RochesWebStudio\Projet_OnlyRoll\OnlyRoll\backend\vendor\doctrine\dbal\src\Connection.php:383
C:\Users\roche\Documents\RochesWebStudio\Projet_OnlyRoll\OnlyRoll\backend\vendor\doctrine\dbal\src\Connection.php:1692
C:\Users\roche\Documents\RochesWebStudio\Projet_OnlyRoll\OnlyRoll\backend\vendor\doctrine\dbal\src\Connection.php:1380
C:\Users\roche\Documents\RochesWebStudio\Projet_OnlyRoll\OnlyRoll\backend\vendor\doctrine\orm\src\UnitOfWork.php:381
C:\Users\roche\Documents\RochesWebStudio\Projet_OnlyRoll\OnlyRoll\backend\vendor\doctrine\orm\src\EntityManager.php:268
C:\Users\roche\Documents\RochesWebStudio\Projet_OnlyRoll\OnlyRoll\backend\tests\Functional\Controller\TokenControllerTest.php:70

80) App\Tests\Functional\Controller\TokenControllerTest::testListTokensSuccess
Doctrine\DBAL\Exception\ConnectionException: An exception occurred in the driver: SQLSTATE[HY000] [1045] Accès refusé pour l'utilisateur: 'root'@'@localhost' (mot de passe: OUI)

C:\Users\roche\Documents\RochesWebStudio\Projet_OnlyRoll\OnlyRoll\backend\vendor\doctrine\dbal\src\Driver\API\MySQL\ExceptionConverter.php:112
C:\Users\roche\Documents\RochesWebStudio\Projet_OnlyRoll\OnlyRoll\backend\vendor\doctrine\dbal\src\Connection.php:1976
C:\Users\roche\Documents\RochesWebStudio\Projet_OnlyRoll\OnlyRoll\backend\vendor\doctrine\dbal\src\Connection.php:1924
C:\Users\roche\Documents\RochesWebStudio\Projet_OnlyRoll\OnlyRoll\backend\vendor\doctrine\dbal\src\Connection.php:385
C:\Users\roche\Documents\RochesWebStudio\Projet_OnlyRoll\OnlyRoll\backend\vendor\doctrine\dbal\src\Connection.php:1692
C:\Users\roche\Documents\RochesWebStudio\Projet_OnlyRoll\OnlyRoll\backend\vendor\doctrine\dbal\src\Connection.php:1380
C:\Users\roche\Documents\RochesWebStudio\Projet_OnlyRoll\OnlyRoll\backend\vendor\doctrine\orm\src\UnitOfWork.php:381
C:\Users\roche\Documents\RochesWebStudio\Projet_OnlyRoll\OnlyRoll\backend\vendor\doctrine\orm\src\EntityManager.php:268
C:\Users\roche\Documents\RochesWebStudio\Projet_OnlyRoll\OnlyRoll\backend\tests\Functional\Controller\TokenControllerTest.php:70

Caused by
Doctrine\DBAL\Driver\PDO\Exception: SQLSTATE[HY000] [1045] Accès refusé pour l'utilisateur: 'root'@'@localhost' (mot de passe: OUI)

C:\Users\roche\Documents\RochesWebStudio\Projet_OnlyRoll\OnlyRoll\backend\vendor\doctrine\dbal\src\Driver\PDO\Exception.php:24
C:\Users\roche\Documents\RochesWebStudio\Projet_OnlyRoll\OnlyRoll\backend\vendor\doctrine\dbal\src\Driver\PDO\MySQL\Driver.php:43
C:\Users\roche\Documents\RochesWebStudio\Projet_OnlyRoll\OnlyRoll\backend\vendor\doctrine\dbal\src\Driver\Middleware\AbstractDriverMiddleware.php:29
C:\Users\roche\Documents\RochesWebStudio\Projet_OnlyRoll\OnlyRoll\backend\vendor\symfony\doctrine-bridge\Middleware\Debug\Driver.php:37
C:\Users\roche\Documents\RochesWebStudio\Projet_OnlyRoll\OnlyRoll\backend\vendor\doctrine\dbal\src\Driver\Middleware\AbstractDriverMiddleware.php:29
C:\Users\roche\Documents\RochesWebStudio\Projet_OnlyRoll\OnlyRoll\backend\vendor\symfony\doctrine-bridge\Middleware\IdleConnection\Driver.php:35
C:\Users\roche\Documents\RochesWebStudio\Projet_OnlyRoll\OnlyRoll\backend\vendor\doctrine\dbal\src\Connection.php:383
C:\Users\roche\Documents\RochesWebStudio\Projet_OnlyRoll\OnlyRoll\backend\vendor\doctrine\dbal\src\Connection.php:1692
C:\Users\roche\Documents\RochesWebStudio\Projet_OnlyRoll\OnlyRoll\backend\vendor\doctrine\dbal\src\Connection.php:1380
C:\Users\roche\Documents\RochesWebStudio\Projet_OnlyRoll\OnlyRoll\backend\vendor\doctrine\orm\src\UnitOfWork.php:381
C:\Users\roche\Documents\RochesWebStudio\Projet_OnlyRoll\OnlyRoll\backend\vendor\doctrine\orm\src\EntityManager.php:268
C:\Users\roche\Documents\RochesWebStudio\Projet_OnlyRoll\OnlyRoll\backend\tests\Functional\Controller\TokenControllerTest.php:70

Caused by
PDOException: SQLSTATE[HY000] [1045] Accès refusé pour l'utilisateur: 'root'@'@localhost' (mot de passe: OUI)

C:\Users\roche\Documents\RochesWebStudio\Projet_OnlyRoll\OnlyRoll\backend\vendor\doctrine\dbal\src\Driver\PDO\PDOConnect.php:22
C:\Users\roche\Documents\RochesWebStudio\Projet_OnlyRoll\OnlyRoll\backend\vendor\doctrine\dbal\src\Driver\PDO\MySQL\Driver.php:36
C:\Users\roche\Documents\RochesWebStudio\Projet_OnlyRoll\OnlyRoll\backend\vendor\doctrine\dbal\src\Driver\Middleware\AbstractDriverMiddleware.php:29
C:\Users\roche\Documents\RochesWebStudio\Projet_OnlyRoll\OnlyRoll\backend\vendor\symfony\doctrine-bridge\Middleware\Debug\Driver.php:37
C:\Users\roche\Documents\RochesWebStudio\Projet_OnlyRoll\OnlyRoll\backend\vendor\doctrine\dbal\src\Driver\Middleware\AbstractDriverMiddleware.php:29
C:\Users\roche\Documents\RochesWebStudio\Projet_OnlyRoll\OnlyRoll\backend\vendor\symfony\doctrine-bridge\Middleware\IdleConnection\Driver.php:35
C:\Users\roche\Documents\RochesWebStudio\Projet_OnlyRoll\OnlyRoll\backend\vendor\doctrine\dbal\src\Connection.php:383
C:\Users\roche\Documents\RochesWebStudio\Projet_OnlyRoll\OnlyRoll\backend\vendor\doctrine\dbal\src\Connection.php:1692
C:\Users\roche\Documents\RochesWebStudio\Projet_OnlyRoll\OnlyRoll\backend\vendor\doctrine\dbal\src\Connection.php:1380
C:\Users\roche\Documents\RochesWebStudio\Projet_OnlyRoll\OnlyRoll\backend\vendor\doctrine\orm\src\UnitOfWork.php:381
C:\Users\roche\Documents\RochesWebStudio\Projet_OnlyRoll\OnlyRoll\backend\vendor\doctrine\orm\src\EntityManager.php:268
C:\Users\roche\Documents\RochesWebStudio\Projet_OnlyRoll\OnlyRoll\backend\tests\Functional\Controller\TokenControllerTest.php:70

81) App\Tests\Functional\Controller\TokenControllerTest::testListTokensPlayerSeesOnlyVisible
Doctrine\DBAL\Exception\ConnectionException: An exception occurred in the driver: SQLSTATE[HY000] [1045] Accès refusé pour l'utilisateur: 'root'@'@localhost' (mot de passe: OUI)

C:\Users\roche\Documents\RochesWebStudio\Projet_OnlyRoll\OnlyRoll\backend\vendor\doctrine\dbal\src\Driver\API\MySQL\ExceptionConverter.php:112
C:\Users\roche\Documents\RochesWebStudio\Projet_OnlyRoll\OnlyRoll\backend\vendor\doctrine\dbal\src\Connection.php:1976
C:\Users\roche\Documents\RochesWebStudio\Projet_OnlyRoll\OnlyRoll\backend\vendor\doctrine\dbal\src\Connection.php:1924
C:\Users\roche\Documents\RochesWebStudio\Projet_OnlyRoll\OnlyRoll\backend\vendor\doctrine\dbal\src\Connection.php:385
C:\Users\roche\Documents\RochesWebStudio\Projet_OnlyRoll\OnlyRoll\backend\vendor\doctrine\dbal\src\Connection.php:1692
C:\Users\roche\Documents\RochesWebStudio\Projet_OnlyRoll\OnlyRoll\backend\vendor\doctrine\dbal\src\Connection.php:1380
C:\Users\roche\Documents\RochesWebStudio\Projet_OnlyRoll\OnlyRoll\backend\vendor\doctrine\orm\src\UnitOfWork.php:381
C:\Users\roche\Documents\RochesWebStudio\Projet_OnlyRoll\OnlyRoll\backend\vendor\doctrine\orm\src\EntityManager.php:268
C:\Users\roche\Documents\RochesWebStudio\Projet_OnlyRoll\OnlyRoll\backend\tests\Functional\Controller\TokenControllerTest.php:70

Caused by
Doctrine\DBAL\Driver\PDO\Exception: SQLSTATE[HY000] [1045] Accès refusé pour l'utilisateur: 'root'@'@localhost' (mot de passe: OUI)

C:\Users\roche\Documents\RochesWebStudio\Projet_OnlyRoll\OnlyRoll\backend\vendor\doctrine\dbal\src\Driver\PDO\Exception.php:24
C:\Users\roche\Documents\RochesWebStudio\Projet_OnlyRoll\OnlyRoll\backend\vendor\doctrine\dbal\src\Driver\PDO\MySQL\Driver.php:43
C:\Users\roche\Documents\RochesWebStudio\Projet_OnlyRoll\OnlyRoll\backend\vendor\doctrine\dbal\src\Driver\Middleware\AbstractDriverMiddleware.php:29
C:\Users\roche\Documents\RochesWebStudio\Projet_OnlyRoll\OnlyRoll\backend\vendor\symfony\doctrine-bridge\Middleware\Debug\Driver.php:37
C:\Users\roche\Documents\RochesWebStudio\Projet_OnlyRoll\OnlyRoll\backend\vendor\doctrine\dbal\src\Driver\Middleware\AbstractDriverMiddleware.php:29
C:\Users\roche\Documents\RochesWebStudio\Projet_OnlyRoll\OnlyRoll\backend\vendor\symfony\doctrine-bridge\Middleware\IdleConnection\Driver.php:35
C:\Users\roche\Documents\RochesWebStudio\Projet_OnlyRoll\OnlyRoll\backend\vendor\doctrine\dbal\src\Connection.php:383
C:\Users\roche\Documents\RochesWebStudio\Projet_OnlyRoll\OnlyRoll\backend\vendor\doctrine\dbal\src\Connection.php:1692
C:\Users\roche\Documents\RochesWebStudio\Projet_OnlyRoll\OnlyRoll\backend\vendor\doctrine\dbal\src\Connection.php:1380
C:\Users\roche\Documents\RochesWebStudio\Projet_OnlyRoll\OnlyRoll\backend\vendor\doctrine\orm\src\UnitOfWork.php:381
C:\Users\roche\Documents\RochesWebStudio\Projet_OnlyRoll\OnlyRoll\backend\vendor\doctrine\orm\src\EntityManager.php:268
C:\Users\roche\Documents\RochesWebStudio\Projet_OnlyRoll\OnlyRoll\backend\tests\Functional\Controller\TokenControllerTest.php:70

Caused by
PDOException: SQLSTATE[HY000] [1045] Accès refusé pour l'utilisateur: 'root'@'@localhost' (mot de passe: OUI)

C:\Users\roche\Documents\RochesWebStudio\Projet_OnlyRoll\OnlyRoll\backend\vendor\doctrine\dbal\src\Driver\PDO\PDOConnect.php:22
C:\Users\roche\Documents\RochesWebStudio\Projet_OnlyRoll\OnlyRoll\backend\vendor\doctrine\dbal\src\Driver\PDO\MySQL\Driver.php:36
C:\Users\roche\Documents\RochesWebStudio\Projet_OnlyRoll\OnlyRoll\backend\vendor\doctrine\dbal\src\Driver\Middleware\AbstractDriverMiddleware.php:29
C:\Users\roche\Documents\RochesWebStudio\Projet_OnlyRoll\OnlyRoll\backend\vendor\symfony\doctrine-bridge\Middleware\Debug\Driver.php:37
C:\Users\roche\Documents\RochesWebStudio\Projet_OnlyRoll\OnlyRoll\backend\vendor\doctrine\dbal\src\Driver\Middleware\AbstractDriverMiddleware.php:29
C:\Users\roche\Documents\RochesWebStudio\Projet_OnlyRoll\OnlyRoll\backend\vendor\symfony\doctrine-bridge\Middleware\IdleConnection\Driver.php:35
C:\Users\roche\Documents\RochesWebStudio\Projet_OnlyRoll\OnlyRoll\backend\vendor\doctrine\dbal\src\Connection.php:383
C:\Users\roche\Documents\RochesWebStudio\Projet_OnlyRoll\OnlyRoll\backend\vendor\doctrine\dbal\src\Connection.php:1692
C:\Users\roche\Documents\RochesWebStudio\Projet_OnlyRoll\OnlyRoll\backend\vendor\doctrine\dbal\src\Connection.php:1380
C:\Users\roche\Documents\RochesWebStudio\Projet_OnlyRoll\OnlyRoll\backend\vendor\doctrine\orm\src\UnitOfWork.php:381
C:\Users\roche\Documents\RochesWebStudio\Projet_OnlyRoll\OnlyRoll\backend\vendor\doctrine\orm\src\EntityManager.php:268
C:\Users\roche\Documents\RochesWebStudio\Projet_OnlyRoll\OnlyRoll\backend\tests\Functional\Controller\TokenControllerTest.php:70

82) App\Tests\Functional\Controller\TokenControllerTest::testListTokensGameMasterSeesAll
Doctrine\DBAL\Exception\ConnectionException: An exception occurred in the driver: SQLSTATE[HY000] [1045] Accès refusé pour l'utilisateur: 'root'@'@localhost' (mot de passe: OUI)

C:\Users\roche\Documents\RochesWebStudio\Projet_OnlyRoll\OnlyRoll\backend\vendor\doctrine\dbal\src\Driver\API\MySQL\ExceptionConverter.php:112
C:\Users\roche\Documents\RochesWebStudio\Projet_OnlyRoll\OnlyRoll\backend\vendor\doctrine\dbal\src\Connection.php:1976
C:\Users\roche\Documents\RochesWebStudio\Projet_OnlyRoll\OnlyRoll\backend\vendor\doctrine\dbal\src\Connection.php:1924
C:\Users\roche\Documents\RochesWebStudio\Projet_OnlyRoll\OnlyRoll\backend\vendor\doctrine\dbal\src\Connection.php:385
C:\Users\roche\Documents\RochesWebStudio\Projet_OnlyRoll\OnlyRoll\backend\vendor\doctrine\dbal\src\Connection.php:1692
C:\Users\roche\Documents\RochesWebStudio\Projet_OnlyRoll\OnlyRoll\backend\vendor\doctrine\dbal\src\Connection.php:1380
C:\Users\roche\Documents\RochesWebStudio\Projet_OnlyRoll\OnlyRoll\backend\vendor\doctrine\orm\src\UnitOfWork.php:381
C:\Users\roche\Documents\RochesWebStudio\Projet_OnlyRoll\OnlyRoll\backend\vendor\doctrine\orm\src\EntityManager.php:268
C:\Users\roche\Documents\RochesWebStudio\Projet_OnlyRoll\OnlyRoll\backend\tests\Functional\Controller\TokenControllerTest.php:70

Caused by
Doctrine\DBAL\Driver\PDO\Exception: SQLSTATE[HY000] [1045] Accès refusé pour l'utilisateur: 'root'@'@localhost' (mot de passe: OUI)

C:\Users\roche\Documents\RochesWebStudio\Projet_OnlyRoll\OnlyRoll\backend\vendor\doctrine\dbal\src\Driver\PDO\Exception.php:24
C:\Users\roche\Documents\RochesWebStudio\Projet_OnlyRoll\OnlyRoll\backend\vendor\doctrine\dbal\src\Driver\PDO\MySQL\Driver.php:43
C:\Users\roche\Documents\RochesWebStudio\Projet_OnlyRoll\OnlyRoll\backend\vendor\doctrine\dbal\src\Driver\Middleware\AbstractDriverMiddleware.php:29
C:\Users\roche\Documents\RochesWebStudio\Projet_OnlyRoll\OnlyRoll\backend\vendor\symfony\doctrine-bridge\Middleware\Debug\Driver.php:37
C:\Users\roche\Documents\RochesWebStudio\Projet_OnlyRoll\OnlyRoll\backend\vendor\doctrine\dbal\src\Driver\Middleware\AbstractDriverMiddleware.php:29
C:\Users\roche\Documents\RochesWebStudio\Projet_OnlyRoll\OnlyRoll\backend\vendor\symfony\doctrine-bridge\Middleware\IdleConnection\Driver.php:35
C:\Users\roche\Documents\RochesWebStudio\Projet_OnlyRoll\OnlyRoll\backend\vendor\doctrine\dbal\src\Connection.php:383
C:\Users\roche\Documents\RochesWebStudio\Projet_OnlyRoll\OnlyRoll\backend\vendor\doctrine\dbal\src\Connection.php:1692
C:\Users\roche\Documents\RochesWebStudio\Projet_OnlyRoll\OnlyRoll\backend\vendor\doctrine\dbal\src\Connection.php:1380
C:\Users\roche\Documents\RochesWebStudio\Projet_OnlyRoll\OnlyRoll\backend\vendor\doctrine\orm\src\UnitOfWork.php:381
C:\Users\roche\Documents\RochesWebStudio\Projet_OnlyRoll\OnlyRoll\backend\vendor\doctrine\orm\src\EntityManager.php:268
C:\Users\roche\Documents\RochesWebStudio\Projet_OnlyRoll\OnlyRoll\backend\tests\Functional\Controller\TokenControllerTest.php:70

Caused by
PDOException: SQLSTATE[HY000] [1045] Accès refusé pour l'utilisateur: 'root'@'@localhost' (mot de passe: OUI)

C:\Users\roche\Documents\RochesWebStudio\Projet_OnlyRoll\OnlyRoll\backend\vendor\doctrine\dbal\src\Driver\PDO\PDOConnect.php:22
C:\Users\roche\Documents\RochesWebStudio\Projet_OnlyRoll\OnlyRoll\backend\vendor\doctrine\dbal\src\Driver\PDO\MySQL\Driver.php:36
C:\Users\roche\Documents\RochesWebStudio\Projet_OnlyRoll\OnlyRoll\backend\vendor\doctrine\dbal\src\Driver\Middleware\AbstractDriverMiddleware.php:29
C:\Users\roche\Documents\RochesWebStudio\Projet_OnlyRoll\OnlyRoll\backend\vendor\symfony\doctrine-bridge\Middleware\Debug\Driver.php:37
C:\Users\roche\Documents\RochesWebStudio\Projet_OnlyRoll\OnlyRoll\backend\vendor\doctrine\dbal\src\Driver\Middleware\AbstractDriverMiddleware.php:29
C:\Users\roche\Documents\RochesWebStudio\Projet_OnlyRoll\OnlyRoll\backend\vendor\symfony\doctrine-bridge\Middleware\IdleConnection\Driver.php:35
C:\Users\roche\Documents\RochesWebStudio\Projet_OnlyRoll\OnlyRoll\backend\vendor\doctrine\dbal\src\Connection.php:383
C:\Users\roche\Documents\RochesWebStudio\Projet_OnlyRoll\OnlyRoll\backend\vendor\doctrine\dbal\src\Connection.php:1692
C:\Users\roche\Documents\RochesWebStudio\Projet_OnlyRoll\OnlyRoll\backend\vendor\doctrine\dbal\src\Connection.php:1380
C:\Users\roche\Documents\RochesWebStudio\Projet_OnlyRoll\OnlyRoll\backend\vendor\doctrine\orm\src\UnitOfWork.php:381
C:\Users\roche\Documents\RochesWebStudio\Projet_OnlyRoll\OnlyRoll\backend\vendor\doctrine\orm\src\EntityManager.php:268
C:\Users\roche\Documents\RochesWebStudio\Projet_OnlyRoll\OnlyRoll\backend\tests\Functional\Controller\TokenControllerTest.php:70

83) App\Tests\Functional\Controller\TokenControllerTest::testShowTokenSuccess
Doctrine\DBAL\Exception\ConnectionException: An exception occurred in the driver: SQLSTATE[HY000] [1045] Accès refusé pour l'utilisateur: 'root'@'@localhost' (mot de passe: OUI)

C:\Users\roche\Documents\RochesWebStudio\Projet_OnlyRoll\OnlyRoll\backend\vendor\doctrine\dbal\src\Driver\API\MySQL\ExceptionConverter.php:112
C:\Users\roche\Documents\RochesWebStudio\Projet_OnlyRoll\OnlyRoll\backend\vendor\doctrine\dbal\src\Connection.php:1976
C:\Users\roche\Documents\RochesWebStudio\Projet_OnlyRoll\OnlyRoll\backend\vendor\doctrine\dbal\src\Connection.php:1924
C:\Users\roche\Documents\RochesWebStudio\Projet_OnlyRoll\OnlyRoll\backend\vendor\doctrine\dbal\src\Connection.php:385
C:\Users\roche\Documents\RochesWebStudio\Projet_OnlyRoll\OnlyRoll\backend\vendor\doctrine\dbal\src\Connection.php:1692
C:\Users\roche\Documents\RochesWebStudio\Projet_OnlyRoll\OnlyRoll\backend\vendor\doctrine\dbal\src\Connection.php:1380
C:\Users\roche\Documents\RochesWebStudio\Projet_OnlyRoll\OnlyRoll\backend\vendor\doctrine\orm\src\UnitOfWork.php:381
C:\Users\roche\Documents\RochesWebStudio\Projet_OnlyRoll\OnlyRoll\backend\vendor\doctrine\orm\src\EntityManager.php:268
C:\Users\roche\Documents\RochesWebStudio\Projet_OnlyRoll\OnlyRoll\backend\tests\Functional\Controller\TokenControllerTest.php:70

Caused by
Doctrine\DBAL\Driver\PDO\Exception: SQLSTATE[HY000] [1045] Accès refusé pour l'utilisateur: 'root'@'@localhost' (mot de passe: OUI)

C:\Users\roche\Documents\RochesWebStudio\Projet_OnlyRoll\OnlyRoll\backend\vendor\doctrine\dbal\src\Driver\PDO\Exception.php:24
C:\Users\roche\Documents\RochesWebStudio\Projet_OnlyRoll\OnlyRoll\backend\vendor\doctrine\dbal\src\Driver\PDO\MySQL\Driver.php:43
C:\Users\roche\Documents\RochesWebStudio\Projet_OnlyRoll\OnlyRoll\backend\vendor\doctrine\dbal\src\Driver\Middleware\AbstractDriverMiddleware.php:29
C:\Users\roche\Documents\RochesWebStudio\Projet_OnlyRoll\OnlyRoll\backend\vendor\symfony\doctrine-bridge\Middleware\Debug\Driver.php:37
C:\Users\roche\Documents\RochesWebStudio\Projet_OnlyRoll\OnlyRoll\backend\vendor\doctrine\dbal\src\Driver\Middleware\AbstractDriverMiddleware.php:29
C:\Users\roche\Documents\RochesWebStudio\Projet_OnlyRoll\OnlyRoll\backend\vendor\symfony\doctrine-bridge\Middleware\IdleConnection\Driver.php:35
C:\Users\roche\Documents\RochesWebStudio\Projet_OnlyRoll\OnlyRoll\backend\vendor\doctrine\dbal\src\Connection.php:383
C:\Users\roche\Documents\RochesWebStudio\Projet_OnlyRoll\OnlyRoll\backend\vendor\doctrine\dbal\src\Connection.php:1692
C:\Users\roche\Documents\RochesWebStudio\Projet_OnlyRoll\OnlyRoll\backend\vendor\doctrine\dbal\src\Connection.php:1380
C:\Users\roche\Documents\RochesWebStudio\Projet_OnlyRoll\OnlyRoll\backend\vendor\doctrine\orm\src\UnitOfWork.php:381
C:\Users\roche\Documents\RochesWebStudio\Projet_OnlyRoll\OnlyRoll\backend\vendor\doctrine\orm\src\EntityManager.php:268
C:\Users\roche\Documents\RochesWebStudio\Projet_OnlyRoll\OnlyRoll\backend\tests\Functional\Controller\TokenControllerTest.php:70

Caused by
PDOException: SQLSTATE[HY000] [1045] Accès refusé pour l'utilisateur: 'root'@'@localhost' (mot de passe: OUI)

C:\Users\roche\Documents\RochesWebStudio\Projet_OnlyRoll\OnlyRoll\backend\vendor\doctrine\dbal\src\Driver\PDO\PDOConnect.php:22
C:\Users\roche\Documents\RochesWebStudio\Projet_OnlyRoll\OnlyRoll\backend\vendor\doctrine\dbal\src\Driver\PDO\MySQL\Driver.php:36
C:\Users\roche\Documents\RochesWebStudio\Projet_OnlyRoll\OnlyRoll\backend\vendor\doctrine\dbal\src\Driver\Middleware\AbstractDriverMiddleware.php:29
C:\Users\roche\Documents\RochesWebStudio\Projet_OnlyRoll\OnlyRoll\backend\vendor\symfony\doctrine-bridge\Middleware\Debug\Driver.php:37
C:\Users\roche\Documents\RochesWebStudio\Projet_OnlyRoll\OnlyRoll\backend\vendor\doctrine\dbal\src\Driver\Middleware\AbstractDriverMiddleware.php:29
C:\Users\roche\Documents\RochesWebStudio\Projet_OnlyRoll\OnlyRoll\backend\vendor\symfony\doctrine-bridge\Middleware\IdleConnection\Driver.php:35
C:\Users\roche\Documents\RochesWebStudio\Projet_OnlyRoll\OnlyRoll\backend\vendor\doctrine\dbal\src\Connection.php:383
C:\Users\roche\Documents\RochesWebStudio\Projet_OnlyRoll\OnlyRoll\backend\vendor\doctrine\dbal\src\Connection.php:1692
C:\Users\roche\Documents\RochesWebStudio\Projet_OnlyRoll\OnlyRoll\backend\vendor\doctrine\dbal\src\Connection.php:1380
C:\Users\roche\Documents\RochesWebStudio\Projet_OnlyRoll\OnlyRoll\backend\vendor\doctrine\orm\src\UnitOfWork.php:381
C:\Users\roche\Documents\RochesWebStudio\Projet_OnlyRoll\OnlyRoll\backend\vendor\doctrine\orm\src\EntityManager.php:268
C:\Users\roche\Documents\RochesWebStudio\Projet_OnlyRoll\OnlyRoll\backend\tests\Functional\Controller\TokenControllerTest.php:70

84) App\Tests\Functional\Controller\TokenControllerTest::testShowHiddenTokenAsPlayerForbidden
Doctrine\DBAL\Exception\ConnectionException: An exception occurred in the driver: SQLSTATE[HY000] [1045] Accès refusé pour l'utilisateur: 'root'@'@localhost' (mot de passe: OUI)

C:\Users\roche\Documents\RochesWebStudio\Projet_OnlyRoll\OnlyRoll\backend\vendor\doctrine\dbal\src\Driver\API\MySQL\ExceptionConverter.php:112
C:\Users\roche\Documents\RochesWebStudio\Projet_OnlyRoll\OnlyRoll\backend\vendor\doctrine\dbal\src\Connection.php:1976
C:\Users\roche\Documents\RochesWebStudio\Projet_OnlyRoll\OnlyRoll\backend\vendor\doctrine\dbal\src\Connection.php:1924
C:\Users\roche\Documents\RochesWebStudio\Projet_OnlyRoll\OnlyRoll\backend\vendor\doctrine\dbal\src\Connection.php:385
C:\Users\roche\Documents\RochesWebStudio\Projet_OnlyRoll\OnlyRoll\backend\vendor\doctrine\dbal\src\Connection.php:1692
C:\Users\roche\Documents\RochesWebStudio\Projet_OnlyRoll\OnlyRoll\backend\vendor\doctrine\dbal\src\Connection.php:1380
C:\Users\roche\Documents\RochesWebStudio\Projet_OnlyRoll\OnlyRoll\backend\vendor\doctrine\orm\src\UnitOfWork.php:381
C:\Users\roche\Documents\RochesWebStudio\Projet_OnlyRoll\OnlyRoll\backend\vendor\doctrine\orm\src\EntityManager.php:268
C:\Users\roche\Documents\RochesWebStudio\Projet_OnlyRoll\OnlyRoll\backend\tests\Functional\Controller\TokenControllerTest.php:70

Caused by
Doctrine\DBAL\Driver\PDO\Exception: SQLSTATE[HY000] [1045] Accès refusé pour l'utilisateur: 'root'@'@localhost' (mot de passe: OUI)

C:\Users\roche\Documents\RochesWebStudio\Projet_OnlyRoll\OnlyRoll\backend\vendor\doctrine\dbal\src\Driver\PDO\Exception.php:24
C:\Users\roche\Documents\RochesWebStudio\Projet_OnlyRoll\OnlyRoll\backend\vendor\doctrine\dbal\src\Driver\PDO\MySQL\Driver.php:43
C:\Users\roche\Documents\RochesWebStudio\Projet_OnlyRoll\OnlyRoll\backend\vendor\doctrine\dbal\src\Driver\Middleware\AbstractDriverMiddleware.php:29
C:\Users\roche\Documents\RochesWebStudio\Projet_OnlyRoll\OnlyRoll\backend\vendor\symfony\doctrine-bridge\Middleware\Debug\Driver.php:37
C:\Users\roche\Documents\RochesWebStudio\Projet_OnlyRoll\OnlyRoll\backend\vendor\doctrine\dbal\src\Driver\Middleware\AbstractDriverMiddleware.php:29
C:\Users\roche\Documents\RochesWebStudio\Projet_OnlyRoll\OnlyRoll\backend\vendor\symfony\doctrine-bridge\Middleware\IdleConnection\Driver.php:35
C:\Users\roche\Documents\RochesWebStudio\Projet_OnlyRoll\OnlyRoll\backend\vendor\doctrine\dbal\src\Connection.php:383
C:\Users\roche\Documents\RochesWebStudio\Projet_OnlyRoll\OnlyRoll\backend\vendor\doctrine\dbal\src\Connection.php:1692
C:\Users\roche\Documents\RochesWebStudio\Projet_OnlyRoll\OnlyRoll\backend\vendor\doctrine\dbal\src\Connection.php:1380
C:\Users\roche\Documents\RochesWebStudio\Projet_OnlyRoll\OnlyRoll\backend\vendor\doctrine\orm\src\UnitOfWork.php:381
C:\Users\roche\Documents\RochesWebStudio\Projet_OnlyRoll\OnlyRoll\backend\vendor\doctrine\orm\src\EntityManager.php:268
C:\Users\roche\Documents\RochesWebStudio\Projet_OnlyRoll\OnlyRoll\backend\tests\Functional\Controller\TokenControllerTest.php:70

Caused by
PDOException: SQLSTATE[HY000] [1045] Accès refusé pour l'utilisateur: 'root'@'@localhost' (mot de passe: OUI)

C:\Users\roche\Documents\RochesWebStudio\Projet_OnlyRoll\OnlyRoll\backend\vendor\doctrine\dbal\src\Driver\PDO\PDOConnect.php:22
C:\Users\roche\Documents\RochesWebStudio\Projet_OnlyRoll\OnlyRoll\backend\vendor\doctrine\dbal\src\Driver\PDO\MySQL\Driver.php:36
C:\Users\roche\Documents\RochesWebStudio\Projet_OnlyRoll\OnlyRoll\backend\vendor\doctrine\dbal\src\Driver\Middleware\AbstractDriverMiddleware.php:29
C:\Users\roche\Documents\RochesWebStudio\Projet_OnlyRoll\OnlyRoll\backend\vendor\symfony\doctrine-bridge\Middleware\Debug\Driver.php:37
C:\Users\roche\Documents\RochesWebStudio\Projet_OnlyRoll\OnlyRoll\backend\vendor\doctrine\dbal\src\Driver\Middleware\AbstractDriverMiddleware.php:29
C:\Users\roche\Documents\RochesWebStudio\Projet_OnlyRoll\OnlyRoll\backend\vendor\symfony\doctrine-bridge\Middleware\IdleConnection\Driver.php:35
C:\Users\roche\Documents\RochesWebStudio\Projet_OnlyRoll\OnlyRoll\backend\vendor\doctrine\dbal\src\Connection.php:383
C:\Users\roche\Documents\RochesWebStudio\Projet_OnlyRoll\OnlyRoll\backend\vendor\doctrine\dbal\src\Connection.php:1692
C:\Users\roche\Documents\RochesWebStudio\Projet_OnlyRoll\OnlyRoll\backend\vendor\doctrine\dbal\src\Connection.php:1380
C:\Users\roche\Documents\RochesWebStudio\Projet_OnlyRoll\OnlyRoll\backend\vendor\doctrine\orm\src\UnitOfWork.php:381
C:\Users\roche\Documents\RochesWebStudio\Projet_OnlyRoll\OnlyRoll\backend\vendor\doctrine\orm\src\EntityManager.php:268
C:\Users\roche\Documents\RochesWebStudio\Projet_OnlyRoll\OnlyRoll\backend\tests\Functional\Controller\TokenControllerTest.php:70

85) App\Tests\Functional\Controller\TokenControllerTest::testShowHiddenTokenAsGameMasterSuccess
Doctrine\DBAL\Exception\ConnectionException: An exception occurred in the driver: SQLSTATE[HY000] [1045] Accès refusé pour l'utilisateur: 'root'@'@localhost' (mot de passe: OUI)

C:\Users\roche\Documents\RochesWebStudio\Projet_OnlyRoll\OnlyRoll\backend\vendor\doctrine\dbal\src\Driver\API\MySQL\ExceptionConverter.php:112
C:\Users\roche\Documents\RochesWebStudio\Projet_OnlyRoll\OnlyRoll\backend\vendor\doctrine\dbal\src\Connection.php:1976
C:\Users\roche\Documents\RochesWebStudio\Projet_OnlyRoll\OnlyRoll\backend\vendor\doctrine\dbal\src\Connection.php:1924
C:\Users\roche\Documents\RochesWebStudio\Projet_OnlyRoll\OnlyRoll\backend\vendor\doctrine\dbal\src\Connection.php:385
C:\Users\roche\Documents\RochesWebStudio\Projet_OnlyRoll\OnlyRoll\backend\vendor\doctrine\dbal\src\Connection.php:1692
C:\Users\roche\Documents\RochesWebStudio\Projet_OnlyRoll\OnlyRoll\backend\vendor\doctrine\dbal\src\Connection.php:1380
C:\Users\roche\Documents\RochesWebStudio\Projet_OnlyRoll\OnlyRoll\backend\vendor\doctrine\orm\src\UnitOfWork.php:381
C:\Users\roche\Documents\RochesWebStudio\Projet_OnlyRoll\OnlyRoll\backend\vendor\doctrine\orm\src\EntityManager.php:268
C:\Users\roche\Documents\RochesWebStudio\Projet_OnlyRoll\OnlyRoll\backend\tests\Functional\Controller\TokenControllerTest.php:70

Caused by
Doctrine\DBAL\Driver\PDO\Exception: SQLSTATE[HY000] [1045] Accès refusé pour l'utilisateur: 'root'@'@localhost' (mot de passe: OUI)

C:\Users\roche\Documents\RochesWebStudio\Projet_OnlyRoll\OnlyRoll\backend\vendor\doctrine\dbal\src\Driver\PDO\Exception.php:24
C:\Users\roche\Documents\RochesWebStudio\Projet_OnlyRoll\OnlyRoll\backend\vendor\doctrine\dbal\src\Driver\PDO\MySQL\Driver.php:43
C:\Users\roche\Documents\RochesWebStudio\Projet_OnlyRoll\OnlyRoll\backend\vendor\doctrine\dbal\src\Driver\Middleware\AbstractDriverMiddleware.php:29
C:\Users\roche\Documents\RochesWebStudio\Projet_OnlyRoll\OnlyRoll\backend\vendor\symfony\doctrine-bridge\Middleware\Debug\Driver.php:37
C:\Users\roche\Documents\RochesWebStudio\Projet_OnlyRoll\OnlyRoll\backend\vendor\doctrine\dbal\src\Driver\Middleware\AbstractDriverMiddleware.php:29
C:\Users\roche\Documents\RochesWebStudio\Projet_OnlyRoll\OnlyRoll\backend\vendor\symfony\doctrine-bridge\Middleware\IdleConnection\Driver.php:35
C:\Users\roche\Documents\RochesWebStudio\Projet_OnlyRoll\OnlyRoll\backend\vendor\doctrine\dbal\src\Connection.php:383
C:\Users\roche\Documents\RochesWebStudio\Projet_OnlyRoll\OnlyRoll\backend\vendor\doctrine\dbal\src\Connection.php:1692
C:\Users\roche\Documents\RochesWebStudio\Projet_OnlyRoll\OnlyRoll\backend\vendor\doctrine\dbal\src\Connection.php:1380
C:\Users\roche\Documents\RochesWebStudio\Projet_OnlyRoll\OnlyRoll\backend\vendor\doctrine\orm\src\UnitOfWork.php:381
C:\Users\roche\Documents\RochesWebStudio\Projet_OnlyRoll\OnlyRoll\backend\vendor\doctrine\orm\src\EntityManager.php:268
C:\Users\roche\Documents\RochesWebStudio\Projet_OnlyRoll\OnlyRoll\backend\tests\Functional\Controller\TokenControllerTest.php:70

Caused by
PDOException: SQLSTATE[HY000] [1045] Accès refusé pour l'utilisateur: 'root'@'@localhost' (mot de passe: OUI)

C:\Users\roche\Documents\RochesWebStudio\Projet_OnlyRoll\OnlyRoll\backend\vendor\doctrine\dbal\src\Driver\PDO\PDOConnect.php:22
C:\Users\roche\Documents\RochesWebStudio\Projet_OnlyRoll\OnlyRoll\backend\vendor\doctrine\dbal\src\Driver\PDO\MySQL\Driver.php:36
C:\Users\roche\Documents\RochesWebStudio\Projet_OnlyRoll\OnlyRoll\backend\vendor\doctrine\dbal\src\Driver\Middleware\AbstractDriverMiddleware.php:29
C:\Users\roche\Documents\RochesWebStudio\Projet_OnlyRoll\OnlyRoll\backend\vendor\symfony\doctrine-bridge\Middleware\Debug\Driver.php:37
C:\Users\roche\Documents\RochesWebStudio\Projet_OnlyRoll\OnlyRoll\backend\vendor\doctrine\dbal\src\Driver\Middleware\AbstractDriverMiddleware.php:29
C:\Users\roche\Documents\RochesWebStudio\Projet_OnlyRoll\OnlyRoll\backend\vendor\symfony\doctrine-bridge\Middleware\IdleConnection\Driver.php:35
C:\Users\roche\Documents\RochesWebStudio\Projet_OnlyRoll\OnlyRoll\backend\vendor\doctrine\dbal\src\Connection.php:383
C:\Users\roche\Documents\RochesWebStudio\Projet_OnlyRoll\OnlyRoll\backend\vendor\doctrine\dbal\src\Connection.php:1692
C:\Users\roche\Documents\RochesWebStudio\Projet_OnlyRoll\OnlyRoll\backend\vendor\doctrine\dbal\src\Connection.php:1380
C:\Users\roche\Documents\RochesWebStudio\Projet_OnlyRoll\OnlyRoll\backend\vendor\doctrine\orm\src\UnitOfWork.php:381
C:\Users\roche\Documents\RochesWebStudio\Projet_OnlyRoll\OnlyRoll\backend\vendor\doctrine\orm\src\EntityManager.php:268
C:\Users\roche\Documents\RochesWebStudio\Projet_OnlyRoll\OnlyRoll\backend\tests\Functional\Controller\TokenControllerTest.php:70

86) App\Tests\Functional\Controller\TokenControllerTest::testCreateTokenAsPlayerForbidden
Doctrine\DBAL\Exception\ConnectionException: An exception occurred in the driver: SQLSTATE[HY000] [1045] Accès refusé pour l'utilisateur: 'root'@'@localhost' (mot de passe: OUI)

C:\Users\roche\Documents\RochesWebStudio\Projet_OnlyRoll\OnlyRoll\backend\vendor\doctrine\dbal\src\Driver\API\MySQL\ExceptionConverter.php:112
C:\Users\roche\Documents\RochesWebStudio\Projet_OnlyRoll\OnlyRoll\backend\vendor\doctrine\dbal\src\Connection.php:1976
C:\Users\roche\Documents\RochesWebStudio\Projet_OnlyRoll\OnlyRoll\backend\vendor\doctrine\dbal\src\Connection.php:1924
C:\Users\roche\Documents\RochesWebStudio\Projet_OnlyRoll\OnlyRoll\backend\vendor\doctrine\dbal\src\Connection.php:385
C:\Users\roche\Documents\RochesWebStudio\Projet_OnlyRoll\OnlyRoll\backend\vendor\doctrine\dbal\src\Connection.php:1692
C:\Users\roche\Documents\RochesWebStudio\Projet_OnlyRoll\OnlyRoll\backend\vendor\doctrine\dbal\src\Connection.php:1380
C:\Users\roche\Documents\RochesWebStudio\Projet_OnlyRoll\OnlyRoll\backend\vendor\doctrine\orm\src\UnitOfWork.php:381
C:\Users\roche\Documents\RochesWebStudio\Projet_OnlyRoll\OnlyRoll\backend\vendor\doctrine\orm\src\EntityManager.php:268
C:\Users\roche\Documents\RochesWebStudio\Projet_OnlyRoll\OnlyRoll\backend\tests\Functional\Controller\TokenControllerTest.php:70

Caused by
Doctrine\DBAL\Driver\PDO\Exception: SQLSTATE[HY000] [1045] Accès refusé pour l'utilisateur: 'root'@'@localhost' (mot de passe: OUI)

C:\Users\roche\Documents\RochesWebStudio\Projet_OnlyRoll\OnlyRoll\backend\vendor\doctrine\dbal\src\Driver\PDO\Exception.php:24
C:\Users\roche\Documents\RochesWebStudio\Projet_OnlyRoll\OnlyRoll\backend\vendor\doctrine\dbal\src\Driver\PDO\MySQL\Driver.php:43
C:\Users\roche\Documents\RochesWebStudio\Projet_OnlyRoll\OnlyRoll\backend\vendor\doctrine\dbal\src\Driver\Middleware\AbstractDriverMiddleware.php:29
C:\Users\roche\Documents\RochesWebStudio\Projet_OnlyRoll\OnlyRoll\backend\vendor\symfony\doctrine-bridge\Middleware\Debug\Driver.php:37
C:\Users\roche\Documents\RochesWebStudio\Projet_OnlyRoll\OnlyRoll\backend\vendor\doctrine\dbal\src\Driver\Middleware\AbstractDriverMiddleware.php:29
C:\Users\roche\Documents\RochesWebStudio\Projet_OnlyRoll\OnlyRoll\backend\vendor\symfony\doctrine-bridge\Middleware\IdleConnection\Driver.php:35
C:\Users\roche\Documents\RochesWebStudio\Projet_OnlyRoll\OnlyRoll\backend\vendor\doctrine\dbal\src\Connection.php:383
C:\Users\roche\Documents\RochesWebStudio\Projet_OnlyRoll\OnlyRoll\backend\vendor\doctrine\dbal\src\Connection.php:1692
C:\Users\roche\Documents\RochesWebStudio\Projet_OnlyRoll\OnlyRoll\backend\vendor\doctrine\dbal\src\Connection.php:1380
C:\Users\roche\Documents\RochesWebStudio\Projet_OnlyRoll\OnlyRoll\backend\vendor\doctrine\orm\src\UnitOfWork.php:381
C:\Users\roche\Documents\RochesWebStudio\Projet_OnlyRoll\OnlyRoll\backend\vendor\doctrine\orm\src\EntityManager.php:268
C:\Users\roche\Documents\RochesWebStudio\Projet_OnlyRoll\OnlyRoll\backend\tests\Functional\Controller\TokenControllerTest.php:70

Caused by
PDOException: SQLSTATE[HY000] [1045] Accès refusé pour l'utilisateur: 'root'@'@localhost' (mot de passe: OUI)

C:\Users\roche\Documents\RochesWebStudio\Projet_OnlyRoll\OnlyRoll\backend\vendor\doctrine\dbal\src\Driver\PDO\PDOConnect.php:22
C:\Users\roche\Documents\RochesWebStudio\Projet_OnlyRoll\OnlyRoll\backend\vendor\doctrine\dbal\src\Driver\PDO\MySQL\Driver.php:36
C:\Users\roche\Documents\RochesWebStudio\Projet_OnlyRoll\OnlyRoll\backend\vendor\doctrine\dbal\src\Driver\Middleware\AbstractDriverMiddleware.php:29
C:\Users\roche\Documents\RochesWebStudio\Projet_OnlyRoll\OnlyRoll\backend\vendor\symfony\doctrine-bridge\Middleware\Debug\Driver.php:37
C:\Users\roche\Documents\RochesWebStudio\Projet_OnlyRoll\OnlyRoll\backend\vendor\doctrine\dbal\src\Driver\Middleware\AbstractDriverMiddleware.php:29
C:\Users\roche\Documents\RochesWebStudio\Projet_OnlyRoll\OnlyRoll\backend\vendor\symfony\doctrine-bridge\Middleware\IdleConnection\Driver.php:35
C:\Users\roche\Documents\RochesWebStudio\Projet_OnlyRoll\OnlyRoll\backend\vendor\doctrine\dbal\src\Connection.php:383
C:\Users\roche\Documents\RochesWebStudio\Projet_OnlyRoll\OnlyRoll\backend\vendor\doctrine\dbal\src\Connection.php:1692
C:\Users\roche\Documents\RochesWebStudio\Projet_OnlyRoll\OnlyRoll\backend\vendor\doctrine\dbal\src\Connection.php:1380
C:\Users\roche\Documents\RochesWebStudio\Projet_OnlyRoll\OnlyRoll\backend\vendor\doctrine\orm\src\UnitOfWork.php:381
C:\Users\roche\Documents\RochesWebStudio\Projet_OnlyRoll\OnlyRoll\backend\vendor\doctrine\orm\src\EntityManager.php:268
C:\Users\roche\Documents\RochesWebStudio\Projet_OnlyRoll\OnlyRoll\backend\tests\Functional\Controller\TokenControllerTest.php:70

87) App\Tests\Functional\Controller\TokenControllerTest::testCreateTokenAsGameMasterSuccess
Doctrine\DBAL\Exception\ConnectionException: An exception occurred in the driver: SQLSTATE[HY000] [1045] Accès refusé pour l'utilisateur: 'root'@'@localhost' (mot de passe: OUI)

C:\Users\roche\Documents\RochesWebStudio\Projet_OnlyRoll\OnlyRoll\backend\vendor\doctrine\dbal\src\Driver\API\MySQL\ExceptionConverter.php:112
C:\Users\roche\Documents\RochesWebStudio\Projet_OnlyRoll\OnlyRoll\backend\vendor\doctrine\dbal\src\Connection.php:1976
C:\Users\roche\Documents\RochesWebStudio\Projet_OnlyRoll\OnlyRoll\backend\vendor\doctrine\dbal\src\Connection.php:1924
C:\Users\roche\Documents\RochesWebStudio\Projet_OnlyRoll\OnlyRoll\backend\vendor\doctrine\dbal\src\Connection.php:385
C:\Users\roche\Documents\RochesWebStudio\Projet_OnlyRoll\OnlyRoll\backend\vendor\doctrine\dbal\src\Connection.php:1692
C:\Users\roche\Documents\RochesWebStudio\Projet_OnlyRoll\OnlyRoll\backend\vendor\doctrine\dbal\src\Connection.php:1380
C:\Users\roche\Documents\RochesWebStudio\Projet_OnlyRoll\OnlyRoll\backend\vendor\doctrine\orm\src\UnitOfWork.php:381
C:\Users\roche\Documents\RochesWebStudio\Projet_OnlyRoll\OnlyRoll\backend\vendor\doctrine\orm\src\EntityManager.php:268
C:\Users\roche\Documents\RochesWebStudio\Projet_OnlyRoll\OnlyRoll\backend\tests\Functional\Controller\TokenControllerTest.php:70

Caused by
Doctrine\DBAL\Driver\PDO\Exception: SQLSTATE[HY000] [1045] Accès refusé pour l'utilisateur: 'root'@'@localhost' (mot de passe: OUI)

C:\Users\roche\Documents\RochesWebStudio\Projet_OnlyRoll\OnlyRoll\backend\vendor\doctrine\dbal\src\Driver\PDO\Exception.php:24
C:\Users\roche\Documents\RochesWebStudio\Projet_OnlyRoll\OnlyRoll\backend\vendor\doctrine\dbal\src\Driver\PDO\MySQL\Driver.php:43
C:\Users\roche\Documents\RochesWebStudio\Projet_OnlyRoll\OnlyRoll\backend\vendor\doctrine\dbal\src\Driver\Middleware\AbstractDriverMiddleware.php:29
C:\Users\roche\Documents\RochesWebStudio\Projet_OnlyRoll\OnlyRoll\backend\vendor\symfony\doctrine-bridge\Middleware\Debug\Driver.php:37
C:\Users\roche\Documents\RochesWebStudio\Projet_OnlyRoll\OnlyRoll\backend\vendor\doctrine\dbal\src\Driver\Middleware\AbstractDriverMiddleware.php:29
C:\Users\roche\Documents\RochesWebStudio\Projet_OnlyRoll\OnlyRoll\backend\vendor\symfony\doctrine-bridge\Middleware\IdleConnection\Driver.php:35
C:\Users\roche\Documents\RochesWebStudio\Projet_OnlyRoll\OnlyRoll\backend\vendor\doctrine\dbal\src\Connection.php:383
C:\Users\roche\Documents\RochesWebStudio\Projet_OnlyRoll\OnlyRoll\backend\vendor\doctrine\dbal\src\Connection.php:1692
C:\Users\roche\Documents\RochesWebStudio\Projet_OnlyRoll\OnlyRoll\backend\vendor\doctrine\dbal\src\Connection.php:1380
C:\Users\roche\Documents\RochesWebStudio\Projet_OnlyRoll\OnlyRoll\backend\vendor\doctrine\orm\src\UnitOfWork.php:381
C:\Users\roche\Documents\RochesWebStudio\Projet_OnlyRoll\OnlyRoll\backend\vendor\doctrine\orm\src\EntityManager.php:268
C:\Users\roche\Documents\RochesWebStudio\Projet_OnlyRoll\OnlyRoll\backend\tests\Functional\Controller\TokenControllerTest.php:70

Caused by
PDOException: SQLSTATE[HY000] [1045] Accès refusé pour l'utilisateur: 'root'@'@localhost' (mot de passe: OUI)

C:\Users\roche\Documents\RochesWebStudio\Projet_OnlyRoll\OnlyRoll\backend\vendor\doctrine\dbal\src\Driver\PDO\PDOConnect.php:22
C:\Users\roche\Documents\RochesWebStudio\Projet_OnlyRoll\OnlyRoll\backend\vendor\doctrine\dbal\src\Driver\PDO\MySQL\Driver.php:36
C:\Users\roche\Documents\RochesWebStudio\Projet_OnlyRoll\OnlyRoll\backend\vendor\doctrine\dbal\src\Driver\Middleware\AbstractDriverMiddleware.php:29
C:\Users\roche\Documents\RochesWebStudio\Projet_OnlyRoll\OnlyRoll\backend\vendor\symfony\doctrine-bridge\Middleware\Debug\Driver.php:37
C:\Users\roche\Documents\RochesWebStudio\Projet_OnlyRoll\OnlyRoll\backend\vendor\doctrine\dbal\src\Driver\Middleware\AbstractDriverMiddleware.php:29
C:\Users\roche\Documents\RochesWebStudio\Projet_OnlyRoll\OnlyRoll\backend\vendor\symfony\doctrine-bridge\Middleware\IdleConnection\Driver.php:35
C:\Users\roche\Documents\RochesWebStudio\Projet_OnlyRoll\OnlyRoll\backend\vendor\doctrine\dbal\src\Connection.php:383
C:\Users\roche\Documents\RochesWebStudio\Projet_OnlyRoll\OnlyRoll\backend\vendor\doctrine\dbal\src\Connection.php:1692
C:\Users\roche\Documents\RochesWebStudio\Projet_OnlyRoll\OnlyRoll\backend\vendor\doctrine\dbal\src\Connection.php:1380
C:\Users\roche\Documents\RochesWebStudio\Projet_OnlyRoll\OnlyRoll\backend\vendor\doctrine\orm\src\UnitOfWork.php:381
C:\Users\roche\Documents\RochesWebStudio\Projet_OnlyRoll\OnlyRoll\backend\vendor\doctrine\orm\src\EntityManager.php:268
C:\Users\roche\Documents\RochesWebStudio\Projet_OnlyRoll\OnlyRoll\backend\tests\Functional\Controller\TokenControllerTest.php:70

88) App\Tests\Functional\Controller\TokenControllerTest::testCreateTokenWithInvalidData
Doctrine\DBAL\Exception\ConnectionException: An exception occurred in the driver: SQLSTATE[HY000] [1045] Accès refusé pour l'utilisateur: 'root'@'@localhost' (mot de passe: OUI)

C:\Users\roche\Documents\RochesWebStudio\Projet_OnlyRoll\OnlyRoll\backend\vendor\doctrine\dbal\src\Driver\API\MySQL\ExceptionConverter.php:112
C:\Users\roche\Documents\RochesWebStudio\Projet_OnlyRoll\OnlyRoll\backend\vendor\doctrine\dbal\src\Connection.php:1976
C:\Users\roche\Documents\RochesWebStudio\Projet_OnlyRoll\OnlyRoll\backend\vendor\doctrine\dbal\src\Connection.php:1924
C:\Users\roche\Documents\RochesWebStudio\Projet_OnlyRoll\OnlyRoll\backend\vendor\doctrine\dbal\src\Connection.php:385
C:\Users\roche\Documents\RochesWebStudio\Projet_OnlyRoll\OnlyRoll\backend\vendor\doctrine\dbal\src\Connection.php:1692
C:\Users\roche\Documents\RochesWebStudio\Projet_OnlyRoll\OnlyRoll\backend\vendor\doctrine\dbal\src\Connection.php:1380
C:\Users\roche\Documents\RochesWebStudio\Projet_OnlyRoll\OnlyRoll\backend\vendor\doctrine\orm\src\UnitOfWork.php:381
C:\Users\roche\Documents\RochesWebStudio\Projet_OnlyRoll\OnlyRoll\backend\vendor\doctrine\orm\src\EntityManager.php:268
C:\Users\roche\Documents\RochesWebStudio\Projet_OnlyRoll\OnlyRoll\backend\tests\Functional\Controller\TokenControllerTest.php:70

Caused by
Doctrine\DBAL\Driver\PDO\Exception: SQLSTATE[HY000] [1045] Accès refusé pour l'utilisateur: 'root'@'@localhost' (mot de passe: OUI)

C:\Users\roche\Documents\RochesWebStudio\Projet_OnlyRoll\OnlyRoll\backend\vendor\doctrine\dbal\src\Driver\PDO\Exception.php:24
C:\Users\roche\Documents\RochesWebStudio\Projet_OnlyRoll\OnlyRoll\backend\vendor\doctrine\dbal\src\Driver\PDO\MySQL\Driver.php:43
C:\Users\roche\Documents\RochesWebStudio\Projet_OnlyRoll\OnlyRoll\backend\vendor\doctrine\dbal\src\Driver\Middleware\AbstractDriverMiddleware.php:29
C:\Users\roche\Documents\RochesWebStudio\Projet_OnlyRoll\OnlyRoll\backend\vendor\symfony\doctrine-bridge\Middleware\Debug\Driver.php:37
C:\Users\roche\Documents\RochesWebStudio\Projet_OnlyRoll\OnlyRoll\backend\vendor\doctrine\dbal\src\Driver\Middleware\AbstractDriverMiddleware.php:29
C:\Users\roche\Documents\RochesWebStudio\Projet_OnlyRoll\OnlyRoll\backend\vendor\symfony\doctrine-bridge\Middleware\IdleConnection\Driver.php:35
C:\Users\roche\Documents\RochesWebStudio\Projet_OnlyRoll\OnlyRoll\backend\vendor\doctrine\dbal\src\Connection.php:383
C:\Users\roche\Documents\RochesWebStudio\Projet_OnlyRoll\OnlyRoll\backend\vendor\doctrine\dbal\src\Connection.php:1692
C:\Users\roche\Documents\RochesWebStudio\Projet_OnlyRoll\OnlyRoll\backend\vendor\doctrine\dbal\src\Connection.php:1380
C:\Users\roche\Documents\RochesWebStudio\Projet_OnlyRoll\OnlyRoll\backend\vendor\doctrine\orm\src\UnitOfWork.php:381
C:\Users\roche\Documents\RochesWebStudio\Projet_OnlyRoll\OnlyRoll\backend\vendor\doctrine\orm\src\EntityManager.php:268
C:\Users\roche\Documents\RochesWebStudio\Projet_OnlyRoll\OnlyRoll\backend\tests\Functional\Controller\TokenControllerTest.php:70

Caused by
PDOException: SQLSTATE[HY000] [1045] Accès refusé pour l'utilisateur: 'root'@'@localhost' (mot de passe: OUI)

C:\Users\roche\Documents\RochesWebStudio\Projet_OnlyRoll\OnlyRoll\backend\vendor\doctrine\dbal\src\Driver\PDO\PDOConnect.php:22
C:\Users\roche\Documents\RochesWebStudio\Projet_OnlyRoll\OnlyRoll\backend\vendor\doctrine\dbal\src\Driver\PDO\MySQL\Driver.php:36
C:\Users\roche\Documents\RochesWebStudio\Projet_OnlyRoll\OnlyRoll\backend\vendor\doctrine\dbal\src\Driver\Middleware\AbstractDriverMiddleware.php:29
C:\Users\roche\Documents\RochesWebStudio\Projet_OnlyRoll\OnlyRoll\backend\vendor\symfony\doctrine-bridge\Middleware\Debug\Driver.php:37
C:\Users\roche\Documents\RochesWebStudio\Projet_OnlyRoll\OnlyRoll\backend\vendor\doctrine\dbal\src\Driver\Middleware\AbstractDriverMiddleware.php:29
C:\Users\roche\Documents\RochesWebStudio\Projet_OnlyRoll\OnlyRoll\backend\vendor\symfony\doctrine-bridge\Middleware\IdleConnection\Driver.php:35
C:\Users\roche\Documents\RochesWebStudio\Projet_OnlyRoll\OnlyRoll\backend\vendor\doctrine\dbal\src\Connection.php:383
C:\Users\roche\Documents\RochesWebStudio\Projet_OnlyRoll\OnlyRoll\backend\vendor\doctrine\dbal\src\Connection.php:1692
C:\Users\roche\Documents\RochesWebStudio\Projet_OnlyRoll\OnlyRoll\backend\vendor\doctrine\dbal\src\Connection.php:1380
C:\Users\roche\Documents\RochesWebStudio\Projet_OnlyRoll\OnlyRoll\backend\vendor\doctrine\orm\src\UnitOfWork.php:381
C:\Users\roche\Documents\RochesWebStudio\Projet_OnlyRoll\OnlyRoll\backend\vendor\doctrine\orm\src\EntityManager.php:268
C:\Users\roche\Documents\RochesWebStudio\Projet_OnlyRoll\OnlyRoll\backend\tests\Functional\Controller\TokenControllerTest.php:70

89) App\Tests\Functional\Controller\TokenControllerTest::testMoveTokenSuccess
Doctrine\DBAL\Exception\ConnectionException: An exception occurred in the driver: SQLSTATE[HY000] [1045] Accès refusé pour l'utilisateur: 'root'@'@localhost' (mot de passe: OUI)

C:\Users\roche\Documents\RochesWebStudio\Projet_OnlyRoll\OnlyRoll\backend\vendor\doctrine\dbal\src\Driver\API\MySQL\ExceptionConverter.php:112
C:\Users\roche\Documents\RochesWebStudio\Projet_OnlyRoll\OnlyRoll\backend\vendor\doctrine\dbal\src\Connection.php:1976
C:\Users\roche\Documents\RochesWebStudio\Projet_OnlyRoll\OnlyRoll\backend\vendor\doctrine\dbal\src\Connection.php:1924
C:\Users\roche\Documents\RochesWebStudio\Projet_OnlyRoll\OnlyRoll\backend\vendor\doctrine\dbal\src\Connection.php:385
C:\Users\roche\Documents\RochesWebStudio\Projet_OnlyRoll\OnlyRoll\backend\vendor\doctrine\dbal\src\Connection.php:1692
C:\Users\roche\Documents\RochesWebStudio\Projet_OnlyRoll\OnlyRoll\backend\vendor\doctrine\dbal\src\Connection.php:1380
C:\Users\roche\Documents\RochesWebStudio\Projet_OnlyRoll\OnlyRoll\backend\vendor\doctrine\orm\src\UnitOfWork.php:381
C:\Users\roche\Documents\RochesWebStudio\Projet_OnlyRoll\OnlyRoll\backend\vendor\doctrine\orm\src\EntityManager.php:268
C:\Users\roche\Documents\RochesWebStudio\Projet_OnlyRoll\OnlyRoll\backend\tests\Functional\Controller\TokenControllerTest.php:70

Caused by
Doctrine\DBAL\Driver\PDO\Exception: SQLSTATE[HY000] [1045] Accès refusé pour l'utilisateur: 'root'@'@localhost' (mot de passe: OUI)

C:\Users\roche\Documents\RochesWebStudio\Projet_OnlyRoll\OnlyRoll\backend\vendor\doctrine\dbal\src\Driver\PDO\Exception.php:24
C:\Users\roche\Documents\RochesWebStudio\Projet_OnlyRoll\OnlyRoll\backend\vendor\doctrine\dbal\src\Driver\PDO\MySQL\Driver.php:43
C:\Users\roche\Documents\RochesWebStudio\Projet_OnlyRoll\OnlyRoll\backend\vendor\doctrine\dbal\src\Driver\Middleware\AbstractDriverMiddleware.php:29
C:\Users\roche\Documents\RochesWebStudio\Projet_OnlyRoll\OnlyRoll\backend\vendor\symfony\doctrine-bridge\Middleware\Debug\Driver.php:37
C:\Users\roche\Documents\RochesWebStudio\Projet_OnlyRoll\OnlyRoll\backend\vendor\doctrine\dbal\src\Driver\Middleware\AbstractDriverMiddleware.php:29
C:\Users\roche\Documents\RochesWebStudio\Projet_OnlyRoll\OnlyRoll\backend\vendor\symfony\doctrine-bridge\Middleware\IdleConnection\Driver.php:35
C:\Users\roche\Documents\RochesWebStudio\Projet_OnlyRoll\OnlyRoll\backend\vendor\doctrine\dbal\src\Connection.php:383
C:\Users\roche\Documents\RochesWebStudio\Projet_OnlyRoll\OnlyRoll\backend\vendor\doctrine\dbal\src\Connection.php:1692
C:\Users\roche\Documents\RochesWebStudio\Projet_OnlyRoll\OnlyRoll\backend\vendor\doctrine\dbal\src\Connection.php:1380
C:\Users\roche\Documents\RochesWebStudio\Projet_OnlyRoll\OnlyRoll\backend\vendor\doctrine\orm\src\UnitOfWork.php:381
C:\Users\roche\Documents\RochesWebStudio\Projet_OnlyRoll\OnlyRoll\backend\vendor\doctrine\orm\src\EntityManager.php:268
C:\Users\roche\Documents\RochesWebStudio\Projet_OnlyRoll\OnlyRoll\backend\tests\Functional\Controller\TokenControllerTest.php:70

Caused by
PDOException: SQLSTATE[HY000] [1045] Accès refusé pour l'utilisateur: 'root'@'@localhost' (mot de passe: OUI)

C:\Users\roche\Documents\RochesWebStudio\Projet_OnlyRoll\OnlyRoll\backend\vendor\doctrine\dbal\src\Driver\PDO\PDOConnect.php:22
C:\Users\roche\Documents\RochesWebStudio\Projet_OnlyRoll\OnlyRoll\backend\vendor\doctrine\dbal\src\Driver\PDO\MySQL\Driver.php:36
C:\Users\roche\Documents\RochesWebStudio\Projet_OnlyRoll\OnlyRoll\backend\vendor\doctrine\dbal\src\Driver\Middleware\AbstractDriverMiddleware.php:29
C:\Users\roche\Documents\RochesWebStudio\Projet_OnlyRoll\OnlyRoll\backend\vendor\symfony\doctrine-bridge\Middleware\Debug\Driver.php:37
C:\Users\roche\Documents\RochesWebStudio\Projet_OnlyRoll\OnlyRoll\backend\vendor\doctrine\dbal\src\Driver\Middleware\AbstractDriverMiddleware.php:29
C:\Users\roche\Documents\RochesWebStudio\Projet_OnlyRoll\OnlyRoll\backend\vendor\symfony\doctrine-bridge\Middleware\IdleConnection\Driver.php:35
C:\Users\roche\Documents\RochesWebStudio\Projet_OnlyRoll\OnlyRoll\backend\vendor\doctrine\dbal\src\Connection.php:383
C:\Users\roche\Documents\RochesWebStudio\Projet_OnlyRoll\OnlyRoll\backend\vendor\doctrine\dbal\src\Connection.php:1692
C:\Users\roche\Documents\RochesWebStudio\Projet_OnlyRoll\OnlyRoll\backend\vendor\doctrine\dbal\src\Connection.php:1380
C:\Users\roche\Documents\RochesWebStudio\Projet_OnlyRoll\OnlyRoll\backend\vendor\doctrine\orm\src\UnitOfWork.php:381
C:\Users\roche\Documents\RochesWebStudio\Projet_OnlyRoll\OnlyRoll\backend\vendor\doctrine\orm\src\EntityManager.php:268
C:\Users\roche\Documents\RochesWebStudio\Projet_OnlyRoll\OnlyRoll\backend\tests\Functional\Controller\TokenControllerTest.php:70

90) App\Tests\Functional\Controller\TokenControllerTest::testMoveLockedTokenFails
Doctrine\DBAL\Exception\ConnectionException: An exception occurred in the driver: SQLSTATE[HY000] [1045] Accès refusé pour l'utilisateur: 'root'@'@localhost' (mot de passe: OUI)

C:\Users\roche\Documents\RochesWebStudio\Projet_OnlyRoll\OnlyRoll\backend\vendor\doctrine\dbal\src\Driver\API\MySQL\ExceptionConverter.php:112
C:\Users\roche\Documents\RochesWebStudio\Projet_OnlyRoll\OnlyRoll\backend\vendor\doctrine\dbal\src\Connection.php:1976
C:\Users\roche\Documents\RochesWebStudio\Projet_OnlyRoll\OnlyRoll\backend\vendor\doctrine\dbal\src\Connection.php:1924
C:\Users\roche\Documents\RochesWebStudio\Projet_OnlyRoll\OnlyRoll\backend\vendor\doctrine\dbal\src\Connection.php:385
C:\Users\roche\Documents\RochesWebStudio\Projet_OnlyRoll\OnlyRoll\backend\vendor\doctrine\dbal\src\Connection.php:1692
C:\Users\roche\Documents\RochesWebStudio\Projet_OnlyRoll\OnlyRoll\backend\vendor\doctrine\dbal\src\Connection.php:1380
C:\Users\roche\Documents\RochesWebStudio\Projet_OnlyRoll\OnlyRoll\backend\vendor\doctrine\orm\src\UnitOfWork.php:381
C:\Users\roche\Documents\RochesWebStudio\Projet_OnlyRoll\OnlyRoll\backend\vendor\doctrine\orm\src\EntityManager.php:268
C:\Users\roche\Documents\RochesWebStudio\Projet_OnlyRoll\OnlyRoll\backend\tests\Functional\Controller\TokenControllerTest.php:70

Caused by
Doctrine\DBAL\Driver\PDO\Exception: SQLSTATE[HY000] [1045] Accès refusé pour l'utilisateur: 'root'@'@localhost' (mot de passe: OUI)

C:\Users\roche\Documents\RochesWebStudio\Projet_OnlyRoll\OnlyRoll\backend\vendor\doctrine\dbal\src\Driver\PDO\Exception.php:24
C:\Users\roche\Documents\RochesWebStudio\Projet_OnlyRoll\OnlyRoll\backend\vendor\doctrine\dbal\src\Driver\PDO\MySQL\Driver.php:43
C:\Users\roche\Documents\RochesWebStudio\Projet_OnlyRoll\OnlyRoll\backend\vendor\doctrine\dbal\src\Driver\Middleware\AbstractDriverMiddleware.php:29
C:\Users\roche\Documents\RochesWebStudio\Projet_OnlyRoll\OnlyRoll\backend\vendor\symfony\doctrine-bridge\Middleware\Debug\Driver.php:37
C:\Users\roche\Documents\RochesWebStudio\Projet_OnlyRoll\OnlyRoll\backend\vendor\doctrine\dbal\src\Driver\Middleware\AbstractDriverMiddleware.php:29
C:\Users\roche\Documents\RochesWebStudio\Projet_OnlyRoll\OnlyRoll\backend\vendor\symfony\doctrine-bridge\Middleware\IdleConnection\Driver.php:35
C:\Users\roche\Documents\RochesWebStudio\Projet_OnlyRoll\OnlyRoll\backend\vendor\doctrine\dbal\src\Connection.php:383
C:\Users\roche\Documents\RochesWebStudio\Projet_OnlyRoll\OnlyRoll\backend\vendor\doctrine\dbal\src\Connection.php:1692
C:\Users\roche\Documents\RochesWebStudio\Projet_OnlyRoll\OnlyRoll\backend\vendor\doctrine\dbal\src\Connection.php:1380
C:\Users\roche\Documents\RochesWebStudio\Projet_OnlyRoll\OnlyRoll\backend\vendor\doctrine\orm\src\UnitOfWork.php:381
C:\Users\roche\Documents\RochesWebStudio\Projet_OnlyRoll\OnlyRoll\backend\vendor\doctrine\orm\src\EntityManager.php:268
C:\Users\roche\Documents\RochesWebStudio\Projet_OnlyRoll\OnlyRoll\backend\tests\Functional\Controller\TokenControllerTest.php:70

Caused by
PDOException: SQLSTATE[HY000] [1045] Accès refusé pour l'utilisateur: 'root'@'@localhost' (mot de passe: OUI)

C:\Users\roche\Documents\RochesWebStudio\Projet_OnlyRoll\OnlyRoll\backend\vendor\doctrine\dbal\src\Driver\PDO\PDOConnect.php:22
C:\Users\roche\Documents\RochesWebStudio\Projet_OnlyRoll\OnlyRoll\backend\vendor\doctrine\dbal\src\Driver\PDO\MySQL\Driver.php:36
C:\Users\roche\Documents\RochesWebStudio\Projet_OnlyRoll\OnlyRoll\backend\vendor\doctrine\dbal\src\Driver\Middleware\AbstractDriverMiddleware.php:29
C:\Users\roche\Documents\RochesWebStudio\Projet_OnlyRoll\OnlyRoll\backend\vendor\symfony\doctrine-bridge\Middleware\Debug\Driver.php:37
C:\Users\roche\Documents\RochesWebStudio\Projet_OnlyRoll\OnlyRoll\backend\vendor\doctrine\dbal\src\Driver\Middleware\AbstractDriverMiddleware.php:29
C:\Users\roche\Documents\RochesWebStudio\Projet_OnlyRoll\OnlyRoll\backend\vendor\symfony\doctrine-bridge\Middleware\IdleConnection\Driver.php:35
C:\Users\roche\Documents\RochesWebStudio\Projet_OnlyRoll\OnlyRoll\backend\vendor\doctrine\dbal\src\Connection.php:383
C:\Users\roche\Documents\RochesWebStudio\Projet_OnlyRoll\OnlyRoll\backend\vendor\doctrine\dbal\src\Connection.php:1692
C:\Users\roche\Documents\RochesWebStudio\Projet_OnlyRoll\OnlyRoll\backend\vendor\doctrine\dbal\src\Connection.php:1380
C:\Users\roche\Documents\RochesWebStudio\Projet_OnlyRoll\OnlyRoll\backend\vendor\doctrine\orm\src\UnitOfWork.php:381
C:\Users\roche\Documents\RochesWebStudio\Projet_OnlyRoll\OnlyRoll\backend\vendor\doctrine\orm\src\EntityManager.php:268
C:\Users\roche\Documents\RochesWebStudio\Projet_OnlyRoll\OnlyRoll\backend\tests\Functional\Controller\TokenControllerTest.php:70

91) App\Tests\Functional\Controller\TokenControllerTest::testToggleVisibilityAsGameMasterSuccess
Doctrine\DBAL\Exception\ConnectionException: An exception occurred in the driver: SQLSTATE[HY000] [1045] Accès refusé pour l'utilisateur: 'root'@'@localhost' (mot de passe: OUI)

C:\Users\roche\Documents\RochesWebStudio\Projet_OnlyRoll\OnlyRoll\backend\vendor\doctrine\dbal\src\Driver\API\MySQL\ExceptionConverter.php:112
C:\Users\roche\Documents\RochesWebStudio\Projet_OnlyRoll\OnlyRoll\backend\vendor\doctrine\dbal\src\Connection.php:1976
C:\Users\roche\Documents\RochesWebStudio\Projet_OnlyRoll\OnlyRoll\backend\vendor\doctrine\dbal\src\Connection.php:1924
C:\Users\roche\Documents\RochesWebStudio\Projet_OnlyRoll\OnlyRoll\backend\vendor\doctrine\dbal\src\Connection.php:385
C:\Users\roche\Documents\RochesWebStudio\Projet_OnlyRoll\OnlyRoll\backend\vendor\doctrine\dbal\src\Connection.php:1692
C:\Users\roche\Documents\RochesWebStudio\Projet_OnlyRoll\OnlyRoll\backend\vendor\doctrine\dbal\src\Connection.php:1380
C:\Users\roche\Documents\RochesWebStudio\Projet_OnlyRoll\OnlyRoll\backend\vendor\doctrine\orm\src\UnitOfWork.php:381
C:\Users\roche\Documents\RochesWebStudio\Projet_OnlyRoll\OnlyRoll\backend\vendor\doctrine\orm\src\EntityManager.php:268
C:\Users\roche\Documents\RochesWebStudio\Projet_OnlyRoll\OnlyRoll\backend\tests\Functional\Controller\TokenControllerTest.php:70

Caused by
Doctrine\DBAL\Driver\PDO\Exception: SQLSTATE[HY000] [1045] Accès refusé pour l'utilisateur: 'root'@'@localhost' (mot de passe: OUI)

C:\Users\roche\Documents\RochesWebStudio\Projet_OnlyRoll\OnlyRoll\backend\vendor\doctrine\dbal\src\Driver\PDO\Exception.php:24
C:\Users\roche\Documents\RochesWebStudio\Projet_OnlyRoll\OnlyRoll\backend\vendor\doctrine\dbal\src\Driver\PDO\MySQL\Driver.php:43
C:\Users\roche\Documents\RochesWebStudio\Projet_OnlyRoll\OnlyRoll\backend\vendor\doctrine\dbal\src\Driver\Middleware\AbstractDriverMiddleware.php:29
C:\Users\roche\Documents\RochesWebStudio\Projet_OnlyRoll\OnlyRoll\backend\vendor\symfony\doctrine-bridge\Middleware\Debug\Driver.php:37
C:\Users\roche\Documents\RochesWebStudio\Projet_OnlyRoll\OnlyRoll\backend\vendor\doctrine\dbal\src\Driver\Middleware\AbstractDriverMiddleware.php:29
C:\Users\roche\Documents\RochesWebStudio\Projet_OnlyRoll\OnlyRoll\backend\vendor\symfony\doctrine-bridge\Middleware\IdleConnection\Driver.php:35
C:\Users\roche\Documents\RochesWebStudio\Projet_OnlyRoll\OnlyRoll\backend\vendor\doctrine\dbal\src\Connection.php:383
C:\Users\roche\Documents\RochesWebStudio\Projet_OnlyRoll\OnlyRoll\backend\vendor\doctrine\dbal\src\Connection.php:1692
C:\Users\roche\Documents\RochesWebStudio\Projet_OnlyRoll\OnlyRoll\backend\vendor\doctrine\dbal\src\Connection.php:1380
C:\Users\roche\Documents\RochesWebStudio\Projet_OnlyRoll\OnlyRoll\backend\vendor\doctrine\orm\src\UnitOfWork.php:381
C:\Users\roche\Documents\RochesWebStudio\Projet_OnlyRoll\OnlyRoll\backend\vendor\doctrine\orm\src\EntityManager.php:268
C:\Users\roche\Documents\RochesWebStudio\Projet_OnlyRoll\OnlyRoll\backend\tests\Functional\Controller\TokenControllerTest.php:70

Caused by
PDOException: SQLSTATE[HY000] [1045] Accès refusé pour l'utilisateur: 'root'@'@localhost' (mot de passe: OUI)

C:\Users\roche\Documents\RochesWebStudio\Projet_OnlyRoll\OnlyRoll\backend\vendor\doctrine\dbal\src\Driver\PDO\PDOConnect.php:22
C:\Users\roche\Documents\RochesWebStudio\Projet_OnlyRoll\OnlyRoll\backend\vendor\doctrine\dbal\src\Driver\PDO\MySQL\Driver.php:36
C:\Users\roche\Documents\RochesWebStudio\Projet_OnlyRoll\OnlyRoll\backend\vendor\doctrine\dbal\src\Driver\Middleware\AbstractDriverMiddleware.php:29
C:\Users\roche\Documents\RochesWebStudio\Projet_OnlyRoll\OnlyRoll\backend\vendor\symfony\doctrine-bridge\Middleware\Debug\Driver.php:37
C:\Users\roche\Documents\RochesWebStudio\Projet_OnlyRoll\OnlyRoll\backend\vendor\doctrine\dbal\src\Driver\Middleware\AbstractDriverMiddleware.php:29
C:\Users\roche\Documents\RochesWebStudio\Projet_OnlyRoll\OnlyRoll\backend\vendor\symfony\doctrine-bridge\Middleware\IdleConnection\Driver.php:35
C:\Users\roche\Documents\RochesWebStudio\Projet_OnlyRoll\OnlyRoll\backend\vendor\doctrine\dbal\src\Connection.php:383
C:\Users\roche\Documents\RochesWebStudio\Projet_OnlyRoll\OnlyRoll\backend\vendor\doctrine\dbal\src\Connection.php:1692
C:\Users\roche\Documents\RochesWebStudio\Projet_OnlyRoll\OnlyRoll\backend\vendor\doctrine\dbal\src\Connection.php:1380
C:\Users\roche\Documents\RochesWebStudio\Projet_OnlyRoll\OnlyRoll\backend\vendor\doctrine\orm\src\UnitOfWork.php:381
C:\Users\roche\Documents\RochesWebStudio\Projet_OnlyRoll\OnlyRoll\backend\vendor\doctrine\orm\src\EntityManager.php:268
C:\Users\roche\Documents\RochesWebStudio\Projet_OnlyRoll\OnlyRoll\backend\tests\Functional\Controller\TokenControllerTest.php:70

92) App\Tests\Functional\Controller\TokenControllerTest::testToggleVisibilityAsPlayerForbidden
Doctrine\DBAL\Exception\ConnectionException: An exception occurred in the driver: SQLSTATE[HY000] [1045] Accès refusé pour l'utilisateur: 'root'@'@localhost' (mot de passe: OUI)

C:\Users\roche\Documents\RochesWebStudio\Projet_OnlyRoll\OnlyRoll\backend\vendor\doctrine\dbal\src\Driver\API\MySQL\ExceptionConverter.php:112
C:\Users\roche\Documents\RochesWebStudio\Projet_OnlyRoll\OnlyRoll\backend\vendor\doctrine\dbal\src\Connection.php:1976
C:\Users\roche\Documents\RochesWebStudio\Projet_OnlyRoll\OnlyRoll\backend\vendor\doctrine\dbal\src\Connection.php:1924
C:\Users\roche\Documents\RochesWebStudio\Projet_OnlyRoll\OnlyRoll\backend\vendor\doctrine\dbal\src\Connection.php:385
C:\Users\roche\Documents\RochesWebStudio\Projet_OnlyRoll\OnlyRoll\backend\vendor\doctrine\dbal\src\Connection.php:1692
C:\Users\roche\Documents\RochesWebStudio\Projet_OnlyRoll\OnlyRoll\backend\vendor\doctrine\dbal\src\Connection.php:1380
C:\Users\roche\Documents\RochesWebStudio\Projet_OnlyRoll\OnlyRoll\backend\vendor\doctrine\orm\src\UnitOfWork.php:381
C:\Users\roche\Documents\RochesWebStudio\Projet_OnlyRoll\OnlyRoll\backend\vendor\doctrine\orm\src\EntityManager.php:268
C:\Users\roche\Documents\RochesWebStudio\Projet_OnlyRoll\OnlyRoll\backend\tests\Functional\Controller\TokenControllerTest.php:70

Caused by
Doctrine\DBAL\Driver\PDO\Exception: SQLSTATE[HY000] [1045] Accès refusé pour l'utilisateur: 'root'@'@localhost' (mot de passe: OUI)

C:\Users\roche\Documents\RochesWebStudio\Projet_OnlyRoll\OnlyRoll\backend\vendor\doctrine\dbal\src\Driver\PDO\Exception.php:24
C:\Users\roche\Documents\RochesWebStudio\Projet_OnlyRoll\OnlyRoll\backend\vendor\doctrine\dbal\src\Driver\PDO\MySQL\Driver.php:43
C:\Users\roche\Documents\RochesWebStudio\Projet_OnlyRoll\OnlyRoll\backend\vendor\doctrine\dbal\src\Driver\Middleware\AbstractDriverMiddleware.php:29
C:\Users\roche\Documents\RochesWebStudio\Projet_OnlyRoll\OnlyRoll\backend\vendor\symfony\doctrine-bridge\Middleware\Debug\Driver.php:37
C:\Users\roche\Documents\RochesWebStudio\Projet_OnlyRoll\OnlyRoll\backend\vendor\doctrine\dbal\src\Driver\Middleware\AbstractDriverMiddleware.php:29
C:\Users\roche\Documents\RochesWebStudio\Projet_OnlyRoll\OnlyRoll\backend\vendor\symfony\doctrine-bridge\Middleware\IdleConnection\Driver.php:35
C:\Users\roche\Documents\RochesWebStudio\Projet_OnlyRoll\OnlyRoll\backend\vendor\doctrine\dbal\src\Connection.php:383
C:\Users\roche\Documents\RochesWebStudio\Projet_OnlyRoll\OnlyRoll\backend\vendor\doctrine\dbal\src\Connection.php:1692
C:\Users\roche\Documents\RochesWebStudio\Projet_OnlyRoll\OnlyRoll\backend\vendor\doctrine\dbal\src\Connection.php:1380
C:\Users\roche\Documents\RochesWebStudio\Projet_OnlyRoll\OnlyRoll\backend\vendor\doctrine\orm\src\UnitOfWork.php:381
C:\Users\roche\Documents\RochesWebStudio\Projet_OnlyRoll\OnlyRoll\backend\vendor\doctrine\orm\src\EntityManager.php:268
C:\Users\roche\Documents\RochesWebStudio\Projet_OnlyRoll\OnlyRoll\backend\tests\Functional\Controller\TokenControllerTest.php:70

Caused by
PDOException: SQLSTATE[HY000] [1045] Accès refusé pour l'utilisateur: 'root'@'@localhost' (mot de passe: OUI)

C:\Users\roche\Documents\RochesWebStudio\Projet_OnlyRoll\OnlyRoll\backend\vendor\doctrine\dbal\src\Driver\PDO\PDOConnect.php:22
C:\Users\roche\Documents\RochesWebStudio\Projet_OnlyRoll\OnlyRoll\backend\vendor\doctrine\dbal\src\Driver\PDO\MySQL\Driver.php:36
C:\Users\roche\Documents\RochesWebStudio\Projet_OnlyRoll\OnlyRoll\backend\vendor\doctrine\dbal\src\Driver\Middleware\AbstractDriverMiddleware.php:29
C:\Users\roche\Documents\RochesWebStudio\Projet_OnlyRoll\OnlyRoll\backend\vendor\symfony\doctrine-bridge\Middleware\Debug\Driver.php:37
C:\Users\roche\Documents\RochesWebStudio\Projet_OnlyRoll\OnlyRoll\backend\vendor\doctrine\dbal\src\Driver\Middleware\AbstractDriverMiddleware.php:29
C:\Users\roche\Documents\RochesWebStudio\Projet_OnlyRoll\OnlyRoll\backend\vendor\symfony\doctrine-bridge\Middleware\IdleConnection\Driver.php:35
C:\Users\roche\Documents\RochesWebStudio\Projet_OnlyRoll\OnlyRoll\backend\vendor\doctrine\dbal\src\Connection.php:383
C:\Users\roche\Documents\RochesWebStudio\Projet_OnlyRoll\OnlyRoll\backend\vendor\doctrine\dbal\src\Connection.php:1692
C:\Users\roche\Documents\RochesWebStudio\Projet_OnlyRoll\OnlyRoll\backend\vendor\doctrine\dbal\src\Connection.php:1380
C:\Users\roche\Documents\RochesWebStudio\Projet_OnlyRoll\OnlyRoll\backend\vendor\doctrine\orm\src\UnitOfWork.php:381
C:\Users\roche\Documents\RochesWebStudio\Projet_OnlyRoll\OnlyRoll\backend\vendor\doctrine\orm\src\EntityManager.php:268
C:\Users\roche\Documents\RochesWebStudio\Projet_OnlyRoll\OnlyRoll\backend\tests\Functional\Controller\TokenControllerTest.php:70

93) App\Tests\Functional\Controller\TokenControllerTest::testToggleLockAsGameMasterSuccess
Doctrine\DBAL\Exception\ConnectionException: An exception occurred in the driver: SQLSTATE[HY000] [1045] Accès refusé pour l'utilisateur: 'root'@'@localhost' (mot de passe: OUI)

C:\Users\roche\Documents\RochesWebStudio\Projet_OnlyRoll\OnlyRoll\backend\vendor\doctrine\dbal\src\Driver\API\MySQL\ExceptionConverter.php:112
C:\Users\roche\Documents\RochesWebStudio\Projet_OnlyRoll\OnlyRoll\backend\vendor\doctrine\dbal\src\Connection.php:1976
C:\Users\roche\Documents\RochesWebStudio\Projet_OnlyRoll\OnlyRoll\backend\vendor\doctrine\dbal\src\Connection.php:1924
C:\Users\roche\Documents\RochesWebStudio\Projet_OnlyRoll\OnlyRoll\backend\vendor\doctrine\dbal\src\Connection.php:385
C:\Users\roche\Documents\RochesWebStudio\Projet_OnlyRoll\OnlyRoll\backend\vendor\doctrine\dbal\src\Connection.php:1692
C:\Users\roche\Documents\RochesWebStudio\Projet_OnlyRoll\OnlyRoll\backend\vendor\doctrine\dbal\src\Connection.php:1380
C:\Users\roche\Documents\RochesWebStudio\Projet_OnlyRoll\OnlyRoll\backend\vendor\doctrine\orm\src\UnitOfWork.php:381
C:\Users\roche\Documents\RochesWebStudio\Projet_OnlyRoll\OnlyRoll\backend\vendor\doctrine\orm\src\EntityManager.php:268
C:\Users\roche\Documents\RochesWebStudio\Projet_OnlyRoll\OnlyRoll\backend\tests\Functional\Controller\TokenControllerTest.php:70

Caused by
Doctrine\DBAL\Driver\PDO\Exception: SQLSTATE[HY000] [1045] Accès refusé pour l'utilisateur: 'root'@'@localhost' (mot de passe: OUI)

C:\Users\roche\Documents\RochesWebStudio\Projet_OnlyRoll\OnlyRoll\backend\vendor\doctrine\dbal\src\Driver\PDO\Exception.php:24
C:\Users\roche\Documents\RochesWebStudio\Projet_OnlyRoll\OnlyRoll\backend\vendor\doctrine\dbal\src\Driver\PDO\MySQL\Driver.php:43
C:\Users\roche\Documents\RochesWebStudio\Projet_OnlyRoll\OnlyRoll\backend\vendor\doctrine\dbal\src\Driver\Middleware\AbstractDriverMiddleware.php:29
C:\Users\roche\Documents\RochesWebStudio\Projet_OnlyRoll\OnlyRoll\backend\vendor\symfony\doctrine-bridge\Middleware\Debug\Driver.php:37
C:\Users\roche\Documents\RochesWebStudio\Projet_OnlyRoll\OnlyRoll\backend\vendor\doctrine\dbal\src\Driver\Middleware\AbstractDriverMiddleware.php:29
C:\Users\roche\Documents\RochesWebStudio\Projet_OnlyRoll\OnlyRoll\backend\vendor\symfony\doctrine-bridge\Middleware\IdleConnection\Driver.php:35
C:\Users\roche\Documents\RochesWebStudio\Projet_OnlyRoll\OnlyRoll\backend\vendor\doctrine\dbal\src\Connection.php:383
C:\Users\roche\Documents\RochesWebStudio\Projet_OnlyRoll\OnlyRoll\backend\vendor\doctrine\dbal\src\Connection.php:1692
C:\Users\roche\Documents\RochesWebStudio\Projet_OnlyRoll\OnlyRoll\backend\vendor\doctrine\dbal\src\Connection.php:1380
C:\Users\roche\Documents\RochesWebStudio\Projet_OnlyRoll\OnlyRoll\backend\vendor\doctrine\orm\src\UnitOfWork.php:381
C:\Users\roche\Documents\RochesWebStudio\Projet_OnlyRoll\OnlyRoll\backend\vendor\doctrine\orm\src\EntityManager.php:268
C:\Users\roche\Documents\RochesWebStudio\Projet_OnlyRoll\OnlyRoll\backend\tests\Functional\Controller\TokenControllerTest.php:70

Caused by
PDOException: SQLSTATE[HY000] [1045] Accès refusé pour l'utilisateur: 'root'@'@localhost' (mot de passe: OUI)

C:\Users\roche\Documents\RochesWebStudio\Projet_OnlyRoll\OnlyRoll\backend\vendor\doctrine\dbal\src\Driver\PDO\PDOConnect.php:22
C:\Users\roche\Documents\RochesWebStudio\Projet_OnlyRoll\OnlyRoll\backend\vendor\doctrine\dbal\src\Driver\PDO\MySQL\Driver.php:36
C:\Users\roche\Documents\RochesWebStudio\Projet_OnlyRoll\OnlyRoll\backend\vendor\doctrine\dbal\src\Driver\Middleware\AbstractDriverMiddleware.php:29
C:\Users\roche\Documents\RochesWebStudio\Projet_OnlyRoll\OnlyRoll\backend\vendor\symfony\doctrine-bridge\Middleware\Debug\Driver.php:37
C:\Users\roche\Documents\RochesWebStudio\Projet_OnlyRoll\OnlyRoll\backend\vendor\doctrine\dbal\src\Driver\Middleware\AbstractDriverMiddleware.php:29
C:\Users\roche\Documents\RochesWebStudio\Projet_OnlyRoll\OnlyRoll\backend\vendor\symfony\doctrine-bridge\Middleware\IdleConnection\Driver.php:35
C:\Users\roche\Documents\RochesWebStudio\Projet_OnlyRoll\OnlyRoll\backend\vendor\doctrine\dbal\src\Connection.php:383
C:\Users\roche\Documents\RochesWebStudio\Projet_OnlyRoll\OnlyRoll\backend\vendor\doctrine\dbal\src\Connection.php:1692
C:\Users\roche\Documents\RochesWebStudio\Projet_OnlyRoll\OnlyRoll\backend\vendor\doctrine\dbal\src\Connection.php:1380
C:\Users\roche\Documents\RochesWebStudio\Projet_OnlyRoll\OnlyRoll\backend\vendor\doctrine\orm\src\UnitOfWork.php:381
C:\Users\roche\Documents\RochesWebStudio\Projet_OnlyRoll\OnlyRoll\backend\vendor\doctrine\orm\src\EntityManager.php:268
C:\Users\roche\Documents\RochesWebStudio\Projet_OnlyRoll\OnlyRoll\backend\tests\Functional\Controller\TokenControllerTest.php:70

94) App\Tests\Functional\Controller\TokenControllerTest::testToggleLockAsPlayerForbidden
Doctrine\DBAL\Exception\ConnectionException: An exception occurred in the driver: SQLSTATE[HY000] [1045] Accès refusé pour l'utilisateur: 'root'@'@localhost' (mot de passe: OUI)

C:\Users\roche\Documents\RochesWebStudio\Projet_OnlyRoll\OnlyRoll\backend\vendor\doctrine\dbal\src\Driver\API\MySQL\ExceptionConverter.php:112
C:\Users\roche\Documents\RochesWebStudio\Projet_OnlyRoll\OnlyRoll\backend\vendor\doctrine\dbal\src\Connection.php:1976
C:\Users\roche\Documents\RochesWebStudio\Projet_OnlyRoll\OnlyRoll\backend\vendor\doctrine\dbal\src\Connection.php:1924
C:\Users\roche\Documents\RochesWebStudio\Projet_OnlyRoll\OnlyRoll\backend\vendor\doctrine\dbal\src\Connection.php:385
C:\Users\roche\Documents\RochesWebStudio\Projet_OnlyRoll\OnlyRoll\backend\vendor\doctrine\dbal\src\Connection.php:1692
C:\Users\roche\Documents\RochesWebStudio\Projet_OnlyRoll\OnlyRoll\backend\vendor\doctrine\dbal\src\Connection.php:1380
C:\Users\roche\Documents\RochesWebStudio\Projet_OnlyRoll\OnlyRoll\backend\vendor\doctrine\orm\src\UnitOfWork.php:381
C:\Users\roche\Documents\RochesWebStudio\Projet_OnlyRoll\OnlyRoll\backend\vendor\doctrine\orm\src\EntityManager.php:268
C:\Users\roche\Documents\RochesWebStudio\Projet_OnlyRoll\OnlyRoll\backend\tests\Functional\Controller\TokenControllerTest.php:70

Caused by
Doctrine\DBAL\Driver\PDO\Exception: SQLSTATE[HY000] [1045] Accès refusé pour l'utilisateur: 'root'@'@localhost' (mot de passe: OUI)

C:\Users\roche\Documents\RochesWebStudio\Projet_OnlyRoll\OnlyRoll\backend\vendor\doctrine\dbal\src\Driver\PDO\Exception.php:24
C:\Users\roche\Documents\RochesWebStudio\Projet_OnlyRoll\OnlyRoll\backend\vendor\doctrine\dbal\src\Driver\PDO\MySQL\Driver.php:43
C:\Users\roche\Documents\RochesWebStudio\Projet_OnlyRoll\OnlyRoll\backend\vendor\doctrine\dbal\src\Driver\Middleware\AbstractDriverMiddleware.php:29
C:\Users\roche\Documents\RochesWebStudio\Projet_OnlyRoll\OnlyRoll\backend\vendor\symfony\doctrine-bridge\Middleware\Debug\Driver.php:37
C:\Users\roche\Documents\RochesWebStudio\Projet_OnlyRoll\OnlyRoll\backend\vendor\doctrine\dbal\src\Driver\Middleware\AbstractDriverMiddleware.php:29
C:\Users\roche\Documents\RochesWebStudio\Projet_OnlyRoll\OnlyRoll\backend\vendor\symfony\doctrine-bridge\Middleware\IdleConnection\Driver.php:35
C:\Users\roche\Documents\RochesWebStudio\Projet_OnlyRoll\OnlyRoll\backend\vendor\doctrine\dbal\src\Connection.php:383
C:\Users\roche\Documents\RochesWebStudio\Projet_OnlyRoll\OnlyRoll\backend\vendor\doctrine\dbal\src\Connection.php:1692
C:\Users\roche\Documents\RochesWebStudio\Projet_OnlyRoll\OnlyRoll\backend\vendor\doctrine\dbal\src\Connection.php:1380
C:\Users\roche\Documents\RochesWebStudio\Projet_OnlyRoll\OnlyRoll\backend\vendor\doctrine\orm\src\UnitOfWork.php:381
C:\Users\roche\Documents\RochesWebStudio\Projet_OnlyRoll\OnlyRoll\backend\vendor\doctrine\orm\src\EntityManager.php:268
C:\Users\roche\Documents\RochesWebStudio\Projet_OnlyRoll\OnlyRoll\backend\tests\Functional\Controller\TokenControllerTest.php:70

Caused by
PDOException: SQLSTATE[HY000] [1045] Accès refusé pour l'utilisateur: 'root'@'@localhost' (mot de passe: OUI)

C:\Users\roche\Documents\RochesWebStudio\Projet_OnlyRoll\OnlyRoll\backend\vendor\doctrine\dbal\src\Driver\PDO\PDOConnect.php:22
C:\Users\roche\Documents\RochesWebStudio\Projet_OnlyRoll\OnlyRoll\backend\vendor\doctrine\dbal\src\Driver\PDO\MySQL\Driver.php:36
C:\Users\roche\Documents\RochesWebStudio\Projet_OnlyRoll\OnlyRoll\backend\vendor\doctrine\dbal\src\Driver\Middleware\AbstractDriverMiddleware.php:29
C:\Users\roche\Documents\RochesWebStudio\Projet_OnlyRoll\OnlyRoll\backend\vendor\symfony\doctrine-bridge\Middleware\Debug\Driver.php:37
C:\Users\roche\Documents\RochesWebStudio\Projet_OnlyRoll\OnlyRoll\backend\vendor\doctrine\dbal\src\Driver\Middleware\AbstractDriverMiddleware.php:29
C:\Users\roche\Documents\RochesWebStudio\Projet_OnlyRoll\OnlyRoll\backend\vendor\symfony\doctrine-bridge\Middleware\IdleConnection\Driver.php:35
C:\Users\roche\Documents\RochesWebStudio\Projet_OnlyRoll\OnlyRoll\backend\vendor\doctrine\dbal\src\Connection.php:383
C:\Users\roche\Documents\RochesWebStudio\Projet_OnlyRoll\OnlyRoll\backend\vendor\doctrine\dbal\src\Connection.php:1692
C:\Users\roche\Documents\RochesWebStudio\Projet_OnlyRoll\OnlyRoll\backend\vendor\doctrine\dbal\src\Connection.php:1380
C:\Users\roche\Documents\RochesWebStudio\Projet_OnlyRoll\OnlyRoll\backend\vendor\doctrine\orm\src\UnitOfWork.php:381
C:\Users\roche\Documents\RochesWebStudio\Projet_OnlyRoll\OnlyRoll\backend\vendor\doctrine\orm\src\EntityManager.php:268
C:\Users\roche\Documents\RochesWebStudio\Projet_OnlyRoll\OnlyRoll\backend\tests\Functional\Controller\TokenControllerTest.php:70

95) App\Tests\Functional\Controller\TokenControllerTest::testDeleteTokenAsGameMasterSuccess
Doctrine\DBAL\Exception\ConnectionException: An exception occurred in the driver: SQLSTATE[HY000] [1045] Accès refusé pour l'utilisateur: 'root'@'@localhost' (mot de passe: OUI)

C:\Users\roche\Documents\RochesWebStudio\Projet_OnlyRoll\OnlyRoll\backend\vendor\doctrine\dbal\src\Driver\API\MySQL\ExceptionConverter.php:112
C:\Users\roche\Documents\RochesWebStudio\Projet_OnlyRoll\OnlyRoll\backend\vendor\doctrine\dbal\src\Connection.php:1976
C:\Users\roche\Documents\RochesWebStudio\Projet_OnlyRoll\OnlyRoll\backend\vendor\doctrine\dbal\src\Connection.php:1924
C:\Users\roche\Documents\RochesWebStudio\Projet_OnlyRoll\OnlyRoll\backend\vendor\doctrine\dbal\src\Connection.php:385
C:\Users\roche\Documents\RochesWebStudio\Projet_OnlyRoll\OnlyRoll\backend\vendor\doctrine\dbal\src\Connection.php:1692
C:\Users\roche\Documents\RochesWebStudio\Projet_OnlyRoll\OnlyRoll\backend\vendor\doctrine\dbal\src\Connection.php:1380
C:\Users\roche\Documents\RochesWebStudio\Projet_OnlyRoll\OnlyRoll\backend\vendor\doctrine\orm\src\UnitOfWork.php:381
C:\Users\roche\Documents\RochesWebStudio\Projet_OnlyRoll\OnlyRoll\backend\vendor\doctrine\orm\src\EntityManager.php:268
C:\Users\roche\Documents\RochesWebStudio\Projet_OnlyRoll\OnlyRoll\backend\tests\Functional\Controller\TokenControllerTest.php:70

Caused by
Doctrine\DBAL\Driver\PDO\Exception: SQLSTATE[HY000] [1045] Accès refusé pour l'utilisateur: 'root'@'@localhost' (mot de passe: OUI)

C:\Users\roche\Documents\RochesWebStudio\Projet_OnlyRoll\OnlyRoll\backend\vendor\doctrine\dbal\src\Driver\PDO\Exception.php:24
C:\Users\roche\Documents\RochesWebStudio\Projet_OnlyRoll\OnlyRoll\backend\vendor\doctrine\dbal\src\Driver\PDO\MySQL\Driver.php:43
C:\Users\roche\Documents\RochesWebStudio\Projet_OnlyRoll\OnlyRoll\backend\vendor\doctrine\dbal\src\Driver\Middleware\AbstractDriverMiddleware.php:29
C:\Users\roche\Documents\RochesWebStudio\Projet_OnlyRoll\OnlyRoll\backend\vendor\symfony\doctrine-bridge\Middleware\Debug\Driver.php:37
C:\Users\roche\Documents\RochesWebStudio\Projet_OnlyRoll\OnlyRoll\backend\vendor\doctrine\dbal\src\Driver\Middleware\AbstractDriverMiddleware.php:29
C:\Users\roche\Documents\RochesWebStudio\Projet_OnlyRoll\OnlyRoll\backend\vendor\symfony\doctrine-bridge\Middleware\IdleConnection\Driver.php:35
C:\Users\roche\Documents\RochesWebStudio\Projet_OnlyRoll\OnlyRoll\backend\vendor\doctrine\dbal\src\Connection.php:383
C:\Users\roche\Documents\RochesWebStudio\Projet_OnlyRoll\OnlyRoll\backend\vendor\doctrine\dbal\src\Connection.php:1692
C:\Users\roche\Documents\RochesWebStudio\Projet_OnlyRoll\OnlyRoll\backend\vendor\doctrine\dbal\src\Connection.php:1380
C:\Users\roche\Documents\RochesWebStudio\Projet_OnlyRoll\OnlyRoll\backend\vendor\doctrine\orm\src\UnitOfWork.php:381
C:\Users\roche\Documents\RochesWebStudio\Projet_OnlyRoll\OnlyRoll\backend\vendor\doctrine\orm\src\EntityManager.php:268
C:\Users\roche\Documents\RochesWebStudio\Projet_OnlyRoll\OnlyRoll\backend\tests\Functional\Controller\TokenControllerTest.php:70

Caused by
PDOException: SQLSTATE[HY000] [1045] Accès refusé pour l'utilisateur: 'root'@'@localhost' (mot de passe: OUI)

C:\Users\roche\Documents\RochesWebStudio\Projet_OnlyRoll\OnlyRoll\backend\vendor\doctrine\dbal\src\Driver\PDO\PDOConnect.php:22
C:\Users\roche\Documents\RochesWebStudio\Projet_OnlyRoll\OnlyRoll\backend\vendor\doctrine\dbal\src\Driver\PDO\MySQL\Driver.php:36
C:\Users\roche\Documents\RochesWebStudio\Projet_OnlyRoll\OnlyRoll\backend\vendor\doctrine\dbal\src\Driver\Middleware\AbstractDriverMiddleware.php:29
C:\Users\roche\Documents\RochesWebStudio\Projet_OnlyRoll\OnlyRoll\backend\vendor\symfony\doctrine-bridge\Middleware\Debug\Driver.php:37
C:\Users\roche\Documents\RochesWebStudio\Projet_OnlyRoll\OnlyRoll\backend\vendor\doctrine\dbal\src\Driver\Middleware\AbstractDriverMiddleware.php:29
C:\Users\roche\Documents\RochesWebStudio\Projet_OnlyRoll\OnlyRoll\backend\vendor\symfony\doctrine-bridge\Middleware\IdleConnection\Driver.php:35
C:\Users\roche\Documents\RochesWebStudio\Projet_OnlyRoll\OnlyRoll\backend\vendor\doctrine\dbal\src\Connection.php:383
C:\Users\roche\Documents\RochesWebStudio\Projet_OnlyRoll\OnlyRoll\backend\vendor\doctrine\dbal\src\Connection.php:1692
C:\Users\roche\Documents\RochesWebStudio\Projet_OnlyRoll\OnlyRoll\backend\vendor\doctrine\dbal\src\Connection.php:1380
C:\Users\roche\Documents\RochesWebStudio\Projet_OnlyRoll\OnlyRoll\backend\vendor\doctrine\orm\src\UnitOfWork.php:381
C:\Users\roche\Documents\RochesWebStudio\Projet_OnlyRoll\OnlyRoll\backend\vendor\doctrine\orm\src\EntityManager.php:268
C:\Users\roche\Documents\RochesWebStudio\Projet_OnlyRoll\OnlyRoll\backend\tests\Functional\Controller\TokenControllerTest.php:70

96) App\Tests\Functional\Controller\TokenControllerTest::testDeleteTokenAsPlayerForbidden
Doctrine\DBAL\Exception\ConnectionException: An exception occurred in the driver: SQLSTATE[HY000] [1045] Accès refusé pour l'utilisateur: 'root'@'@localhost' (mot de passe: OUI)

C:\Users\roche\Documents\RochesWebStudio\Projet_OnlyRoll\OnlyRoll\backend\vendor\doctrine\dbal\src\Driver\API\MySQL\ExceptionConverter.php:112
C:\Users\roche\Documents\RochesWebStudio\Projet_OnlyRoll\OnlyRoll\backend\vendor\doctrine\dbal\src\Connection.php:1976
C:\Users\roche\Documents\RochesWebStudio\Projet_OnlyRoll\OnlyRoll\backend\vendor\doctrine\dbal\src\Connection.php:1924
C:\Users\roche\Documents\RochesWebStudio\Projet_OnlyRoll\OnlyRoll\backend\vendor\doctrine\dbal\src\Connection.php:385
C:\Users\roche\Documents\RochesWebStudio\Projet_OnlyRoll\OnlyRoll\backend\vendor\doctrine\dbal\src\Connection.php:1692
C:\Users\roche\Documents\RochesWebStudio\Projet_OnlyRoll\OnlyRoll\backend\vendor\doctrine\dbal\src\Connection.php:1380
C:\Users\roche\Documents\RochesWebStudio\Projet_OnlyRoll\OnlyRoll\backend\vendor\doctrine\orm\src\UnitOfWork.php:381
C:\Users\roche\Documents\RochesWebStudio\Projet_OnlyRoll\OnlyRoll\backend\vendor\doctrine\orm\src\EntityManager.php:268
C:\Users\roche\Documents\RochesWebStudio\Projet_OnlyRoll\OnlyRoll\backend\tests\Functional\Controller\TokenControllerTest.php:70

Caused by
Doctrine\DBAL\Driver\PDO\Exception: SQLSTATE[HY000] [1045] Accès refusé pour l'utilisateur: 'root'@'@localhost' (mot de passe: OUI)

C:\Users\roche\Documents\RochesWebStudio\Projet_OnlyRoll\OnlyRoll\backend\vendor\doctrine\dbal\src\Driver\PDO\Exception.php:24
C:\Users\roche\Documents\RochesWebStudio\Projet_OnlyRoll\OnlyRoll\backend\vendor\doctrine\dbal\src\Driver\PDO\MySQL\Driver.php:43
C:\Users\roche\Documents\RochesWebStudio\Projet_OnlyRoll\OnlyRoll\backend\vendor\doctrine\dbal\src\Driver\Middleware\AbstractDriverMiddleware.php:29
C:\Users\roche\Documents\RochesWebStudio\Projet_OnlyRoll\OnlyRoll\backend\vendor\symfony\doctrine-bridge\Middleware\Debug\Driver.php:37
C:\Users\roche\Documents\RochesWebStudio\Projet_OnlyRoll\OnlyRoll\backend\vendor\doctrine\dbal\src\Driver\Middleware\AbstractDriverMiddleware.php:29
C:\Users\roche\Documents\RochesWebStudio\Projet_OnlyRoll\OnlyRoll\backend\vendor\symfony\doctrine-bridge\Middleware\IdleConnection\Driver.php:35
C:\Users\roche\Documents\RochesWebStudio\Projet_OnlyRoll\OnlyRoll\backend\vendor\doctrine\dbal\src\Connection.php:383
C:\Users\roche\Documents\RochesWebStudio\Projet_OnlyRoll\OnlyRoll\backend\vendor\doctrine\dbal\src\Connection.php:1692
C:\Users\roche\Documents\RochesWebStudio\Projet_OnlyRoll\OnlyRoll\backend\vendor\doctrine\dbal\src\Connection.php:1380
C:\Users\roche\Documents\RochesWebStudio\Projet_OnlyRoll\OnlyRoll\backend\vendor\doctrine\orm\src\UnitOfWork.php:381
C:\Users\roche\Documents\RochesWebStudio\Projet_OnlyRoll\OnlyRoll\backend\vendor\doctrine\orm\src\EntityManager.php:268
C:\Users\roche\Documents\RochesWebStudio\Projet_OnlyRoll\OnlyRoll\backend\tests\Functional\Controller\TokenControllerTest.php:70

Caused by
PDOException: SQLSTATE[HY000] [1045] Accès refusé pour l'utilisateur: 'root'@'@localhost' (mot de passe: OUI)

C:\Users\roche\Documents\RochesWebStudio\Projet_OnlyRoll\OnlyRoll\backend\vendor\doctrine\dbal\src\Driver\PDO\PDOConnect.php:22
C:\Users\roche\Documents\RochesWebStudio\Projet_OnlyRoll\OnlyRoll\backend\vendor\doctrine\dbal\src\Driver\PDO\MySQL\Driver.php:36
C:\Users\roche\Documents\RochesWebStudio\Projet_OnlyRoll\OnlyRoll\backend\vendor\doctrine\dbal\src\Driver\Middleware\AbstractDriverMiddleware.php:29
C:\Users\roche\Documents\RochesWebStudio\Projet_OnlyRoll\OnlyRoll\backend\vendor\symfony\doctrine-bridge\Middleware\Debug\Driver.php:37
C:\Users\roche\Documents\RochesWebStudio\Projet_OnlyRoll\OnlyRoll\backend\vendor\doctrine\dbal\src\Driver\Middleware\AbstractDriverMiddleware.php:29
C:\Users\roche\Documents\RochesWebStudio\Projet_OnlyRoll\OnlyRoll\backend\vendor\symfony\doctrine-bridge\Middleware\IdleConnection\Driver.php:35
C:\Users\roche\Documents\RochesWebStudio\Projet_OnlyRoll\OnlyRoll\backend\vendor\doctrine\dbal\src\Connection.php:383
C:\Users\roche\Documents\RochesWebStudio\Projet_OnlyRoll\OnlyRoll\backend\vendor\doctrine\dbal\src\Connection.php:1692
C:\Users\roche\Documents\RochesWebStudio\Projet_OnlyRoll\OnlyRoll\backend\vendor\doctrine\dbal\src\Connection.php:1380
C:\Users\roche\Documents\RochesWebStudio\Projet_OnlyRoll\OnlyRoll\backend\vendor\doctrine\orm\src\UnitOfWork.php:381
C:\Users\roche\Documents\RochesWebStudio\Projet_OnlyRoll\OnlyRoll\backend\vendor\doctrine\orm\src\EntityManager.php:268
C:\Users\roche\Documents\RochesWebStudio\Projet_OnlyRoll\OnlyRoll\backend\tests\Functional\Controller\TokenControllerTest.php:70

97) App\Tests\Functional\Controller\TokenControllerTest::testTokenBelongsToCorrectMap
Doctrine\DBAL\Exception\ConnectionException: An exception occurred in the driver: SQLSTATE[HY000] [1045] Accès refusé pour l'utilisateur: 'root'@'@localhost' (mot de passe: OUI)

C:\Users\roche\Documents\RochesWebStudio\Projet_OnlyRoll\OnlyRoll\backend\vendor\doctrine\dbal\src\Driver\API\MySQL\ExceptionConverter.php:112
C:\Users\roche\Documents\RochesWebStudio\Projet_OnlyRoll\OnlyRoll\backend\vendor\doctrine\dbal\src\Connection.php:1976
C:\Users\roche\Documents\RochesWebStudio\Projet_OnlyRoll\OnlyRoll\backend\vendor\doctrine\dbal\src\Connection.php:1924
C:\Users\roche\Documents\RochesWebStudio\Projet_OnlyRoll\OnlyRoll\backend\vendor\doctrine\dbal\src\Connection.php:385
C:\Users\roche\Documents\RochesWebStudio\Projet_OnlyRoll\OnlyRoll\backend\vendor\doctrine\dbal\src\Connection.php:1692
C:\Users\roche\Documents\RochesWebStudio\Projet_OnlyRoll\OnlyRoll\backend\vendor\doctrine\dbal\src\Connection.php:1380
C:\Users\roche\Documents\RochesWebStudio\Projet_OnlyRoll\OnlyRoll\backend\vendor\doctrine\orm\src\UnitOfWork.php:381
C:\Users\roche\Documents\RochesWebStudio\Projet_OnlyRoll\OnlyRoll\backend\vendor\doctrine\orm\src\EntityManager.php:268
C:\Users\roche\Documents\RochesWebStudio\Projet_OnlyRoll\OnlyRoll\backend\tests\Functional\Controller\TokenControllerTest.php:70

Caused by
Doctrine\DBAL\Driver\PDO\Exception: SQLSTATE[HY000] [1045] Accès refusé pour l'utilisateur: 'root'@'@localhost' (mot de passe: OUI)

C:\Users\roche\Documents\RochesWebStudio\Projet_OnlyRoll\OnlyRoll\backend\vendor\doctrine\dbal\src\Driver\PDO\Exception.php:24
C:\Users\roche\Documents\RochesWebStudio\Projet_OnlyRoll\OnlyRoll\backend\vendor\doctrine\dbal\src\Driver\PDO\MySQL\Driver.php:43
C:\Users\roche\Documents\RochesWebStudio\Projet_OnlyRoll\OnlyRoll\backend\vendor\doctrine\dbal\src\Driver\Middleware\AbstractDriverMiddleware.php:29
C:\Users\roche\Documents\RochesWebStudio\Projet_OnlyRoll\OnlyRoll\backend\vendor\symfony\doctrine-bridge\Middleware\Debug\Driver.php:37
C:\Users\roche\Documents\RochesWebStudio\Projet_OnlyRoll\OnlyRoll\backend\vendor\doctrine\dbal\src\Driver\Middleware\AbstractDriverMiddleware.php:29
C:\Users\roche\Documents\RochesWebStudio\Projet_OnlyRoll\OnlyRoll\backend\vendor\symfony\doctrine-bridge\Middleware\IdleConnection\Driver.php:35
C:\Users\roche\Documents\RochesWebStudio\Projet_OnlyRoll\OnlyRoll\backend\vendor\doctrine\dbal\src\Connection.php:383
C:\Users\roche\Documents\RochesWebStudio\Projet_OnlyRoll\OnlyRoll\backend\vendor\doctrine\dbal\src\Connection.php:1692
C:\Users\roche\Documents\RochesWebStudio\Projet_OnlyRoll\OnlyRoll\backend\vendor\doctrine\dbal\src\Connection.php:1380
C:\Users\roche\Documents\RochesWebStudio\Projet_OnlyRoll\OnlyRoll\backend\vendor\doctrine\orm\src\UnitOfWork.php:381
C:\Users\roche\Documents\RochesWebStudio\Projet_OnlyRoll\OnlyRoll\backend\vendor\doctrine\orm\src\EntityManager.php:268
C:\Users\roche\Documents\RochesWebStudio\Projet_OnlyRoll\OnlyRoll\backend\tests\Functional\Controller\TokenControllerTest.php:70

Caused by
PDOException: SQLSTATE[HY000] [1045] Accès refusé pour l'utilisateur: 'root'@'@localhost' (mot de passe: OUI)

C:\Users\roche\Documents\RochesWebStudio\Projet_OnlyRoll\OnlyRoll\backend\vendor\doctrine\dbal\src\Driver\PDO\PDOConnect.php:22
C:\Users\roche\Documents\RochesWebStudio\Projet_OnlyRoll\OnlyRoll\backend\vendor\doctrine\dbal\src\Driver\PDO\MySQL\Driver.php:36
C:\Users\roche\Documents\RochesWebStudio\Projet_OnlyRoll\OnlyRoll\backend\vendor\doctrine\dbal\src\Driver\Middleware\AbstractDriverMiddleware.php:29
C:\Users\roche\Documents\RochesWebStudio\Projet_OnlyRoll\OnlyRoll\backend\vendor\symfony\doctrine-bridge\Middleware\Debug\Driver.php:37
C:\Users\roche\Documents\RochesWebStudio\Projet_OnlyRoll\OnlyRoll\backend\vendor\doctrine\dbal\src\Driver\Middleware\AbstractDriverMiddleware.php:29
C:\Users\roche\Documents\RochesWebStudio\Projet_OnlyRoll\OnlyRoll\backend\vendor\symfony\doctrine-bridge\Middleware\IdleConnection\Driver.php:35
C:\Users\roche\Documents\RochesWebStudio\Projet_OnlyRoll\OnlyRoll\backend\vendor\doctrine\dbal\src\Connection.php:383
C:\Users\roche\Documents\RochesWebStudio\Projet_OnlyRoll\OnlyRoll\backend\vendor\doctrine\dbal\src\Connection.php:1692
C:\Users\roche\Documents\RochesWebStudio\Projet_OnlyRoll\OnlyRoll\backend\vendor\doctrine\dbal\src\Connection.php:1380
C:\Users\roche\Documents\RochesWebStudio\Projet_OnlyRoll\OnlyRoll\backend\vendor\doctrine\orm\src\UnitOfWork.php:381
C:\Users\roche\Documents\RochesWebStudio\Projet_OnlyRoll\OnlyRoll\backend\vendor\doctrine\orm\src\EntityManager.php:268
C:\Users\roche\Documents\RochesWebStudio\Projet_OnlyRoll\OnlyRoll\backend\tests\Functional\Controller\TokenControllerTest.php:70

--

There were 12 failures:

1) App\Tests\Unit\Service\FileUploaderTest::testDeleteFileWithInvalidUrl
Expectation failed for method name is "warning" when invoked 1 time.
Method was expected to be called 1 time, actually called 0 times.

2) App\Tests\Unit\Service\GameServiceTest::testCreateGameWithPublicGame
Expectation failed for method name is "persist" when invoked 2 times
Parameter 0 for invocation Doctrine\Persistence\ObjectManager::persist(App\Entity\GamePlayer Object (...)): void does not match expected value.
Failed asserting that an instance of class App\Entity\GamePlayer is an instance of class App\Entity\Game.

C:\Users\roche\Documents\RochesWebStudio\Projet_OnlyRoll\OnlyRoll\backend\src\Service\GameService.php:87
C:\Users\roche\Documents\RochesWebStudio\Projet_OnlyRoll\OnlyRoll\backend\tests\Unit\Service\GameServiceTest.php:76

3) App\Tests\Unit\Service\GameServiceTest::testJoinGameThrowsExceptionWhenGameStatusNotAccepting
Failed asserting that exception of type "App\Exception\Game\AccessDeniedException" is thrown.

4) App\Tests\Unit\Entity\GamePlayerTest::testCanReactivateWhenLeft
Failed asserting that false is true.

C:\Users\roche\Documents\RochesWebStudio\Projet_OnlyRoll\OnlyRoll\backend\tests\Unit\Entity\GamePlayerTest.php:68

5) App\Tests\Unit\Entity\GamePlayerTest::testCanReactivateWhenKicked
Failed asserting that false is true.

C:\Users\roche\Documents\RochesWebStudio\Projet_OnlyRoll\OnlyRoll\backend\tests\Unit\Entity\GamePlayerTest.php:75

6) App\Tests\Unit\Entity\GamePlayerTest::testIsParticipatingWithPendingStatus
Failed asserting that false is true.

C:\Users\roche\Documents\RochesWebStudio\Projet_OnlyRoll\OnlyRoll\backend\tests\Unit\Entity\GamePlayerTest.php:47

7) App\Tests\Unit\Entity\GameTest::testGetActivePlayersCountIncludesPendingPlayers
Failed asserting that 1 matches expected 2.

C:\Users\roche\Documents\RochesWebStudio\Projet_OnlyRoll\OnlyRoll\backend\tests\Unit\Entity\GameTest.php:184

8) App\Tests\Unit\Service\ChatServiceTest::testCreateDiceRollMessage
Expectation failed for method name is "publishDiceRoll" when invoked 1 time.
Method was expected to be called 1 time, actually called 0 times.

9) App\Tests\Unit\Service\MapServiceTest::testUpdateMapActivationDeactivatesOthers
App\Entity\GameMap::getGame(): App\Entity\Game was not expected to be called more than once.

C:\Users\roche\Documents\RochesWebStudio\Projet_OnlyRoll\OnlyRoll\backend\src\Service\MapService.php:114
C:\Users\roche\Documents\RochesWebStudio\Projet_OnlyRoll\OnlyRoll\backend\tests\Unit\Service\MapServiceTest.php:231

10) App\Tests\Unit\Service\MapServiceTest::testActivateMap
Expectation failed for method name is "publishGameEvent" when invoked 1 time.
Method was expected to be called 1 time, actually called 0 times.

11) App\Tests\Unit\Service\MercurePublisherTest::testPublishTokenDeleted
Failed asserting that false is true.

C:\Users\roche\Documents\RochesWebStudio\Projet_OnlyRoll\OnlyRoll\backend\tests\Unit\Service\MercurePublisherTest.php:197

12) App\Tests\Unit\Service\TokenServiceTest::testCreateTokenSuccess
Token ID cannot be null after flush

C:\Users\roche\Documents\RochesWebStudio\Projet_OnlyRoll\OnlyRoll\backend\src\Service\TokenService.php:69
C:\Users\roche\Documents\RochesWebStudio\Projet_OnlyRoll\OnlyRoll\backend\tests\Unit\Service\TokenServiceTest.php:77

[37;41mERRORS![0m
[37;41mTests: 298[0m[37;41m, Assertions: 527[0m[37;41m, Errors: 97[0m[37;41m, Failures: 12[0m[37;41m, PHPUnit Warnings: 1[0m[37;41m.[0m
